cargo fmt --all -- --check
just clippy
cargo clippy --workspace --all-targets --locked -- -D warnings
    Checking jx v0.1.0 (/Users/josh/Documents/Workspace/jo-cube/jx/crates/jx)
    Checking jx-cli v0.1.0 (/Users/josh/Documents/Workspace/jo-cube/jx/crates/jx-cli)
    Finished `dev` profile [unoptimized + debuginfo] target(s) in 1.16s
just test
cargo test --workspace --locked
   Compiling jx-cli v0.1.0 (/Users/josh/Documents/Workspace/jo-cube/jx/crates/jx-cli)
   Compiling jx v0.1.0 (/Users/josh/Documents/Workspace/jo-cube/jx/crates/jx)
    Finished `test` profile [unoptimized + debuginfo] target(s) in 1.69s
     Running unittests src/lib.rs (target/debug/deps/jx-283396e92257456e)

running 5 tests
test plan::tests::whole_regions_lower ... ok
test plan::tests::nested_demands_preserve_replacement_and_array_fallback ... ok
test plan::tests::plan_and_tree_agree_on_values_and_exact_errors ... ok
test plan::tests::fixed_objects_lookup_and_capture_match_the_tree ... ok
test plan::tests::branches_and_folds_match_the_tree ... ok

test result: ok. 5 passed; 0 failed; 0 ignored; 0 measured; 0 filtered out; finished in 2.05s

     Running tests/aggregates.rs (target/debug/deps/aggregates-36467e8652de35ea)

running 5 tests
test validation_cancellation_and_mapped_aggregate_errors ... ok
test aggregate_arguments_finish_before_type_or_arity_checks ... ok
test aggregates_preserve_ieee_values_and_signed_zero ... ok
test aggregate_calls_keep_syntax_and_depth_limits_explicit ... ok
test aggregate_semantics ... ok

test result: ok. 5 passed; 0 failed; 0 ignored; 0 measured; 0 filtered out; finished in 0.00s

     Running tests/compiler.rs (target/debug/deps/compiler-c073a9a4f22a2a86)

running 4 tests
test constant_errors_remain_runtime_errors_after_validation ... ok
test static_lookup_still_validates_and_normalizes_its_key ... ok
test lookup_shapes_keys_and_calls ... ok
test constant_construction_keeps_identity_and_shape ... ok

test result: ok. 4 passed; 0 failed; 0 ignored; 0 measured; 0 filtered out; finished in 0.00s

     Running tests/conformance.rs (target/debug/deps/conformance-dbf31341087731ca)

running 1 test
test pinned_upstream_groups_have_explicit_expected_outcomes ... ok

test result: ok. 1 passed; 0 failed; 0 ignored; 0 measured; 0 filtered out; finished in 0.11s

     Running tests/constructors.rs (target/debug/deps/constructors-5ec04b236509315e)

running 9 tests
test null_collapse_reports_a_type_error_instead_of_a_host_exception ... ok
test implicit_string_iteration_after_constructor_collapse_is_explicitly_deferred ... ok
test containers_own_structure_and_retain_borrowed_members ... ok
test serialization_keeps_unicode_units_and_arbitrary_json_keys ... ok
test object_construction_does_not_mutate_empty_input_arrays ... ok
test construction_preserves_internal_numbers_and_undefined ... ok
test construction_validates_before_output_and_cancels_between_containers ... ok
test constructor_syntax_and_depth_are_bounded ... ok
test constructor_semantics ... ok

test result: ok. 9 passed; 0 failed; 0 ignored; 0 measured; 0 filtered out; finished in 0.01s

     Running tests/execution.rs (target/debug/deps/execution-8fd1947384dc3bba)

running 7 tests
test numeric_regions_keep_validation_and_error_precedence ... ok
test numeric_regions_compose_with_contexts_and_retention ... ok
test planned_regions_do_not_round_borrowed_output ... ok
test numeric_regions_preserve_missing_shape_and_record_isolation ... ok
test numeric_regions_accept_constructed_and_retained_contexts ... ok
test branches_fixed_objects_and_streamed_folds_compose ... ok
test numeric_regions_preserve_ordering_and_stream_cancellation ... ok

test result: ok. 7 passed; 0 failed; 0 ignored; 0 measured; 0 filtered out; finished in 0.00s

     Running tests/filters.rs (target/debug/deps/filters-a665417a9bce572a)

running 5 tests
test undefined_sequence_items_remain_distinct_from_null ... ok
test filtered_values_borrow_input_and_cancellation_stops_predicates ... ok
test upstream_stage_errors_take_precedence_over_later_stage_errors ... ok
test filter_semantics ... ok
test filters_have_bounded_depth_and_keep_deferred_syntax_explicit ... ok

test result: ok. 5 passed; 0 failed; 0 ignored; 0 measured; 0 filtered out; finished in 0.01s

     Running tests/json_validation.rs (target/debug/deps/json_validation-845dc26b3e6dc2f3)

running 6 tests
test invalid_json_syntax ... ok
test valid_json_syntax_and_utf8 ... ok
test rejects_invalid_utf8_anywhere_even_in_unselected_fields ... ok
test deterministic_mutations_agree_with_serde_on_common_json_domain ... ok
test depth_limit_and_large_shallow_records ... ok
test planned_capture_preserves_complete_validation_and_exact_diagnostics ... ok

test result: ok. 6 passed; 0 failed; 0 ignored; 0 measured; 0 filtered out; finished in 0.05s

     Running tests/lexical.rs (target/debug/deps/lexical-e855bedb234e048e)

running 8 tests
test retained_bindings_preserve_input_borrowing ... ok
test retained_output_obeys_consumer_cancellation ... ok
test function_results_are_opaque_and_not_json ... ok
test deferred_features_and_constructor_binding_races_are_explicit ... ok
test recursion_accounts_for_large_function_bodies ... ok
test recursion_is_bounded_and_an_error_does_not_poison_reuse ... ok
test evaluations_isolate_scope_and_validate_before_execution ... ok
test lexical_semantics ... ok

test result: ok. 8 passed; 0 failed; 0 ignored; 0 measured; 0 filtered out; finished in 0.00s

     Running tests/navigation.rs (target/debug/deps/navigation-def3c34345a3428c)

running 4 tests
test range_limits_and_deferred_tuple_navigation_are_explicit ... ok
test nested_fallbacks_compile_without_expanding_the_left_tree ... ok
test validation_borrowing_and_cancellation ... ok
test navigation_semantics ... ok

test result: ok. 4 passed; 0 failed; 0 ignored; 0 measured; 0 filtered out; finished in 0.01s

     Running tests/scalars.rs (target/debug/deps/scalars-7428e776dc97652d)

running 7 tests
test computed_scalars_and_literal_strings_need_no_owned_output ... ok
test operator_errors_have_expression_offsets_after_complete_validation ... ok
test expression_whitespace_matches_the_language_tokenizer ... ok
test duplicate_keys_unicode_and_binary64_boundaries ... ok
test compile_errors_and_expression_depth_are_bounded ... ok
test scalar_operators_and_sequence_operands ... ok
test structural_equality_and_boolean_casting_respect_input_depth_limits ... ok

test result: ok. 7 passed; 0 failed; 0 ignored; 0 measured; 0 filtered out; finished in 0.01s

     Running tests/semantics.rs (target/debug/deps/semantics-17591f0749f1de6f)

running 8 tests
test unsupported_semantics_fail_explicitly ... ok
test validate_before_returning_a_selected_value_or_semantic_error ... ok
test results_borrow_input_not_the_expression ... ok
test serialization_propagates_consumer_failure ... ok
test field_names_compare_decoded_escapes ... ok
test object_paths_missing_and_raw_values ... ok
test compact_serialization_preserves_string_and_number_bytes ... ok
test compile_once_reuse_across_records_and_threads ... ok

test result: ok. 8 passed; 0 failed; 0 ignored; 0 measured; 0 filtered out; finished in 0.00s

     Running tests/sequences.rs (target/debug/deps/sequences-da7baca561a51a9e)

running 6 tests
test cancellation_preserves_the_consumer_error_and_stops_emission ... ok
test duplicate_keys_and_escaped_names_inside_arrays ... ok
test fully_validate_before_emitting_any_sequence_item ... ok
test streamed_values_borrow_their_original_ranges ... ok
test array_navigation_and_sequence_boundaries ... ok
test traversal_is_bounded_by_validated_input_depth_not_array_width ... ok

test result: ok. 6 passed; 0 failed; 0 ignored; 0 measured; 0 filtered out; finished in 0.03s

     Running unittests src/main.rs (target/debug/deps/jx-b3e3a82f1487a97c)

running 3 tests
test stream::tests::oversized_unterminated_record_stays_bounded ... ok
test stream::tests::output_failure_stops_before_consuming_the_next_record ... ok
test stream::tests::framing_is_independent_of_buffer_boundaries ... ok

test result: ok. 3 passed; 0 failed; 0 ignored; 0 measured; 0 filtered out; finished in 0.00s

     Running tests/cli.rs (target/debug/deps/cli-d5919d0f805a472e)

running 13 tests
test ndjson_missing_null_arrays_and_final_unterminated_record ... ok
test invalid_record_never_emits_a_partial_sequence ... ok
test lexical_runtime_is_fresh_for_each_record ... ok
test errors_have_distinct_exit_codes_and_record_context ... ok
test kept_sequences_and_reductions_preserve_record_framing ... ok
test filters_frame_values_and_report_streamed_errors ... ok
test aggregates_distinguish_missing_empty_and_failed_records ... ok
test streams_multiple_files_and_stdin_in_order ... ok
test sequences_are_separate_lines_and_raw_arrays_stay_values ... ok
test help_empty_input_options_and_invalid_utf8 ... ok
test constructors_frame_complete_outputs_and_mapped_failures ... ok
test exact_record_limit_including_cr_but_excluding_lf ... ok
test scalar_results_and_runtime_errors_are_framed_per_record ... ok

test result: ok. 13 passed; 0 failed; 0 ignored; 0 measured; 0 filtered out; finished in 0.50s

   Doc-tests jx

running 1 test
test crates/jx/src/lib.rs - (line 4) ... ok

test result: ok. 1 passed; 0 failed; 0 ignored; 0 measured; 0 filtered out; finished in 0.01s

all doctests ran in 0.86s; merged doctests compilation took 0.38s
cargo bench -p jx --bench throughput --locked -- --smoke
    Finished `bench` profile [optimized] target(s) in 0.00s
     Running benches/throughput.rs (target/release/deps/throughput-ad1fdffe799128d8)
workload,input_bytes,sample,records,seconds,records_per_second,input_bytes_per_second,allocations_per_record,allocated_bytes_per_record
compile,0,0,32,0.000010375,3084337,0,8.000000,578.000000
ascii/validate,100,0,32,0.000003167,10104200,1010419956,0.000000,0.000000
ascii/identity,100,0,32,0.000003417,9364940,936494001,0.000000,0.000000
ascii/shallow,100,0,32,0.000003834,8346375,834637454,0.000000,0.000000
ascii/nested,100,0,32,0.000003959,8082849,808284920,0.000000,0.000000
ascii/missing,100,0,32,0.000003625,8827586,882758621,0.000000,0.000000
ascii/array_value,100,0,32,0.000003792,8438819,843881857,0.000000,0.000000
ascii/identity_write,100,0,32,0.000005958,5370930,537092984,0.000000,0.000000
ascii/validate,500,0,32,0.000011125,2876404,1438202247,0.000000,0.000000
ascii/identity,500,0,32,0.000011291,2834116,1417057834,0.000000,0.000000
ascii/shallow,500,0,32,0.000011792,2713704,1356852103,0.000000,0.000000
ascii/nested,500,0,32,0.000011917,2685240,1342619787,0.000000,0.000000
ascii/missing,500,0,32,0.000011625,2752688,1376344086,0.000000,0.000000
ascii/array_value,500,0,32,0.000011791,2713934,1356967178,0.000000,0.000000
ascii/identity_write,500,0,32,0.000024708,1295127,647563542,0.000000,0.000000
ascii/validate,1024,0,32,0.000021042,1520768,1557266420,0.000000,0.000000
ascii/identity,1024,0,32,0.000021208,1508865,1545077329,0.000000,0.000000
ascii/shallow,1024,0,32,0.000021708,1474111,1509489589,0.000000,0.000000
ascii/nested,1024,0,32,0.000021791,1468496,1503740076,0.000000,0.000000
ascii/missing,1024,0,32,0.000021500,1488372,1524093023,0.000000,0.000000
ascii/array_value,1024,0,32,0.000021708,1474111,1509489589,0.000000,0.000000
ascii/identity_write,1024,0,32,0.000048083,665516,681488260,0.000000,0.000000
ascii/validate,10240,0,32,0.000197292,162196,1660888429,0.000000,0.000000
ascii/identity,10240,0,32,0.000192083,166595,1705929208,0.000000,0.000000
ascii/shallow,10240,0,32,0.000189291,169052,1731091283,0.000000,0.000000
ascii/nested,10240,0,32,0.000189500,168865,1729182058,0.000000,0.000000
ascii/missing,10240,0,32,0.000189250,169089,1731466314,0.000000,0.000000
ascii/array_value,10240,0,32,0.000189375,168977,1730323432,0.000000,0.000000
ascii/identity_write,10240,0,32,0.000452000,70796,724955752,0.000000,0.000000
ascii/validate,65536,0,32,0.001162125,27536,1804583844,0.000000,0.000000
ascii/identity,65536,0,32,0.001159125,27607,1809254394,0.000000,0.000000
ascii/shallow,65536,0,32,0.001135125,28191,1847507543,0.000000,0.000000
ascii/nested,65536,0,32,0.001105625,28943,1896802261,0.000000,0.000000
ascii/missing,65536,0,32,0.001077042,29711,1947140409,0.000000,0.000000
ascii/array_value,65536,0,32,0.001068167,29958,1963318470,0.000000,0.000000
ascii/identity_write,65536,0,32,0.002499666,12802,838972887,0.000000,0.000000
ascii/validate,1048576,0,32,0.016774167,1908,2000363535,0.000000,0.000000
ascii/identity,1048576,0,32,0.017046667,1877,1968386665,0.000000,0.000000
ascii/shallow,1048576,0,32,0.017183334,1862,1952731175,0.000000,0.000000
ascii/nested,1048576,0,32,0.017191625,1861,1951789432,0.000000,0.000000
ascii/missing,1048576,0,32,0.016677750,1919,2011927988,0.000000,0.000000
ascii/array_value,1048576,0,32,0.017152208,1866,1956274784,0.000000,0.000000
ascii/identity_write,1048576,0,32,0.040889417,783,820614097,0.000000,0.000000
structured/validate,485,0,32,0.000016041,1994888,967520728,0.000000,0.000000
structured/identity,485,0,32,0.000015875,2015748,977637795,0.000000,0.000000
structured/shallow,485,0,32,0.000016125,1984496,962480620,0.000000,0.000000
structured/nested,485,0,32,0.000016042,1994764,967460416,0.000000,0.000000
structured/missing,485,0,32,0.000015875,2015748,977637795,0.000000,0.000000
structured/array_value,485,0,32,0.000016000,2000000,970000000,0.000000,0.000000
structured/identity_write,485,0,32,0.000025083,1275764,618745764,0.000000,0.000000
unicode_escaped_keys/validate,960,0,32,0.000027500,1163636,1117090909,0.000000,0.000000
unicode_escaped_keys/identity,960,0,32,0.000027667,1156613,1110348068,0.000000,0.000000
unicode_escaped_keys/shallow,960,0,32,0.000028333,1129425,1084248050,0.000000,0.000000
unicode_escaped_keys/nested,960,0,32,0.000028375,1127753,1082643172,0.000000,0.000000
unicode_escaped_keys/missing,960,0,32,0.000028000,1142857,1097142857,0.000000,0.000000
unicode_escaped_keys/array_value,960,0,32,0.000028250,1132743,1087433628,0.000000,0.000000
unicode_escaped_keys/identity_write,960,0,32,0.000050250,636816,611343284,0.000000,0.000000
array/shallow,78,0,32,0.000007459,4290119,334629307,0.000000,0.000000
array/nested,78,0,32,0.000008042,3979110,310370555,0.000000,0.000000
array/flatten,78,0,32,0.000007292,4388371,342292924,0.000000,0.000000
array/missing,78,0,32,0.000007167,4464909,348262871,0.000000,0.000000
array/root,67,0,32,0.000006916,4626952,310005784,0.000000,0.000000
array/cancel_first,78,0,32,0.000007417,4314413,336524201,0.000000,0.000000
array/shallow,540,0,32,0.000053083,602830,325527947,0.000000,0.000000
array/nested,540,0,32,0.000060208,531491,287005049,0.000000,0.000000
array/flatten,540,0,32,0.000057250,558952,301834061,0.000000,0.000000
array/missing,540,0,32,0.000050625,632099,341333333,0.000000,0.000000
array/root,529,0,32,0.000052500,609524,322438095,0.000000,0.000000
array/cancel_first,540,0,32,0.000026167,1222914,660373753,0.000000,0.000000
array/shallow,1074,0,32,0.000106834,299530,321695340,0.000000,0.000000
array/nested,1074,0,32,0.000121334,263735,283251191,0.000000,0.000000
array/flatten,1074,0,32,0.000124458,257115,276141349,0.000000,0.000000
array/missing,1074,0,32,0.000102208,313087,336255479,0.000000,0.000000
array/root,1063,0,32,0.000115583,276857,294299335,0.000000,0.000000
array/cancel_first,1074,0,32,0.000042291,756662,812655175,0.000000,0.000000
array/shallow,8606,0,32,0.000829750,38566,331897560,0.000000,0.000000
array/nested,8606,0,32,0.000922042,34706,298676199,0.000000,0.000000
array/flatten,8606,0,32,0.000866458,36932,317836525,0.000000,0.000000
array/missing,8606,0,32,0.000783959,40818,351283677,0.000000,0.000000
array/root,8595,0,32,0.000814625,39282,337627743,0.000000,0.000000
array/cancel_first,8606,0,32,0.000253083,126441,1088148947,0.000000,0.000000
array/shallow,69558,0,32,0.006475334,4942,343743813,0.000000,0.000000
array/nested,69558,0,32,0.007121834,4493,312539719,0.000000,0.000000
array/flatten,69558,0,32,0.007021875,4557,316988838,0.000000,0.000000
array/missing,69558,0,32,0.006072541,5270,366544417,0.000000,0.000000
array/root,69547,0,32,0.006404917,4996,347468047,0.000000,0.000000
array/cancel_first,69558,0,32,0.001906958,16781,1167228644,0.000000,0.000000
array/shallow,1135782,0,32,0.101503417,315,358067000,0.000000,0.000000
array/nested,1135782,0,32,0.116294500,275,312525734,0.000000,0.000000
array/flatten,1135782,0,32,0.110664375,289,328425693,0.000000,0.000000
array/missing,1135782,0,32,0.098070709,326,370600196,0.000000,0.000000
array/root,1135771,0,32,0.102424041,312,354845129,0.000000,0.000000
array/cancel_first,1135782,0,32,0.031033125,1031,1171168679,0.000000,0.000000
array/nested_contexts,972,0,32,0.000201791,158580,154139679,0.000000,0.000000
array/sparse,785,0,32,0.000142500,224561,176280702,0.000000,0.000000
array/deep,136,0,32,0.000426042,75110,10214955,0.000000,0.000000
array/empty,2,0,32,0.000000666,48048048,96096096,0.000000,0.000000
array/singleton,12,0,32,0.000002459,13013420,156161041,0.000000,0.000000
array/nested_values,31,0,32,0.000006792,4711425,146054181,0.000000,0.000000
compile/scalar,0,0,32,0.000060458,529293,0,72.000000,4054.000000
scalar/literal,100,0,32,0.000002833,11295447,1129544652,0.000000,0.000000
scalar/arithmetic,100,0,32,0.000010542,3035477,303547714,0.000000,0.000000
scalar/nested,100,0,32,0.000010792,2965159,296515938,0.000000,0.000000
scalar/comparison,100,0,32,0.000010084,3173344,317334391,0.000000,0.000000
scalar/strings,100,0,32,0.000007083,4517860,451785966,0.000000,0.000000
scalar/boolean,100,0,32,0.000010458,3059858,305985848,0.000000,0.000000
scalar/missing,100,0,32,0.000010167,3147438,314743779,0.000000,0.000000
scalar/short_circuit,100,0,32,0.000003167,10104200,1010419956,0.000000,0.000000
scalar/mixed,100,0,32,0.000007250,4413793,441379310,0.000000,0.000000
scalar/write,100,0,32,0.000011375,2813187,281318681,0.000000,0.000000
scalar/literal,500,0,32,0.000009625,3324675,1662337662,0.000000,0.000000
scalar/arithmetic,500,0,32,0.000030500,1049180,524590164,0.000000,0.000000
scalar/nested,500,0,32,0.000030834,1037815,518907699,0.000000,0.000000
scalar/comparison,500,0,32,0.000030166,1060797,530398462,0.000000,0.000000
scalar/strings,500,0,32,0.000020541,1557860,778929945,0.000000,0.000000
scalar/boolean,500,0,32,0.000030750,1040650,520325203,0.000000,0.000000
scalar/missing,500,0,32,0.000030583,1046333,523166465,0.000000,0.000000
scalar/short_circuit,500,0,32,0.000009875,3240506,1620253165,0.000000,0.000000
scalar/mixed,500,0,32,0.000014042,2278878,1139438826,0.000000,0.000000
scalar/write,500,0,32,0.000031584,1013171,506585613,0.000000,0.000000
scalar/literal,1024,0,32,0.000018209,1757373,1799549673,0.000000,0.000000
scalar/arithmetic,1024,0,32,0.000055917,572277,586011410,0.000000,0.000000
scalar/nested,1024,0,32,0.000056083,570583,584276875,0.000000,0.000000
scalar/comparison,1024,0,32,0.000055459,577003,590850899,0.000000,0.000000
scalar/strings,1024,0,32,0.000037583,851449,871883564,0.000000,0.000000
scalar/boolean,1024,0,32,0.000056083,570583,584276875,0.000000,0.000000
scalar/missing,1024,0,32,0.000055584,575705,589522165,0.000000,0.000000
scalar/short_circuit,1024,0,32,0.000018375,1741497,1783292517,0.000000,0.000000
scalar/mixed,1024,0,32,0.000022709,1409133,1442952134,0.000000,0.000000
scalar/write,1024,0,32,0.000056833,563053,576566431,0.000000,0.000000
scalar/literal,10240,0,32,0.000169209,189115,1936540019,0.000000,0.000000
scalar/arithmetic,10240,0,32,0.000499042,64123,656618080,0.000000,0.000000
scalar/nested,10240,0,32,0.000520375,61494,629699736,0.000000,0.000000
scalar/comparison,10240,0,32,0.000501125,63856,653888750,0.000000,0.000000
scalar/strings,10240,0,32,0.000340458,93991,962468205,0.000000,0.000000
scalar/boolean,10240,0,32,0.000489416,65384,669532668,0.000000,0.000000
scalar/missing,10240,0,32,0.000507416,63065,645781765,0.000000,0.000000
scalar/short_circuit,10240,0,32,0.000169375,188930,1934642066,0.000000,0.000000
scalar/mixed,10240,0,32,0.000173875,184040,1884572250,0.000000,0.000000
scalar/write,10240,0,32,0.000500000,64000,655360000,0.000000,0.000000
scalar/literal,65536,0,32,0.001076542,29725,1948044758,0.000000,0.000000
scalar/arithmetic,65536,0,32,0.003158625,10131,663944596,0.000000,0.000000
scalar/nested,65536,0,32,0.003154916,10143,664725146,0.000000,0.000000
scalar/comparison,65536,0,32,0.003163417,10116,662938841,0.000000,0.000000
scalar/strings,65536,0,32,0.002269125,14102,924211756,0.000000,0.000000
scalar/boolean,65536,0,32,0.003115042,10273,673233940,0.000000,0.000000
scalar/missing,65536,0,32,0.003108667,10294,674614553,0.000000,0.000000
scalar/short_circuit,65536,0,32,0.001106125,28930,1895944853,0.000000,0.000000
scalar/mixed,65536,0,32,0.001081417,29591,1939263022,0.000000,0.000000
scalar/write,65536,0,32,0.003168375,10100,661901448,0.000000,0.000000
scalar/literal,1048576,0,32,0.017266917,1853,1943278699,0.000000,0.000000
scalar/arithmetic,1048576,0,32,0.050596125,632,663181854,0.000000,0.000000
scalar/nested,1048576,0,32,0.049604959,645,676433015,0.000000,0.000000
scalar/comparison,1048576,0,32,0.049109167,652,683262088,0.000000,0.000000
scalar/strings,1048576,0,32,0.033922084,943,989161869,0.000000,0.000000
scalar/boolean,1048576,0,32,0.050275750,636,667407886,0.000000,0.000000
scalar/missing,1048576,0,32,0.050632459,632,662705953,0.000000,0.000000
scalar/short_circuit,1048576,0,32,0.017034958,1878,1969739638,0.000000,0.000000
scalar/mixed,1048576,0,32,0.017267125,1853,1943255290,0.000000,0.000000
scalar/write,1048576,0,32,0.050586042,633,663314042,0.000000,0.000000
scalar/sequence_boolean,330,0,32,0.000057333,558143,184187117,0.000000,0.000000
scalar/sequence_array_equality,330,0,32,0.000080500,397516,131180124,0.000000,0.000000
scalar/sequence_equality,330,0,32,0.000102000,313725,103529412,3.000000,672.000000
scalar/array_equality,330,0,32,0.000121000,264463,87272727,16.000000,3264.000000
scalar/singleton,15,0,32,0.000005084,6294256,94413847,0.000000,0.000000
scalar/sequence_type_error,330,0,32,0.000035542,900343,297113274,0.000000,0.000000
scalar/object_equality,125,0,32,0.000046167,693136,86641974,3.000000,1396.000000
scalar/object_equality,2389,0,32,0.000762875,41947,100210388,7.000000,24948.000000
scalar/escaped_strings,26,0,32,0.000003041,10522854,273594212,0.000000,0.000000
compile/filter,0,0,32,0.000034083,938884,0,34.000000,2069.000000
filter/predicate,100,0,32,0.000015542,2058937,205893707,0.000000,0.000000
filter/none,100,0,32,0.000014000,2285714,228571429,0.000000,0.000000
filter/first,100,0,32,0.000013500,2370370,237037037,0.000000,0.000000
filter/last,100,0,32,0.000013250,2415094,241509434,0.000000,0.000000
filter/computed_last,100,0,32,0.000013750,2327273,232727273,0.000000,0.000000
filter/chained,100,0,32,0.000020291,1577054,157705387,0.000000,0.000000
filter/predicate,500,0,32,0.000028542,1121155,560577395,0.000000,0.000000
filter/none,500,0,32,0.000027083,1181553,590776502,0.000000,0.000000
filter/first,500,0,32,0.000024792,1290739,645369474,0.000000,0.000000
filter/last,500,0,32,0.000026666,1200030,600015000,0.000000,0.000000
filter/computed_last,500,0,32,0.000027250,1174312,587155963,0.000000,0.000000
filter/chained,500,0,32,0.000033666,950514,475256936,0.000000,0.000000
filter/predicate,1024,0,32,0.000045792,698812,715583508,0.000000,0.000000
filter/none,1024,0,32,0.000044041,726596,744033968,0.000000,0.000000
filter/first,1024,0,32,0.000041834,764928,783286322,0.000000,0.000000
filter/last,1024,0,32,0.000043583,734231,751852787,0.000000,0.000000
filter/computed_last,1024,0,32,0.000044334,721794,739116705,0.000000,0.000000
filter/chained,1024,0,32,0.000050625,632099,647269136,0.000000,0.000000
filter/predicate,10240,0,32,0.000342542,93419,956612620,0.000000,0.000000
filter/none,10240,0,32,0.000341208,93784,960352629,0.000000,0.000000
filter/first,10240,0,32,0.000341541,93693,959416293,0.000000,0.000000
filter/last,10240,0,32,0.000340625,93945,961996330,0.000000,0.000000
filter/computed_last,10240,0,32,0.000341542,93693,959413484,0.000000,0.000000
filter/chained,10240,0,32,0.000347625,92053,942624955,0.000000,0.000000
filter/predicate,65536,0,32,0.002129625,15026,984751776,0.000000,0.000000
filter/none,65536,0,32,0.002121834,15081,988367610,0.000000,0.000000
filter/first,65536,0,32,0.002038500,15698,1028772136,0.000000,0.000000
filter/last,65536,0,32,0.002099542,15241,998861656,0.000000,0.000000
filter/computed_last,65536,0,32,0.002091875,15297,1002522617,0.000000,0.000000
filter/chained,65536,0,32,0.002116417,15120,990897352,0.000000,0.000000
filter/predicate,1048576,0,32,0.033940917,943,988613007,0.000000,0.000000
filter/none,1048576,0,32,0.033937333,943,988717410,0.000000,0.000000
filter/first,1048576,0,32,0.033016125,969,1016304366,0.000000,0.000000
filter/last,1048576,0,32,0.033381792,959,1005171682,0.000000,0.000000
filter/computed_last,1048576,0,32,0.033929333,943,988950534,0.000000,0.000000
filter/chained,1048576,0,32,0.033284250,961,1008117413,0.000000,0.000000
filter/wide_predicate,164,0,32,0.000050959,627956,102984752,0.000000,0.000000
filter/wide_last,164,0,32,0.000028708,1114672,182806186,0.000000,0.000000
filter/sequence_last,164,0,32,0.000052458,610012,100041938,0.000000,0.000000
filter/wide_predicate,2736,0,32,0.000777459,41160,112613012,0.000000,0.000000
filter/wide_last,2736,0,32,0.000380625,84072,230021675,0.000000,0.000000
filter/sequence_last,2736,0,32,0.000710125,45062,123290970,0.000000,0.000000
filter/wide_predicate,23392,0,32,0.006452417,4959,116009861,0.000000,0.000000
filter/wide_last,23392,0,32,0.003104667,10307,241102830,0.000000,0.000000
filter/sequence_last,23392,0,32,0.005625750,5688,133056748,0.000000,0.000000
filter/nested,892,0,32,0.000409458,78152,69711668,0.000000,0.000000
filter/per_group,892,0,32,0.000301334,106194,94725454,0.000000,0.000000
filter/global,892,0,32,0.000206583,154901,138172066,0.000000,0.000000
filter/deep,136,0,32,0.000429042,74585,10143529,0.000000,0.000000
filter/negative_chain,20,0,32,0.000265791,120395,2407907,0.000000,0.000000
compile/aggregate,0,0,32,0.000044708,715756,0,48.000000,3329.000000
aggregate/count,100,0,32,0.000008459,3782953,378295307,0.000000,0.000000
aggregate/sum,100,0,32,0.000008708,3674782,367478181,0.000000,0.000000
aggregate/min,100,0,32,0.000008792,3639672,363967243,0.000000,0.000000
aggregate/max,100,0,32,0.000008834,3622368,362236812,0.000000,0.000000
aggregate/filtered_count,100,0,32,0.000005792,5524862,552486188,0.000000,0.000000
aggregate/filtered_sum,100,0,32,0.000005875,5446809,544680851,0.000000,0.000000
aggregate/empty_sum,100,0,32,0.000005708,5606167,560616678,0.000000,0.000000
aggregate/count,500,0,32,0.000021792,1468429,734214391,0.000000,0.000000
aggregate/sum,500,0,32,0.000022083,1449078,724539238,0.000000,0.000000
aggregate/min,500,0,32,0.000022041,1451840,725919877,0.000000,0.000000
aggregate/max,500,0,32,0.000022167,1443587,721793657,0.000000,0.000000
aggregate/filtered_count,500,0,32,0.000012542,2551427,1275713602,0.000000,0.000000
aggregate/filtered_sum,500,0,32,0.000012625,2534653,1267326733,0.000000,0.000000
aggregate/empty_sum,500,0,32,0.000012541,2551631,1275815326,0.000000,0.000000
aggregate/count,1024,0,32,0.000038708,826702,846543350,0.000000,0.000000
aggregate/sum,1024,0,32,0.000039042,819630,839301265,0.000000,0.000000
aggregate/min,1024,0,32,0.000039000,820513,840205128,0.000000,0.000000
aggregate/max,1024,0,32,0.000039125,817891,837520767,0.000000,0.000000
aggregate/filtered_count,1024,0,32,0.000021000,1523810,1560380952,0.000000,0.000000
aggregate/filtered_sum,1024,0,32,0.000021083,1517811,1554238012,0.000000,0.000000
aggregate/empty_sum,1024,0,32,0.000021000,1523810,1560380952,0.000000,0.000000
aggregate/count,10240,0,32,0.000335708,95321,976086361,0.000000,0.000000
aggregate/sum,10240,0,32,0.000336042,95226,975116206,0.000000,0.000000
aggregate/min,10240,0,32,0.000336000,95238,975238095,0.000000,0.000000
aggregate/max,10240,0,32,0.000336042,95226,975116206,0.000000,0.000000
aggregate/filtered_count,10240,0,32,0.000172167,185866,1903268338,0.000000,0.000000
aggregate/filtered_sum,10240,0,32,0.000172292,185731,1901887493,0.000000,0.000000
aggregate/empty_sum,10240,0,32,0.000172042,186001,1904651190,0.000000,0.000000
aggregate/count,65536,0,32,0.002121916,15081,988329415,0.000000,0.000000
aggregate/sum,65536,0,32,0.002120791,15089,988853687,0.000000,0.000000
aggregate/min,65536,0,32,0.002118708,15104,989825875,0.000000,0.000000
aggregate/max,65536,0,32,0.002133041,15002,983174726,0.000000,0.000000
aggregate/filtered_count,65536,0,32,0.001077000,29712,1947216342,0.000000,0.000000
aggregate/filtered_sum,65536,0,32,0.001077000,29712,1947216342,0.000000,0.000000
aggregate/empty_sum,65536,0,32,0.001085084,29491,1932709357,0.000000,0.000000
aggregate/count,1048576,0,32,0.033923041,943,989133964,0.000000,0.000000
aggregate/sum,1048576,0,32,0.033897542,944,989878027,0.000000,0.000000
aggregate/min,1048576,0,32,0.033215625,963,1010200230,0.000000,0.000000
aggregate/max,1048576,0,32,0.033894000,944,989981472,0.000000,0.000000
aggregate/filtered_count,1048576,0,32,0.017239375,1856,1946383323,0.000000,0.000000
aggregate/filtered_sum,1048576,0,32,0.017267875,1853,1943170888,0.000000,0.000000
aggregate/empty_sum,1048576,0,32,0.017209125,1859,1949804653,0.000000,0.000000
aggregate/array_count,23,0,32,0.000005916,5409060,124408384,0.000000,0.000000
aggregate/array_sum,23,0,32,0.000008000,4000000,92000000,0.000000,0.000000
aggregate/array_min,23,0,32,0.000007375,4338983,99796610,0.000000,0.000000
aggregate/array_max,23,0,32,0.000007417,4314413,99231495,0.000000,0.000000
aggregate/sequence_sum,23,0,32,0.000013542,2363019,54349431,0.000000,0.000000
aggregate/computed_sum,23,0,32,0.000009583,3339247,76802671,0.000000,0.000000
aggregate/wide_filtered_sum,23,0,32,0.000024208,1321877,30403173,0.000000,0.000000
aggregate/array_count,409,0,32,0.000072792,439609,179799978,0.000000,0.000000
aggregate/array_sum,409,0,32,0.000096334,332178,135860651,0.000000,0.000000
aggregate/array_min,409,0,32,0.000095292,335810,137346262,0.000000,0.000000
aggregate/array_max,409,0,32,0.000095292,335810,137346262,0.000000,0.000000
aggregate/sequence_sum,409,0,32,0.000164125,194973,79744097,0.000000,0.000000
aggregate/computed_sum,409,0,32,0.000135291,236527,96739621,0.000000,0.000000
aggregate/wide_filtered_sum,409,0,32,0.000368625,86809,35504917,0.000000,0.000000
aggregate/array_count,4017,0,32,0.000548250,58368,234462380,0.000000,0.000000
aggregate/array_sum,4017,0,32,0.000770708,41520,166786902,0.000000,0.000000
aggregate/array_min,4017,0,32,0.000790792,40466,162550962,0.000000,0.000000
aggregate/array_max,4017,0,32,0.000792042,40402,162294424,0.000000,0.000000
aggregate/sequence_sum,4017,0,32,0.001332375,24017,96477343,0.000000,0.000000
aggregate/computed_sum,4017,0,32,0.001070875,29882,120036419,0.000000,0.000000
aggregate/wide_filtered_sum,4017,0,32,0.002930292,10920,43867301,0.000000,0.000000
aggregate/array_count,87201,0,32,0.010224792,3130,272908437,0.000000,0.000000
aggregate/array_sum,87201,0,32,0.013799625,2319,202210712,0.000000,0.000000
aggregate/array_min,87201,0,32,0.012984666,2464,214902101,0.000000,0.000000
aggregate/array_max,87201,0,32,0.013360125,2395,208862716,0.000000,0.000000
aggregate/sequence_sum,87201,0,32,0.020957958,1527,133144269,0.000000,0.000000
aggregate/computed_sum,87201,0,32,0.017722333,1806,157452859,0.000000,0.000000
aggregate/wide_filtered_sum,87201,0,32,0.051981209,616,53681553,0.000000,0.000000
aggregate/nested_sum,1036,0,32,0.000243083,131642,136381401,0.000000,0.000000
aggregate/nested_filtered_sum,1036,0,32,0.000452000,70796,73345133,0.000000,0.000000
aggregate/nested_filtered_count,1036,0,32,0.000433334,73846,76504498,0.000000,0.000000
aggregate/nested_sum,16396,0,32,0.003832333,8350,136906683,0.000000,0.000000
aggregate/nested_filtered_sum,16396,0,32,0.006895834,4640,76085358,0.000000,0.000000
aggregate/nested_filtered_count,16396,0,32,0.006728125,4756,77981904,0.000000,0.000000
aggregate/nested_sum,1048588,0,32,0.244192041,131,137411587,0.000000,0.000000
aggregate/nested_filtered_sum,1048588,0,32,0.438717166,73,76483937,0.000000,0.000000
aggregate/nested_filtered_count,1048588,0,32,0.432224875,74,77632774,0.000000,0.000000
aggregate/deep_sum,136,0,32,0.000425791,75154,10220977,0.000000,0.000000
aggregate/deep_filtered_sum,136,0,32,0.000427458,74861,10181117,0.000000,0.000000
compile/constructor,0,0,32,0.000091292,350524,0,84.000000,6497.000000
construct/raw_member,100,0,32,0.000005875,5446809,544680851,3.000000,168.000000
construct/raw_member_write,100,0,32,0.000008375,3820896,382089552,3.000000,168.000000
construct/scalars,100,0,32,0.000017083,1873207,187320728,3.000000,552.000000
construct/filtered_summary,100,0,32,0.000029958,1068162,106816209,5.000000,368.000000
construct/nested,100,0,32,0.000049042,652502,65250194,15.000000,1352.000000
construct/navigate,100,0,32,0.000016708,1915250,191525018,3.000000,168.000000
construct/raw_member,500,0,32,0.000012542,2551427,1275713602,3.000000,168.000000
construct/raw_member_write,500,0,32,0.000024542,1303887,651943607,3.000000,168.000000
construct/scalars,500,0,32,0.000036958,865848,432923860,3.000000,552.000000
construct/filtered_summary,500,0,32,0.000049834,642132,321065939,5.000000,368.000000
construct/nested,500,0,32,0.000076083,420593,210296650,15.000000,1352.000000
construct/navigate,500,0,32,0.000030750,1040650,520325203,3.000000,168.000000
construct/raw_member,1024,0,32,0.000021250,1505882,1542023529,3.000000,168.000000
construct/raw_member_write,1024,0,32,0.000044292,722478,739817574,3.000000,168.000000
construct/scalars,1024,0,32,0.000066041,484547,496176618,3.000000,552.000000
construct/filtered_summary,1024,0,32,0.000075333,424781,434975376,5.000000,368.000000
construct/nested,1024,0,32,0.000109708,291683,298683779,15.000000,1352.000000
construct/navigate,1024,0,32,0.000047250,677249,693502646,3.000000,168.000000
construct/raw_member,10240,0,32,0.000172333,185687,1901435012,3.000000,168.000000
construct/raw_member_write,10240,0,32,0.000399709,80058,819796402,3.000000,168.000000
construct/scalars,10240,0,32,0.000517708,61811,632943667,3.000000,552.000000
construct/filtered_summary,10240,0,32,0.000519459,61603,630810131,5.000000,368.000000
construct/nested,10240,0,32,0.000715875,44701,457733543,15.000000,1352.000000
construct/navigate,10240,0,32,0.000345416,92642,948653218,3.000000,168.000000
construct/raw_member,65536,0,32,0.001082041,29574,1938144673,3.000000,168.000000
construct/raw_member_write,65536,0,32,0.002554750,12526,820883452,3.000000,168.000000
construct/scalars,65536,0,32,0.003204083,9987,654524867,3.000000,552.000000
construct/filtered_summary,65536,0,32,0.003208916,9972,653539077,5.000000,368.000000
construct/nested,65536,0,32,0.004279209,7478,490079358,15.000000,1352.000000
construct/navigate,65536,0,32,0.002139542,14956,980187349,3.000000,168.000000
construct/raw_member,1048576,0,32,0.017261500,1854,1943888538,3.000000,168.000000
construct/raw_member_write,1048576,0,32,0.040751791,785,823385456,3.000000,168.000000
construct/scalars,1048576,0,32,0.050771125,630,660895972,3.000000,552.000000
construct/filtered_summary,1048576,0,32,0.050665250,632,662277044,5.000000,368.000000
construct/nested,1048576,0,32,0.067428291,475,497631358,15.000000,1352.000000
construct/navigate,1048576,0,32,0.033961209,942,988022305,3.000000,168.000000
construct/mapped_objects,262,0,32,0.000076000,421053,110315789,12.000000,1184.000000
construct/collected_objects,262,0,32,0.000079083,404638,106015199,15.000000,1352.000000
construct/collected_write,262,0,32,0.000085625,373723,97915328,15.000000,1352.000000
construct/filtered_aggregate,262,0,32,0.000087917,363980,95362672,3.000000,296.000000
construct/mapped_objects,4334,0,32,0.001147125,27896,120900512,192.000000,18944.000000
construct/collected_objects,4334,0,32,0.001158708,27617,119691933,199.000000,21992.000000
construct/collected_write,4334,0,32,0.001273542,25127,108899432,199.000000,21992.000000
construct/filtered_aggregate,4334,0,32,0.001241458,25776,111713807,3.000000,296.000000
construct/mapped_objects,36190,0,32,0.008831292,3623,131133700,1536.000000,151552.000000
construct/collected_objects,36190,0,32,0.008833667,3623,131098444,1546.000000,176104.000000
construct/collected_write,36190,0,32,0.009738958,3286,118912105,1546.000000,176104.000000
construct/filtered_aggregate,36190,0,32,0.009631375,3322,120240360,3.000000,296.000000
construct/mapped_objects,624958,0,32,0.145548875,220,137401653,24576.000000,2424832.000000
construct/collected_objects,624958,0,32,0.146809250,218,136222043,24590.000000,2818024.000000
construct/collected_write,624958,0,32,0.160258166,200,124790246,24590.000000,2818024.000000
construct/filtered_aggregate,624958,0,32,0.158268625,202,126358942,3.000000,296.000000
construct/nested_summary,1036,0,32,0.000855334,37412,38759128,3.000000,296.000000
construct/nested_summary,16396,0,32,0.013178584,2428,39812472,3.000000,296.000000
construct/nested_summary,1048588,0,32,0.837635750,38,40058959,3.000000,296.000000
compile/lexical,0,0,32,0.000044542,718423,0,40.000000,2912.000000
lexical/lookup,100,0,32,0.000011500,2782609,278260870,5.000000,504.000000
lexical/repeated_binding,100,0,32,0.000013750,2327273,232727273,5.000000,504.000000
lexical/retained_sequence,100,0,32,0.000017875,1790210,179020979,7.000000,648.000000
lexical/closure_call,100,0,32,0.000020875,1532934,153293413,8.000000,768.000000
lexical/escaped_closure,100,0,32,0.000024042,1331004,133100408,11.000000,1032.000000
lexical/mixed,100,0,32,0.000041375,773414,77341390,14.000000,1480.000000
lexical/lookup,500,0,32,0.000024875,1286432,643216080,5.000000,504.000000
lexical/repeated_binding,500,0,32,0.000027250,1174312,587155963,5.000000,504.000000
lexical/retained_sequence,500,0,32,0.000031208,1025378,512689054,7.000000,648.000000
lexical/closure_call,500,0,32,0.000041083,778911,389455493,8.000000,768.000000
lexical/escaped_closure,500,0,32,0.000044125,725212,362606232,11.000000,1032.000000
lexical/mixed,500,0,32,0.000061458,520681,260340395,14.000000,1480.000000
lexical/lookup,1024,0,32,0.000041792,765697,784073507,5.000000,504.000000
lexical/repeated_binding,1024,0,32,0.000044500,719101,736359551,5.000000,504.000000
lexical/retained_sequence,1024,0,32,0.000048458,660366,676214454,7.000000,648.000000
lexical/closure_call,1024,0,32,0.000066583,480603,492137633,8.000000,768.000000
lexical/escaped_closure,1024,0,32,0.000069833,458236,469233743,11.000000,1032.000000
lexical/mixed,1024,0,32,0.000087125,367288,376103300,14.000000,1480.000000
lexical/lookup,10240,0,32,0.000338834,94442,967081226,5.000000,504.000000
lexical/repeated_binding,10240,0,32,0.000341917,93590,958361240,5.000000,504.000000
lexical/retained_sequence,10240,0,32,0.000345584,92597,948192046,7.000000,648.000000
lexical/closure_call,10240,0,32,0.000514666,62176,636684763,8.000000,768.000000
lexical/escaped_closure,10240,0,32,0.000514000,62257,637509728,11.000000,1032.000000
lexical/mixed,10240,0,32,0.000530375,60335,617827009,14.000000,1480.000000
lexical/lookup,65536,0,32,0.002153500,14860,973834223,5.000000,504.000000
lexical/repeated_binding,65536,0,32,0.002133000,15002,983193624,5.000000,504.000000
lexical/retained_sequence,65536,0,32,0.002139833,14954,980054051,7.000000,648.000000
lexical/closure_call,65536,0,32,0.003228958,9910,649482589,8.000000,768.000000
lexical/escaped_closure,65536,0,32,0.003173875,10082,660754441,11.000000,1032.000000
lexical/mixed,65536,0,32,0.003196125,10012,656154562,14.000000,1480.000000
lexical/lookup,1048576,0,32,0.034022917,941,986230311,5.000000,504.000000
lexical/repeated_binding,1048576,0,32,0.033719000,949,995119428,5.000000,504.000000
lexical/retained_sequence,1048576,0,32,0.033970666,942,987747252,7.000000,648.000000
lexical/closure_call,1048576,0,32,0.050716250,631,661611062,8.000000,768.000000
lexical/escaped_closure,1048576,0,32,0.050651500,632,662456828,11.000000,1032.000000
lexical/mixed,1048576,0,32,0.050802583,630,660486732,14.000000,1480.000000
lexical/mapped_calls,106,0,32,0.000064417,496763,52656907,25.000000,2392.000000
lexical/repeated_projection,106,0,32,0.000033375,958801,101632959,8.000000,840.000000
lexical/mapped_calls,1692,0,32,0.000783459,40845,69108913,269.000000,30232.000000
lexical/repeated_projection,1692,0,32,0.000354542,90257,152715334,12.000000,6600.000000
lexical/mapped_calls,14260,0,32,0.005607583,5707,81375523,2064.000000,238104.000000
lexical/repeated_projection,14260,0,32,0.002659167,12034,171602611,15.000000,49608.000000
lexical/mapped_calls,251044,0,32,0.090337667,354,88926450,32788.000000,3801624.000000
lexical/repeated_projection,251044,0,32,0.043931750,728,182861097,19.000000,786888.000000
lexical/nested_retention,1036,0,32,0.000474666,67416,69842795,10.000000,1992.000000
lexical/nested_retention,16396,0,32,0.007140166,4482,73481765,14.000000,25032.000000
lexical/nested_retention,1048588,0,32,0.452835500,71,74099350,20.000000,1573320.000000
compile/nested_fallback,0,0,32,0.000105167,304278,0,113.000000,7921.000000
compile/navigation,0,0,32,0.000058958,542759,0,55.000000,4551.000000
navigation/keep,100,0,32,0.000016709,1915136,191513556,2.000000,144.000000
navigation/wildcard,100,0,32,0.000029916,1069662,106966172,8.000000,1072.000000
navigation/descendants,100,0,32,0.000041416,772648,77264825,8.000000,1072.000000
navigation/ordering,100,0,32,0.000021417,1494140,149414017,6.000000,320.000000
navigation/grouping,100,0,32,0.000027167,1177900,117789966,11.000000,824.000000
navigation/membership,100,0,32,0.000018875,1695364,169536424,2.000000,32.000000
navigation/fallback,100,0,32,0.000010167,3147438,314743779,0.000000,0.000000
navigation/mixed,100,0,32,0.000029000,1103448,110344828,11.000000,968.000000
navigation/keep,500,0,32,0.000030167,1060762,530380880,2.000000,144.000000
navigation/wildcard,500,0,32,0.000043958,727968,363983803,8.000000,1072.000000
navigation/descendants,500,0,32,0.000067416,474665,237332384,8.000000,1072.000000
navigation/ordering,500,0,32,0.000034583,925310,462655062,6.000000,320.000000
navigation/grouping,500,0,32,0.000040500,790123,395061728,11.000000,824.000000
navigation/membership,500,0,32,0.000032417,987136,493568190,2.000000,32.000000
navigation/fallback,500,0,32,0.000030417,1052043,526021633,0.000000,0.000000
navigation/mixed,500,0,32,0.000042875,746356,373177843,11.000000,968.000000
navigation/keep,1024,0,32,0.000047125,679045,695342175,2.000000,144.000000
navigation/wildcard,1024,0,32,0.000060416,529661,542372881,8.000000,1072.000000
navigation/descendants,1024,0,32,0.000101792,314367,321911349,8.000000,1072.000000
navigation/ordering,1024,0,32,0.000052042,614888,629645286,6.000000,320.000000
navigation/grouping,1024,0,32,0.000057541,556125,569472202,11.000000,824.000000
navigation/membership,1024,0,32,0.000049458,647014,662541955,2.000000,32.000000
navigation/fallback,1024,0,32,0.000055708,574424,588209952,0.000000,0.000000
navigation/mixed,1024,0,32,0.000059708,535942,548804180,11.000000,968.000000
navigation/keep,10240,0,32,0.000344625,92855,950830613,2.000000,144.000000
navigation/wildcard,10240,0,32,0.000370667,86331,884027982,8.000000,1072.000000
navigation/descendants,10240,0,32,0.000690541,46340,474526494,8.000000,1072.000000
navigation/ordering,10240,0,32,0.000354125,90364,925322979,6.000000,320.000000
navigation/grouping,10240,0,32,0.000356125,89856,920126360,11.000000,824.000000
navigation/membership,10240,0,32,0.000346917,92241,944548696,2.000000,32.000000
navigation/fallback,10240,0,32,0.000499042,64123,656618080,0.000000,0.000000
navigation/mixed,10240,0,32,0.000358042,89375,915199893,11.000000,968.000000
navigation/keep,65536,0,32,0.002127459,15041,985754367,2.000000,144.000000
navigation/wildcard,65536,0,32,0.002139875,14954,980034815,8.000000,1072.000000
navigation/descendants,65536,0,32,0.004256667,7518,492674668,8.000000,1072.000000
navigation/ordering,65536,0,32,0.002136542,14977,981563667,6.000000,320.000000
navigation/grouping,65536,0,32,0.002154334,14854,973457226,11.000000,824.000000
navigation/membership,65536,0,32,0.002127375,15042,985793290,2.000000,32.000000
navigation/fallback,65536,0,32,0.003183459,10052,658765198,0.000000,0.000000
navigation/mixed,65536,0,32,0.002174083,14719,964614506,11.000000,968.000000
navigation/keep,1048576,0,32,0.033965042,942,987910805,2.000000,144.000000
navigation/wildcard,1048576,0,32,0.034125792,938,983257238,8.000000,1072.000000
navigation/descendants,1048576,0,32,0.067494667,474,497141974,8.000000,1072.000000
navigation/ordering,1048576,0,32,0.033454500,957,1002987102,6.000000,320.000000
navigation/grouping,1048576,0,32,0.034010625,941,986586750,11.000000,824.000000
navigation/membership,1048576,0,32,0.033527792,954,1000794565,2.000000,32.000000
navigation/fallback,1048576,0,32,0.050584208,633,663338092,0.000000,0.000000
navigation/mixed,1048576,0,32,0.034028333,940,986073341,11.000000,968.000000
navigation/wide_sort,250,0,32,0.000091167,351004,87751050,7.000000,752.000000
navigation/wide_group,250,0,32,0.000081084,394652,98663115,10.000000,1016.000000
navigation/wide_descendants,250,0,32,0.000122542,261135,65283739,20.000000,2680.000000
navigation/range,250,0,32,0.000032209,993511,248377783,4.000000,360.000000
navigation/wide_sort,4144,0,32,0.002310750,13848,57387428,11.000000,11312.000000
navigation/wide_group,4144,0,32,0.000957833,33409,138445846,18.000000,9656.000000
navigation/wide_descendants,4144,0,32,0.001803500,17743,73528140,260.000000,34840.000000
navigation/range,4144,0,32,0.000440250,72686,301210676,8.000000,6120.000000
navigation/wide_sort,34657,0,32,0.023835917,1343,46527432,14.000000,90160.000000
navigation/wide_group,34657,0,32,0.007039625,4546,157540210,24.000000,74168.000000
navigation/wide_descendants,34657,0,32,0.013712708,2334,80875637,2052.000000,274968.000000
navigation/range,34657,0,32,0.003310625,9666,334989315,11.000000,49128.000000
navigation/wide_sort,600386,0,32,0.519882292,62,36955196,18.000000,1441840.000000
navigation/wide_group,600386,0,32,0.115041417,278,167003784,32.000000,1180088.000000
navigation/wide_descendants,600386,0,32,0.223595625,143,85924543,32772.000000,4391448.000000
navigation/range,600386,0,32,0.053805708,595,357069031,15.000000,786408.000000
navigation/distinct_groups,194,0,32,0.000057042,560990,108832089,5.000000,1464.000000
navigation/distinct_groups,3246,0,32,0.002520292,12697,41214272,10.000000,36664.000000
navigation/distinct_groups,27486,0,32,0.114721750,279,7666829,13.000000,294712.000000
navigation/deep_descendants,24,0,32,0.000024792,1290739,30977735,4.000000,536.000000
navigation/deep_descendants,72,0,32,0.000179708,178067,12820798,4.000000,536.000000
navigation/deep_descendants,136,0,32,0.000851500,37581,5110981,4.000000,536.000000
compiler/lookup_8_hit,501,0,32,0.000012291,2603531,1304369051,0.000000,0.000000
rust/lookup_8_hit,501,0,32,0.000009875,3240506,1623493671,0.000000,0.000000
compiler/lookup_8_miss,501,0,32,0.000009917,3226782,1616617929,0.000000,0.000000
rust/lookup_8_miss,501,0,32,0.000009541,3353946,1680327010,0.000000,0.000000
compiler/varying_lookup_8,501,0,32,0.000012542,2551427,1278265030,0.000000,0.000000
rust/varying_lookup_8,501,0,32,0.000009750,3282051,1644307692,0.000000,0.000000
compiler/bound_lookup_8,16,0,32,0.000010500,3047619,48761905,6.000000,520.000000
compile/lookup_8,0,0,32,0.000098083,326254,0,60.000000,5769.000000
compiler/lookup_128_hit,501,0,32,0.000014000,2285714,1145142857,0.000000,0.000000
rust/lookup_128_hit,501,0,32,0.000009667,3310231,1658425572,0.000000,0.000000
compiler/lookup_128_miss,501,0,32,0.000010333,3096874,1551533920,0.000000,0.000000
rust/lookup_128_miss,501,0,32,0.000009542,3353595,1680150912,0.000000,0.000000
compiler/varying_lookup_128,501,0,32,0.000015375,2081301,1042731707,0.000000,0.000000
rust/varying_lookup_128,501,0,32,0.000009875,3240506,1623493671,0.000000,0.000000
compiler/bound_lookup_128,16,0,32,0.000012459,2568424,41094791,6.000000,520.000000
compile/lookup_128,0,0,32,0.004689584,6824,0,669.000000,99649.000000
compiler/lookup_1024_hit,501,0,32,0.000015042,2127377,1065815716,0.000000,0.000000
rust/lookup_1024_hit,501,0,32,0.000009625,3324675,1665662338,0.000000,0.000000
compiler/lookup_1024_miss,501,0,32,0.000010583,3023717,1514882358,0.000000,0.000000
rust/lookup_1024_miss,501,0,32,0.000009542,3353595,1680150912,0.000000,0.000000
compiler/varying_lookup_1024,501,0,32,0.000017084,1873098,938421915,0.000000,0.000000
rust/varying_lookup_1024,501,0,32,0.000009958,3213497,1609961840,0.000000,0.000000
compiler/bound_lookup_1024,16,0,32,0.000013833,2313309,37012940,6.000000,520.000000
compile/lookup_1024,0,0,32,0.214971667,149,0,5156.000000,804033.000000
compiler/lookup_4096_hit,501,0,32,0.000017375,1841727,922705036,0.000000,0.000000
rust/lookup_4096_hit,501,0,32,0.000009625,3324675,1665662338,0.000000,0.000000
compiler/lookup_4096_miss,501,0,32,0.000011417,2802838,1404221775,0.000000,0.000000
rust/lookup_4096_miss,501,0,32,0.000009666,3310573,1658597145,0.000000,0.000000
compiler/varying_lookup_4096,501,0,32,0.000019250,1662338,832831169,0.000000,0.000000
rust/varying_lookup_4096,501,0,32,0.000015291,2092734,1048459878,0.000000,0.000000
compiler/bound_lookup_4096,16,0,32,0.000015709,2037049,32592781,6.000000,520.000000
compile/lookup_4096,0,0,32,3.005142541,11,0,20520.000000,3215553.000000
compiler/constant_scalar,100,0,32,0.000003083,10379500,1037950049,0.000000,0.000000
compiler/repeated_fields,100,0,32,0.000005750,5565217,556521739,0.000000,0.000000
compiler/dynamic_leaves,100,0,32,0.000006042,5296260,529625952,3.000000,152.000000
compiler/filtered_sum,100,0,32,0.000006208,5154639,515463918,0.000000,0.000000
compiler/invariant_aggregate,100,0,32,0.000006916,4626952,462695200,0.000000,0.000000
compiler/builtin_reference,100,0,32,0.000003125,10240000,1024000000,0.000000,0.000000
compiler/static_array,100,0,32,0.000003375,9481481,948148148,1.000000,16.000000
compiler/constant_membership,100,0,32,0.000010667,2999906,299990625,1.000000,16.000000
compiler/lookup_record,100,0,32,0.000007166,4465532,446553168,0.000000,0.000000
rust/repeated_fields,100,0,32,0.000003959,8082849,808284920,0.000000,0.000000
compiler/constant_scalar,500,0,32,0.000012666,2526449,1263224380,0.000000,0.000000
compiler/repeated_fields,500,0,32,0.000012625,2534653,1267326733,0.000000,0.000000
compiler/dynamic_leaves,500,0,32,0.000013167,2430318,1215159110,3.000000,152.000000
compiler/filtered_sum,500,0,32,0.000013250,2415094,1207547170,0.000000,0.000000
compiler/invariant_aggregate,500,0,32,0.000020833,1536025,768012288,0.000000,0.000000
compiler/builtin_reference,500,0,32,0.000010042,3186616,1593308106,0.000000,0.000000
compiler/static_array,500,0,32,0.000010417,3071902,1535950850,1.000000,16.000000
compiler/constant_membership,500,0,32,0.000024458,1308365,654182681,1.000000,16.000000
compiler/lookup_record,500,0,32,0.000014000,2285714,1142857143,0.000000,0.000000
rust/repeated_fields,500,0,32,0.000010916,2931477,1465738366,0.000000,0.000000
compiler/constant_scalar,1024,0,32,0.000018750,1706667,1747626667,0.000000,0.000000
compiler/repeated_fields,1024,0,32,0.000021333,1500023,1536024000,0.000000,0.000000
compiler/dynamic_leaves,1024,0,32,0.000021834,1465604,1500778602,3.000000,152.000000
compiler/filtered_sum,1024,0,32,0.000022125,1446328,1481039548,0.000000,0.000000
compiler/invariant_aggregate,1024,0,32,0.000040792,784468,803294764,0.000000,0.000000
compiler/builtin_reference,1024,0,32,0.000018708,1710498,1751550139,0.000000,0.000000
compiler/static_array,1024,0,32,0.000018792,1702852,1743720732,1.000000,16.000000
compiler/constant_membership,1024,0,32,0.000042000,761905,780190476,1.000000,16.000000
compiler/lookup_record,1024,0,32,0.000022375,1430168,1464491620,0.000000,0.000000
rust/repeated_fields,1024,0,32,0.000019250,1662338,1702233766,0.000000,0.000000
compiler/constant_scalar,10240,0,32,0.000169583,188698,1932269154,0.000000,0.000000
compiler/repeated_fields,10240,0,32,0.000172500,185507,1899594203,0.000000,0.000000
compiler/dynamic_leaves,10240,0,32,0.000172666,185329,1897767945,3.000000,152.000000
compiler/filtered_sum,10240,0,32,0.000173292,184659,1890912448,0.000000,0.000000
compiler/invariant_aggregate,10240,0,32,0.000337291,94874,971505317,0.000000,0.000000
compiler/builtin_reference,10240,0,32,0.000172125,185911,1903732752,0.000000,0.000000
compiler/static_array,10240,0,32,0.000169917,188327,1928470959,1.000000,16.000000
compiler/constant_membership,10240,0,32,0.000338084,94651,969226583,1.000000,16.000000
compiler/lookup_record,10240,0,32,0.000173459,184482,1889091947,0.000000,0.000000
rust/repeated_fields,10240,0,32,0.000170292,187913,1924224274,0.000000,0.000000
compiler/constant_scalar,1048576,0,32,0.017258375,1854,1944240521,0.000000,0.000000
compiler/repeated_fields,1048576,0,32,0.017224333,1858,1948083098,0.000000,0.000000
compiler/dynamic_leaves,1048576,0,32,0.017281375,1852,1941652907,3.000000,152.000000
compiler/filtered_sum,1048576,0,32,0.017226625,1858,1947823906,0.000000,0.000000
compiler/invariant_aggregate,1048576,0,32,0.033822625,946,992070604,0.000000,0.000000
compiler/builtin_reference,1048576,0,32,0.017228542,1857,1947607174,0.000000,0.000000
compiler/static_array,1048576,0,32,0.017239167,1856,1946406807,1.000000,16.000000
compiler/constant_membership,1048576,0,32,0.033908500,944,989558134,1.000000,16.000000
compiler/lookup_record,1048576,0,32,0.017320042,1848,1937318166,0.000000,0.000000
rust/repeated_fields,1048576,0,32,0.017233083,1857,1947093970,0.000000,0.000000
compile/execution,0,0,32,0.000102959,310803,0,132.000000,7864.000000
execution/arithmetic,100,0,32,0.000005000,6400000,640000000,0.000000,0.000000
execution/comparison,100,0,32,0.000005125,6243902,624390244,0.000000,0.000000
execution/conditional,100,0,32,0.000005166,6194348,619434766,0.000000,0.000000
execution/constructor,100,0,32,0.000007125,4491228,449122807,3.000000,152.000000
rust/execution_arithmetic,100,0,32,0.000003334,9598080,959808038,0.000000,0.000000
rust/execution_constructor,100,0,32,0.000003333,9600960,960096010,0.000000,0.000000
execution/arithmetic,500,0,32,0.000011666,2743014,1371506943,0.000000,0.000000
execution/comparison,500,0,32,0.000011875,2694737,1347368421,0.000000,0.000000
execution/conditional,500,0,32,0.000011917,2685240,1342619787,0.000000,0.000000
execution/constructor,500,0,32,0.000013708,2334403,1167201634,3.000000,152.000000
rust/execution_arithmetic,500,0,32,0.000010250,3121951,1560975610,0.000000,0.000000
rust/execution_constructor,500,0,32,0.000010166,3147747,1573873697,0.000000,0.000000
execution/arithmetic,1024,0,32,0.000020333,1573796,1611567403,0.000000,0.000000
execution/comparison,1024,0,32,0.000020584,1554606,1591916051,0.000000,0.000000
execution/conditional,1024,0,32,0.000020666,1548437,1585599535,0.000000,0.000000
execution/constructor,1024,0,32,0.000023041,1388829,1422160497,3.000000,152.000000
rust/execution_arithmetic,1024,0,32,0.000018875,1695364,1736052980,0.000000,0.000000
rust/execution_constructor,1024,0,32,0.000019208,1665973,1705955852,0.000000,0.000000
execution/arithmetic,10240,0,32,0.000176333,181475,1858302190,0.000000,0.000000
execution/comparison,10240,0,32,0.000174500,183381,1877822350,0.000000,0.000000
execution/conditional,10240,0,32,0.000173167,184793,1892277397,0.000000,0.000000
execution/constructor,10240,0,32,0.000173709,184216,1886373187,3.000000,152.000000
rust/execution_arithmetic,10240,0,32,0.000169916,188328,1928482309,0.000000,0.000000
rust/execution_constructor,10240,0,32,0.000174209,183687,1880959078,0.000000,0.000000
execution/arithmetic,1048576,0,32,0.017167000,1864,1954589154,0.000000,0.000000
execution/comparison,1048576,0,32,0.017142791,1867,1957349419,0.000000,0.000000
execution/conditional,1048576,0,32,0.017229875,1857,1947456496,0.000000,0.000000
execution/constructor,1048576,0,32,0.017313291,1848,1938073588,3.000000,152.000000
rust/execution_arithmetic,1048576,0,32,0.017212083,1859,1949469567,0.000000,0.000000
rust/execution_constructor,1048576,0,32,0.017302917,1849,1939235564,0.000000,0.000000
execution/filtered_sum,74,0,32,0.000018416,1737619,128583840,0.000000,0.000000
execution/mapped_sum,74,0,32,0.000018292,1749399,129455500,0.000000,0.000000
rust/execution_filtered_sum,74,0,32,0.000007708,4151531,307213285,0.000000,0.000000
execution/filtered_sum,1082,0,32,0.000265083,120717,130615694,0.000000,0.000000
execution/mapped_sum,1082,0,32,0.000276083,115907,125411561,0.000000,0.000000
rust/execution_filtered_sum,1082,0,32,0.000108750,294253,318381609,0.000000,0.000000
execution/filtered_sum,8586,0,32,0.002136917,14975,128574016,0.000000,0.000000
execution/mapped_sum,8586,0,32,0.002173542,14723,126407495,0.000000,0.000000
rust/execution_filtered_sum,8586,0,32,0.000825916,38745,332663370,0.000000,0.000000
execution/filtered_sum,137226,0,32,0.034139500,937,128626137,0.000000,0.000000
execution/mapped_sum,137226,0,32,0.034873667,918,125918275,0.000000,0.000000
rust/execution_filtered_sum,137226,0,32,0.013068167,2449,336025091,0.000000,0.000000
execution/lookup_8192,501,0,32,0.000016250,1969231,986584615,0.000000,0.000000
rust/execution_lookup_8192,501,0,32,0.000009833,3254348,1630428150,0.000000,0.000000
execution/type_fallback,16,0,32,0.000004667,6856653,109706450,0.000000,0.000000
plan/branch,100,0,32,0.000004666,6858123,685812259,0.000000,0.000000
plan/boolean,100,0,32,0.000005833,5486028,548602777,0.000000,0.000000
plan/object,100,0,32,0.000006625,4830189,483018868,3.000000,248.000000
plan/branch,500,0,32,0.000011333,2823612,1411806230,0.000000,0.000000
plan/boolean,500,0,32,0.000012708,2518099,1259049418,0.000000,0.000000
plan/object,500,0,32,0.000013459,2377591,1188795601,3.000000,248.000000
plan/branch,1024,0,32,0.000019959,1603287,1641765620,0.000000,0.000000
plan/boolean,1024,0,32,0.000021333,1500023,1536024000,0.000000,0.000000
plan/object,1024,0,32,0.000021875,1462857,1497965714,3.000000,248.000000
plan/branch,10240,0,32,0.000171333,186771,1912532904,0.000000,0.000000
plan/boolean,10240,0,32,0.000172500,185507,1899594203,0.000000,0.000000
plan/object,10240,0,32,0.000173291,184660,1890923360,3.000000,248.000000
plan/branch,1048576,0,32,0.017276958,1852,1942149307,0.000000,0.000000
plan/boolean,1048576,0,32,0.017223959,1858,1948125399,0.000000,0.000000
plan/object,1048576,0,32,0.017312875,1848,1938120156,3.000000,248.000000
plan/lookup_branch,490,0,32,0.000017917,1786013,875146509,0.000000,0.000000
plan/lookup_quote,490,0,32,0.000018458,1733666,849496153,0.000000,0.000000
plan/invoice_sum,58,0,32,0.000005708,5606167,325157673,0.000000,0.000000
rust/plan_invoice,58,0,32,0.000005708,5606167,325157673,0.000000,0.000000
plan/invoice_object,58,0,32,0.000011125,2876404,166831461,3.000000,296.000000
plan/mapped_objects,58,0,32,0.000014208,2252252,130630631,2.000000,136.000000
plan/invoice_sum,300,0,32,0.000031458,1017229,305168796,0.000000,0.000000
rust/plan_invoice,300,0,32,0.000033792,946970,284090909,0.000000,0.000000
plan/invoice_object,300,0,32,0.000046833,683279,204983665,3.000000,296.000000
plan/mapped_objects,300,0,32,0.000072916,438861,131658347,16.000000,1088.000000
plan/invoice_sum,4488,0,32,0.000564291,56708,254506983,0.000000,0.000000
rust/plan_invoice,4488,0,32,0.000485000,65979,296115464,0.000000,0.000000
plan/invoice_object,4488,0,32,0.000663208,48250,216547448,3.000000,296.000000
plan/mapped_objects,4488,0,32,0.001156167,27678,124217349,256.000000,17408.000000
plan/invoice_sum,35736,0,32,0.004251625,7527,268968218,0.000000,0.000000
rust/plan_invoice,35736,0,32,0.003859791,8291,296273037,0.000000,0.000000
plan/invoice_object,35736,0,32,0.005161125,6200,221570297,3.000000,296.000000
plan/mapped_objects,35736,0,32,0.008748500,3658,130714065,2048.000000,139264.000000
plan/invoice_sum,571416,0,32,0.067832583,472,269565321,0.000000,0.000000
rust/plan_invoice,571416,0,32,0.061744542,518,296144589,0.000000,0.000000
plan/invoice_object,571416,0,32,0.084183209,380,217208541,3.000000,296.000000
plan/mapped_objects,571416,0,32,0.138063459,232,132441358,32768.000000,2228224.000000
plan/wide_fields,7583,0,32,0.000304208,105191,797664756,0.000000,0.000000
plan/untaken_branch,496,0,32,0.000010750,2976744,1476465116,0.000000,0.000000
compile/plan_branch,0,0,32,0.000061750,518219,0,84.000000,3876.000000
demand/nested,100,0,32,0.000004583,6982326,698232599,0.000000,0.000000
demand/branch,100,0,32,0.000005000,6400000,640000000,0.000000,0.000000
demand/repeated,100,0,32,0.000004083,7837374,783737448,0.000000,0.000000
demand/untaken_nested,101,0,32,0.000004208,7604563,768060837,0.000000,0.000000
demand/nested,500,0,32,0.000011333,2823612,1411806230,0.000000,0.000000
demand/branch,500,0,32,0.000011625,2752688,1376344086,0.000000,0.000000
demand/repeated,500,0,32,0.000010792,2965159,1482579689,0.000000,0.000000
demand/untaken_nested,501,0,32,0.000011000,2909091,1457454545,0.000000,0.000000
demand/nested,1024,0,32,0.000019959,1603287,1641765620,0.000000,0.000000
demand/branch,1024,0,32,0.000020333,1573796,1611567403,0.000000,0.000000
demand/repeated,1024,0,32,0.000019541,1637583,1676884499,0.000000,0.000000
demand/untaken_nested,1025,0,32,0.000019666,1627174,1667853148,0.000000,0.000000
demand/nested,10240,0,32,0.000171625,186453,1909278951,0.000000,0.000000
demand/branch,10240,0,32,0.000171708,186363,1908356046,0.000000,0.000000
demand/repeated,10240,0,32,0.000170625,187546,1920468864,0.000000,0.000000
demand/untaken_nested,10241,0,32,0.000170917,187225,1917375100,0.000000,0.000000
demand/nested,1048576,0,32,0.017263708,1854,1943639918,0.000000,0.000000
demand/branch,1048576,0,32,0.017248584,1855,1945344151,0.000000,0.000000
demand/repeated,1048576,0,32,0.017268375,1853,1943114624,0.000000,0.000000
demand/untaken_nested,1048577,0,32,0.017237709,1856,1946573295,0.000000,0.000000
demand/nested_fold,546,0,32,0.000126375,253215,138255193,0.000000,0.000000
demand/nested_fold_plan,546,0,32,0.000053333,600004,327602048,0.000000,0.000000
demand/nested_fold,8454,0,32,0.001958792,16337,138109610,0.000000,0.000000
demand/nested_fold_plan,8454,0,32,0.000831708,38475,325268003,0.000000,0.000000
demand/nested_fold,67478,0,32,0.015335208,2087,140806437,0.000000,0.000000
demand/nested_fold_plan,67478,0,32,0.006571292,4870,328595351,0.000000,0.000000
demand/wide_nested,1137,0,32,0.000038750,825806,938941935,0.000000,0.000000
demand/wide_nested,38497,0,32,0.001147666,27883,1073399404,0.000000,0.000000
demand/wide_nested,323265,0,32,0.009639042,3320,1073185489,0.000000,0.000000
demand/repeated_lookup,100,0,32,0.000015458,2070126,207012550,0.000000,0.000000
demand/repeated_lookup,500,0,32,0.000023583,1356910,678454819,0.000000,0.000000
demand/repeated_lookup,10240,0,32,0.000180750,177040,1812890733,0.000000,0.000000
demand/repeated_lookup,1048576,0,32,0.017244750,1856,1945776657,0.000000,0.000000
cargo build --workspace --release --locked
   Compiling jx-cli v0.1.0 (/Users/josh/Documents/Workspace/jo-cube/jx/crates/jx-cli)
    Finished `release` profile [optimized] target(s) in 2.02s
