cargo fmt --all -- --check
just clippy
cargo clippy --workspace --all-targets --locked -- -D warnings
    Checking jx v0.1.0 (/Users/josh/Documents/Workspace/jo-cube/jx/crates/jx)
    Checking jx-cli v0.1.0 (/Users/josh/Documents/Workspace/jo-cube/jx/crates/jx-cli)
    Finished `dev` profile [unoptimized + debuginfo] target(s) in 1.32s
just test
cargo test --workspace --locked
   Compiling jx v0.1.0 (/Users/josh/Documents/Workspace/jo-cube/jx/crates/jx)
   Compiling jx-cli v0.1.0 (/Users/josh/Documents/Workspace/jo-cube/jx/crates/jx-cli)
    Finished `test` profile [unoptimized + debuginfo] target(s) in 1.71s
     Running unittests src/lib.rs (target/debug/deps/jx-283396e92257456e)

running 4 tests
test plan::tests::whole_regions_lower ... ok
test plan::tests::plan_and_tree_agree_on_values_and_exact_errors ... ok
test plan::tests::fixed_objects_lookup_and_capture_match_the_tree ... ok
test plan::tests::branches_and_folds_match_the_tree ... ok

test result: ok. 4 passed; 0 failed; 0 ignored; 0 measured; 0 filtered out; finished in 2.03s

     Running tests/aggregates.rs (target/debug/deps/aggregates-36467e8652de35ea)

running 5 tests
test aggregate_arguments_finish_before_type_or_arity_checks ... ok
test validation_cancellation_and_mapped_aggregate_errors ... ok
test aggregates_preserve_ieee_values_and_signed_zero ... ok
test aggregate_calls_keep_syntax_and_depth_limits_explicit ... ok
test aggregate_semantics ... ok

test result: ok. 5 passed; 0 failed; 0 ignored; 0 measured; 0 filtered out; finished in 0.00s

     Running tests/compiler.rs (target/debug/deps/compiler-c073a9a4f22a2a86)

running 4 tests
test constant_errors_remain_runtime_errors_after_validation ... ok
test static_lookup_still_validates_and_normalizes_its_key ... ok
test lookup_shapes_keys_and_calls ... ok
test constant_construction_keeps_identity_and_shape ... ok

test result: ok. 4 passed; 0 failed; 0 ignored; 0 measured; 0 filtered out; finished in 0.00s

     Running tests/conformance.rs (target/debug/deps/conformance-dbf31341087731ca)

running 1 test
test pinned_upstream_groups_have_explicit_expected_outcomes ... ok

test result: ok. 1 passed; 0 failed; 0 ignored; 0 measured; 0 filtered out; finished in 0.10s

     Running tests/constructors.rs (target/debug/deps/constructors-5ec04b236509315e)

running 9 tests
test implicit_string_iteration_after_constructor_collapse_is_explicitly_deferred ... ok
test null_collapse_reports_a_type_error_instead_of_a_host_exception ... ok
test serialization_keeps_unicode_units_and_arbitrary_json_keys ... ok
test containers_own_structure_and_retain_borrowed_members ... ok
test object_construction_does_not_mutate_empty_input_arrays ... ok
test construction_validates_before_output_and_cancels_between_containers ... ok
test construction_preserves_internal_numbers_and_undefined ... ok
test constructor_syntax_and_depth_are_bounded ... ok
test constructor_semantics ... ok

test result: ok. 9 passed; 0 failed; 0 ignored; 0 measured; 0 filtered out; finished in 0.01s

     Running tests/execution.rs (target/debug/deps/execution-8fd1947384dc3bba)

running 7 tests
test planned_regions_do_not_round_borrowed_output ... ok
test numeric_regions_compose_with_contexts_and_retention ... ok
test numeric_regions_accept_constructed_and_retained_contexts ... ok
test numeric_regions_keep_validation_and_error_precedence ... ok
test numeric_regions_preserve_missing_shape_and_record_isolation ... ok
test branches_fixed_objects_and_streamed_folds_compose ... ok
test numeric_regions_preserve_ordering_and_stream_cancellation ... ok

test result: ok. 7 passed; 0 failed; 0 ignored; 0 measured; 0 filtered out; finished in 0.00s

     Running tests/filters.rs (target/debug/deps/filters-a665417a9bce572a)

running 5 tests
test filtered_values_borrow_input_and_cancellation_stops_predicates ... ok
test undefined_sequence_items_remain_distinct_from_null ... ok
test upstream_stage_errors_take_precedence_over_later_stage_errors ... ok
test filter_semantics ... ok
test filters_have_bounded_depth_and_keep_deferred_syntax_explicit ... ok

test result: ok. 5 passed; 0 failed; 0 ignored; 0 measured; 0 filtered out; finished in 0.01s

     Running tests/json_validation.rs (target/debug/deps/json_validation-845dc26b3e6dc2f3)

running 5 tests
test valid_json_syntax_and_utf8 ... ok
test invalid_json_syntax ... ok
test rejects_invalid_utf8_anywhere_even_in_unselected_fields ... ok
test deterministic_mutations_agree_with_serde_on_common_json_domain ... ok
test depth_limit_and_large_shallow_records ... ok

test result: ok. 5 passed; 0 failed; 0 ignored; 0 measured; 0 filtered out; finished in 0.02s

     Running tests/lexical.rs (target/debug/deps/lexical-e855bedb234e048e)

running 8 tests
test retained_bindings_preserve_input_borrowing ... ok
test retained_output_obeys_consumer_cancellation ... ok
test function_results_are_opaque_and_not_json ... ok
test deferred_features_and_constructor_binding_races_are_explicit ... ok
test recursion_accounts_for_large_function_bodies ... ok
test recursion_is_bounded_and_an_error_does_not_poison_reuse ... ok
test evaluations_isolate_scope_and_validate_before_execution ... ok
test lexical_semantics ... ok

test result: ok. 8 passed; 0 failed; 0 ignored; 0 measured; 0 filtered out; finished in 0.00s

     Running tests/navigation.rs (target/debug/deps/navigation-def3c34345a3428c)

running 4 tests
test range_limits_and_deferred_tuple_navigation_are_explicit ... ok
test nested_fallbacks_compile_without_expanding_the_left_tree ... ok
test validation_borrowing_and_cancellation ... ok
test navigation_semantics ... ok

test result: ok. 4 passed; 0 failed; 0 ignored; 0 measured; 0 filtered out; finished in 0.01s

     Running tests/scalars.rs (target/debug/deps/scalars-7428e776dc97652d)

running 7 tests
test computed_scalars_and_literal_strings_need_no_owned_output ... ok
test operator_errors_have_expression_offsets_after_complete_validation ... ok
test expression_whitespace_matches_the_language_tokenizer ... ok
test duplicate_keys_unicode_and_binary64_boundaries ... ok
test compile_errors_and_expression_depth_are_bounded ... ok
test scalar_operators_and_sequence_operands ... ok
test structural_equality_and_boolean_casting_respect_input_depth_limits ... ok

test result: ok. 7 passed; 0 failed; 0 ignored; 0 measured; 0 filtered out; finished in 0.01s

     Running tests/semantics.rs (target/debug/deps/semantics-17591f0749f1de6f)

running 8 tests
test unsupported_semantics_fail_explicitly ... ok
test serialization_propagates_consumer_failure ... ok
test compact_serialization_preserves_string_and_number_bytes ... ok
test results_borrow_input_not_the_expression ... ok
test validate_before_returning_a_selected_value_or_semantic_error ... ok
test field_names_compare_decoded_escapes ... ok
test object_paths_missing_and_raw_values ... ok
test compile_once_reuse_across_records_and_threads ... ok

test result: ok. 8 passed; 0 failed; 0 ignored; 0 measured; 0 filtered out; finished in 0.00s

     Running tests/sequences.rs (target/debug/deps/sequences-da7baca561a51a9e)

running 6 tests
test streamed_values_borrow_their_original_ranges ... ok
test fully_validate_before_emitting_any_sequence_item ... ok
test cancellation_preserves_the_consumer_error_and_stops_emission ... ok
test duplicate_keys_and_escaped_names_inside_arrays ... ok
test array_navigation_and_sequence_boundaries ... ok
test traversal_is_bounded_by_validated_input_depth_not_array_width ... ok

test result: ok. 6 passed; 0 failed; 0 ignored; 0 measured; 0 filtered out; finished in 0.03s

     Running unittests src/main.rs (target/debug/deps/jx-b3e3a82f1487a97c)

running 3 tests
test stream::tests::output_failure_stops_before_consuming_the_next_record ... ok
test stream::tests::oversized_unterminated_record_stays_bounded ... ok
test stream::tests::framing_is_independent_of_buffer_boundaries ... ok

test result: ok. 3 passed; 0 failed; 0 ignored; 0 measured; 0 filtered out; finished in 0.00s

     Running tests/cli.rs (target/debug/deps/cli-d5919d0f805a472e)

running 13 tests
test ndjson_missing_null_arrays_and_final_unterminated_record ... ok
test invalid_record_never_emits_a_partial_sequence ... ok
test lexical_runtime_is_fresh_for_each_record ... ok
test errors_have_distinct_exit_codes_and_record_context ... ok
test kept_sequences_and_reductions_preserve_record_framing ... ok
test filters_frame_values_and_report_streamed_errors ... ok
test streams_multiple_files_and_stdin_in_order ... ok
test aggregates_distinguish_missing_empty_and_failed_records ... ok
test sequences_are_separate_lines_and_raw_arrays_stay_values ... ok
test constructors_frame_complete_outputs_and_mapped_failures ... ok
test scalar_results_and_runtime_errors_are_framed_per_record ... ok
test help_empty_input_options_and_invalid_utf8 ... ok
test exact_record_limit_including_cr_but_excluding_lf ... ok

test result: ok. 13 passed; 0 failed; 0 ignored; 0 measured; 0 filtered out; finished in 0.50s

   Doc-tests jx

running 1 test
test crates/jx/src/lib.rs - (line 4) ... ok

test result: ok. 1 passed; 0 failed; 0 ignored; 0 measured; 0 filtered out; finished in 0.01s

all doctests ran in 0.87s; merged doctests compilation took 0.37s
cargo bench -p jx --bench throughput --locked -- --smoke
    Finished `bench` profile [optimized] target(s) in 0.00s
     Running benches/throughput.rs (target/release/deps/throughput-ad1fdffe799128d8)
workload,input_bytes,sample,records,seconds,records_per_second,input_bytes_per_second,allocations_per_record,allocated_bytes_per_record
compile,0,0,32,0.000010041,3186934,0,8.000000,578.000000
ascii/validate,100,0,32,0.000003166,10107391,1010739103,0.000000,0.000000
ascii/identity,100,0,32,0.000003250,9846154,984615385,0.000000,0.000000
ascii/shallow,100,0,32,0.000003917,8169517,816951749,0.000000,0.000000
ascii/nested,100,0,32,0.000004125,7757576,775757576,0.000000,0.000000
ascii/missing,100,0,32,0.000003625,8827586,882758621,0.000000,0.000000
ascii/array_value,100,0,32,0.000003750,8533333,853333333,0.000000,0.000000
ascii/identity_write,100,0,32,0.000005916,5409060,540906018,0.000000,0.000000
ascii/validate,500,0,32,0.000011125,2876404,1438202247,0.000000,0.000000
ascii/identity,500,0,32,0.000011292,2833865,1416932341,0.000000,0.000000
ascii/shallow,500,0,32,0.000011791,2713934,1356967178,0.000000,0.000000
ascii/nested,500,0,32,0.000012125,2639175,1319587629,0.000000,0.000000
ascii/missing,500,0,32,0.000011542,2772483,1386241553,0.000000,0.000000
ascii/array_value,500,0,32,0.000011667,2742779,1371389389,0.000000,0.000000
ascii/identity_write,500,0,32,0.000024542,1303887,651943607,0.000000,0.000000
ascii/validate,1024,0,32,0.000021042,1520768,1557266420,0.000000,0.000000
ascii/identity,1024,0,32,0.000021125,1514793,1551147929,0.000000,0.000000
ascii/shallow,1024,0,32,0.000021625,1479769,1515283237,0.000000,0.000000
ascii/nested,1024,0,32,0.000022000,1454545,1489454545,0.000000,0.000000
ascii/missing,1024,0,32,0.000021750,1471264,1506574713,0.000000,0.000000
ascii/array_value,1024,0,32,0.000021708,1474111,1509489589,0.000000,0.000000
ascii/identity_write,1024,0,32,0.000048083,665516,681488260,0.000000,0.000000
ascii/validate,10240,0,32,0.000197250,162231,1661242079,0.000000,0.000000
ascii/identity,10240,0,32,0.000197459,162059,1659483741,0.000000,0.000000
ascii/shallow,10240,0,32,0.000197375,162128,1660189994,0.000000,0.000000
ascii/nested,10240,0,32,0.000189667,168717,1727659530,0.000000,0.000000
ascii/missing,10240,0,32,0.000189166,169164,1732235180,0.000000,0.000000
ascii/array_value,10240,0,32,0.000189375,168977,1730323432,0.000000,0.000000
ascii/identity_write,10240,0,32,0.000443333,72181,739128375,0.000000,0.000000
ascii/validate,65536,0,32,0.001176958,27189,1781840983,0.000000,0.000000
ascii/identity,65536,0,32,0.001156583,27668,1813230871,0.000000,0.000000
ascii/shallow,65536,0,32,0.001121750,28527,1869535993,0.000000,0.000000
ascii/nested,65536,0,32,0.001106875,28910,1894660192,0.000000,0.000000
ascii/missing,65536,0,32,0.001086083,29464,1930931614,0.000000,0.000000
ascii/array_value,65536,0,32,0.001077125,29709,1946990368,0.000000,0.000000
ascii/identity_write,65536,0,32,0.002485625,12874,843712145,0.000000,0.000000
ascii/validate,1048576,0,32,0.016777833,1907,1999926451,0.000000,0.000000
ascii/identity,1048576,0,32,0.016891750,1894,1986439060,0.000000,0.000000
ascii/shallow,1048576,0,32,0.016965375,1886,1977818468,0.000000,0.000000
ascii/nested,1048576,0,32,0.017063417,1875,1966454433,0.000000,0.000000
ascii/missing,1048576,0,32,0.017224459,1858,1948068848,0.000000,0.000000
ascii/array_value,1048576,0,32,0.017315916,1848,1937779786,0.000000,0.000000
ascii/identity_write,1048576,0,32,0.039258125,815,854713056,0.000000,0.000000
structured/validate,485,0,32,0.000015250,2098361,1017704918,0.000000,0.000000
structured/identity,485,0,32,0.000015167,2109844,1023274214,0.000000,0.000000
structured/shallow,485,0,32,0.000015500,2064516,1001290323,0.000000,0.000000
structured/nested,485,0,32,0.000015750,2031746,985396825,0.000000,0.000000
structured/missing,485,0,32,0.000015250,2098361,1017704918,0.000000,0.000000
structured/array_value,485,0,32,0.000015458,2070126,1004010868,0.000000,0.000000
structured/identity_write,485,0,32,0.000025208,1269438,615677563,0.000000,0.000000
unicode_escaped_keys/validate,960,0,32,0.000027625,1158371,1112036199,0.000000,0.000000
unicode_escaped_keys/identity,960,0,32,0.000027583,1160135,1113729471,0.000000,0.000000
unicode_escaped_keys/shallow,960,0,32,0.000028250,1132743,1087433628,0.000000,0.000000
unicode_escaped_keys/nested,960,0,32,0.000028500,1122807,1077894737,0.000000,0.000000
unicode_escaped_keys/missing,960,0,32,0.000027959,1144533,1098751744,0.000000,0.000000
unicode_escaped_keys/array_value,960,0,32,0.000028209,1134390,1089014144,0.000000,0.000000
unicode_escaped_keys/identity_write,960,0,32,0.000050166,637882,612366942,0.000000,0.000000
array/shallow,78,0,32,0.000007625,4196721,327344262,0.000000,0.000000
array/nested,78,0,32,0.000008209,3898161,304056523,0.000000,0.000000
array/flatten,78,0,32,0.000007542,4242906,330946698,0.000000,0.000000
array/missing,78,0,32,0.000007292,4388371,342292924,0.000000,0.000000
array/root,67,0,32,0.000007000,4571429,306285714,0.000000,0.000000
array/cancel_first,78,0,32,0.000007500,4266667,332800000,0.000000,0.000000
array/shallow,540,0,32,0.000052208,612933,330983757,0.000000,0.000000
array/nested,540,0,32,0.000056125,570156,307884187,0.000000,0.000000
array/flatten,540,0,32,0.000057667,554910,299651447,0.000000,0.000000
array/missing,540,0,32,0.000049708,643760,347630160,0.000000,0.000000
array/root,529,0,32,0.000051292,623879,330031974,0.000000,0.000000
array/cancel_first,540,0,32,0.000025791,1240743,670001163,0.000000,0.000000
array/shallow,1074,0,32,0.000105667,302838,325248185,0.000000,0.000000
array/nested,1074,0,32,0.000122625,260958,280269113,0.000000,0.000000
array/flatten,1074,0,32,0.000110959,288395,309736029,0.000000,0.000000
array/missing,1074,0,32,0.000098875,323641,347590392,0.000000,0.000000
array/root,1063,0,32,0.000108417,295157,313751533,0.000000,0.000000
array/cancel_first,1074,0,32,0.000042500,752941,808658824,0.000000,0.000000
array/shallow,8606,0,32,0.000801667,39917,343524181,0.000000,0.000000
array/nested,8606,0,32,0.000928042,34481,296745190,0.000000,0.000000
array/flatten,8606,0,32,0.000888792,36004,309849774,0.000000,0.000000
array/missing,8606,0,32,0.000779208,41067,353425530,0.000000,0.000000
array/root,8595,0,32,0.000800375,39981,343638919,0.000000,0.000000
array/cancel_first,8606,0,32,0.000258167,123951,1066720379,0.000000,0.000000
array/shallow,69558,0,32,0.006412958,4990,347087257,0.000000,0.000000
array/nested,69558,0,32,0.007272916,4400,306047258,0.000000,0.000000
array/flatten,69558,0,32,0.006914916,4628,321891980,0.000000,0.000000
array/missing,69558,0,32,0.006153958,5200,361695026,0.000000,0.000000
array/root,69547,0,32,0.006249125,5121,356130498,0.000000,0.000000
array/cancel_first,69558,0,32,0.001918708,16678,1160080638,0.000000,0.000000
array/shallow,1135782,0,32,0.099645000,321,364745085,0.000000,0.000000
array/nested,1135782,0,32,0.111870458,286,324884913,0.000000,0.000000
array/flatten,1135782,0,32,0.109013166,294,333400316,0.000000,0.000000
array/missing,1135782,0,32,0.096933542,330,374947859,0.000000,0.000000
array/root,1135771,0,32,0.099287500,322,366054861,0.000000,0.000000
array/cancel_first,1135782,0,32,0.030246459,1058,1201629057,0.000000,0.000000
array/nested_contexts,972,0,32,0.000199917,160066,155584568,0.000000,0.000000
array/sparse,785,0,32,0.000142250,224956,176590510,0.000000,0.000000
array/deep,136,0,32,0.000419792,76228,10367039,0.000000,0.000000
array/empty,2,0,32,0.000000584,54794521,109589041,0.000000,0.000000
array/singleton,12,0,32,0.000002375,13473684,161684211,0.000000,0.000000
array/nested_values,31,0,32,0.000006875,4654545,144290909,0.000000,0.000000
compile/scalar,0,0,32,0.000055125,580499,0,65.000000,3604.000000
scalar/literal,100,0,32,0.000002625,12190476,1219047619,0.000000,0.000000
scalar/arithmetic,100,0,32,0.000009416,3398471,339847069,0.000000,0.000000
scalar/nested,100,0,32,0.000010875,2942529,294252874,0.000000,0.000000
scalar/comparison,100,0,32,0.000010000,3200000,320000000,0.000000,0.000000
scalar/strings,100,0,32,0.000007167,4464909,446490861,0.000000,0.000000
scalar/boolean,100,0,32,0.000010833,2953937,295393704,0.000000,0.000000
scalar/missing,100,0,32,0.000010125,3160494,316049383,0.000000,0.000000
scalar/short_circuit,100,0,32,0.000003167,10104200,1010419956,0.000000,0.000000
scalar/mixed,100,0,32,0.000019042,1680496,168049575,0.000000,0.000000
scalar/write,100,0,32,0.000011333,2823612,282361246,0.000000,0.000000
scalar/literal,500,0,32,0.000009667,3310231,1655115341,0.000000,0.000000
scalar/arithmetic,500,0,32,0.000030291,1056419,528209699,0.000000,0.000000
scalar/nested,500,0,32,0.000030708,1042074,521036863,0.000000,0.000000
scalar/comparison,500,0,32,0.000030083,1063724,531861849,0.000000,0.000000
scalar/strings,500,0,32,0.000020417,1567321,783660675,0.000000,0.000000
scalar/boolean,500,0,32,0.000030584,1046299,523149359,0.000000,0.000000
scalar/missing,500,0,32,0.000030334,1054922,527460935,0.000000,0.000000
scalar/short_circuit,500,0,32,0.000009833,3254348,1627173803,0.000000,0.000000
scalar/mixed,500,0,32,0.000051833,617367,308683657,0.000000,0.000000
scalar/write,500,0,32,0.000031333,1021287,510643730,0.000000,0.000000
scalar/literal,1024,0,32,0.000018167,1761436,1803710024,0.000000,0.000000
scalar/arithmetic,1024,0,32,0.000055541,576151,589978574,0.000000,0.000000
scalar/nested,1024,0,32,0.000050667,631575,646732587,0.000000,0.000000
scalar/comparison,1024,0,32,0.000055333,578317,592196339,0.000000,0.000000
scalar/strings,1024,0,32,0.000037458,854290,874793102,0.000000,0.000000
scalar/boolean,1024,0,32,0.000055958,571857,585582044,0.000000,0.000000
scalar/missing,1024,0,32,0.000055458,577013,590861553,0.000000,0.000000
scalar/short_circuit,1024,0,32,0.000018459,1733572,1775177420,0.000000,0.000000
scalar/mixed,1024,0,32,0.000087417,366062,374846998,0.000000,0.000000
scalar/write,1024,0,32,0.000056666,564713,578265627,0.000000,0.000000
scalar/literal,10240,0,32,0.000173417,184526,1889549467,0.000000,0.000000
scalar/arithmetic,10240,0,32,0.000488708,65479,670502631,0.000000,0.000000
scalar/nested,10240,0,32,0.000483375,66201,677900181,0.000000,0.000000
scalar/comparison,10240,0,32,0.000485750,65878,674585692,0.000000,0.000000
scalar/strings,10240,0,32,0.000313916,101938,1043846124,0.000000,0.000000
scalar/boolean,10240,0,32,0.000502791,63645,651722087,0.000000,0.000000
scalar/missing,10240,0,32,0.000482625,66304,678953639,0.000000,0.000000
scalar/short_circuit,10240,0,32,0.000169458,188837,1933694485,0.000000,0.000000
scalar/mixed,10240,0,32,0.000832458,38440,393629468,0.000000,0.000000
scalar/write,10240,0,32,0.000503250,63587,651127670,0.000000,0.000000
scalar/literal,65536,0,32,0.001068000,29963,1963625468,0.000000,0.000000
scalar/arithmetic,65536,0,32,0.003098209,10329,676891714,0.000000,0.000000
scalar/nested,65536,0,32,0.003170625,10093,661431737,0.000000,0.000000
scalar/comparison,65536,0,32,0.003152875,10149,665155453,0.000000,0.000000
scalar/strings,65536,0,32,0.002138916,14961,980474222,0.000000,0.000000
scalar/boolean,65536,0,32,0.003137875,10198,668335099,0.000000,0.000000
scalar/missing,65536,0,32,0.003256417,9827,644005973,0.000000,0.000000
scalar/short_circuit,65536,0,32,0.001069250,29928,1961329904,0.000000,0.000000
scalar/mixed,65536,0,32,0.005245458,6101,399803411,0.000000,0.000000
scalar/write,65536,0,32,0.003162334,10119,663165877,0.000000,0.000000
scalar/literal,1048576,0,32,0.017266833,1853,1943288152,0.000000,0.000000
scalar/arithmetic,1048576,0,32,0.050646042,632,662528219,0.000000,0.000000
scalar/nested,1048576,0,32,0.050184333,638,668623652,0.000000,0.000000
scalar/comparison,1048576,0,32,0.050598083,632,663156191,0.000000,0.000000
scalar/strings,1048576,0,32,0.033917291,943,989301651,0.000000,0.000000
scalar/boolean,1048576,0,32,0.049844583,642,673181116,0.000000,0.000000
scalar/missing,1048576,0,32,0.050605542,632,663058445,0.000000,0.000000
scalar/short_circuit,1048576,0,32,0.017283000,1852,1941470347,0.000000,0.000000
scalar/mixed,1048576,0,32,0.083998500,381,399464657,0.000000,0.000000
scalar/write,1048576,0,32,0.048815792,656,687368383,0.000000,0.000000
scalar/sequence_boolean,330,0,32,0.000055250,579186,191131222,0.000000,0.000000
scalar/sequence_array_equality,330,0,32,0.000079208,404000,133319867,0.000000,0.000000
scalar/sequence_equality,330,0,32,0.000099750,320802,105864662,3.000000,672.000000
scalar/array_equality,330,0,32,0.000116208,275368,90871541,16.000000,3264.000000
scalar/singleton,15,0,32,0.000004084,7835455,117531832,0.000000,0.000000
scalar/sequence_type_error,330,0,32,0.000034208,935454,308699719,0.000000,0.000000
scalar/object_equality,125,0,32,0.000044959,711760,88969950,3.000000,1396.000000
scalar/object_equality,2389,0,32,0.000722708,44278,105779928,7.000000,24948.000000
scalar/escaped_strings,26,0,32,0.000003000,10666667,277333333,0.000000,0.000000
compile/filter,0,0,32,0.000032834,974600,0,34.000000,2069.000000
filter/predicate,100,0,32,0.000014958,2139323,213932344,0.000000,0.000000
filter/none,100,0,32,0.000013500,2370370,237037037,0.000000,0.000000
filter/first,100,0,32,0.000010500,3047619,304761905,0.000000,0.000000
filter/last,100,0,32,0.000012041,2657587,265758658,0.000000,0.000000
filter/computed_last,100,0,32,0.000013542,2363019,236301876,0.000000,0.000000
filter/chained,100,0,32,0.000019875,1610063,161006289,0.000000,0.000000
filter/predicate,500,0,32,0.000028250,1132743,566371681,0.000000,0.000000
filter/none,500,0,32,0.000026791,1194431,597215483,0.000000,0.000000
filter/first,500,0,32,0.000023875,1340314,670157068,0.000000,0.000000
filter/last,500,0,32,0.000025500,1254902,627450980,0.000000,0.000000
filter/computed_last,500,0,32,0.000026875,1190698,595348837,0.000000,0.000000
filter/chained,500,0,32,0.000033416,957625,478812545,0.000000,0.000000
filter/predicate,1024,0,32,0.000045459,703931,720825359,0.000000,0.000000
filter/none,1024,0,32,0.000043958,727968,745438828,0.000000,0.000000
filter/first,1024,0,32,0.000037208,860030,880670823,0.000000,0.000000
filter/last,1024,0,32,0.000042708,749274,767256720,0.000000,0.000000
filter/computed_last,1024,0,32,0.000044125,725212,742617564,0.000000,0.000000
filter/chained,1024,0,32,0.000050459,634178,649398522,0.000000,0.000000
filter/predicate,10240,0,32,0.000340333,94026,962821707,0.000000,0.000000
filter/none,10240,0,32,0.000338875,94430,966964220,0.000000,0.000000
filter/first,10240,0,32,0.000332375,96277,985874389,0.000000,0.000000
filter/last,10240,0,32,0.000330250,96896,992218017,0.000000,0.000000
filter/computed_last,10240,0,32,0.000338459,94546,968152716,0.000000,0.000000
filter/chained,10240,0,32,0.000342500,93431,956729927,0.000000,0.000000
filter/predicate,65536,0,32,0.002055250,15570,1020387787,0.000000,0.000000
filter/none,65536,0,32,0.002044292,15653,1025857363,0.000000,0.000000
filter/first,65536,0,32,0.002100709,15233,998306762,0.000000,0.000000
filter/last,65536,0,32,0.001932959,16555,1084943861,0.000000,0.000000
filter/computed_last,65536,0,32,0.002099083,15245,999080074,0.000000,0.000000
filter/chained,65536,0,32,0.002094417,15279,1001305853,0.000000,0.000000
filter/predicate,1048576,0,32,0.033938458,943,988684636,0.000000,0.000000
filter/none,1048576,0,32,0.033655667,951,996992037,0.000000,0.000000
filter/first,1048576,0,32,0.033918833,943,989256676,0.000000,0.000000
filter/last,1048576,0,32,0.032986917,970,1017204245,0.000000,0.000000
filter/computed_last,1048576,0,32,0.033867125,945,990767064,0.000000,0.000000
filter/chained,1048576,0,32,0.033912875,944,989430474,0.000000,0.000000
filter/wide_predicate,164,0,32,0.000049041,652515,107012500,0.000000,0.000000
filter/wide_last,164,0,32,0.000027083,1181553,193774693,0.000000,0.000000
filter/sequence_last,164,0,32,0.000051750,618357,101410628,0.000000,0.000000
filter/wide_predicate,2736,0,32,0.000804042,39799,108889834,0.000000,0.000000
filter/wide_last,2736,0,32,0.000373417,85695,234461741,0.000000,0.000000
filter/sequence_last,2736,0,32,0.000692000,46243,126520231,0.000000,0.000000
filter/wide_predicate,23392,0,32,0.006464459,4950,115793758,0.000000,0.000000
filter/wide_last,23392,0,32,0.002978291,10744,251333399,0.000000,0.000000
filter/sequence_last,23392,0,32,0.005589833,5725,133911693,0.000000,0.000000
filter/nested,892,0,32,0.000417167,76708,68423437,0.000000,0.000000
filter/per_group,892,0,32,0.000293708,108952,97184959,0.000000,0.000000
filter/global,892,0,32,0.000204541,156448,139551484,0.000000,0.000000
filter/deep,136,0,32,0.000413416,77404,10526927,0.000000,0.000000
filter/negative_chain,20,0,32,0.000238958,133915,2678295,0.000000,0.000000
compile/aggregate,0,0,32,0.000040959,781269,0,44.000000,2886.000000
aggregate/count,100,0,32,0.000010042,3186616,318661621,0.000000,0.000000
aggregate/sum,100,0,32,0.000008750,3657143,365714286,0.000000,0.000000
aggregate/min,100,0,32,0.000008708,3674782,367478181,0.000000,0.000000
aggregate/max,100,0,32,0.000008792,3639672,363967243,0.000000,0.000000
aggregate/filtered_count,100,0,32,0.000009500,3368421,336842105,0.000000,0.000000
aggregate/filtered_sum,100,0,32,0.000009417,3398110,339810980,0.000000,0.000000
aggregate/empty_sum,100,0,32,0.000009291,3444193,344419331,0.000000,0.000000
aggregate/count,500,0,32,0.000021750,1471264,735632184,0.000000,0.000000
aggregate/sum,500,0,32,0.000022167,1443587,721793657,0.000000,0.000000
aggregate/min,500,0,32,0.000022209,1440857,720428655,0.000000,0.000000
aggregate/max,500,0,32,0.000022125,1446328,723163842,0.000000,0.000000
aggregate/filtered_count,500,0,32,0.000022458,1424882,712441001,0.000000,0.000000
aggregate/filtered_sum,500,0,32,0.000022458,1424882,712441001,0.000000,0.000000
aggregate/empty_sum,500,0,32,0.000020542,1557784,778892026,0.000000,0.000000
aggregate/count,1024,0,32,0.000038583,829381,849285955,0.000000,0.000000
aggregate/sum,1024,0,32,0.000038917,822263,841997071,0.000000,0.000000
aggregate/min,1024,0,32,0.000038958,821397,841110940,0.000000,0.000000
aggregate/max,1024,0,32,0.000035250,907801,929588652,0.000000,0.000000
aggregate/filtered_count,1024,0,32,0.000040125,797508,816647975,0.000000,0.000000
aggregate/filtered_sum,1024,0,32,0.000039583,808428,827830129,0.000000,0.000000
aggregate/empty_sum,1024,0,32,0.000039542,809266,828688483,0.000000,0.000000
aggregate/count,10240,0,32,0.000323917,98791,1011617174,0.000000,0.000000
aggregate/sum,10240,0,32,0.000324708,98550,1009152839,0.000000,0.000000
aggregate/min,10240,0,32,0.000323042,99058,1014357266,0.000000,0.000000
aggregate/max,10240,0,32,0.000321500,99533,1019222395,0.000000,0.000000
aggregate/filtered_count,10240,0,32,0.000326125,98122,1004768110,0.000000,0.000000
aggregate/filtered_sum,10240,0,32,0.000322375,99263,1016455991,0.000000,0.000000
aggregate/empty_sum,10240,0,32,0.000319625,100117,1025201408,0.000000,0.000000
aggregate/count,65536,0,32,0.002090167,15310,1003341838,0.000000,0.000000
aggregate/sum,65536,0,32,0.002084041,15355,1006291143,0.000000,0.000000
aggregate/min,65536,0,32,0.002114875,15131,991619836,0.000000,0.000000
aggregate/max,65536,0,32,0.002086292,15338,1005205407,0.000000,0.000000
aggregate/filtered_count,65536,0,32,0.002118250,15107,990039891,0.000000,0.000000
aggregate/filtered_sum,65536,0,32,0.002099875,15239,998703256,0.000000,0.000000
aggregate/empty_sum,65536,0,32,0.002089583,15314,1003622254,0.000000,0.000000
aggregate/count,1048576,0,32,0.033320708,960,1007014377,0.000000,0.000000
aggregate/sum,1048576,0,32,0.033918458,943,989267614,0.000000,0.000000
aggregate/min,1048576,0,32,0.033885541,944,990228605,0.000000,0.000000
aggregate/max,1048576,0,32,0.033915375,944,989357541,0.000000,0.000000
aggregate/filtered_count,1048576,0,32,0.033918125,943,989277326,0.000000,0.000000
aggregate/filtered_sum,1048576,0,32,0.033915208,944,989362412,0.000000,0.000000
aggregate/empty_sum,1048576,0,32,0.033490208,956,1001917695,0.000000,0.000000
aggregate/array_count,23,0,32,0.000005750,5565217,128000000,0.000000,0.000000
aggregate/array_sum,23,0,32,0.000007042,4544164,104515763,0.000000,0.000000
aggregate/array_min,23,0,32,0.000007125,4491228,103298246,0.000000,0.000000
aggregate/array_max,23,0,32,0.000007125,4491228,103298246,0.000000,0.000000
aggregate/sequence_sum,23,0,32,0.000013125,2438095,56076190,0.000000,0.000000
aggregate/computed_sum,23,0,32,0.000013083,2445922,56256210,0.000000,0.000000
aggregate/wide_filtered_sum,23,0,32,0.000022625,1414365,32530387,0.000000,0.000000
aggregate/array_count,409,0,32,0.000062417,512681,209686464,0.000000,0.000000
aggregate/array_sum,409,0,32,0.000089292,358375,146575281,0.000000,0.000000
aggregate/array_min,409,0,32,0.000104333,306710,125444490,0.000000,0.000000
aggregate/array_max,409,0,32,0.000096292,332323,135919910,0.000000,0.000000
aggregate/sequence_sum,409,0,32,0.000163208,196069,80192147,0.000000,0.000000
aggregate/computed_sum,409,0,32,0.000182333,175503,71780753,0.000000,0.000000
aggregate/wide_filtered_sum,409,0,32,0.000356875,89667,36673905,0.000000,0.000000
aggregate/array_count,4017,0,32,0.000540583,59195,237787722,0.000000,0.000000
aggregate/array_sum,4017,0,32,0.000694042,46107,185210693,0.000000,0.000000
aggregate/array_min,4017,0,32,0.000736959,43422,174424900,0.000000,0.000000
aggregate/array_max,4017,0,32,0.000762000,41995,168692913,0.000000,0.000000
aggregate/sequence_sum,4017,0,32,0.001279833,25003,100438104,0.000000,0.000000
aggregate/computed_sum,4017,0,32,0.001444000,22161,89019391,0.000000,0.000000
aggregate/wide_filtered_sum,4017,0,32,0.002872167,11141,44755058,0.000000,0.000000
aggregate/array_count,87201,0,32,0.009129000,3505,305666776,0.000000,0.000000
aggregate/array_sum,87201,0,32,0.012650209,2530,220583865,0.000000,0.000000
aggregate/array_min,87201,0,32,0.012419334,2577,224684512,0.000000,0.000000
aggregate/array_max,87201,0,32,0.012643584,2531,220699447,0.000000,0.000000
aggregate/sequence_sum,87201,0,32,0.021059042,1520,132505173,0.000000,0.000000
aggregate/computed_sum,87201,0,32,0.024411292,1311,114309066,0.000000,0.000000
aggregate/wide_filtered_sum,87201,0,32,0.050365208,635,55403961,0.000000,0.000000
aggregate/nested_sum,1036,0,32,0.000247541,129272,133925289,0.000000,0.000000
aggregate/nested_filtered_sum,1036,0,32,0.000471750,67833,70274510,0.000000,0.000000
aggregate/nested_filtered_count,1036,0,32,0.000466708,68565,71033708,0.000000,0.000000
aggregate/nested_sum,16396,0,32,0.003827917,8360,137064623,0.000000,0.000000
aggregate/nested_filtered_sum,16396,0,32,0.007398250,4325,70918393,0.000000,0.000000
aggregate/nested_filtered_count,16396,0,32,0.007277833,4397,72091789,0.000000,0.000000
aggregate/nested_sum,1048588,0,32,0.244869417,131,137031469,0.000000,0.000000
aggregate/nested_filtered_sum,1048588,0,32,0.471284667,68,71198616,0.000000,0.000000
aggregate/nested_filtered_count,1048588,0,32,0.463164541,69,72446859,0.000000,0.000000
aggregate/deep_sum,136,0,32,0.000423584,75546,10274231,0.000000,0.000000
aggregate/deep_filtered_sum,136,0,32,0.000411083,77843,10586670,0.000000,0.000000
compile/constructor,0,0,32,0.000087667,365018,0,80.000000,6054.000000
construct/raw_member,100,0,32,0.000005666,5647723,564772326,3.000000,168.000000
construct/raw_member_write,100,0,32,0.000008000,4000000,400000000,3.000000,168.000000
construct/scalars,100,0,32,0.000016167,1979341,197934063,3.000000,552.000000
construct/filtered_summary,100,0,32,0.000030792,1039231,103923097,5.000000,368.000000
construct/nested,100,0,32,0.000048625,658098,65809769,15.000000,1352.000000
construct/navigate,100,0,32,0.000016792,1905669,190566937,3.000000,168.000000
construct/raw_member,500,0,32,0.000012500,2560000,1280000000,3.000000,168.000000
construct/raw_member_write,500,0,32,0.000024125,1326425,663212435,3.000000,168.000000
construct/scalars,500,0,32,0.000036500,876712,438356164,3.000000,552.000000
construct/filtered_summary,500,0,32,0.000051459,621854,310927146,5.000000,368.000000
construct/nested,500,0,32,0.000075792,422208,211104074,15.000000,1352.000000
construct/navigate,500,0,32,0.000030084,1063688,531844170,3.000000,168.000000
construct/raw_member,1024,0,32,0.000021125,1514793,1551147929,3.000000,168.000000
construct/raw_member_write,1024,0,32,0.000044333,721810,739133377,3.000000,168.000000
construct/scalars,1024,0,32,0.000061708,518571,531017048,3.000000,552.000000
construct/filtered_summary,1024,0,32,0.000098209,325836,333655775,5.000000,368.000000
construct/nested,1024,0,32,0.000098667,324323,332106986,15.000000,1352.000000
construct/navigate,1024,0,32,0.000042666,750012,768012000,3.000000,168.000000
construct/raw_member,10240,0,32,0.000156250,204800,2097152000,3.000000,168.000000
construct/raw_member_write,10240,0,32,0.000376084,85087,871294711,3.000000,168.000000
construct/scalars,10240,0,32,0.000462833,69139,707987546,3.000000,552.000000
construct/filtered_summary,10240,0,32,0.000523375,61142,626090279,5.000000,368.000000
construct/nested,10240,0,32,0.000680041,47056,481853300,15.000000,1352.000000
construct/navigate,10240,0,32,0.000345833,92530,947509347,3.000000,168.000000
construct/raw_member,65536,0,32,0.001059208,30211,1979924623,3.000000,168.000000
construct/raw_member_write,65536,0,32,0.002561958,12490,818573919,3.000000,168.000000
construct/scalars,65536,0,32,0.003190708,10029,657268544,3.000000,552.000000
construct/filtered_summary,65536,0,32,0.003181583,10058,659153635,5.000000,368.000000
construct/nested,65536,0,32,0.004266125,7501,491582408,15.000000,1352.000000
construct/navigate,65536,0,32,0.002127792,15039,985600096,3.000000,168.000000
construct/raw_member,1048576,0,32,0.017263209,1854,1943696100,3.000000,168.000000
construct/raw_member_write,1048576,0,32,0.041034167,780,817719341,3.000000,168.000000
construct/scalars,1048576,0,32,0.050909208,629,659103398,3.000000,552.000000
construct/filtered_summary,1048576,0,32,0.050009208,640,670965075,5.000000,368.000000
construct/nested,1048576,0,32,0.067387292,475,497934121,15.000000,1352.000000
construct/navigate,1048576,0,32,0.033964708,942,987920520,3.000000,168.000000
construct/mapped_objects,262,0,32,0.000075500,423841,111046358,12.000000,1184.000000
construct/collected_objects,262,0,32,0.000078750,406349,106463492,15.000000,1352.000000
construct/collected_write,262,0,32,0.000085042,376285,98586581,15.000000,1352.000000
construct/filtered_aggregate,262,0,32,0.000084666,377956,99024402,3.000000,296.000000
construct/mapped_objects,4334,0,32,0.001139750,28076,121682825,192.000000,18944.000000
construct/collected_objects,4334,0,32,0.001138625,28104,121803052,199.000000,21992.000000
construct/collected_write,4334,0,32,0.001241375,25778,111721277,199.000000,21992.000000
construct/filtered_aggregate,4334,0,32,0.001163542,27502,119194666,3.000000,296.000000
construct/mapped_objects,36190,0,32,0.008822334,3627,131266851,1536.000000,151552.000000
construct/collected_objects,36190,0,32,0.008875250,3606,130484212,1546.000000,176104.000000
construct/collected_write,36190,0,32,0.009683791,3304,119589529,1546.000000,176104.000000
construct/filtered_aggregate,36190,0,32,0.009370458,3415,123588409,3.000000,296.000000
construct/mapped_objects,624958,0,32,0.142248042,225,140590027,24576.000000,2424832.000000
construct/collected_objects,624958,0,32,0.143099500,224,139753500,24590.000000,2818024.000000
construct/collected_write,624958,0,32,0.157644667,203,126859071,24590.000000,2818024.000000
construct/filtered_aggregate,624958,0,32,0.154297541,207,129610983,3.000000,296.000000
construct/nested_summary,1036,0,32,0.000842500,37982,39349555,3.000000,296.000000
construct/nested_summary,16396,0,32,0.013208000,2423,39723804,3.000000,296.000000
construct/nested_summary,1048588,0,32,0.833540750,38,40255760,3.000000,296.000000
compile/lexical,0,0,32,0.000045916,696925,0,40.000000,2912.000000
lexical/lookup,100,0,32,0.000011917,2685240,268523957,5.000000,504.000000
lexical/repeated_binding,100,0,32,0.000014042,2278878,227887765,5.000000,504.000000
lexical/retained_sequence,100,0,32,0.000018458,1733666,173366562,7.000000,648.000000
lexical/closure_call,100,0,32,0.000022042,1451774,145177389,8.000000,768.000000
lexical/escaped_closure,100,0,32,0.000024709,1295075,129507467,11.000000,1032.000000
lexical/mixed,100,0,32,0.000042084,760384,76038399,14.000000,1480.000000
lexical/lookup,500,0,32,0.000024916,1284315,642157650,5.000000,504.000000
lexical/repeated_binding,500,0,32,0.000027875,1147982,573991031,5.000000,504.000000
lexical/retained_sequence,500,0,32,0.000032375,988417,494208494,7.000000,648.000000
lexical/closure_call,500,0,32,0.000041791,765715,382857553,8.000000,768.000000
lexical/escaped_closure,500,0,32,0.000044792,714413,357206644,11.000000,1032.000000
lexical/mixed,500,0,32,0.000062791,509627,254813588,14.000000,1480.000000
lexical/lookup,1024,0,32,0.000042417,754415,772520452,5.000000,504.000000
lexical/repeated_binding,1024,0,32,0.000057666,554920,568237783,5.000000,504.000000
lexical/retained_sequence,1024,0,32,0.000049542,645917,661418594,7.000000,648.000000
lexical/closure_call,1024,0,32,0.000068042,470298,481584903,8.000000,768.000000
lexical/escaped_closure,1024,0,32,0.000070250,455516,466448399,11.000000,1032.000000
lexical/mixed,1024,0,32,0.000087791,364502,373250105,14.000000,1480.000000
lexical/lookup,10240,0,32,0.000339125,94360,966251382,5.000000,504.000000
lexical/repeated_binding,10240,0,32,0.000342375,93465,957079226,5.000000,504.000000
lexical/retained_sequence,10240,0,32,0.000346000,92486,947052023,7.000000,648.000000
lexical/closure_call,10240,0,32,0.000510708,62658,641619086,8.000000,768.000000
lexical/escaped_closure,10240,0,32,0.000514250,62227,637199806,11.000000,1032.000000
lexical/mixed,10240,0,32,0.000530916,60273,617197447,14.000000,1480.000000
lexical/lookup,65536,0,32,0.002150167,14883,975343776,5.000000,504.000000
lexical/repeated_binding,65536,0,32,0.002140125,14952,979920332,5.000000,504.000000
lexical/retained_sequence,65536,0,32,0.002132000,15009,983654784,7.000000,648.000000
lexical/closure_call,65536,0,32,0.003476125,9206,603301665,8.000000,768.000000
lexical/escaped_closure,65536,0,32,0.003546458,9023,591337047,11.000000,1032.000000
lexical/mixed,65536,0,32,0.003537042,9047,592911252,14.000000,1480.000000
lexical/lookup,1048576,0,32,0.033982875,942,987392385,5.000000,504.000000
lexical/repeated_binding,1048576,0,32,0.033986333,942,987291921,5.000000,504.000000
lexical/retained_sequence,1048576,0,32,0.033902084,944,989745409,7.000000,648.000000
lexical/closure_call,1048576,0,32,0.050401375,635,665744377,8.000000,768.000000
lexical/escaped_closure,1048576,0,32,0.050732208,631,661402949,11.000000,1032.000000
lexical/mixed,1048576,0,32,0.050748542,631,661190069,14.000000,1480.000000
lexical/mapped_calls,106,0,32,0.000067208,476134,50470182,25.000000,2392.000000
lexical/repeated_projection,106,0,32,0.000033250,962406,102015038,8.000000,840.000000
lexical/mapped_calls,1692,0,32,0.000770000,41558,70316883,269.000000,30232.000000
lexical/repeated_projection,1692,0,32,0.000349083,91669,155103514,12.000000,6600.000000
lexical/mapped_calls,14260,0,32,0.005754584,5561,79296783,2064.000000,238104.000000
lexical/repeated_projection,14260,0,32,0.002859167,11192,159598932,15.000000,49608.000000
lexical/mapped_calls,251044,0,32,0.090657833,353,88612398,32788.000000,3801624.000000
lexical/repeated_projection,251044,0,32,0.042871459,746,187383592,19.000000,786888.000000
lexical/nested_retention,1036,0,32,0.000468083,68364,70825046,10.000000,1992.000000
lexical/nested_retention,16396,0,32,0.007093333,4511,73966921,14.000000,25032.000000
lexical/nested_retention,1048588,0,32,0.450264500,71,74522455,20.000000,1573320.000000
compile/nested_fallback,0,0,32,0.000111708,286461,0,113.000000,7921.000000
compile/navigation,0,0,32,0.000062167,514743,0,55.000000,4551.000000
navigation/keep,100,0,32,0.000017333,1846189,184618935,2.000000,144.000000
navigation/wildcard,100,0,32,0.000029834,1072602,107260173,8.000000,1072.000000
navigation/descendants,100,0,32,0.000041417,772630,77262960,8.000000,1072.000000
navigation/ordering,100,0,32,0.000021208,1508865,150886458,6.000000,320.000000
navigation/grouping,100,0,32,0.000027000,1185185,118518519,11.000000,824.000000
navigation/membership,100,0,32,0.000019083,1676885,167688519,2.000000,32.000000
navigation/fallback,100,0,32,0.000010416,3072197,307219662,0.000000,0.000000
navigation/mixed,100,0,32,0.000029917,1069626,106962597,11.000000,968.000000
navigation/keep,500,0,32,0.000030416,1052078,526038927,2.000000,144.000000
navigation/wildcard,500,0,32,0.000043708,732131,366065709,8.000000,1072.000000
navigation/descendants,500,0,32,0.000068292,468576,234288057,8.000000,1072.000000
navigation/ordering,500,0,32,0.000034750,920863,460431655,6.000000,320.000000
navigation/grouping,500,0,32,0.000040500,790123,395061728,11.000000,824.000000
navigation/membership,500,0,32,0.000032917,972142,486071027,2.000000,32.000000
navigation/fallback,500,0,32,0.000030041,1065211,532605439,0.000000,0.000000
navigation/mixed,500,0,32,0.000044125,725212,362606232,11.000000,968.000000
navigation/keep,1024,0,32,0.000047500,673684,689852632,2.000000,144.000000
navigation/wildcard,1024,0,32,0.000061958,516479,528874399,8.000000,1072.000000
navigation/descendants,1024,0,32,0.000102250,312958,320469438,8.000000,1072.000000
navigation/ordering,1024,0,32,0.000051750,618357,633198068,6.000000,320.000000
navigation/grouping,1024,0,32,0.000057417,557326,570702057,11.000000,824.000000
navigation/membership,1024,0,32,0.000050041,639476,654823045,2.000000,32.000000
navigation/fallback,1024,0,32,0.000055458,577013,590861553,0.000000,0.000000
navigation/mixed,1024,0,32,0.000060792,526385,539018292,11.000000,968.000000
navigation/keep,10240,0,32,0.000345041,92743,949684240,2.000000,144.000000
navigation/wildcard,10240,0,32,0.000357500,89510,916587413,8.000000,1072.000000
navigation/descendants,10240,0,32,0.000705416,45363,464520226,8.000000,1072.000000
navigation/ordering,10240,0,32,0.000356792,89688,918406242,6.000000,320.000000
navigation/grouping,10240,0,32,0.000355417,90035,921959276,11.000000,824.000000
navigation/membership,10240,0,32,0.000346958,92230,944437079,2.000000,32.000000
navigation/fallback,10240,0,32,0.000491792,65068,666297947,0.000000,0.000000
navigation/mixed,10240,0,32,0.000358084,89365,915092548,11.000000,968.000000
navigation/keep,65536,0,32,0.002152834,14864,974135488,2.000000,144.000000
navigation/wildcard,65536,0,32,0.002146750,14906,976896239,8.000000,1072.000000
navigation/descendants,65536,0,32,0.004235041,7556,495190483,8.000000,1072.000000
navigation/ordering,65536,0,32,0.002136208,14980,981717136,6.000000,320.000000
navigation/grouping,65536,0,32,0.002152084,14869,974474974,11.000000,824.000000
navigation/membership,65536,0,32,0.002130000,15023,984578404,2.000000,32.000000
navigation/fallback,65536,0,32,0.003176333,10075,660243117,0.000000,0.000000
navigation/mixed,65536,0,32,0.002177583,14695,963064094,11.000000,968.000000
navigation/keep,1048576,0,32,0.033391542,958,1004878181,2.000000,144.000000
navigation/wildcard,1048576,0,32,0.034001250,941,986858777,8.000000,1072.000000
navigation/descendants,1048576,0,32,0.066989333,478,500892164,8.000000,1072.000000
navigation/ordering,1048576,0,32,0.033303666,961,1007529682,6.000000,320.000000
navigation/grouping,1048576,0,32,0.033985125,942,987327014,11.000000,824.000000
navigation/membership,1048576,0,32,0.033937791,943,988704067,2.000000,32.000000
navigation/fallback,1048576,0,32,0.050594375,632,663204793,0.000000,0.000000
navigation/mixed,1048576,0,32,0.033624542,952,997914916,11.000000,968.000000
navigation/wide_sort,250,0,32,0.000089167,358877,89719291,7.000000,752.000000
navigation/wide_group,250,0,32,0.000067417,474658,118664432,10.000000,1016.000000
navigation/wide_descendants,250,0,32,0.000121125,264190,66047472,20.000000,2680.000000
navigation/range,250,0,32,0.000030584,1046299,261574680,4.000000,360.000000
navigation/wide_sort,4144,0,32,0.002307792,13866,57460984,11.000000,11312.000000
navigation/wide_group,4144,0,32,0.000925000,34595,143360000,18.000000,9656.000000
navigation/wide_descendants,4144,0,32,0.001812250,17658,73173127,260.000000,34840.000000
navigation/range,4144,0,32,0.000411917,77686,321928932,8.000000,6120.000000
navigation/wide_sort,34657,0,32,0.024200042,1322,45827358,14.000000,90160.000000
navigation/wide_group,34657,0,32,0.007082792,4518,156580061,24.000000,74168.000000
navigation/wide_descendants,34657,0,32,0.013973875,2290,79364099,2052.000000,274968.000000
navigation/range,34657,0,32,0.003303166,9688,335745766,11.000000,49128.000000
navigation/wide_sort,600386,0,32,0.525434500,61,36564695,18.000000,1441840.000000
navigation/wide_group,600386,0,32,0.115098000,278,166921684,32.000000,1180088.000000
navigation/wide_descendants,600386,0,32,0.226690417,141,84751496,32772.000000,4391448.000000
navigation/range,600386,0,32,0.051990959,615,369532557,15.000000,786408.000000
navigation/distinct_groups,194,0,32,0.000057750,554113,107497835,5.000000,1464.000000
navigation/distinct_groups,3246,0,32,0.002891917,11065,35918043,10.000000,36664.000000
navigation/distinct_groups,27486,0,32,0.139915292,229,6286318,13.000000,294712.000000
navigation/deep_descendants,24,0,32,0.000025292,1265222,30365333,4.000000,536.000000
navigation/deep_descendants,72,0,32,0.000170334,187866,13526366,4.000000,536.000000
navigation/deep_descendants,136,0,32,0.000826625,38712,5264781,4.000000,536.000000
compiler/lookup_8_hit,501,0,32,0.000012625,2534653,1269861386,0.000000,0.000000
rust/lookup_8_hit,501,0,32,0.000009958,3213497,1609961840,0.000000,0.000000
compiler/lookup_8_miss,501,0,32,0.000010000,3200000,1603200000,0.000000,0.000000
rust/lookup_8_miss,501,0,32,0.000009584,3338898,1672787980,0.000000,0.000000
compiler/varying_lookup_8,501,0,32,0.000012875,2485437,1245203883,0.000000,0.000000
rust/varying_lookup_8,501,0,32,0.000009833,3254348,1630428150,0.000000,0.000000
compiler/bound_lookup_8,16,0,32,0.000010459,3059566,48953055,6.000000,520.000000
compile/lookup_8,0,0,32,0.000105125,304400,0,60.000000,5769.000000
compiler/lookup_128_hit,501,0,32,0.000014500,2206897,1105655172,0.000000,0.000000
rust/lookup_128_hit,501,0,32,0.000009750,3282051,1644307692,0.000000,0.000000
compiler/lookup_128_miss,501,0,32,0.000010416,3072197,1539170507,0.000000,0.000000
rust/lookup_128_miss,501,0,32,0.000009584,3338898,1672787980,0.000000,0.000000
compiler/varying_lookup_128,501,0,32,0.000016000,2000000,1002000000,0.000000,0.000000
rust/varying_lookup_128,501,0,32,0.000009791,3268308,1637422122,0.000000,0.000000
compiler/bound_lookup_128,16,0,32,0.000013334,2399880,38398080,6.000000,520.000000
compile/lookup_128,0,0,32,0.005469250,5851,0,669.000000,99649.000000
compiler/lookup_1024_hit,501,0,32,0.000015708,2037179,1020626432,0.000000,0.000000
rust/lookup_1024_hit,501,0,32,0.000009750,3282051,1644307692,0.000000,0.000000
compiler/lookup_1024_miss,501,0,32,0.000010750,2976744,1491348837,0.000000,0.000000
rust/lookup_1024_miss,501,0,32,0.000009584,3338898,1672787980,0.000000,0.000000
compiler/varying_lookup_1024,501,0,32,0.000017875,1790210,896895105,0.000000,0.000000
rust/varying_lookup_1024,501,0,32,0.000010125,3160494,1583407407,0.000000,0.000000
compiler/bound_lookup_1024,16,0,32,0.000014625,2188034,35008547,6.000000,520.000000
compile/lookup_1024,0,0,32,0.214966500,149,0,5156.000000,804033.000000
compiler/lookup_4096_hit,501,0,32,0.000017334,1846083,924887504,0.000000,0.000000
rust/lookup_4096_hit,501,0,32,0.000009917,3226782,1616617929,0.000000,0.000000
compiler/lookup_4096_miss,501,0,32,0.000011083,2887305,1446539746,0.000000,0.000000
rust/lookup_4096_miss,501,0,32,0.000009709,3295911,1651251416,0.000000,0.000000
compiler/varying_lookup_4096,501,0,32,0.000018292,1749399,876448721,0.000000,0.000000
rust/varying_lookup_4096,501,0,32,0.000014292,2239015,1121746432,0.000000,0.000000
compiler/bound_lookup_4096,16,0,32,0.000015042,2127377,34038027,6.000000,520.000000
compile/lookup_4096,0,0,32,2.979389708,11,0,20520.000000,3215553.000000
compiler/constant_scalar,100,0,32,0.000003000,10666667,1066666667,0.000000,0.000000
compiler/repeated_fields,100,0,32,0.000008417,3801830,380182963,0.000000,0.000000
compiler/dynamic_leaves,100,0,32,0.000008834,3622368,362236812,3.000000,152.000000
compiler/filtered_sum,100,0,32,0.000010041,3186934,318693357,0.000000,0.000000
compiler/invariant_aggregate,100,0,32,0.000006792,4711425,471142521,0.000000,0.000000
compiler/builtin_reference,100,0,32,0.000002958,10818120,1081812035,0.000000,0.000000
compiler/static_array,100,0,32,0.000003292,9720535,972053463,1.000000,16.000000
compiler/constant_membership,100,0,32,0.000010667,2999906,299990625,1.000000,16.000000
compiler/lookup_record,100,0,32,0.000006959,4598362,459836183,0.000000,0.000000
rust/repeated_fields,100,0,32,0.000003958,8084891,808489136,0.000000,0.000000
compiler/constant_scalar,500,0,32,0.000009792,3267974,1633986928,0.000000,0.000000
compiler/repeated_fields,500,0,32,0.000021958,1457328,728663813,0.000000,0.000000
compiler/dynamic_leaves,500,0,32,0.000022417,1427488,713744034,3.000000,152.000000
compiler/filtered_sum,500,0,32,0.000023459,1364082,682041008,0.000000,0.000000
compiler/invariant_aggregate,500,0,32,0.000020458,1564180,782090136,0.000000,0.000000
compiler/builtin_reference,500,0,32,0.000014416,2219756,1109877913,0.000000,0.000000
compiler/static_array,500,0,32,0.000010125,3160494,1580246914,1.000000,16.000000
compiler/constant_membership,500,0,32,0.000024167,1324120,662059834,1.000000,16.000000
compiler/lookup_record,500,0,32,0.000013792,2320186,1160092807,0.000000,0.000000
rust/repeated_fields,500,0,32,0.000010708,2988420,1494209936,0.000000,0.000000
compiler/constant_scalar,1024,0,32,0.000018333,1745486,1787377952,0.000000,0.000000
compiler/repeated_fields,1024,0,32,0.000039041,819651,839322763,0.000000,0.000000
compiler/dynamic_leaves,1024,0,32,0.000039584,808407,827809216,3.000000,152.000000
compiler/filtered_sum,1024,0,32,0.000040709,786067,804932570,0.000000,0.000000
compiler/invariant_aggregate,1024,0,32,0.000037375,856187,876735786,0.000000,0.000000
compiler/builtin_reference,1024,0,32,0.000018334,1745391,1787280463,0.000000,0.000000
compiler/static_array,1024,0,32,0.000018792,1702852,1743720732,1.000000,16.000000
compiler/constant_membership,1024,0,32,0.000041250,775758,794375758,1.000000,16.000000
compiler/lookup_record,1024,0,32,0.000022375,1430168,1464491620,0.000000,0.000000
rust/repeated_fields,1024,0,32,0.000019250,1662338,1702233766,0.000000,0.000000
compiler/constant_scalar,10240,0,32,0.000169375,188930,1934642066,0.000000,0.000000
compiler/repeated_fields,10240,0,32,0.000336083,95215,974997248,0.000000,0.000000
compiler/dynamic_leaves,10240,0,32,0.000336583,95073,973548872,3.000000,152.000000
compiler/filtered_sum,10240,0,32,0.000338208,94616,968871227,0.000000,0.000000
compiler/invariant_aggregate,10240,0,32,0.000345625,92586,948079566,0.000000,0.000000
compiler/builtin_reference,10240,0,32,0.000177458,180324,1846521430,0.000000,0.000000
compiler/static_array,10240,0,32,0.000172500,185507,1899594203,1.000000,16.000000
compiler/constant_membership,10240,0,32,0.000338167,94628,968988695,1.000000,16.000000
compiler/lookup_record,10240,0,32,0.000173667,184261,1886829392,0.000000,0.000000
rust/repeated_fields,10240,0,32,0.000170334,187866,1923749809,0.000000,0.000000
compiler/constant_scalar,1048576,0,32,0.017374792,1842,1931213450,0.000000,0.000000
compiler/repeated_fields,1048576,0,32,0.033951000,943,988319401,0.000000,0.000000
compiler/dynamic_leaves,1048576,0,32,0.033990875,941,987159995,3.000000,152.000000
compiler/filtered_sum,1048576,0,32,0.033941792,943,988587521,0.000000,0.000000
compiler/invariant_aggregate,1048576,0,32,0.033698042,950,995738328,0.000000,0.000000
compiler/builtin_reference,1048576,0,32,0.017255375,1854,1944578544,0.000000,0.000000
compiler/static_array,1048576,0,32,0.017253500,1855,1944789869,1.000000,16.000000
compiler/constant_membership,1048576,0,32,0.033959333,942,988076886,1.000000,16.000000
compiler/lookup_record,1048576,0,32,0.017238000,1856,1946538578,0.000000,0.000000
rust/repeated_fields,1048576,0,32,0.017243208,1856,1945950661,0.000000,0.000000
compile/execution,0,0,32,0.000103917,307938,0,133.000000,7768.000000
execution/arithmetic,100,0,32,0.000007250,4413793,441379310,0.000000,0.000000
execution/comparison,100,0,32,0.000007458,4290695,429069456,0.000000,0.000000
execution/conditional,100,0,32,0.000007583,4219966,421996571,0.000000,0.000000
execution/constructor,100,0,32,0.000009083,3523065,352306507,3.000000,152.000000
rust/execution_arithmetic,100,0,32,0.000003250,9846154,984615385,0.000000,0.000000
rust/execution_constructor,100,0,32,0.000003208,9975062,997506234,0.000000,0.000000
execution/arithmetic,500,0,32,0.000020875,1532934,766467066,0.000000,0.000000
execution/comparison,500,0,32,0.000020959,1526790,763395200,0.000000,0.000000
execution/conditional,500,0,32,0.000021000,1523810,761904762,0.000000,0.000000
execution/constructor,500,0,32,0.000022708,1409195,704597499,3.000000,152.000000
rust/execution_arithmetic,500,0,32,0.000010042,3186616,1593308106,0.000000,0.000000
rust/execution_constructor,500,0,32,0.000010084,3173344,1586671956,0.000000,0.000000
execution/arithmetic,1024,0,32,0.000037792,846740,867061812,0.000000,0.000000
execution/comparison,1024,0,32,0.000038250,836601,856679739,0.000000,0.000000
execution/conditional,1024,0,32,0.000038083,840270,860436415,0.000000,0.000000
execution/constructor,1024,0,32,0.000039917,801663,820903375,3.000000,152.000000
rust/execution_arithmetic,1024,0,32,0.000018583,1722004,1763332078,0.000000,0.000000
rust/execution_constructor,1024,0,32,0.000018584,1721911,1763237193,0.000000,0.000000
execution/arithmetic,10240,0,32,0.000334917,95546,978391661,0.000000,0.000000
execution/comparison,10240,0,32,0.000345625,92586,948079566,0.000000,0.000000
execution/conditional,10240,0,32,0.000337666,94768,970426398,0.000000,0.000000
execution/constructor,10240,0,32,0.000336750,95026,973066073,3.000000,152.000000
rust/execution_arithmetic,10240,0,32,0.000169708,188559,1930845924,0.000000,0.000000
rust/execution_constructor,10240,0,32,0.000169750,188513,1930368189,0.000000,0.000000
execution/arithmetic,1048576,0,32,0.033923625,943,989116935,0.000000,0.000000
execution/comparison,1048576,0,32,0.033915875,944,989342955,0.000000,0.000000
execution/conditional,1048576,0,32,0.033467625,956,1002593760,0.000000,0.000000
execution/constructor,1048576,0,32,0.034021583,941,986268981,3.000000,152.000000
rust/execution_arithmetic,1048576,0,32,0.017315375,1848,1937840330,0.000000,0.000000
rust/execution_constructor,1048576,0,32,0.017261500,1854,1943888538,0.000000,0.000000
execution/filtered_sum,74,0,32,0.000026250,1219048,90209524,0.000000,0.000000
execution/mapped_sum,74,0,32,0.000026084,1226806,90783622,0.000000,0.000000
rust/execution_filtered_sum,74,0,32,0.000007459,4290119,317468830,0.000000,0.000000
execution/filtered_sum,1082,0,32,0.000376541,84984,91952802,0.000000,0.000000
execution/mapped_sum,1082,0,32,0.000416667,76800,83097534,0.000000,0.000000
rust/execution_filtered_sum,1082,0,32,0.000105750,302600,327413712,0.000000,0.000000
execution/filtered_sum,8586,0,32,0.002985250,10719,92036513,0.000000,0.000000
execution/mapped_sum,8586,0,32,0.003166208,10107,86776358,0.000000,0.000000
rust/execution_filtered_sum,8586,0,32,0.000862042,37121,318722290,0.000000,0.000000
execution/filtered_sum,137226,0,32,0.047635333,672,92184346,0.000000,0.000000
execution/mapped_sum,137226,0,32,0.050578500,633,86820131,0.000000,0.000000
rust/execution_filtered_sum,137226,0,32,0.012988541,2464,338085086,0.000000,0.000000
execution/lookup_8192,501,0,32,0.000016459,1944225,974056747,0.000000,0.000000
rust/execution_lookup_8192,501,0,32,0.000009625,3324675,1665662338,0.000000,0.000000
execution/type_fallback,16,0,32,0.000005292,6046863,96749811,0.000000,0.000000
plan/branch,100,0,32,0.000006792,4711425,471142521,0.000000,0.000000
plan/boolean,100,0,32,0.000008917,3588651,358865089,0.000000,0.000000
plan/object,100,0,32,0.000008875,3605634,360563380,3.000000,248.000000
plan/branch,500,0,32,0.000020250,1580247,790123457,0.000000,0.000000
plan/boolean,500,0,32,0.000022250,1438202,719101124,0.000000,0.000000
plan/object,500,0,32,0.000022333,1432857,716428603,3.000000,248.000000
plan/branch,1024,0,32,0.000040084,798324,817483285,0.000000,0.000000
plan/boolean,1024,0,32,0.000039500,810127,829569620,0.000000,0.000000
plan/object,1024,0,32,0.000039500,810127,829569620,3.000000,248.000000
plan/branch,10240,0,32,0.000334500,95665,979611360,0.000000,0.000000
plan/boolean,10240,0,32,0.000348083,91932,941384670,0.000000,0.000000
plan/object,10240,0,32,0.000341375,93739,959882827,3.000000,248.000000
plan/branch,1048576,0,32,0.033980959,942,987448059,0.000000,0.000000
plan/boolean,1048576,0,32,0.033966000,942,987882942,0.000000,0.000000
plan/object,1048576,0,32,0.034048125,940,985500141,3.000000,248.000000
plan/lookup_branch,490,0,32,0.000055250,579186,283800905,0.000000,0.000000
plan/lookup_quote,490,0,32,0.000055334,578306,283370080,0.000000,0.000000
plan/invoice_sum,58,0,32,0.000010584,3023432,175359033,0.000000,0.000000
rust/plan_invoice,58,0,32,0.000005541,5775131,334957589,0.000000,0.000000
plan/invoice_object,58,0,32,0.000014125,2265487,131398230,3.000000,296.000000
plan/mapped_objects,58,0,32,0.000014000,2285714,132571429,2.000000,136.000000
plan/invoice_sum,300,0,32,0.000066834,478798,143639465,0.000000,0.000000
rust/plan_invoice,300,0,32,0.000032916,972172,291651476,0.000000,0.000000
plan/invoice_object,300,0,32,0.000068583,466588,139976379,3.000000,296.000000
plan/mapped_objects,300,0,32,0.000073167,437356,131206692,16.000000,1088.000000
plan/invoice_sum,4488,0,32,0.000993333,32215,144579914,0.000000,0.000000
rust/plan_invoice,4488,0,32,0.000488125,65557,294219718,0.000000,0.000000
plan/invoice_object,4488,0,32,0.001002750,31912,143222139,3.000000,296.000000
plan/mapped_objects,4488,0,32,0.001089458,29372,131823347,256.000000,17408.000000
plan/invoice_sum,35736,0,32,0.007819417,4092,146245174,0.000000,0.000000
rust/plan_invoice,35736,0,32,0.003874458,8259,295151477,0.000000,0.000000
plan/invoice_object,35736,0,32,0.007841959,4081,145824787,3.000000,296.000000
plan/mapped_objects,35736,0,32,0.008277375,3866,138153944,2048.000000,139264.000000
plan/invoice_sum,571416,0,32,0.128154834,250,142681407,0.000000,0.000000
rust/plan_invoice,571416,0,32,0.061661833,519,296541817,0.000000,0.000000
plan/invoice_object,571416,0,32,0.128850416,248,141911160,3.000000,296.000000
plan/mapped_objects,571416,0,32,0.135151167,237,135295258,32768.000000,2228224.000000
plan/wide_fields,7583,0,32,0.000458791,69749,528903139,0.000000,0.000000
plan/untaken_branch,496,0,32,0.000020209,1583453,785392647,0.000000,0.000000
compile/plan_branch,0,0,32,0.000056375,567627,0,85.000000,3780.000000
cargo build --workspace --release --locked
   Compiling jx-cli v0.1.0 (/Users/josh/Documents/Workspace/jo-cube/jx/crates/jx-cli)
    Finished `release` profile [optimized] target(s) in 1.98s
