native_metadata,arithmetic,36041,567834,1,716,0
native_region,jit/arithmetic,100,303083,1,716
native_region,jit/arithmetic,500,286208,1,716
Sampling process 85732 for 5 seconds with 1 millisecond of run time between samples
Sampling completed, processing symbols...
Sample analysis of process 85732 written to file benchmarks/m30/native-profiles/profile-scalar.txt
native_region,jit/arithmetic,1024,325875,1,716
native_region,jit/arithmetic,10240,273541,1,716
native_region,jit/arithmetic,1048576,260333,1,716
native_metadata,dense,9500,469041,1,1144,0
native_region,jit/dense,100,422375,1,1144
native_region,jit/dense,500,397708,1,1144
native_region,jit/dense,1024,388042,1,1144
native_region,jit/dense,10240,386875,1,1144
native_region,jit/dense,1048576,392250,1,1144
native_metadata,branch,8834,437375,1,1056,0
native_region,jit/branch,100,374833,1,1056
native_region,jit/branch,500,352333,1,1056
native_region,jit/branch,1024,360500,1,1056
native_region,jit/branch,10240,366291,1,1056
native_region,jit/branch,1048576,361209,1,1056
native_region,jit/tiny,13,263959,1,716
native_region,jit/fold,122,393333,1,1144
native_region,jit/filter_map_fold,122,491333,1,1368
native_region,jit/numeric_fold,26,214708,1,504
native_region,jit/fold,472,396250,1,1144
native_region,jit/filter_map_fold,472,466333,1,1368
native_region,jit/numeric_fold,88,209875,1,504
native_region,jit/fold,1858,391542,1,1144
native_region,jit/filter_map_fold,1858,471959,1,1368
native_region,jit/numeric_fold,322,218333,1,504
native_region,jit/fold,14794,392000,1,1144
native_region,jit/filter_map_fold,14794,452750,1,1368
native_region,jit/numeric_fold,2506,207959,1,504
native_region,jit/fold,236554,396667,1,1144
native_region,jit/filter_map_fold,236554,455334,1,1368
native_region,jit/numeric_fold,39946,206084,1,504
