ascii/shallow / 500 B
execution/arithmetic / 100 B
execution/arithmetic / 500 B
acquisition/call_three / 500 B
acquisition/lookup_8192_short_raw / 500 B
acquisition/string_callback / 100 B
regions/groups / 41828 B
regions/nested_map / 41828 B
function/direct / 500 B
function/partial_callback / 500 B
lexical/closure / 500 B
eval/dynamic_closure_map / 4055 B
runtime/transient / 50102 B
runtime/planned / 50102 B
matcher/contains / 500 B
matcher/replace_callback / 500 B
format/date_parse_static / 500 B
format/date_parse_dynamic / 500 B
tuple/ordered / 500 B
tuple/group / 6666 B
execution/arithmetic / 1024 B
execution/arithmetic / 1048576 B
acquisition/string_callback / 500 B
acquisition/string_callback / 10240 B
function/partial_callback / 1024 B
runtime/partial / 455 B
runtime/partial / 6149 B
runtime/partial / 50102 B
runtime/partial / 846231 B
runtime/dynamic_object / 455 B
runtime/dynamic_object / 6149 B
runtime/dynamic_object / 50102 B
runtime/dynamic_object / 846231 B
runtime/strings / 50102 B
regions/filtered_sum / 41828 B
regions/reduce / 41828 B
regions/sort / 41828 B
transform/wide_update / 33180 B
transform/update / 500 B
transform/update / 1024 B
