native_metadata,arithmetic,29834,514792,1,716,0
native_region,jit/arithmetic,100,346167,1,716
native_region,jit/arithmetic,500,293625,1,716
native_region,jit/arithmetic,1024,281625,1,716
native_region,jit/arithmetic,10240,277042,1,716
native_region,jit/arithmetic,1048576,273708,1,716
native_metadata,dense,9541,491625,1,1144,0
native_region,jit/dense,100,437875,1,1144
native_region,jit/dense,500,423125,1,1144
native_region,jit/dense,1024,398000,1,1144
native_region,jit/dense,10240,397500,1,1144
native_region,jit/dense,1048576,396291,1,1144
native_metadata,branch,8834,429916,1,1056,0
native_region,jit/branch,100,389500,1,1056
native_region,jit/branch,500,377125,1,1056
native_region,jit/branch,1024,369833,1,1056
native_region,jit/branch,10240,370667,1,1056
native_region,jit/branch,1048576,363542,1,1056
native_region,jit/tiny,13,289084,1,716
native_region,jit/fold,122,419875,1,1144
native_region,jit/filter_map_fold,122,544458,1,1368
native_region,jit/numeric_fold,26,256000,1,504
native_region,jit/fold,472,418292,1,1144
native_region,jit/filter_map_fold,472,507375,1,1368
native_region,jit/numeric_fold,88,230959,1,504
native_region,jit/fold,1858,409917,1,1144
native_region,jit/filter_map_fold,1858,487875,1,1368
native_region,jit/numeric_fold,322,222167,1,504
native_region,jit/fold,14794,404500,1,1144
native_region,jit/filter_map_fold,14794,492208,1,1368
native_region,jit/numeric_fold,2506,226708,1,504
native_region,jit/fold,236554,417000,1,1144
native_region,jit/filter_map_fold,236554,759750,1,1368
native_region,jit/numeric_fold,39946,288750,1,504
