native_metadata,arithmetic,27750,476666,1,716,0
native_region,jit/arithmetic,100,310833,1,716
native_region,jit/arithmetic,500,270542,1,716
native_region,jit/arithmetic,1024,264583,1,716
native_region,jit/arithmetic,10240,318792,1,716
native_region,jit/arithmetic,1048576,272584,1,716
native_metadata,dense,9459,472583,1,1144,0
native_region,jit/dense,100,405625,1,1144
native_region,jit/dense,500,389916,1,1144
native_region,jit/dense,1024,387875,1,1144
native_region,jit/dense,10240,388125,1,1144
native_region,jit/dense,1048576,385958,1,1144
native_metadata,branch,8916,429542,1,1056,0
native_region,jit/branch,100,364750,1,1056
native_region,jit/branch,500,352417,1,1056
native_region,jit/branch,1024,357375,1,1056
native_region,jit/branch,10240,358875,1,1056
native_region,jit/branch,1048576,346167,1,1056
native_region,jit/tiny,13,262291,1,716
native_region,jit/fold,122,411417,1,1144
native_region,jit/filter_map_fold,122,504666,1,1368
native_region,jit/numeric_fold,26,218417,1,504
native_region,jit/fold,472,394209,1,1144
native_region,jit/filter_map_fold,472,471292,1,1368
native_region,jit/numeric_fold,88,214792,1,504
native_region,jit/fold,1858,391250,1,1144
native_region,jit/filter_map_fold,1858,461875,1,1368
native_region,jit/numeric_fold,322,207292,1,504
native_region,jit/fold,14794,383458,1,1144
native_region,jit/filter_map_fold,14794,472333,1,1368
native_region,jit/numeric_fold,2506,207625,1,504
native_region,jit/fold,236554,388125,1,1144
native_region,jit/filter_map_fold,236554,460083,1,1368
native_region,jit/numeric_fold,39946,206959,1,504
