native_metadata,arithmetic,38083,576542,1,716,0
native_region,jit/arithmetic,100,299959,1,716
native_region,jit/arithmetic,500,274500,1,716
native_region,jit/arithmetic,1024,264708,1,716
native_region,jit/arithmetic,10240,255958,1,716
native_region,jit/arithmetic,1048576,256875,1,716
native_metadata,dense,9917,485042,1,1144,0
native_region,jit/dense,100,409417,1,1144
native_region,jit/dense,500,399792,1,1144
native_region,jit/dense,1024,392750,1,1144
native_region,jit/dense,10240,394542,1,1144
native_region,jit/dense,1048576,394083,1,1144
native_metadata,branch,9125,431208,1,1056,0
native_region,jit/branch,100,373083,1,1056
native_region,jit/branch,500,356708,1,1056
native_region,jit/branch,1024,350000,1,1056
native_region,jit/branch,10240,348917,1,1056
native_region,jit/branch,1048576,351958,1,1056
native_region,jit/tiny,13,264375,1,716
native_region,jit/fold,122,395500,1,1144
native_region,jit/filter_map_fold,122,508375,1,1368
native_region,jit/numeric_fold,26,218708,1,504
native_region,jit/fold,472,395958,1,1144
native_region,jit/filter_map_fold,472,468583,1,1368
native_region,jit/numeric_fold,88,209416,1,504
native_region,jit/fold,1858,391916,1,1144
native_region,jit/filter_map_fold,1858,460958,1,1368
native_region,jit/numeric_fold,322,208084,1,504
native_region,jit/fold,14794,391000,1,1144
native_region,jit/filter_map_fold,14794,536375,1,1368
native_region,jit/numeric_fold,2506,222500,1,504
native_region,jit/fold,236554,421875,1,1144
native_region,jit/filter_map_fold,236554,481041,1,1368
native_region,jit/numeric_fold,39946,214083,1,504
