native_metadata,arithmetic,37417,591250,1,716,0
native_region,jit/arithmetic,100,351042,1,716
native_region,jit/arithmetic,500,302500,1,716
native_region,jit/arithmetic,1024,283917,1,716
native_region,jit/arithmetic,10240,274167,1,716
native_region,jit/arithmetic,1048576,273000,1,716
native_metadata,dense,9709,477334,1,1144,0
native_region,jit/dense,100,440167,1,1144
native_region,jit/dense,500,415375,1,1144
native_region,jit/dense,1024,404875,1,1144
native_region,jit/dense,10240,397875,1,1144
native_region,jit/dense,1048576,414917,1,1144
native_metadata,branch,15250,446458,1,1056,0
native_region,jit/branch,100,397458,1,1056
native_region,jit/branch,500,383375,1,1056
native_region,jit/branch,1024,375792,1,1056
native_region,jit/branch,10240,365500,1,1056
native_region,jit/branch,1048576,364917,1,1056
native_region,jit/tiny,13,291458,1,716
native_region,jit/fold,122,639000,1,1144
native_region,jit/filter_map_fold,122,611583,1,1368
native_region,jit/numeric_fold,26,262791,1,504
native_region,jit/fold,472,455875,1,1144
native_region,jit/filter_map_fold,472,524375,1,1368
native_region,jit/numeric_fold,88,235042,1,504
native_region,jit/fold,1858,446541,1,1144
native_region,jit/filter_map_fold,1858,497333,1,1368
native_region,jit/numeric_fold,322,223584,1,504
native_region,jit/fold,14794,421292,1,1144
native_region,jit/filter_map_fold,14794,485709,1,1368
native_region,jit/numeric_fold,2506,219625,1,504
native_region,jit/fold,236554,416500,1,1144
native_region,jit/filter_map_fold,236554,493583,1,1368
native_region,jit/numeric_fold,39946,221791,1,504
