native_metadata,arithmetic,38375,564000,1,716,0
native_region,jit/arithmetic,100,338041,1,716
native_region,jit/arithmetic,500,294292,1,716
native_region,jit/arithmetic,1024,279583,1,716
native_region,jit/arithmetic,10240,271583,1,716
native_region,jit/arithmetic,1048576,269875,1,716
native_metadata,dense,9542,473875,1,1144,0
native_region,jit/dense,100,432000,1,1144
native_region,jit/dense,500,409875,1,1144
native_region,jit/dense,1024,401541,1,1144
native_region,jit/dense,10240,395500,1,1144
native_region,jit/dense,1048576,405750,1,1144
native_metadata,branch,9000,442833,1,1056,0
native_region,jit/branch,100,389083,1,1056
native_region,jit/branch,500,370833,1,1056
native_region,jit/branch,1024,358416,1,1056
native_region,jit/branch,10240,353958,1,1056
native_region,jit/branch,1048576,351750,1,1056
native_region,jit/tiny,13,286083,1,716
native_region,jit/fold,122,409000,1,1144
native_region,jit/filter_map_fold,122,552792,1,1368
native_region,jit/numeric_fold,26,242459,1,504
native_region,jit/fold,472,407125,1,1144
native_region,jit/filter_map_fold,472,510334,1,1368
native_region,jit/numeric_fold,88,228708,1,504
native_region,jit/fold,1858,411458,1,1144
native_region,jit/filter_map_fold,1858,501833,1,1368
native_region,jit/numeric_fold,322,226709,1,504
native_region,jit/fold,14794,401916,1,1144
native_region,jit/filter_map_fold,14794,480542,1,1368
native_region,jit/numeric_fold,2506,219042,1,504
native_region,jit/fold,236554,399333,1,1144
native_region,jit/filter_map_fold,236554,658333,1,1368
native_region,jit/numeric_fold,39946,299000,1,504
