native_metadata,arithmetic,39042,591292,1,716,0
native_region,jit/arithmetic,100,324375,1,716
native_region,jit/arithmetic,500,283583,1,716
native_region,jit/arithmetic,1024,264208,1,716
native_region,jit/arithmetic,10240,322250,1,716
native_region,jit/arithmetic,1048576,281833,1,716
native_metadata,dense,9750,477375,1,1144,0
native_region,jit/dense,100,407042,1,1144
native_region,jit/dense,500,393000,1,1144
native_region,jit/dense,1024,389250,1,1144
native_region,jit/dense,10240,386375,1,1144
native_region,jit/dense,1048576,390500,1,1144
native_metadata,branch,9417,435375,1,1056,0
native_region,jit/branch,100,366625,1,1056
native_region,jit/branch,500,354291,1,1056
native_region,jit/branch,1024,355500,1,1056
native_region,jit/branch,10240,350750,1,1056
native_region,jit/branch,1048576,349042,1,1056
native_region,jit/tiny,13,275417,1,716
native_region,jit/fold,122,399667,1,1144
native_region,jit/filter_map_fold,122,496042,1,1368
native_region,jit/numeric_fold,26,219792,1,504
native_region,jit/fold,472,399375,1,1144
native_region,jit/filter_map_fold,472,479167,1,1368
native_region,jit/numeric_fold,88,214167,1,504
native_region,jit/fold,1858,391250,1,1144
native_region,jit/filter_map_fold,1858,471917,1,1368
native_region,jit/numeric_fold,322,212042,1,504
native_region,jit/fold,14794,513625,1,1144
native_region,jit/filter_map_fold,14794,502167,1,1368
native_region,jit/numeric_fold,2506,228000,1,504
native_region,jit/fold,236554,414375,1,1144
native_region,jit/filter_map_fold,236554,475125,1,1368
native_region,jit/numeric_fold,39946,265500,1,504
