native_metadata,arithmetic,36875,569625,1,716,0
native_region,jit/arithmetic,100,303542,1,716
native_region,jit/arithmetic,500,271125,1,716
native_region,jit/arithmetic,1024,259917,1,716
native_region,jit/arithmetic,10240,259666,1,716
native_region,jit/arithmetic,1048576,255375,1,716
native_metadata,dense,9583,492000,1,1144,0
native_region,jit/dense,100,413500,1,1144
native_region,jit/dense,500,396792,1,1144
native_region,jit/dense,1024,388083,1,1144
native_region,jit/dense,10240,408334,1,1144
native_region,jit/dense,1048576,399166,1,1144
native_metadata,branch,9625,445375,1,1056,0
native_region,jit/branch,100,365625,1,1056
native_region,jit/branch,500,357667,1,1056
native_region,jit/branch,1024,347625,1,1056
native_region,jit/branch,10240,346667,1,1056
native_region,jit/branch,1048576,344917,1,1056
native_region,jit/tiny,13,263500,1,716
native_region,jit/fold,122,392917,1,1144
native_region,jit/filter_map_fold,122,496250,1,1368
native_region,jit/numeric_fold,26,214125,1,504
native_region,jit/fold,472,398042,1,1144
native_region,jit/filter_map_fold,472,465459,1,1368
native_region,jit/numeric_fold,88,215916,1,504
native_region,jit/fold,1858,390458,1,1144
native_region,jit/filter_map_fold,1858,458542,1,1368
native_region,jit/numeric_fold,322,212250,1,504
native_region,jit/fold,14794,388417,1,1144
native_region,jit/filter_map_fold,14794,462917,1,1368
native_region,jit/numeric_fold,2506,206542,1,504
native_region,jit/fold,236554,400709,1,1144
native_region,jit/filter_map_fold,236554,461042,1,1368
native_region,jit/numeric_fold,39946,220042,1,504
