native_metadata,arithmetic,37333,582209,1,716,0
native_region,jit/arithmetic,100,298667,1,716
native_region,jit/arithmetic,500,272166,1,716
native_region,jit/arithmetic,1024,263209,1,716
native_region,jit/arithmetic,10240,258666,1,716
native_region,jit/arithmetic,1048576,259917,1,716
native_metadata,dense,21584,685417,1,1144,0
native_region,jit/dense,100,447500,1,1144
native_region,jit/dense,500,402708,1,1144
native_region,jit/dense,1024,390834,1,1144
native_region,jit/dense,10240,387917,1,1144
native_region,jit/dense,1048576,391208,1,1144
native_metadata,branch,9125,444208,1,1056,0
native_region,jit/branch,100,366542,1,1056
native_region,jit/branch,500,353708,1,1056
native_region,jit/branch,1024,351292,1,1056
native_region,jit/branch,10240,354333,1,1056
native_region,jit/branch,1048576,352833,1,1056
native_region,jit/tiny,13,270666,1,716
native_region,jit/fold,122,411209,1,1144
native_region,jit/filter_map_fold,122,511750,1,1368
native_region,jit/numeric_fold,26,220750,1,504
native_region,jit/fold,472,394917,1,1144
native_region,jit/filter_map_fold,472,473208,1,1368
native_region,jit/numeric_fold,88,218333,1,504
native_region,jit/fold,1858,391708,1,1144
native_region,jit/filter_map_fold,1858,473500,1,1368
native_region,jit/numeric_fold,322,209083,1,504
native_region,jit/fold,14794,391959,1,1144
native_region,jit/filter_map_fold,14794,460417,1,1368
native_region,jit/numeric_fold,2506,206708,1,504
native_region,jit/fold,236554,393250,1,1144
native_region,jit/filter_map_fold,236554,467416,1,1368
native_region,jit/numeric_fold,39946,210209,1,504
