native_metadata,arithmetic,38125,566167,1,716,0
native_region,jit/arithmetic,100,300417,1,716
native_region,jit/arithmetic,500,275959,1,716
native_region,jit/arithmetic,1024,263167,1,716
native_region,jit/arithmetic,10240,263292,1,716
native_region,jit/arithmetic,1048576,361708,1,716
native_metadata,dense,9625,504333,1,1144,0
native_region,jit/dense,100,419125,1,1144
native_region,jit/dense,500,399792,1,1144
native_region,jit/dense,1024,394875,1,1144
native_region,jit/dense,10240,396542,1,1144
native_region,jit/dense,1048576,393792,1,1144
native_metadata,branch,8708,431042,1,1056,0
native_region,jit/branch,100,372375,1,1056
native_region,jit/branch,500,360334,1,1056
native_region,jit/branch,1024,404792,1,1056
native_region,jit/branch,10240,358709,1,1056
native_region,jit/branch,1048576,367042,1,1056
native_region,jit/tiny,13,269542,1,716
native_region,jit/fold,122,414708,1,1144
native_region,jit/filter_map_fold,122,503000,1,1368
native_region,jit/numeric_fold,26,222334,1,504
native_region,jit/fold,472,400583,1,1144
native_region,jit/filter_map_fold,472,470291,1,1368
native_region,jit/numeric_fold,88,212375,1,504
native_region,jit/fold,1858,395708,1,1144
native_region,jit/filter_map_fold,1858,464250,1,1368
native_region,jit/numeric_fold,322,208708,1,504
native_region,jit/fold,14794,394834,1,1144
native_region,jit/filter_map_fold,14794,454708,1,1368
native_region,jit/numeric_fold,2506,204583,1,504
native_region,jit/fold,236554,391667,1,1144
native_region,jit/filter_map_fold,236554,460917,1,1368
native_region,jit/numeric_fold,39946,208125,1,504
