native_metadata,arithmetic,39334,594459,1,716,0
native_region,jit/arithmetic,100,342458,1,716
native_region,jit/arithmetic,500,301458,1,716
native_region,jit/arithmetic,1024,278667,1,716
native_region,jit/arithmetic,10240,274208,1,716
native_region,jit/arithmetic,1048576,277083,1,716
native_metadata,dense,9375,489042,1,1144,0
native_region,jit/dense,100,437084,1,1144
native_region,jit/dense,500,409208,1,1144
native_region,jit/dense,1024,402000,1,1144
native_region,jit/dense,10240,416542,1,1144
native_region,jit/dense,1048576,410167,1,1144
native_metadata,branch,8833,432542,1,1056,0
native_region,jit/branch,100,395584,1,1056
native_region,jit/branch,500,396875,1,1056
native_region,jit/branch,1024,366250,1,1056
native_region,jit/branch,10240,358667,1,1056
native_region,jit/branch,1048576,357083,1,1056
native_region,jit/tiny,13,283209,1,716
native_region,jit/fold,122,411667,1,1144
native_region,jit/filter_map_fold,122,545666,1,1368
native_region,jit/numeric_fold,26,241166,1,504
native_region,jit/fold,472,417417,1,1144
native_region,jit/filter_map_fold,472,517666,1,1368
native_region,jit/numeric_fold,88,233167,1,504
native_region,jit/fold,1858,407417,1,1144
native_region,jit/filter_map_fold,1858,493000,1,1368
native_region,jit/numeric_fold,322,223958,1,504
native_region,jit/fold,14794,403000,1,1144
native_region,jit/filter_map_fold,14794,484667,1,1368
native_region,jit/numeric_fold,2506,426583,1,504
native_region,jit/fold,236554,519417,1,1144
native_region,jit/filter_map_fold,236554,603000,1,1368
native_region,jit/numeric_fold,39946,257334,1,504
