native_metadata,arithmetic,38083,578917,1,716,0
native_region,jit/arithmetic,100,339458,1,716
native_region,jit/arithmetic,500,298416,1,716
native_region,jit/arithmetic,1024,456459,1,716
native_region,jit/arithmetic,10240,339875,1,716
native_region,jit/arithmetic,1048576,299083,1,716
native_metadata,dense,9625,476917,1,1144,0
native_region,jit/dense,100,475083,1,1144
native_region,jit/dense,500,452416,1,1144
native_region,jit/dense,1024,430000,1,1144
native_region,jit/dense,10240,429459,1,1144
native_region,jit/dense,1048576,406541,1,1144
native_metadata,branch,9084,443709,1,1056,0
native_region,jit/branch,100,405500,1,1056
native_region,jit/branch,500,381459,1,1056
native_region,jit/branch,1024,362917,1,1056
native_region,jit/branch,10240,360542,1,1056
native_region,jit/branch,1048576,354459,1,1056
native_region,jit/tiny,13,293916,1,716
native_region,jit/fold,122,426250,1,1144
native_region,jit/filter_map_fold,122,543750,1,1368
native_region,jit/numeric_fold,26,251542,1,504
native_region,jit/fold,472,423833,1,1144
native_region,jit/filter_map_fold,472,516083,1,1368
native_region,jit/numeric_fold,88,231625,1,504
native_region,jit/fold,1858,414625,1,1144
native_region,jit/filter_map_fold,1858,493666,1,1368
native_region,jit/numeric_fold,322,224625,1,504
native_region,jit/fold,14794,412667,1,1144
native_region,jit/filter_map_fold,14794,485417,1,1368
native_region,jit/numeric_fold,2506,220083,1,504
native_region,jit/fold,236554,410084,1,1144
native_region,jit/filter_map_fold,236554,487666,1,1368
native_region,jit/numeric_fold,39946,229209,1,504
