native_metadata,arithmetic,28500,502625,1,716,0
native_region,jit/arithmetic,100,297333,1,716
native_region,jit/arithmetic,500,274333,1,716
native_region,jit/arithmetic,1024,264916,1,716
native_region,jit/arithmetic,10240,261833,1,716
native_region,jit/arithmetic,1048576,256541,1,716
native_metadata,dense,21375,612750,1,1144,0
native_region,jit/dense,100,429584,1,1144
native_region,jit/dense,500,397917,1,1144
native_region,jit/dense,1024,388708,1,1144
native_region,jit/dense,10240,385875,1,1144
native_region,jit/dense,1048576,400209,1,1144
native_metadata,branch,9083,434250,1,1056,0
native_region,jit/branch,100,367625,1,1056
native_region,jit/branch,500,355542,1,1056
native_region,jit/branch,1024,352667,1,1056
native_region,jit/branch,10240,351875,1,1056
native_region,jit/branch,1048576,358250,1,1056
native_region,jit/tiny,13,269709,1,716
native_region,jit/fold,122,400916,1,1144
native_region,jit/filter_map_fold,122,498000,1,1368
native_region,jit/numeric_fold,26,218833,1,504
native_region,jit/fold,472,396917,1,1144
native_region,jit/filter_map_fold,472,475333,1,1368
native_region,jit/numeric_fold,88,214208,1,504
native_region,jit/fold,1858,393834,1,1144
native_region,jit/filter_map_fold,1858,466625,1,1368
native_region,jit/numeric_fold,322,212584,1,504
native_region,jit/fold,14794,392917,1,1144
native_region,jit/filter_map_fold,14794,495208,1,1368
native_region,jit/numeric_fold,2506,207083,1,504
native_region,jit/fold,236554,395291,1,1144
native_region,jit/filter_map_fold,236554,467083,1,1368
native_region,jit/numeric_fold,39946,213792,1,504
