native_metadata,arithmetic,27125,498125,1,716,0
native_region,jit/arithmetic,100,367458,1,716
native_region,jit/arithmetic,500,311542,1,716
native_region,jit/arithmetic,1024,290792,1,716
native_region,jit/arithmetic,10240,416584,1,716
native_region,jit/arithmetic,1048576,326625,1,716
native_metadata,dense,9416,494250,1,1144,0
native_region,jit/dense,100,444166,1,1144
native_region,jit/dense,500,421292,1,1144
native_region,jit/dense,1024,400958,1,1144
native_region,jit/dense,10240,396333,1,1144
native_region,jit/dense,1048576,397791,1,1144
native_metadata,branch,8750,438875,1,1056,0
native_region,jit/branch,100,395500,1,1056
native_region,jit/branch,500,370625,1,1056
native_region,jit/branch,1024,364292,1,1056
native_region,jit/branch,10240,368542,1,1056
native_region,jit/branch,1048576,364875,1,1056
native_region,jit/tiny,13,292333,1,716
native_region,jit/fold,122,413542,1,1144
native_region,jit/filter_map_fold,122,553792,1,1368
native_region,jit/numeric_fold,26,262458,1,504
native_region,jit/fold,472,412625,1,1144
native_region,jit/filter_map_fold,472,515584,1,1368
native_region,jit/numeric_fold,88,231666,1,504
native_region,jit/fold,1858,409625,1,1144
native_region,jit/filter_map_fold,1858,489917,1,1368
native_region,jit/numeric_fold,322,225667,1,504
native_region,jit/fold,14794,405875,1,1144
native_region,jit/filter_map_fold,14794,481333,1,1368
native_region,jit/numeric_fold,2506,220209,1,504
native_region,jit/fold,236554,405625,1,1144
native_region,jit/filter_map_fold,236554,488667,1,1368
native_region,jit/numeric_fold,39946,227000,1,504
