native_metadata,arithmetic,36000,559042,1,716,0
native_region,jit/arithmetic,100,296833,1,716
native_region,jit/arithmetic,500,275750,1,716
native_region,jit/arithmetic,1024,265875,1,716
native_region,jit/arithmetic,10240,265000,1,716
native_region,jit/arithmetic,1048576,262625,1,716
native_metadata,dense,9833,471292,1,1144,0
native_region,jit/dense,100,424959,1,1144
native_region,jit/dense,500,393667,1,1144
native_region,jit/dense,1024,391000,1,1144
native_region,jit/dense,10240,407167,1,1144
native_region,jit/dense,1048576,393208,1,1144
native_metadata,branch,9250,432375,1,1056,0
native_region,jit/branch,100,368583,1,1056
native_region,jit/branch,500,355958,1,1056
native_region,jit/branch,1024,350833,1,1056
native_region,jit/branch,10240,345916,1,1056
native_region,jit/branch,1048576,346750,1,1056
native_region,jit/tiny,13,264250,1,716
native_region,jit/fold,122,394791,1,1144
native_region,jit/filter_map_fold,122,503000,1,1368
native_region,jit/numeric_fold,26,220375,1,504
native_region,jit/fold,472,396584,1,1144
native_region,jit/filter_map_fold,472,469208,1,1368
native_region,jit/numeric_fold,88,209750,1,504
native_region,jit/fold,1858,405333,1,1144
native_region,jit/filter_map_fold,1858,461875,1,1368
native_region,jit/numeric_fold,322,212917,1,504
native_region,jit/fold,14794,392250,1,1144
native_region,jit/filter_map_fold,14794,457666,1,1368
native_region,jit/numeric_fold,2506,206917,1,504
native_region,jit/fold,236554,402458,1,1144
native_region,jit/filter_map_fold,236554,463833,1,1368
native_region,jit/numeric_fold,39946,209292,1,504
