native_metadata,arithmetic,26750,502500,1,716,0
native_region,jit/arithmetic,100,295084,1,716
native_region,jit/arithmetic,500,284708,1,716
native_region,jit/arithmetic,1024,334292,1,716
native_region,jit/arithmetic,10240,275292,1,716
native_region,jit/arithmetic,1048576,261750,1,716
native_metadata,dense,9583,481333,1,1144,0
native_region,jit/dense,100,424667,1,1144
native_region,jit/dense,500,392917,1,1144
native_region,jit/dense,1024,392333,1,1144
native_region,jit/dense,10240,412292,1,1144
native_region,jit/dense,1048576,410458,1,1144
native_metadata,branch,9042,432209,1,1056,0
native_region,jit/branch,100,369500,1,1056
native_region,jit/branch,500,357917,1,1056
native_region,jit/branch,1024,354000,1,1056
native_region,jit/branch,10240,352666,1,1056
native_region,jit/branch,1048576,351792,1,1056
native_region,jit/tiny,13,264125,1,716
native_region,jit/fold,122,419041,1,1144
native_region,jit/filter_map_fold,122,496792,1,1368
native_region,jit/numeric_fold,26,218958,1,504
native_region,jit/fold,472,396541,1,1144
native_region,jit/filter_map_fold,472,476917,1,1368
native_region,jit/numeric_fold,88,212292,1,504
native_region,jit/fold,1858,392292,1,1144
native_region,jit/filter_map_fold,1858,468625,1,1368
native_region,jit/numeric_fold,322,208791,1,504
native_region,jit/fold,14794,392334,1,1144
native_region,jit/filter_map_fold,14794,460875,1,1368
native_region,jit/numeric_fold,2506,207084,1,504
native_region,jit/fold,236554,395833,1,1144
native_region,jit/filter_map_fold,236554,460375,1,1368
native_region,jit/numeric_fold,39946,212292,1,504
