native_metadata,arithmetic,38333,563875,1,716,0
native_region,jit/arithmetic,100,341833,1,716
native_region,jit/arithmetic,500,300541,1,716
native_region,jit/arithmetic,1024,274584,1,716
native_region,jit/arithmetic,10240,465375,1,716
native_region,jit/arithmetic,1048576,329500,1,716
native_metadata,dense,9416,486000,1,1144,0
native_region,jit/dense,100,433833,1,1144
native_region,jit/dense,500,410167,1,1144
native_region,jit/dense,1024,412042,1,1144
native_region,jit/dense,10240,400875,1,1144
native_region,jit/dense,1048576,399042,1,1144
native_metadata,branch,8750,437000,1,1056,0
native_region,jit/branch,100,383958,1,1056
native_region,jit/branch,500,366416,1,1056
native_region,jit/branch,1024,364541,1,1056
native_region,jit/branch,10240,353417,1,1056
native_region,jit/branch,1048576,353125,1,1056
native_region,jit/tiny,13,288375,1,716
native_region,jit/fold,122,405291,1,1144
native_region,jit/filter_map_fold,122,551333,1,1368
native_region,jit/numeric_fold,26,244708,1,504
native_region,jit/fold,472,406000,1,1144
native_region,jit/filter_map_fold,472,507916,1,1368
native_region,jit/numeric_fold,88,228250,1,504
native_region,jit/fold,1858,405625,1,1144
native_region,jit/filter_map_fold,1858,484708,1,1368
native_region,jit/numeric_fold,322,221334,1,504
native_region,jit/fold,14794,398708,1,1144
native_region,jit/filter_map_fold,14794,476625,1,1368
native_region,jit/numeric_fold,2506,221250,1,504
native_region,jit/fold,236554,413166,1,1144
native_region,jit/filter_map_fold,236554,479792,1,1368
native_region,jit/numeric_fold,39946,220125,1,504
