native_metadata,arithmetic,38208,566209,1,716,0
native_region,jit/arithmetic,100,347333,1,716
native_region,jit/arithmetic,500,313959,1,716
native_region,jit/arithmetic,1024,301583,1,716
native_region,jit/arithmetic,10240,282209,1,716
native_region,jit/arithmetic,1048576,273459,1,716
native_metadata,dense,9792,482875,1,1144,0
native_region,jit/dense,100,457292,1,1144
native_region,jit/dense,500,419500,1,1144
native_region,jit/dense,1024,408083,1,1144
native_region,jit/dense,10240,400875,1,1144
native_region,jit/dense,1048576,399417,1,1144
native_metadata,branch,9125,436583,1,1056,0
native_region,jit/branch,100,402292,1,1056
native_region,jit/branch,500,373042,1,1056
native_region,jit/branch,1024,361834,1,1056
native_region,jit/branch,10240,358333,1,1056
native_region,jit/branch,1048576,362167,1,1056
native_region,jit/tiny,13,287792,1,716
native_region,jit/fold,122,426000,1,1144
native_region,jit/filter_map_fold,122,579500,1,1368
native_region,jit/numeric_fold,26,253292,1,504
native_region,jit/fold,472,419583,1,1144
native_region,jit/filter_map_fold,472,533667,1,1368
native_region,jit/numeric_fold,88,230458,1,504
native_region,jit/fold,1858,413750,1,1144
native_region,jit/filter_map_fold,1858,499166,1,1368
native_region,jit/numeric_fold,322,223083,1,504
native_region,jit/fold,14794,409875,1,1144
native_region,jit/filter_map_fold,14794,484583,1,1368
native_region,jit/numeric_fold,2506,222334,1,504
native_region,jit/fold,236554,406750,1,1144
native_region,jit/filter_map_fold,236554,725500,1,1368
native_region,jit/numeric_fold,39946,281583,1,504
