native_metadata,arithmetic,35500,564042,1,716,0
native_region,jit/arithmetic,100,313458,1,716
native_region,jit/arithmetic,500,279875,1,716
native_region,jit/arithmetic,1024,264000,1,716
native_region,jit/arithmetic,10240,258416,1,716
native_region,jit/arithmetic,1048576,258500,1,716
native_metadata,dense,9417,475167,1,1144,0
native_region,jit/dense,100,409625,1,1144
native_region,jit/dense,500,395417,1,1144
native_region,jit/dense,1024,389084,1,1144
native_region,jit/dense,10240,404542,1,1144
native_region,jit/dense,1048576,388292,1,1144
native_metadata,branch,9250,439541,1,1056,0
native_region,jit/branch,100,395250,1,1056
native_region,jit/branch,500,357791,1,1056
native_region,jit/branch,1024,351084,1,1056
native_region,jit/branch,10240,352166,1,1056
native_region,jit/branch,1048576,358208,1,1056
native_region,jit/tiny,13,262291,1,716
native_region,jit/fold,122,402875,1,1144
native_region,jit/filter_map_fold,122,495208,1,1368
native_region,jit/numeric_fold,26,219708,1,504
native_region,jit/fold,472,393250,1,1144
native_region,jit/filter_map_fold,472,470875,1,1368
native_region,jit/numeric_fold,88,213875,1,504
native_region,jit/fold,1858,399833,1,1144
native_region,jit/filter_map_fold,1858,474792,1,1368
native_region,jit/numeric_fold,322,207625,1,504
native_region,jit/fold,14794,387333,1,1144
native_region,jit/filter_map_fold,14794,459375,1,1368
native_region,jit/numeric_fold,2506,261833,1,504
native_region,jit/fold,236554,432500,1,1144
native_region,jit/filter_map_fold,236554,498917,1,1368
native_region,jit/numeric_fold,39946,218250,1,504
