native_metadata,arithmetic,31208,537167,1,716,0
native_region,jit/arithmetic,100,355667,1,716
native_region,jit/arithmetic,500,302208,1,716
native_region,jit/arithmetic,1024,470500,1,716
native_region,jit/arithmetic,10240,337875,1,716
native_region,jit/arithmetic,1048576,305416,1,716
native_metadata,dense,9209,492125,1,1144,0
native_region,jit/dense,100,447209,1,1144
native_region,jit/dense,500,415333,1,1144
native_region,jit/dense,1024,400667,1,1144
native_region,jit/dense,10240,406500,1,1144
native_region,jit/dense,1048576,566417,1,1144
native_metadata,branch,9459,460667,1,1056,0
native_region,jit/branch,100,431000,1,1056
native_region,jit/branch,500,397208,1,1056
native_region,jit/branch,1024,373208,1,1056
native_region,jit/branch,10240,363042,1,1056
native_region,jit/branch,1048576,358958,1,1056
native_region,jit/tiny,13,304709,1,716
native_region,jit/fold,122,446000,1,1144
native_region,jit/filter_map_fold,122,548709,1,1368
native_region,jit/numeric_fold,26,252167,1,504
native_region,jit/fold,472,432959,1,1144
native_region,jit/filter_map_fold,472,508875,1,1368
native_region,jit/numeric_fold,88,231500,1,504
native_region,jit/fold,1858,437542,1,1144
native_region,jit/filter_map_fold,1858,503667,1,1368
native_region,jit/numeric_fold,322,242083,1,504
native_region,jit/fold,14794,413125,1,1144
native_region,jit/filter_map_fold,14794,556375,1,1368
native_region,jit/numeric_fold,2506,253709,1,504
native_region,jit/fold,236554,419875,1,1144
native_region,jit/filter_map_fold,236554,527375,1,1368
native_region,jit/numeric_fold,39946,243542,1,504
