native_metadata,arithmetic,38125,566292,1,716,0
native_region,jit/arithmetic,100,300417,1,716
native_region,jit/arithmetic,500,273417,1,716
native_region,jit/arithmetic,1024,273750,1,716
native_region,jit/arithmetic,10240,263333,1,716
native_region,jit/arithmetic,1048576,254834,1,716
native_metadata,dense,9500,468542,1,1144,0
native_region,jit/dense,100,605166,1,1144
native_region,jit/dense,500,486292,1,1144
native_region,jit/dense,1024,413125,1,1144
native_region,jit/dense,10240,539250,1,1144
native_region,jit/dense,1048576,409250,1,1144
native_metadata,branch,8708,452583,1,1056,0
native_region,jit/branch,100,371250,1,1056
native_region,jit/branch,500,361625,1,1056
native_region,jit/branch,1024,365084,1,1056
native_region,jit/branch,10240,353083,1,1056
native_region,jit/branch,1048576,353750,1,1056
native_region,jit/tiny,13,273708,1,716
native_region,jit/fold,122,407000,1,1144
native_region,jit/filter_map_fold,122,500958,1,1368
native_region,jit/numeric_fold,26,219625,1,504
native_region,jit/fold,472,402500,1,1144
native_region,jit/filter_map_fold,472,479208,1,1368
native_region,jit/numeric_fold,88,222625,1,504
native_region,jit/fold,1858,406833,1,1144
native_region,jit/filter_map_fold,1858,464916,1,1368
native_region,jit/numeric_fold,322,210667,1,504
native_region,jit/fold,14794,405750,1,1144
native_region,jit/filter_map_fold,14794,462583,1,1368
native_region,jit/numeric_fold,2506,264625,1,504
native_region,jit/fold,236554,448208,1,1144
native_region,jit/filter_map_fold,236554,509041,1,1368
native_region,jit/numeric_fold,39946,217291,1,504
