native_metadata,arithmetic,30041,544667,1,716,0
native_region,jit/arithmetic,100,323292,1,716
native_region,jit/arithmetic,500,290416,1,716
native_region,jit/arithmetic,1024,268292,1,716
native_region,jit/arithmetic,10240,270083,1,716
native_region,jit/arithmetic,1048576,256250,1,716
native_metadata,dense,9500,469250,1,1144,0
native_region,jit/dense,100,406375,1,1144
native_region,jit/dense,500,392959,1,1144
native_region,jit/dense,1024,393667,1,1144
native_region,jit/dense,10240,396959,1,1144
native_region,jit/dense,1048576,394166,1,1144
native_metadata,branch,9167,436041,1,1056,0
native_region,jit/branch,100,382958,1,1056
native_region,jit/branch,500,368583,1,1056
native_region,jit/branch,1024,360417,1,1056
native_region,jit/branch,10240,348458,1,1056
native_region,jit/branch,1048576,348875,1,1056
native_region,jit/tiny,13,264750,1,716
native_region,jit/fold,122,404042,1,1144
native_region,jit/filter_map_fold,122,494584,1,1368
native_region,jit/numeric_fold,26,216584,1,504
native_region,jit/fold,472,396250,1,1144
native_region,jit/filter_map_fold,472,472417,1,1368
native_region,jit/numeric_fold,88,213875,1,504
native_region,jit/fold,1858,391125,1,1144
native_region,jit/filter_map_fold,1858,465250,1,1368
native_region,jit/numeric_fold,322,218458,1,504
native_region,jit/fold,14794,389000,1,1144
native_region,jit/filter_map_fold,14794,575541,1,1368
native_region,jit/numeric_fold,2506,222125,1,504
native_region,jit/fold,236554,415208,1,1144
native_region,jit/filter_map_fold,236554,496500,1,1368
native_region,jit/numeric_fold,39946,212250,1,504
