native_metadata,arithmetic,29250,522917,1,716,0
native_region,jit/arithmetic,100,350583,1,716
native_region,jit/arithmetic,500,300333,1,716
native_region,jit/arithmetic,1024,281166,1,716
native_region,jit/arithmetic,10240,276208,1,716
native_region,jit/arithmetic,1048576,272542,1,716
native_metadata,dense,8750,479083,1,1144,0
native_region,jit/dense,100,433209,1,1144
native_region,jit/dense,500,410000,1,1144
native_region,jit/dense,1024,400208,1,1144
native_region,jit/dense,10240,397208,1,1144
native_region,jit/dense,1048576,396291,1,1144
native_metadata,branch,8917,442042,1,1056,0
native_region,jit/branch,100,397292,1,1056
native_region,jit/branch,500,381208,1,1056
native_region,jit/branch,1024,365542,1,1056
native_region,jit/branch,10240,355541,1,1056
native_region,jit/branch,1048576,354916,1,1056
native_region,jit/tiny,13,284958,1,716
native_region,jit/fold,122,417542,1,1144
native_region,jit/filter_map_fold,122,545459,1,1368
native_region,jit/numeric_fold,26,261541,1,504
native_region,jit/fold,472,416291,1,1144
native_region,jit/filter_map_fold,472,509166,1,1368
native_region,jit/numeric_fold,88,229041,1,504
native_region,jit/fold,1858,411333,1,1144
native_region,jit/filter_map_fold,1858,490958,1,1368
native_region,jit/numeric_fold,322,225792,1,504
native_region,jit/fold,14794,411750,1,1144
native_region,jit/filter_map_fold,14794,756875,1,1368
native_region,jit/numeric_fold,2506,293959,1,504
native_region,jit/fold,236554,488959,1,1144
native_region,jit/filter_map_fold,236554,557708,1,1368
native_region,jit/numeric_fold,39946,254542,1,504
