native_metadata,arithmetic,35042,593334,1,716,0
native_region,jit/arithmetic,100,357625,1,716
native_region,jit/arithmetic,500,309583,1,716
native_region,jit/arithmetic,1024,283083,1,716
native_region,jit/arithmetic,10240,282500,1,716
native_region,jit/arithmetic,1048576,496875,1,716
native_metadata,dense,10167,521125,1,1144,0
native_region,jit/dense,100,468333,1,1144
native_region,jit/dense,500,420958,1,1144
native_region,jit/dense,1024,411250,1,1144
native_region,jit/dense,10240,403959,1,1144
native_region,jit/dense,1048576,404709,1,1144
native_metadata,branch,9000,446791,1,1056,0
native_region,jit/branch,100,395167,1,1056
native_region,jit/branch,500,380417,1,1056
native_region,jit/branch,1024,364291,1,1056
native_region,jit/branch,10240,365250,1,1056
native_region,jit/branch,1048576,371416,1,1056
native_region,jit/tiny,13,306959,1,716
native_region,jit/fold,122,436792,1,1144
native_region,jit/filter_map_fold,122,598250,1,1368
native_region,jit/numeric_fold,26,248792,1,504
native_region,jit/fold,472,415334,1,1144
native_region,jit/filter_map_fold,472,509334,1,1368
native_region,jit/numeric_fold,88,231208,1,504
native_region,jit/fold,1858,412000,1,1144
native_region,jit/filter_map_fold,1858,503416,1,1368
native_region,jit/numeric_fold,322,223167,1,504
native_region,jit/fold,14794,417875,1,1144
native_region,jit/filter_map_fold,14794,482750,1,1368
native_region,jit/numeric_fold,2506,219833,1,504
native_region,jit/fold,236554,403959,1,1144
native_region,jit/filter_map_fold,236554,484708,1,1368
native_region,jit/numeric_fold,39946,224583,1,504
