native_metadata,arithmetic,29959,525375,1,716,0
native_region,jit/arithmetic,100,307750,1,716
native_region,jit/arithmetic,500,282542,1,716
native_region,jit/arithmetic,1024,268042,1,716
native_region,jit/arithmetic,10240,268250,1,716
native_region,jit/arithmetic,1048576,258625,1,716
native_metadata,dense,9584,480166,1,1144,0
native_region,jit/dense,100,420500,1,1144
native_region,jit/dense,500,396917,1,1144
native_region,jit/dense,1024,393541,1,1144
native_region,jit/dense,10240,402416,1,1144
native_region,jit/dense,1048576,392250,1,1144
native_metadata,branch,9209,458250,1,1056,0
native_region,jit/branch,100,398917,1,1056
native_region,jit/branch,500,376834,1,1056
native_region,jit/branch,1024,364125,1,1056
native_region,jit/branch,10240,375875,1,1056
native_region,jit/branch,1048576,356666,1,1056
native_region,jit/tiny,13,270125,1,716
native_region,jit/fold,122,408875,1,1144
native_region,jit/filter_map_fold,122,506042,1,1368
native_region,jit/numeric_fold,26,219542,1,504
native_region,jit/fold,472,404208,1,1144
native_region,jit/filter_map_fold,472,476375,1,1368
native_region,jit/numeric_fold,88,223625,1,504
native_region,jit/fold,1858,397959,1,1144
native_region,jit/filter_map_fold,1858,465708,1,1368
native_region,jit/numeric_fold,322,209750,1,504
native_region,jit/fold,14794,394416,1,1144
native_region,jit/filter_map_fold,14794,472458,1,1368
native_region,jit/numeric_fold,2506,209417,1,504
native_region,jit/fold,236554,398208,1,1144
native_region,jit/filter_map_fold,236554,558875,1,1368
native_region,jit/numeric_fold,39946,225542,1,504
