native_metadata,arithmetic,30750,510209,1,716,0
native_region,jit/arithmetic,100,303417,1,716
native_region,jit/arithmetic,500,288958,1,716
native_region,jit/arithmetic,1024,263542,1,716
native_region,jit/arithmetic,10240,257958,1,716
native_region,jit/arithmetic,1048576,258792,1,716
native_metadata,dense,9542,466875,1,1144,0
native_region,jit/dense,100,406250,1,1144
native_region,jit/dense,500,394750,1,1144
native_region,jit/dense,1024,399917,1,1144
native_region,jit/dense,10240,396583,1,1144
native_region,jit/dense,1048576,389959,1,1144
native_metadata,branch,8750,450958,1,1056,0
native_region,jit/branch,100,367958,1,1056
native_region,jit/branch,500,353208,1,1056
native_region,jit/branch,1024,349750,1,1056
native_region,jit/branch,10240,349375,1,1056
native_region,jit/branch,1048576,345209,1,1056
native_region,jit/tiny,13,264167,1,716
native_region,jit/fold,122,470750,1,1144
native_region,jit/filter_map_fold,122,507541,1,1368
native_region,jit/numeric_fold,26,218541,1,504
native_region,jit/fold,472,419625,1,1144
native_region,jit/filter_map_fold,472,473875,1,1368
native_region,jit/numeric_fold,88,210875,1,504
native_region,jit/fold,1858,393625,1,1144
native_region,jit/filter_map_fold,1858,459333,1,1368
native_region,jit/numeric_fold,322,212458,1,504
native_region,jit/fold,14794,392833,1,1144
native_region,jit/filter_map_fold,14794,455500,1,1368
native_region,jit/numeric_fold,2506,219041,1,504
native_region,jit/fold,236554,396666,1,1144
native_region,jit/filter_map_fold,236554,459042,1,1368
native_region,jit/numeric_fold,39946,221708,1,504
