native_metadata,arithmetic,31000,518667,1,716,0
native_region,jit/arithmetic,100,303125,1,716
native_region,jit/arithmetic,500,273041,1,716
native_region,jit/arithmetic,1024,322250,1,716
native_region,jit/arithmetic,10240,270250,1,716
native_region,jit/arithmetic,1048576,256916,1,716
native_metadata,dense,9542,469291,1,1144,0
native_region,jit/dense,100,405667,1,1144
native_region,jit/dense,500,394625,1,1144
native_region,jit/dense,1024,400208,1,1144
native_region,jit/dense,10240,386292,1,1144
native_region,jit/dense,1048576,386209,1,1144
native_metadata,branch,8583,428959,1,1056,0
native_region,jit/branch,100,373500,1,1056
native_region,jit/branch,500,358792,1,1056
native_region,jit/branch,1024,350125,1,1056
native_region,jit/branch,10240,347625,1,1056
native_region,jit/branch,1048576,351000,1,1056
native_region,jit/tiny,13,266125,1,716
native_region,jit/fold,122,399958,1,1144
native_region,jit/filter_map_fold,122,506458,1,1368
native_region,jit/numeric_fold,26,218875,1,504
native_region,jit/fold,472,411083,1,1144
native_region,jit/filter_map_fold,472,482459,1,1368
native_region,jit/numeric_fold,88,216625,1,504
native_region,jit/fold,1858,392791,1,1144
native_region,jit/filter_map_fold,1858,474583,1,1368
native_region,jit/numeric_fold,322,210000,1,504
native_region,jit/fold,14794,385208,1,1144
native_region,jit/filter_map_fold,14794,455209,1,1368
native_region,jit/numeric_fold,2506,209834,1,504
native_region,jit/fold,236554,397375,1,1144
native_region,jit/filter_map_fold,236554,461083,1,1368
native_region,jit/numeric_fold,39946,208083,1,504
