native_metadata,arithmetic,28458,559250,1,716,0
native_region,jit/arithmetic,100,307500,1,716
native_region,jit/arithmetic,500,285958,1,716
native_region,jit/arithmetic,1024,267125,1,716
native_region,jit/arithmetic,10240,258292,1,716
native_region,jit/arithmetic,1048576,258166,1,716
native_metadata,dense,9500,470792,1,1144,0
native_region,jit/dense,100,414167,1,1144
native_region,jit/dense,500,391584,1,1144
native_region,jit/dense,1024,389709,1,1144
native_region,jit/dense,10240,398667,1,1144
native_region,jit/dense,1048576,398375,1,1144
native_metadata,branch,8875,427709,1,1056,0
native_region,jit/branch,100,371541,1,1056
native_region,jit/branch,500,354792,1,1056
native_region,jit/branch,1024,446041,1,1056
native_region,jit/branch,10240,372917,1,1056
native_region,jit/branch,1048576,358958,1,1056
native_region,jit/tiny,13,272042,1,716
native_region,jit/fold,122,414417,1,1144
native_region,jit/filter_map_fold,122,502000,1,1368
native_region,jit/numeric_fold,26,221167,1,504
native_region,jit/fold,472,402000,1,1144
native_region,jit/filter_map_fold,472,474416,1,1368
native_region,jit/numeric_fold,88,209666,1,504
native_region,jit/fold,1858,393291,1,1144
native_region,jit/filter_map_fold,1858,462000,1,1368
native_region,jit/numeric_fold,322,207458,1,504
native_region,jit/fold,14794,388334,1,1144
native_region,jit/filter_map_fold,14794,454334,1,1368
native_region,jit/numeric_fold,2506,205333,1,504
native_region,jit/fold,236554,389000,1,1144
native_region,jit/filter_map_fold,236554,457833,1,1368
native_region,jit/numeric_fold,39946,208500,1,504
