native_metadata,arithmetic,36542,578000,1,716,0
native_region,jit/arithmetic,100,298583,1,716
native_region,jit/arithmetic,500,271875,1,716
native_region,jit/arithmetic,1024,261750,1,716
native_region,jit/arithmetic,10240,256166,1,716
native_region,jit/arithmetic,1048576,272375,1,716
native_metadata,dense,9542,479417,1,1144,0
native_region,jit/dense,100,408250,1,1144
native_region,jit/dense,500,402500,1,1144
native_region,jit/dense,1024,390000,1,1144
native_region,jit/dense,10240,392458,1,1144
native_region,jit/dense,1048576,384958,1,1144
native_metadata,branch,8959,429584,1,1056,0
native_region,jit/branch,100,371666,1,1056
native_region,jit/branch,500,353334,1,1056
native_region,jit/branch,1024,347542,1,1056
native_region,jit/branch,10240,356791,1,1056
native_region,jit/branch,1048576,358500,1,1056
native_region,jit/tiny,13,262458,1,716
native_region,jit/fold,122,393500,1,1144
native_region,jit/filter_map_fold,122,492166,1,1368
native_region,jit/numeric_fold,26,215166,1,504
native_region,jit/fold,472,401500,1,1144
native_region,jit/filter_map_fold,472,470750,1,1368
native_region,jit/numeric_fold,88,211583,1,504
native_region,jit/fold,1858,390833,1,1144
native_region,jit/filter_map_fold,1858,459084,1,1368
native_region,jit/numeric_fold,322,207875,1,504
native_region,jit/fold,14794,388958,1,1144
native_region,jit/filter_map_fold,14794,456667,1,1368
native_region,jit/numeric_fold,2506,207583,1,504
native_region,jit/fold,236554,396417,1,1144
native_region,jit/filter_map_fold,236554,554750,1,1368
native_region,jit/numeric_fold,39946,227708,1,504
