native_metadata,arithmetic,36791,579917,1,716,0
native_region,jit/arithmetic,100,360458,1,716
native_region,jit/arithmetic,500,302291,1,716
native_region,jit/arithmetic,1024,280250,1,716
native_region,jit/arithmetic,10240,270417,1,716
native_region,jit/arithmetic,1048576,282000,1,716
native_metadata,dense,25667,655333,1,1144,0
native_region,jit/dense,100,488208,1,1144
native_region,jit/dense,500,433125,1,1144
native_region,jit/dense,1024,409000,1,1144
native_region,jit/dense,10240,397208,1,1144
native_region,jit/dense,1048576,407750,1,1144
native_metadata,branch,8791,447000,1,1056,0
native_region,jit/branch,100,389833,1,1056
native_region,jit/branch,500,368250,1,1056
native_region,jit/branch,1024,359834,1,1056
native_region,jit/branch,10240,354333,1,1056
native_region,jit/branch,1048576,356500,1,1056
native_region,jit/tiny,13,302584,1,716
native_region,jit/fold,122,408250,1,1144
native_region,jit/filter_map_fold,122,545375,1,1368
native_region,jit/numeric_fold,26,247042,1,504
native_region,jit/fold,472,410000,1,1144
native_region,jit/filter_map_fold,472,503500,1,1368
native_region,jit/numeric_fold,88,228291,1,504
native_region,jit/fold,1858,402875,1,1144
native_region,jit/filter_map_fold,1858,487042,1,1368
native_region,jit/numeric_fold,322,222834,1,504
native_region,jit/fold,14794,418083,1,1144
native_region,jit/filter_map_fold,14794,478375,1,1368
native_region,jit/numeric_fold,2506,218875,1,504
native_region,jit/fold,236554,419416,1,1144
native_region,jit/filter_map_fold,236554,487667,1,1368
native_region,jit/numeric_fold,39946,318625,1,504
