native_metadata,arithmetic,27042,489875,1,716,0
native_region,jit/arithmetic,100,354333,1,716
native_region,jit/arithmetic,500,302666,1,716
native_region,jit/arithmetic,1024,287208,1,716
native_region,jit/arithmetic,10240,279750,1,716
native_region,jit/arithmetic,1048576,269542,1,716
native_metadata,dense,10000,476458,1,1144,0
native_region,jit/dense,100,455542,1,1144
native_region,jit/dense,500,418250,1,1144
native_region,jit/dense,1024,409000,1,1144
native_region,jit/dense,10240,402542,1,1144
native_region,jit/dense,1048576,400459,1,1144
native_metadata,branch,8667,435000,1,1056,0
native_region,jit/branch,100,396250,1,1056
native_region,jit/branch,500,384000,1,1056
native_region,jit/branch,1024,594625,1,1056
native_region,jit/branch,10240,439875,1,1056
native_region,jit/branch,1048576,406416,1,1056
native_region,jit/tiny,13,310584,1,716
native_region,jit/fold,122,457667,1,1144
native_region,jit/filter_map_fold,122,558625,1,1368
native_region,jit/numeric_fold,26,249209,1,504
native_region,jit/fold,472,436500,1,1144
native_region,jit/filter_map_fold,472,512375,1,1368
native_region,jit/numeric_fold,88,231084,1,504
native_region,jit/fold,1858,424625,1,1144
native_region,jit/filter_map_fold,1858,502500,1,1368
native_region,jit/numeric_fold,322,225334,1,504
native_region,jit/fold,14794,418750,1,1144
native_region,jit/filter_map_fold,14794,485334,1,1368
native_region,jit/numeric_fold,2506,222125,1,504
native_region,jit/fold,236554,412375,1,1144
native_region,jit/filter_map_fold,236554,497083,1,1368
native_region,jit/numeric_fold,39946,224792,1,504
