native_metadata,arithmetic,29291,537417,1,716,0
native_region,jit/arithmetic,100,368250,1,716
native_region,jit/arithmetic,500,315791,1,716
native_region,jit/arithmetic,1024,308958,1,716
native_region,jit/arithmetic,10240,283833,1,716
native_region,jit/arithmetic,1048576,274833,1,716
native_metadata,dense,10291,481417,1,1144,0
native_region,jit/dense,100,435875,1,1144
native_region,jit/dense,500,414000,1,1144
native_region,jit/dense,1024,404042,1,1144
native_region,jit/dense,10240,403750,1,1144
native_region,jit/dense,1048576,399708,1,1144
native_metadata,branch,9125,447166,1,1056,0
native_region,jit/branch,100,390375,1,1056
native_region,jit/branch,500,384500,1,1056
native_region,jit/branch,1024,359334,1,1056
native_region,jit/branch,10240,359750,1,1056
native_region,jit/branch,1048576,357583,1,1056
native_region,jit/tiny,13,284667,1,716
native_region,jit/fold,122,663292,1,1144
native_region,jit/filter_map_fold,122,610833,1,1368
native_region,jit/numeric_fold,26,266625,1,504
native_region,jit/fold,472,458708,1,1144
native_region,jit/filter_map_fold,472,523917,1,1368
native_region,jit/numeric_fold,88,234125,1,504
native_region,jit/fold,1858,429875,1,1144
native_region,jit/filter_map_fold,1858,497542,1,1368
native_region,jit/numeric_fold,322,225708,1,504
native_region,jit/fold,14794,419583,1,1144
native_region,jit/filter_map_fold,14794,487083,1,1368
native_region,jit/numeric_fold,2506,237333,1,504
native_region,jit/fold,236554,419458,1,1144
native_region,jit/filter_map_fold,236554,488458,1,1368
native_region,jit/numeric_fold,39946,227708,1,504
