native_metadata,arithmetic,29750,515542,1,716,0
native_region,jit/arithmetic,100,362334,1,716
native_region,jit/arithmetic,500,309500,1,716
native_region,jit/arithmetic,1024,283458,1,716
native_region,jit/arithmetic,10240,279375,1,716
native_region,jit/arithmetic,1048576,273625,1,716
native_metadata,dense,9708,473208,1,1144,0
native_region,jit/dense,100,438666,1,1144
native_region,jit/dense,500,419583,1,1144
native_region,jit/dense,1024,400959,1,1144
native_region,jit/dense,10240,396667,1,1144
native_region,jit/dense,1048576,399791,1,1144
native_metadata,branch,8792,437875,1,1056,0
native_region,jit/branch,100,392917,1,1056
native_region,jit/branch,500,383417,1,1056
native_region,jit/branch,1024,364584,1,1056
native_region,jit/branch,10240,358417,1,1056
native_region,jit/branch,1048576,375833,1,1056
native_region,jit/tiny,13,284000,1,716
native_region,jit/fold,122,413542,1,1144
native_region,jit/filter_map_fold,122,549333,1,1368
native_region,jit/numeric_fold,26,248375,1,504
native_region,jit/fold,472,411958,1,1144
native_region,jit/filter_map_fold,472,510667,1,1368
native_region,jit/numeric_fold,88,230375,1,504
native_region,jit/fold,1858,404250,1,1144
native_region,jit/filter_map_fold,1858,492042,1,1368
native_region,jit/numeric_fold,322,223334,1,504
native_region,jit/fold,14794,401166,1,1144
native_region,jit/filter_map_fold,14794,482750,1,1368
native_region,jit/numeric_fold,2506,379708,1,504
native_region,jit/fold,236554,506916,1,1144
native_region,jit/filter_map_fold,236554,575208,1,1368
native_region,jit/numeric_fold,39946,249250,1,504
