native_metadata,arithmetic,37958,592084,1,716,0
native_region,jit/arithmetic,100,301875,1,716
native_region,jit/arithmetic,500,273583,1,716
native_region,jit/arithmetic,1024,322625,1,716
native_region,jit/arithmetic,10240,266916,1,716
native_region,jit/arithmetic,1048576,256583,1,716
native_metadata,dense,9250,474042,1,1144,0
native_region,jit/dense,100,409792,1,1144
native_region,jit/dense,500,391625,1,1144
native_region,jit/dense,1024,388750,1,1144
native_region,jit/dense,10240,388125,1,1144
native_region,jit/dense,1048576,389000,1,1144
native_metadata,branch,8917,427916,1,1056,0
native_region,jit/branch,100,380250,1,1056
native_region,jit/branch,500,354417,1,1056
native_region,jit/branch,1024,352417,1,1056
native_region,jit/branch,10240,349833,1,1056
native_region,jit/branch,1048576,350083,1,1056
native_region,jit/tiny,13,263708,1,716
native_region,jit/fold,122,399208,1,1144
native_region,jit/filter_map_fold,122,499916,1,1368
native_region,jit/numeric_fold,26,217834,1,504
native_region,jit/fold,472,397458,1,1144
native_region,jit/filter_map_fold,472,472959,1,1368
native_region,jit/numeric_fold,88,211125,1,504
native_region,jit/fold,1858,393792,1,1144
native_region,jit/filter_map_fold,1858,462333,1,1368
native_region,jit/numeric_fold,322,207333,1,504
native_region,jit/fold,14794,388625,1,1144
native_region,jit/filter_map_fold,14794,462500,1,1368
native_region,jit/numeric_fold,2506,204375,1,504
native_region,jit/fold,236554,390834,1,1144
native_region,jit/filter_map_fold,236554,458958,1,1368
native_region,jit/numeric_fold,39946,259459,1,504
