native_metadata,arithmetic,37667,564458,1,716,0
native_region,jit/arithmetic,100,345333,1,716
native_region,jit/arithmetic,500,301500,1,716
native_region,jit/arithmetic,1024,276750,1,716
native_region,jit/arithmetic,10240,275458,1,716
native_region,jit/arithmetic,1048576,267833,1,716
native_metadata,dense,9750,495833,1,1144,0
native_region,jit/dense,100,446750,1,1144
native_region,jit/dense,500,421750,1,1144
native_region,jit/dense,1024,410917,1,1144
native_region,jit/dense,10240,400292,1,1144
native_region,jit/dense,1048576,396875,1,1144
native_metadata,branch,9084,451667,1,1056,0
native_region,jit/branch,100,390042,1,1056
native_region,jit/branch,500,382791,1,1056
native_region,jit/branch,1024,365500,1,1056
native_region,jit/branch,10240,360042,1,1056
native_region,jit/branch,1048576,361416,1,1056
native_region,jit/tiny,13,284875,1,716
native_region,jit/fold,122,414250,1,1144
native_region,jit/filter_map_fold,122,549291,1,1368
native_region,jit/numeric_fold,26,244291,1,504
native_region,jit/fold,472,414167,1,1144
native_region,jit/filter_map_fold,472,510292,1,1368
native_region,jit/numeric_fold,88,231500,1,504
native_region,jit/fold,1858,405542,1,1144
native_region,jit/filter_map_fold,1858,490708,1,1368
native_region,jit/numeric_fold,322,225083,1,504
native_region,jit/fold,14794,399875,1,1144
native_region,jit/filter_map_fold,14794,743250,1,1368
native_region,jit/numeric_fold,2506,274750,1,504
native_region,jit/fold,236554,470917,1,1144
native_region,jit/filter_map_fold,236554,541834,1,1368
native_region,jit/numeric_fold,39946,251375,1,504
