native_metadata,arithmetic,28500,507667,1,716,0
native_region,jit/arithmetic,100,336042,1,716
native_region,jit/arithmetic,500,291209,1,716
native_region,jit/arithmetic,1024,285209,1,716
native_region,jit/arithmetic,10240,280333,1,716
native_region,jit/arithmetic,1048576,272084,1,716
native_metadata,dense,22334,651792,1,1144,0
native_region,jit/dense,100,471875,1,1144
native_region,jit/dense,500,428125,1,1144
native_region,jit/dense,1024,411541,1,1144
native_region,jit/dense,10240,404625,1,1144
native_region,jit/dense,1048576,411958,1,1144
native_metadata,branch,9625,465125,1,1056,0
native_region,jit/branch,100,398625,1,1056
native_region,jit/branch,500,375541,1,1056
native_region,jit/branch,1024,372000,1,1056
native_region,jit/branch,10240,355625,1,1056
native_region,jit/branch,1048576,355167,1,1056
native_region,jit/tiny,13,299084,1,716
native_region,jit/fold,122,413625,1,1144
native_region,jit/filter_map_fold,122,540542,1,1368
native_region,jit/numeric_fold,26,240583,1,504
native_region,jit/fold,472,406584,1,1144
native_region,jit/filter_map_fold,472,518541,1,1368
native_region,jit/numeric_fold,88,231791,1,504
native_region,jit/fold,1858,401792,1,1144
native_region,jit/filter_map_fold,1858,489500,1,1368
native_region,jit/numeric_fold,322,220541,1,504
native_region,jit/fold,14794,400167,1,1144
native_region,jit/filter_map_fold,14794,478958,1,1368
native_region,jit/numeric_fold,2506,220875,1,504
native_region,jit/fold,236554,407292,1,1144
native_region,jit/filter_map_fold,236554,484833,1,1368
native_region,jit/numeric_fold,39946,222125,1,504
