native_metadata,arithmetic,36292,560583,1,716,0
native_region,jit/arithmetic,100,324500,1,716
native_region,jit/arithmetic,500,278875,1,716
native_region,jit/arithmetic,1024,265083,1,716
native_region,jit/arithmetic,10240,258625,1,716
native_region,jit/arithmetic,1048576,256500,1,716
native_metadata,dense,9625,474625,1,1144,0
native_region,jit/dense,100,411625,1,1144
native_region,jit/dense,500,398458,1,1144
native_region,jit/dense,1024,397750,1,1144
native_region,jit/dense,10240,408042,1,1144
native_region,jit/dense,1048576,389167,1,1144
native_metadata,branch,8916,434375,1,1056,0
native_region,jit/branch,100,375125,1,1056
native_region,jit/branch,500,370000,1,1056
native_region,jit/branch,1024,357167,1,1056
native_region,jit/branch,10240,351000,1,1056
native_region,jit/branch,1048576,356458,1,1056
native_region,jit/tiny,13,263291,1,716
native_region,jit/fold,122,472167,1,1144
native_region,jit/filter_map_fold,122,503875,1,1368
native_region,jit/numeric_fold,26,223791,1,504
native_region,jit/fold,472,409667,1,1144
native_region,jit/filter_map_fold,472,465291,1,1368
native_region,jit/numeric_fold,88,215291,1,504
native_region,jit/fold,1858,398250,1,1144
native_region,jit/filter_map_fold,1858,458500,1,1368
native_region,jit/numeric_fold,322,208375,1,504
native_region,jit/fold,14794,393125,1,1144
native_region,jit/filter_map_fold,14794,454959,1,1368
native_region,jit/numeric_fold,2506,217125,1,504
native_region,jit/fold,236554,394583,1,1144
native_region,jit/filter_map_fold,236554,470833,1,1368
native_region,jit/numeric_fold,39946,209708,1,504
