native_metadata,arithmetic,37500,592959,1,716,0
native_region,jit/arithmetic,100,351417,1,716
native_region,jit/arithmetic,500,306750,1,716
native_region,jit/arithmetic,1024,447208,1,716
native_region,jit/arithmetic,10240,340250,1,716
native_region,jit/arithmetic,1048576,304542,1,716
native_metadata,dense,9375,499250,1,1144,0
native_region,jit/dense,100,441042,1,1144
native_region,jit/dense,500,422042,1,1144
native_region,jit/dense,1024,403375,1,1144
native_region,jit/dense,10240,416167,1,1144
native_region,jit/dense,1048576,398334,1,1144
native_metadata,branch,9125,441708,1,1056,0
native_region,jit/branch,100,390875,1,1056
native_region,jit/branch,500,367250,1,1056
native_region,jit/branch,1024,358875,1,1056
native_region,jit/branch,10240,355375,1,1056
native_region,jit/branch,1048576,359042,1,1056
native_region,jit/tiny,13,290459,1,716
native_region,jit/fold,122,423041,1,1144
native_region,jit/filter_map_fold,122,545542,1,1368
native_region,jit/numeric_fold,26,248000,1,504
native_region,jit/fold,472,415833,1,1144
native_region,jit/filter_map_fold,472,509500,1,1368
native_region,jit/numeric_fold,88,238084,1,504
native_region,jit/fold,1858,434958,1,1144
native_region,jit/filter_map_fold,1858,507875,1,1368
native_region,jit/numeric_fold,322,225333,1,504
native_region,jit/fold,14794,406250,1,1144
native_region,jit/filter_map_fold,14794,492875,1,1368
native_region,jit/numeric_fold,2506,222250,1,504
native_region,jit/fold,236554,411625,1,1144
native_region,jit/filter_map_fold,236554,490750,1,1368
native_region,jit/numeric_fold,39946,225708,1,504
