native_metadata,arithmetic,39916,608583,1,716,0
native_region,jit/arithmetic,100,347542,1,716
native_region,jit/arithmetic,500,299125,1,716
native_region,jit/arithmetic,1024,277000,1,716
native_region,jit/arithmetic,10240,270209,1,716
native_region,jit/arithmetic,1048576,268666,1,716
native_metadata,dense,10083,480375,1,1144,0
native_region,jit/dense,100,432791,1,1144
native_region,jit/dense,500,410459,1,1144
native_region,jit/dense,1024,400084,1,1144
native_region,jit/dense,10240,395458,1,1144
native_region,jit/dense,1048576,397459,1,1144
native_metadata,branch,8917,434958,1,1056,0
native_region,jit/branch,100,393292,1,1056
native_region,jit/branch,500,383416,1,1056
native_region,jit/branch,1024,625167,1,1056
native_region,jit/branch,10240,441583,1,1056
native_region,jit/branch,1048576,403959,1,1056
native_region,jit/tiny,13,316875,1,716
native_region,jit/fold,122,453875,1,1144
native_region,jit/filter_map_fold,122,551250,1,1368
native_region,jit/numeric_fold,26,246750,1,504
native_region,jit/fold,472,433334,1,1144
native_region,jit/filter_map_fold,472,526292,1,1368
native_region,jit/numeric_fold,88,230500,1,504
native_region,jit/fold,1858,421000,1,1144
native_region,jit/filter_map_fold,1858,491291,1,1368
native_region,jit/numeric_fold,322,225166,1,504
native_region,jit/fold,14794,413750,1,1144
native_region,jit/filter_map_fold,14794,483792,1,1368
native_region,jit/numeric_fold,2506,222416,1,504
native_region,jit/fold,236554,408083,1,1144
native_region,jit/filter_map_fold,236554,480709,1,1368
native_region,jit/numeric_fold,39946,229209,1,504
