native_metadata,arithmetic,37334,585541,1,716,0
native_region,jit/arithmetic,100,299458,1,716
native_region,jit/arithmetic,500,272334,1,716
native_region,jit/arithmetic,1024,324208,1,716
native_region,jit/arithmetic,10240,266917,1,716
native_region,jit/arithmetic,1048576,256750,1,716
native_metadata,dense,9459,466750,1,1144,0
native_region,jit/dense,100,420625,1,1144
native_region,jit/dense,500,408875,1,1144
native_region,jit/dense,1024,393166,1,1144
native_region,jit/dense,10240,385917,1,1144
native_region,jit/dense,1048576,394292,1,1144
native_metadata,branch,8875,438417,1,1056,0
native_region,jit/branch,100,371458,1,1056
native_region,jit/branch,500,353208,1,1056
native_region,jit/branch,1024,348458,1,1056
native_region,jit/branch,10240,347833,1,1056
native_region,jit/branch,1048576,347667,1,1056
native_region,jit/tiny,13,263083,1,716
native_region,jit/fold,122,403209,1,1144
native_region,jit/filter_map_fold,122,504917,1,1368
native_region,jit/numeric_fold,26,222250,1,504
native_region,jit/fold,472,398708,1,1144
native_region,jit/filter_map_fold,472,487542,1,1368
native_region,jit/numeric_fold,88,213875,1,504
native_region,jit/fold,1858,398333,1,1144
native_region,jit/filter_map_fold,1858,461459,1,1368
native_region,jit/numeric_fold,322,209458,1,504
native_region,jit/fold,14794,389209,1,1144
native_region,jit/filter_map_fold,14794,457458,1,1368
native_region,jit/numeric_fold,2506,204459,1,504
native_region,jit/fold,236554,392334,1,1144
native_region,jit/filter_map_fold,236554,463125,1,1368
native_region,jit/numeric_fold,39946,209166,1,504
