cargo fmt --all -- --check
just clippy
cargo clippy --workspace --all-targets --locked -- -D warnings
    Checking jx v0.1.0 (/Users/josh/Documents/Workspace/jo-cube/jx/crates/jx)
    Checking jx-cli v0.1.0 (/Users/josh/Documents/Workspace/jo-cube/jx/crates/jx-cli)
    Finished `dev` profile [unoptimized + debuginfo] target(s) in 1.36s
just test
cargo test --workspace --locked
   Compiling jx-cli v0.1.0 (/Users/josh/Documents/Workspace/jo-cube/jx/crates/jx-cli)
   Compiling jx v0.1.0 (/Users/josh/Documents/Workspace/jo-cube/jx/crates/jx)
    Finished `test` profile [unoptimized + debuginfo] target(s) in 1.86s
     Running unittests src/lib.rs (target/debug/deps/jx-283396e92257456e)

running 5 tests
test plan::tests::whole_regions_lower ... ok
test plan::tests::nested_demands_preserve_replacement_and_array_fallback ... ok
test plan::tests::plan_and_tree_agree_on_values_and_exact_errors ... ok
test plan::tests::fixed_objects_lookup_and_capture_match_the_tree ... ok
test plan::tests::branches_and_folds_match_the_tree ... ok

test result: ok. 5 passed; 0 failed; 0 ignored; 0 measured; 0 filtered out; finished in 2.08s

     Running tests/aggregates.rs (target/debug/deps/aggregates-36467e8652de35ea)

running 5 tests
test validation_cancellation_and_mapped_aggregate_errors ... ok
test aggregates_preserve_ieee_values_and_signed_zero ... ok
test aggregate_arguments_finish_before_type_or_arity_checks ... ok
test aggregate_calls_keep_syntax_and_depth_limits_explicit ... ok
test aggregate_semantics ... ok

test result: ok. 5 passed; 0 failed; 0 ignored; 0 measured; 0 filtered out; finished in 0.00s

     Running tests/builtins.rs (target/debug/deps/builtins-77c5fe2d4121da71)

running 5 tests
test deferred_matchers_and_host_exceptions_are_explicit ... ok
test computed_strings_preserve_json_encoding_and_surrogate_units ... ok
test builtin_retention_keeps_input_borrowing_and_evaluates_arguments_once ... ok
test validation_and_argument_errors_precede_callback_execution ... ok
test builtin_semantics ... ok

test result: ok. 5 passed; 0 failed; 0 ignored; 0 measured; 0 filtered out; finished in 0.00s

     Running tests/compiler.rs (target/debug/deps/compiler-c073a9a4f22a2a86)

running 4 tests
test constant_errors_remain_runtime_errors_after_validation ... ok
test static_lookup_still_validates_and_normalizes_its_key ... ok
test lookup_shapes_keys_and_calls ... ok
test constant_construction_keeps_identity_and_shape ... ok

test result: ok. 4 passed; 0 failed; 0 ignored; 0 measured; 0 filtered out; finished in 0.00s

     Running tests/conformance.rs (target/debug/deps/conformance-dbf31341087731ca)

running 1 test
test pinned_upstream_groups_have_explicit_expected_outcomes ... ok

test result: ok. 1 passed; 0 failed; 0 ignored; 0 measured; 0 filtered out; finished in 0.12s

     Running tests/constructors.rs (target/debug/deps/constructors-5ec04b236509315e)

running 9 tests
test implicit_string_iteration_after_constructor_collapse_is_explicitly_deferred ... ok
test object_construction_does_not_mutate_empty_input_arrays ... ok
test null_collapse_reports_a_type_error_instead_of_a_host_exception ... ok
test serialization_keeps_unicode_units_and_arbitrary_json_keys ... ok
test containers_own_structure_and_retain_borrowed_members ... ok
test construction_preserves_internal_numbers_and_undefined ... ok
test construction_validates_before_output_and_cancels_between_containers ... ok
test constructor_syntax_and_depth_are_bounded ... ok
test constructor_semantics ... ok

test result: ok. 9 passed; 0 failed; 0 ignored; 0 measured; 0 filtered out; finished in 0.01s

     Running tests/execution.rs (target/debug/deps/execution-8fd1947384dc3bba)

running 7 tests
test planned_regions_do_not_round_borrowed_output ... ok
test numeric_regions_keep_validation_and_error_precedence ... ok
test numeric_regions_compose_with_contexts_and_retention ... ok
test numeric_regions_accept_constructed_and_retained_contexts ... ok
test branches_fixed_objects_and_streamed_folds_compose ... ok
test numeric_regions_preserve_missing_shape_and_record_isolation ... ok
test numeric_regions_preserve_ordering_and_stream_cancellation ... ok

test result: ok. 7 passed; 0 failed; 0 ignored; 0 measured; 0 filtered out; finished in 0.00s

     Running tests/filters.rs (target/debug/deps/filters-a665417a9bce572a)

running 5 tests
test filtered_values_borrow_input_and_cancellation_stops_predicates ... ok
test undefined_sequence_items_remain_distinct_from_null ... ok
test upstream_stage_errors_take_precedence_over_later_stage_errors ... ok
test filter_semantics ... ok
test filters_have_bounded_depth_and_keep_deferred_syntax_explicit ... ok

test result: ok. 5 passed; 0 failed; 0 ignored; 0 measured; 0 filtered out; finished in 0.01s

     Running tests/json_validation.rs (target/debug/deps/json_validation-845dc26b3e6dc2f3)

running 6 tests
test valid_json_syntax_and_utf8 ... ok
test invalid_json_syntax ... ok
test rejects_invalid_utf8_anywhere_even_in_unselected_fields ... ok
test deterministic_mutations_agree_with_serde_on_common_json_domain ... ok
test depth_limit_and_large_shallow_records ... ok
test planned_capture_preserves_complete_validation_and_exact_diagnostics ... ok

test result: ok. 6 passed; 0 failed; 0 ignored; 0 measured; 0 filtered out; finished in 0.05s

     Running tests/lexical.rs (target/debug/deps/lexical-e855bedb234e048e)

running 8 tests
test retained_output_obeys_consumer_cancellation ... ok
test function_results_are_opaque_and_not_json ... ok
test retained_bindings_preserve_input_borrowing ... ok
test deferred_features_and_constructor_binding_races_are_explicit ... ok
test recursion_accounts_for_large_function_bodies ... ok
test recursion_is_bounded_and_an_error_does_not_poison_reuse ... ok
test evaluations_isolate_scope_and_validate_before_execution ... ok
test lexical_semantics ... ok

test result: ok. 8 passed; 0 failed; 0 ignored; 0 measured; 0 filtered out; finished in 0.01s

     Running tests/navigation.rs (target/debug/deps/navigation-def3c34345a3428c)

running 4 tests
test range_limits_and_deferred_tuple_navigation_are_explicit ... ok
test nested_fallbacks_compile_without_expanding_the_left_tree ... ok
test validation_borrowing_and_cancellation ... ok
test navigation_semantics ... ok

test result: ok. 4 passed; 0 failed; 0 ignored; 0 measured; 0 filtered out; finished in 0.01s

     Running tests/scalars.rs (target/debug/deps/scalars-7428e776dc97652d)

running 7 tests
test computed_scalars_and_literal_strings_need_no_owned_output ... ok
test expression_whitespace_matches_the_language_tokenizer ... ok
test operator_errors_have_expression_offsets_after_complete_validation ... ok
test duplicate_keys_unicode_and_binary64_boundaries ... ok
test compile_errors_and_expression_depth_are_bounded ... ok
test scalar_operators_and_sequence_operands ... ok
test structural_equality_and_boolean_casting_respect_input_depth_limits ... ok

test result: ok. 7 passed; 0 failed; 0 ignored; 0 measured; 0 filtered out; finished in 0.01s

     Running tests/semantics.rs (target/debug/deps/semantics-17591f0749f1de6f)

running 8 tests
test serialization_propagates_consumer_failure ... ok
test compact_serialization_preserves_string_and_number_bytes ... ok
test unsupported_semantics_fail_explicitly ... ok
test results_borrow_input_not_the_expression ... ok
test field_names_compare_decoded_escapes ... ok
test validate_before_returning_a_selected_value_or_semantic_error ... ok
test object_paths_missing_and_raw_values ... ok
test compile_once_reuse_across_records_and_threads ... ok

test result: ok. 8 passed; 0 failed; 0 ignored; 0 measured; 0 filtered out; finished in 0.00s

     Running tests/sequences.rs (target/debug/deps/sequences-da7baca561a51a9e)

running 6 tests
test fully_validate_before_emitting_any_sequence_item ... ok
test streamed_values_borrow_their_original_ranges ... ok
test cancellation_preserves_the_consumer_error_and_stops_emission ... ok
test duplicate_keys_and_escaped_names_inside_arrays ... ok
test array_navigation_and_sequence_boundaries ... ok
test traversal_is_bounded_by_validated_input_depth_not_array_width ... ok

test result: ok. 6 passed; 0 failed; 0 ignored; 0 measured; 0 filtered out; finished in 0.03s

     Running tests/tuples.rs (target/debug/deps/tuples-6b3ff73d32f3f64f)

running 5 tests
test an_empty_scoped_group_constructs_an_empty_object ... ok
test cancellation_stops_scoped_stages_before_later_errors ... ok
test invalid_bindings_and_parent_navigation_remain_explicit ... ok
test scoped_paths_validate_before_output_and_borrow_selected_values ... ok
test scoped_path_semantics ... ok

test result: ok. 5 passed; 0 failed; 0 ignored; 0 measured; 0 filtered out; finished in 0.00s

     Running unittests src/main.rs (target/debug/deps/jx-b3e3a82f1487a97c)

running 3 tests
test stream::tests::output_failure_stops_before_consuming_the_next_record ... ok
test stream::tests::oversized_unterminated_record_stays_bounded ... ok
test stream::tests::framing_is_independent_of_buffer_boundaries ... ok

test result: ok. 3 passed; 0 failed; 0 ignored; 0 measured; 0 filtered out; finished in 0.00s

     Running tests/cli.rs (target/debug/deps/cli-d5919d0f805a472e)

running 15 tests
test invalid_record_never_emits_a_partial_sequence ... ok
test ndjson_missing_null_arrays_and_final_unterminated_record ... ok
test errors_have_distinct_exit_codes_and_record_context ... ok
test kept_sequences_and_reductions_preserve_record_framing ... ok
test lexical_runtime_is_fresh_for_each_record ... ok
test aggregates_distinguish_missing_empty_and_failed_records ... ok
test filters_frame_values_and_report_streamed_errors ... ok
test streams_multiple_files_and_stdin_in_order ... ok
test builtins_frame_sequences_and_escape_computed_strings ... ok
test scoped_paths_reset_bindings_and_preserve_sequence_framing ... ok
test help_empty_input_options_and_invalid_utf8 ... ok
test constructors_frame_complete_outputs_and_mapped_failures ... ok
test sequences_are_separate_lines_and_raw_arrays_stay_values ... ok
test scalar_results_and_runtime_errors_are_framed_per_record ... ok
test exact_record_limit_including_cr_but_excluding_lf ... ok

test result: ok. 15 passed; 0 failed; 0 ignored; 0 measured; 0 filtered out; finished in 0.51s

   Doc-tests jx

running 1 test
test crates/jx/src/lib.rs - (line 4) ... ok

test result: ok. 1 passed; 0 failed; 0 ignored; 0 measured; 0 filtered out; finished in 0.01s

all doctests ran in 1.05s; merged doctests compilation took 0.56s
cargo bench -p jx --bench throughput --locked -- --smoke
   Compiling jx v0.1.0 (/Users/josh/Documents/Workspace/jo-cube/jx/crates/jx)
    Finished `bench` profile [optimized] target(s) in 5.45s
     Running benches/throughput.rs (target/release/deps/throughput-ad1fdffe799128d8)
workload,input_bytes,sample,records,seconds,records_per_second,input_bytes_per_second,allocations_per_record,allocated_bytes_per_record
compile,0,0,32,0.000028708,1114672,0,8.000000,618.000000
ascii/validate,100,0,32,0.000007042,4544164,454416359,0.000000,0.000000
ascii/identity,100,0,32,0.000007459,4290119,429011932,0.000000,0.000000
ascii/shallow,100,0,32,0.000008541,3746634,374663388,0.000000,0.000000
ascii/nested,100,0,32,0.000009084,3522677,352267723,0.000000,0.000000
ascii/missing,100,0,32,0.000008291,3859607,385960680,0.000000,0.000000
ascii/array_value,100,0,32,0.000008458,3783400,378340033,0.000000,0.000000
ascii/identity_write,100,0,32,0.000012208,2621232,262123198,0.000000,0.000000
ascii/validate,500,0,32,0.000020958,1526863,763431625,0.000000,0.000000
ascii/identity,500,0,32,0.000021208,1508865,754432290,0.000000,0.000000
ascii/shallow,500,0,32,0.000023292,1373862,686931135,0.000000,0.000000
ascii/nested,500,0,32,0.000022666,1411806,705903115,0.000000,0.000000
ascii/missing,500,0,32,0.000021958,1457328,728663813,0.000000,0.000000
ascii/array_value,500,0,32,0.000022375,1430168,715083799,0.000000,0.000000
ascii/identity_write,500,0,32,0.000047625,671916,335958005,0.000000,0.000000
ascii/validate,1024,0,32,0.000038916,822284,842018707,0.000000,0.000000
ascii/identity,1024,0,32,0.000039667,806716,826077092,0.000000,0.000000
ascii/shallow,1024,0,32,0.000040250,795031,814111801,0.000000,0.000000
ascii/nested,1024,0,32,0.000040959,781269,800019532,0.000000,0.000000
ascii/missing,1024,0,32,0.000040791,784487,803314457,0.000000,0.000000
ascii/array_value,1024,0,32,0.000040375,792570,811591331,0.000000,0.000000
ascii/identity_write,1024,0,32,0.000090833,352295,360749948,0.000000,0.000000
ascii/validate,10240,0,32,0.000368750,86780,888623729,0.000000,0.000000
ascii/identity,10240,0,32,0.000355209,90088,922499148,0.000000,0.000000
ascii/shallow,10240,0,32,0.000316833,101000,1034235701,0.000000,0.000000
ascii/nested,10240,0,32,0.000323125,99033,1014096712,0.000000,0.000000
ascii/missing,10240,0,32,0.000314917,101614,1040528139,0.000000,0.000000
ascii/array_value,10240,0,32,0.000311917,102591,1050535880,0.000000,0.000000
ascii/identity_write,10240,0,32,0.000672542,47581,487226077,0.000000,0.000000
ascii/validate,65536,0,32,0.002415666,13247,868146507,0.000000,0.000000
ascii/identity,65536,0,32,0.002080208,15383,1008145339,0.000000,0.000000
ascii/shallow,65536,0,32,0.001850584,17292,1133237940,0.000000,0.000000
ascii/nested,65536,0,32,0.001682958,19014,1246110717,0.000000,0.000000
ascii/missing,65536,0,32,0.001517792,21083,1381712382,0.000000,0.000000
ascii/array_value,65536,0,32,0.001505833,21251,1392685643,0.000000,0.000000
ascii/identity_write,65536,0,32,0.003088375,10361,679047072,0.000000,0.000000
ascii/validate,1048576,0,32,0.017214291,1859,1949219518,0.000000,0.000000
ascii/identity,1048576,0,32,0.017250583,1855,1945118724,0.000000,0.000000
ascii/shallow,1048576,0,32,0.017251167,1855,1945052877,0.000000,0.000000
ascii/nested,1048576,0,32,0.017261250,1854,1943916692,0.000000,0.000000
ascii/missing,1048576,0,32,0.016674583,1919,2012310113,0.000000,0.000000
ascii/array_value,1048576,0,32,0.017077667,1874,1964813578,0.000000,0.000000
ascii/identity_write,1048576,0,32,0.040599667,788,826470621,0.000000,0.000000
structured/validate,485,0,32,0.000014291,2239172,1085998181,0.000000,0.000000
structured/identity,485,0,32,0.000014500,2206897,1070344828,0.000000,0.000000
structured/shallow,485,0,32,0.000015375,2081301,1009430894,0.000000,0.000000
structured/nested,485,0,32,0.000016542,1934470,938217870,0.000000,0.000000
structured/missing,485,0,32,0.000016250,1969231,955076923,0.000000,0.000000
structured/array_value,485,0,32,0.000016333,1959224,950223474,0.000000,0.000000
structured/identity_write,485,0,32,0.000025667,1246737,604667472,0.000000,0.000000
unicode_escaped_keys/validate,960,0,32,0.000027583,1160135,1113729471,0.000000,0.000000
unicode_escaped_keys/identity,960,0,32,0.000025125,1273632,1222686567,0.000000,0.000000
unicode_escaped_keys/shallow,960,0,32,0.000025500,1254902,1204705882,0.000000,0.000000
unicode_escaped_keys/nested,960,0,32,0.000025834,1238678,1189130603,0.000000,0.000000
unicode_escaped_keys/missing,960,0,32,0.000025459,1256923,1206645980,0.000000,0.000000
unicode_escaped_keys/array_value,960,0,32,0.000025625,1248780,1198829268,0.000000,0.000000
unicode_escaped_keys/identity_write,960,0,32,0.000044709,715740,687109978,0.000000,0.000000
array/shallow,78,0,32,0.000007250,4413793,344275862,0.000000,0.000000
array/nested,78,0,32,0.000008541,3746634,292237443,0.000000,0.000000
array/flatten,78,0,32,0.000007583,4219966,329157326,0.000000,0.000000
array/missing,78,0,32,0.000007458,4290695,334674175,0.000000,0.000000
array/root,67,0,32,0.000006958,4599023,308134521,0.000000,0.000000
array/cancel_first,78,0,32,0.000007625,4196721,327344262,0.000000,0.000000
array/shallow,540,0,32,0.000052583,608562,328623319,0.000000,0.000000
array/nested,540,0,32,0.000071250,449123,242526316,0.000000,0.000000
array/flatten,540,0,32,0.000060292,530750,286605188,0.000000,0.000000
array/missing,540,0,32,0.000050167,637870,344449539,0.000000,0.000000
array/root,529,0,32,0.000047167,678440,358894990,0.000000,0.000000
array/cancel_first,540,0,32,0.000023333,1371448,740582008,0.000000,0.000000
array/shallow,1074,0,32,0.000106625,300117,322325909,0.000000,0.000000
array/nested,1074,0,32,0.000121250,263918,283447423,0.000000,0.000000
array/flatten,1074,0,32,0.000117792,271665,291768541,0.000000,0.000000
array/missing,1074,0,32,0.000105041,304643,327186527,0.000000,0.000000
array/root,1063,0,32,0.000105750,302600,321664303,0.000000,0.000000
array/cancel_first,1074,0,32,0.000042375,755162,811044248,0.000000,0.000000
array/shallow,8606,0,32,0.000812166,39401,339083389,0.000000,0.000000
array/nested,8606,0,32,0.000922292,34696,298595239,0.000000,0.000000
array/flatten,8606,0,32,0.000895125,35749,307657590,0.000000,0.000000
array/missing,8606,0,32,0.000778958,41081,353538958,0.000000,0.000000
array/root,8595,0,32,0.000808458,39582,340203202,0.000000,0.000000
array/cancel_first,8606,0,32,0.000258792,123651,1064144178,0.000000,0.000000
array/shallow,69558,0,32,0.006553875,4883,339624421,0.000000,0.000000
array/nested,69558,0,32,0.007334083,4363,303494793,0.000000,0.000000
array/flatten,69558,0,32,0.007080875,4519,314347591,0.000000,0.000000
array/missing,69558,0,32,0.006241667,5127,356612424,0.000000,0.000000
array/root,69547,0,32,0.006413084,4990,347025550,0.000000,0.000000
array/cancel_first,69558,0,32,0.001945916,16445,1143860269,0.000000,0.000000
array/shallow,1135782,0,32,0.104715750,306,347082688,0.000000,0.000000
array/nested,1135782,0,32,0.115999667,276,313320072,0.000000,0.000000
array/flatten,1135782,0,32,0.112481542,284,323119895,0.000000,0.000000
array/missing,1135782,0,32,0.099145208,323,366583769,0.000000,0.000000
array/root,1135771,0,32,0.102300666,313,355273073,0.000000,0.000000
array/cancel_first,1135782,0,32,0.031563834,1014,1151476845,0.000000,0.000000
array/nested_contexts,972,0,32,0.000204125,156767,152377220,0.000000,0.000000
array/sparse,785,0,32,0.000143375,223191,175204882,0.000000,0.000000
array/deep,136,0,32,0.000431500,74160,10085747,0.000000,0.000000
array/empty,2,0,32,0.000000583,54888508,109777015,0.000000,0.000000
array/singleton,12,0,32,0.000002375,13473684,161684211,0.000000,0.000000
array/nested_values,31,0,32,0.000006791,4712119,146075688,0.000000,0.000000
compile/scalar,0,0,32,0.000065333,489798,0,72.000000,4134.000000
scalar/literal,100,0,32,0.000002875,11130435,1113043478,0.000000,0.000000
scalar/arithmetic,100,0,32,0.000010333,3096874,309687409,0.000000,0.000000
scalar/nested,100,0,32,0.000010708,2988420,298841987,0.000000,0.000000
scalar/comparison,100,0,32,0.000010166,3147747,314774739,0.000000,0.000000
scalar/strings,100,0,32,0.000007250,4413793,441379310,0.000000,0.000000
scalar/boolean,100,0,32,0.000010625,3011765,301176471,0.000000,0.000000
scalar/missing,100,0,32,0.000010042,3186616,318661621,0.000000,0.000000
scalar/short_circuit,100,0,32,0.000003167,10104200,1010419956,0.000000,0.000000
scalar/mixed,100,0,32,0.000007792,4106776,410677618,0.000000,0.000000
scalar/write,100,0,32,0.000011333,2823612,282361246,0.000000,0.000000
scalar/literal,500,0,32,0.000009750,3282051,1641025641,0.000000,0.000000
scalar/arithmetic,500,0,32,0.000030791,1039265,519632360,0.000000,0.000000
scalar/nested,500,0,32,0.000030875,1036437,518218623,0.000000,0.000000
scalar/comparison,500,0,32,0.000030250,1057851,528925620,0.000000,0.000000
scalar/strings,500,0,32,0.000020667,1548362,774181062,0.000000,0.000000
scalar/boolean,500,0,32,0.000030750,1040650,520325203,0.000000,0.000000
scalar/missing,500,0,32,0.000030125,1062241,531120332,0.000000,0.000000
scalar/short_circuit,500,0,32,0.000009958,3213497,1606748343,0.000000,0.000000
scalar/mixed,500,0,32,0.000014459,2213154,1106577218,0.000000,0.000000
scalar/write,500,0,32,0.000031291,1022658,511329136,0.000000,0.000000
scalar/literal,1024,0,32,0.000018125,1765517,1807889655,0.000000,0.000000
scalar/arithmetic,1024,0,32,0.000055792,573559,587324348,0.000000,0.000000
scalar/nested,1024,0,32,0.000056000,571429,585142857,0.000000,0.000000
scalar/comparison,1024,0,32,0.000055375,577878,591747178,0.000000,0.000000
scalar/strings,1024,0,32,0.000037542,852379,872835757,0.000000,0.000000
scalar/boolean,1024,0,32,0.000055750,573991,587766816,0.000000,0.000000
scalar/missing,1024,0,32,0.000055334,578306,592185636,0.000000,0.000000
scalar/short_circuit,1024,0,32,0.000018458,1733666,1775273594,0.000000,0.000000
scalar/mixed,1024,0,32,0.000022792,1404001,1437697438,0.000000,0.000000
scalar/write,1024,0,32,0.000056625,565121,578684327,0.000000,0.000000
scalar/literal,10240,0,32,0.000169167,189162,1937020814,0.000000,0.000000
scalar/arithmetic,10240,0,32,0.000500416,63947,654815194,0.000000,0.000000
scalar/nested,10240,0,32,0.000515166,62116,636066821,0.000000,0.000000
scalar/comparison,10240,0,32,0.000501458,63814,653454527,0.000000,0.000000
scalar/strings,10240,0,32,0.000337166,94909,971865491,0.000000,0.000000
scalar/boolean,10240,0,32,0.000499000,64128,656673347,0.000000,0.000000
scalar/missing,10240,0,32,0.000504875,63382,649031939,0.000000,0.000000
scalar/short_circuit,10240,0,32,0.000169333,188977,1935121920,0.000000,0.000000
scalar/mixed,10240,0,32,0.000174084,183819,1882309690,0.000000,0.000000
scalar/write,10240,0,32,0.000500167,63979,655141183,0.000000,0.000000
scalar/literal,65536,0,32,0.001074166,29791,1952353733,0.000000,0.000000
scalar/arithmetic,65536,0,32,0.003161959,10120,663244527,0.000000,0.000000
scalar/nested,65536,0,32,0.003159916,10127,663673338,0.000000,0.000000
scalar/comparison,65536,0,32,0.003168500,10099,661875335,0.000000,0.000000
scalar/strings,65536,0,32,0.002127166,15043,985890147,0.000000,0.000000
scalar/boolean,65536,0,32,0.003182500,10055,658963708,0.000000,0.000000
scalar/missing,65536,0,32,0.003157375,10135,664207451,0.000000,0.000000
scalar/short_circuit,65536,0,32,0.001135125,28191,1847507543,0.000000,0.000000
scalar/mixed,65536,0,32,0.001085625,29476,1931746229,0.000000,0.000000
scalar/write,65536,0,32,0.003166708,10105,662249882,0.000000,0.000000
scalar/literal,1048576,0,32,0.017261292,1854,1943911962,0.000000,0.000000
scalar/arithmetic,1048576,0,32,0.049697958,644,675167217,0.000000,0.000000
scalar/nested,1048576,0,32,0.050895667,629,659278755,0.000000,0.000000
scalar/comparison,1048576,0,32,0.050627000,632,662777411,0.000000,0.000000
scalar/strings,1048576,0,32,0.033902250,944,989740563,0.000000,0.000000
scalar/boolean,1048576,0,32,0.049204333,650,681940593,0.000000,0.000000
scalar/missing,1048576,0,32,0.050592584,633,663228271,0.000000,0.000000
scalar/short_circuit,1048576,0,32,0.017357625,1844,1933123454,0.000000,0.000000
scalar/mixed,1048576,0,32,0.017230583,1857,1947376476,0.000000,0.000000
scalar/write,1048576,0,32,0.050612250,632,662970565,0.000000,0.000000
scalar/sequence_boolean,330,0,32,0.000056625,565121,186490066,0.000000,0.000000
scalar/sequence_array_equality,330,0,32,0.000080583,397106,131045009,0.000000,0.000000
scalar/sequence_equality,330,0,32,0.000102709,311560,102814748,3.000000,672.000000
scalar/array_equality,330,0,32,0.000146250,218803,72205128,16.000000,3264.000000
scalar/singleton,15,0,32,0.000004042,7916873,118753093,0.000000,0.000000
scalar/sequence_type_error,330,0,32,0.000035625,898246,296421053,0.000000,0.000000
scalar/object_equality,125,0,32,0.000046958,681460,85182504,3.000000,1396.000000
scalar/object_equality,2389,0,32,0.000800708,39965,95475504,7.000000,24948.000000
scalar/escaped_strings,26,0,32,0.000003083,10379500,269867013,0.000000,0.000000
compile/filter,0,0,32,0.000034958,915384,0,34.000000,2149.000000
filter/predicate,100,0,32,0.000016084,1989555,198955484,0.000000,0.000000
filter/none,100,0,32,0.000013750,2327273,232727273,0.000000,0.000000
filter/first,100,0,32,0.000010834,2953664,295366439,0.000000,0.000000
filter/last,100,0,32,0.000012708,2518099,251809884,0.000000,0.000000
filter/computed_last,100,0,32,0.000013834,2313142,231314154,0.000000,0.000000
filter/chained,100,0,32,0.000020792,1539053,153905348,0.000000,0.000000
filter/predicate,500,0,32,0.000029500,1084746,542372881,0.000000,0.000000
filter/none,500,0,32,0.000027167,1177900,588949829,0.000000,0.000000
filter/first,500,0,32,0.000024292,1317306,658653055,0.000000,0.000000
filter/last,500,0,32,0.000026083,1226853,613426370,0.000000,0.000000
filter/computed_last,500,0,32,0.000027625,1158371,579185520,0.000000,0.000000
filter/chained,500,0,32,0.000033708,949330,474664768,0.000000,0.000000
filter/predicate,1024,0,32,0.000046417,689403,705948252,0.000000,0.000000
filter/none,1024,0,32,0.000044125,725212,742617564,0.000000,0.000000
filter/first,1024,0,32,0.000041458,771866,790390274,0.000000,0.000000
filter/last,1024,0,32,0.000043250,739884,757641618,0.000000,0.000000
filter/computed_last,1024,0,32,0.000044625,717087,734296919,0.000000,0.000000
filter/chained,1024,0,32,0.000050625,632099,647269136,0.000000,0.000000
filter/predicate,10240,0,32,0.000342000,93567,958128655,0.000000,0.000000
filter/none,10240,0,32,0.000338084,94651,969226583,0.000000,0.000000
filter/first,10240,0,32,0.000334333,95713,980100678,0.000000,0.000000
filter/last,10240,0,32,0.000334417,95689,979854493,0.000000,0.000000
filter/computed_last,10240,0,32,0.000333834,95856,981565688,0.000000,0.000000
filter/chained,10240,0,32,0.000349042,91680,938798196,0.000000,0.000000
filter/predicate,65536,0,32,0.002078666,15394,1008893204,0.000000,0.000000
filter/none,65536,0,32,0.002051625,15597,1022190702,0.000000,0.000000
filter/first,65536,0,32,0.002087417,15330,1004663658,0.000000,0.000000
filter/last,65536,0,32,0.002081583,15373,1007479404,0.000000,0.000000
filter/computed_last,65536,0,32,0.002123083,15072,987786158,0.000000,0.000000
filter/chained,65536,0,32,0.002099291,15243,998981085,0.000000,0.000000
filter/predicate,1048576,0,32,0.033917417,943,989297976,0.000000,0.000000
filter/none,1048576,0,32,0.033917042,943,989308914,0.000000,0.000000
filter/first,1048576,0,32,0.033761125,948,993877781,0.000000,0.000000
filter/last,1048576,0,32,0.033938416,943,988685860,0.000000,0.000000
filter/computed_last,1048576,0,32,0.033917042,943,989308914,0.000000,0.000000
filter/chained,1048576,0,32,0.033933250,943,988836377,0.000000,0.000000
filter/wide_predicate,164,0,32,0.000053250,600939,98553991,0.000000,0.000000
filter/wide_last,164,0,32,0.000029083,1100299,180449060,0.000000,0.000000
filter/sequence_last,164,0,32,0.000052917,604721,99174178,0.000000,0.000000
filter/wide_predicate,2736,0,32,0.000821083,38973,106629902,0.000000,0.000000
filter/wide_last,2736,0,32,0.000379166,84396,230906780,0.000000,0.000000
filter/sequence_last,2736,0,32,0.000709916,45076,123327267,0.000000,0.000000
filter/wide_predicate,23392,0,32,0.006868833,4659,108976882,0.000000,0.000000
filter/wide_last,23392,0,32,0.003184083,10050,235089349,0.000000,0.000000
filter/sequence_last,23392,0,32,0.005782666,5534,129446176,0.000000,0.000000
filter/nested,892,0,32,0.000420959,76017,67807079,0.000000,0.000000
filter/per_group,892,0,32,0.000304500,105090,93740558,0.000000,0.000000
filter/global,892,0,32,0.000210125,152290,135842951,0.000000,0.000000
filter/deep,136,0,32,0.000431416,74174,10087711,0.000000,0.000000
filter/negative_chain,20,0,32,0.000284834,112346,2246923,0.000000,0.000000
compile/aggregate,0,0,32,0.000047833,668994,0,48.000000,3425.000000
aggregate/count,100,0,32,0.000008667,3692166,369216569,0.000000,0.000000
aggregate/sum,100,0,32,0.000008875,3605634,360563380,0.000000,0.000000
aggregate/min,100,0,32,0.000009125,3506849,350684932,0.000000,0.000000
aggregate/max,100,0,32,0.000009042,3539040,353904004,0.000000,0.000000
aggregate/filtered_count,100,0,32,0.000005917,5408146,540814602,0.000000,0.000000
aggregate/filtered_sum,100,0,32,0.000005916,5409060,540906018,0.000000,0.000000
aggregate/empty_sum,100,0,32,0.000005708,5606167,560616678,0.000000,0.000000
aggregate/count,500,0,32,0.000021750,1471264,735632184,0.000000,0.000000
aggregate/sum,500,0,32,0.000022208,1440922,720461095,0.000000,0.000000
aggregate/min,500,0,32,0.000022291,1435557,717778476,0.000000,0.000000
aggregate/max,500,0,32,0.000022334,1432793,716396525,0.000000,0.000000
aggregate/filtered_count,500,0,32,0.000012625,2534653,1267326733,0.000000,0.000000
aggregate/filtered_sum,500,0,32,0.000012791,2501759,1250879525,0.000000,0.000000
aggregate/empty_sum,500,0,32,0.000012416,2577320,1288659794,0.000000,0.000000
aggregate/count,1024,0,32,0.000038709,826681,846521481,0.000000,0.000000
aggregate/sum,1024,0,32,0.000045292,706527,723483176,0.000000,0.000000
aggregate/min,1024,0,32,0.000039292,814415,833961112,0.000000,0.000000
aggregate/max,1024,0,32,0.000039208,816160,835747807,0.000000,0.000000
aggregate/filtered_count,1024,0,32,0.000021041,1520840,1557340431,0.000000,0.000000
aggregate/filtered_sum,1024,0,32,0.000021125,1514793,1551147929,0.000000,0.000000
aggregate/empty_sum,1024,0,32,0.000021042,1520768,1557266420,0.000000,0.000000
aggregate/count,10240,0,32,0.000338334,94581,968510407,0.000000,0.000000
aggregate/sum,10240,0,32,0.000336083,95215,974997248,0.000000,0.000000
aggregate/min,10240,0,32,0.000338833,94442,967084080,0.000000,0.000000
aggregate/max,10240,0,32,0.000336208,95179,974634750,0.000000,0.000000
aggregate/filtered_count,10240,0,32,0.000172292,185731,1901887493,0.000000,0.000000
aggregate/filtered_sum,10240,0,32,0.000172375,185642,1900971719,0.000000,0.000000
aggregate/empty_sum,10240,0,32,0.000172125,185911,1903732752,0.000000,0.000000
aggregate/count,65536,0,32,0.002115917,15123,991131505,0.000000,0.000000
aggregate/sum,65536,0,32,0.002128625,15033,985214399,0.000000,0.000000
aggregate/min,65536,0,32,0.002135000,14988,982272600,0.000000,0.000000
aggregate/max,65536,0,32,0.002116375,15120,990917016,0.000000,0.000000
aggregate/filtered_count,65536,0,32,0.001085834,29470,1931374409,0.000000,0.000000
aggregate/filtered_sum,65536,0,32,0.001082083,29573,1938069446,0.000000,0.000000
aggregate/empty_sum,65536,0,32,0.001105625,28943,1896802261,0.000000,0.000000
aggregate/count,1048576,0,32,0.033954416,942,988219971,0.000000,0.000000
aggregate/sum,1048576,0,32,0.033973375,942,987668490,0.000000,0.000000
aggregate/min,1048576,0,32,0.033830625,946,991836007,0.000000,0.000000
aggregate/max,1048576,0,32,0.033861250,945,990938964,0.000000,0.000000
aggregate/filtered_count,1048576,0,32,0.016966333,1886,1977706791,0.000000,0.000000
aggregate/filtered_sum,1048576,0,32,0.017210958,1859,1949596995,0.000000,0.000000
aggregate/empty_sum,1048576,0,32,0.017236917,1856,1946660879,0.000000,0.000000
aggregate/array_count,23,0,32,0.000006250,5120000,117760000,0.000000,0.000000
aggregate/array_sum,23,0,32,0.000007417,4314413,99231495,0.000000,0.000000
aggregate/array_min,23,0,32,0.000007667,4173732,95995826,0.000000,0.000000
aggregate/array_max,23,0,32,0.000007625,4196721,96524590,0.000000,0.000000
aggregate/sequence_sum,23,0,32,0.000013666,2341578,53856286,0.000000,0.000000
aggregate/computed_sum,23,0,32,0.000009459,3383021,77809494,0.000000,0.000000
aggregate/wide_filtered_sum,23,0,32,0.000023875,1340314,30827225,0.000000,0.000000
aggregate/array_count,409,0,32,0.000070709,452559,185096664,0.000000,0.000000
aggregate/array_sum,409,0,32,0.000093208,343318,140417132,0.000000,0.000000
aggregate/array_min,409,0,32,0.000093875,340879,139419441,0.000000,0.000000
aggregate/array_max,409,0,32,0.000093959,340574,139294799,0.000000,0.000000
aggregate/sequence_sum,409,0,32,0.000173709,184216,75344398,0.000000,0.000000
aggregate/computed_sum,409,0,32,0.000138541,230979,94470229,0.000000,0.000000
aggregate/wide_filtered_sum,409,0,32,0.000360709,88714,36284096,0.000000,0.000000
aggregate/array_count,4017,0,32,0.000544917,58725,235896476,0.000000,0.000000
aggregate/array_sum,4017,0,32,0.000792458,40381,162209227,0.000000,0.000000
aggregate/array_min,4017,0,32,0.000731291,43758,175776811,0.000000,0.000000
aggregate/array_max,4017,0,32,0.000735750,43493,174711519,0.000000,0.000000
aggregate/sequence_sum,4017,0,32,0.001349542,23712,95250092,0.000000,0.000000
aggregate/computed_sum,4017,0,32,0.001072666,29832,119835997,0.000000,0.000000
aggregate/wide_filtered_sum,4017,0,32,0.003037125,10536,42324238,0.000000,0.000000
aggregate/array_count,87201,0,32,0.009518667,3362,293153653,0.000000,0.000000
aggregate/array_sum,87201,0,32,0.013086584,2445,213228448,0.000000,0.000000
aggregate/array_min,87201,0,32,0.013177583,2428,211755980,0.000000,0.000000
aggregate/array_max,87201,0,32,0.013022917,2457,214270889,0.000000,0.000000
aggregate/sequence_sum,87201,0,32,0.021986625,1455,126914977,0.000000,0.000000
aggregate/computed_sum,87201,0,32,0.017879709,1790,156066970,0.000000,0.000000
aggregate/wide_filtered_sum,87201,0,32,0.050811709,630,54917106,0.000000,0.000000
aggregate/nested_sum,1036,0,32,0.000245750,130214,134901322,0.000000,0.000000
aggregate/nested_filtered_sum,1036,0,32,0.000445875,71769,74352677,0.000000,0.000000
aggregate/nested_filtered_count,1036,0,32,0.000442708,72282,74884574,0.000000,0.000000
aggregate/nested_sum,16396,0,32,0.003907584,8189,134270178,0.000000,0.000000
aggregate/nested_filtered_sum,16396,0,32,0.007053625,4537,74383314,0.000000,0.000000
aggregate/nested_filtered_count,16396,0,32,0.006907291,4633,75959157,0.000000,0.000000
aggregate/nested_sum,1048588,0,32,0.246008208,130,136397140,0.000000,0.000000
aggregate/nested_filtered_sum,1048588,0,32,0.447137791,72,75043570,0.000000,0.000000
aggregate/nested_filtered_count,1048588,0,32,0.439946583,73,76270205,0.000000,0.000000
aggregate/deep_sum,136,0,32,0.000425042,75287,10238988,0.000000,0.000000
aggregate/deep_filtered_sum,136,0,32,0.000436666,73283,9966427,0.000000,0.000000
compile/constructor,0,0,32,0.000097125,329472,0,84.000000,6697.000000
construct/raw_member,100,0,32,0.000005958,5370930,537092984,3.000000,168.000000
construct/raw_member_write,100,0,32,0.000008542,3746195,374619527,3.000000,168.000000
construct/scalars,100,0,32,0.000017916,1786113,178611297,3.000000,552.000000
construct/filtered_summary,100,0,32,0.000030375,1053498,105349794,5.000000,368.000000
construct/nested,100,0,32,0.000050375,635236,63523573,15.000000,1352.000000
construct/navigate,100,0,32,0.000017125,1868613,186861314,3.000000,168.000000
construct/raw_member,500,0,32,0.000012833,2493571,1246785631,3.000000,168.000000
construct/raw_member_write,500,0,32,0.000024667,1297280,648639883,3.000000,168.000000
construct/scalars,500,0,32,0.000037875,844884,422442244,3.000000,552.000000
construct/filtered_summary,500,0,32,0.000050042,639463,319731426,5.000000,368.000000
construct/nested,500,0,32,0.000077625,412238,206119163,15.000000,1352.000000
construct/navigate,500,0,32,0.000030792,1039231,519615485,3.000000,168.000000
construct/raw_member,1024,0,32,0.000021500,1488372,1524093023,3.000000,168.000000
construct/raw_member_write,1024,0,32,0.000044750,715084,732245810,3.000000,168.000000
construct/scalars,1024,0,32,0.000063125,506931,519097030,3.000000,552.000000
construct/filtered_summary,1024,0,32,0.000076041,420826,430925422,5.000000,368.000000
construct/nested,1024,0,32,0.000111875,286034,292898324,15.000000,1352.000000
construct/navigate,1024,0,32,0.000047833,668994,685050070,3.000000,168.000000
construct/raw_member,10240,0,32,0.000172625,185373,1898218682,3.000000,168.000000
construct/raw_member_write,10240,0,32,0.000402333,79536,814449722,3.000000,168.000000
construct/scalars,10240,0,32,0.000506542,63173,646896013,3.000000,552.000000
construct/filtered_summary,10240,0,32,0.000519375,61613,630912154,5.000000,368.000000
construct/nested,10240,0,32,0.000711375,44983,460629063,15.000000,1352.000000
construct/navigate,10240,0,32,0.000352583,90759,929369822,3.000000,168.000000
construct/raw_member,65536,0,32,0.001078292,29677,1944883204,3.000000,168.000000
construct/raw_member_write,65536,0,32,0.002531916,12639,828286562,3.000000,168.000000
construct/scalars,65536,0,32,0.003167750,10102,662032042,3.000000,552.000000
construct/filtered_summary,65536,0,32,0.003181667,10058,659136233,5.000000,368.000000
construct/nested,65536,0,32,0.004270042,7494,491131469,15.000000,1352.000000
construct/navigate,65536,0,32,0.002167459,14764,967562478,3.000000,168.000000
construct/raw_member,1048576,0,32,0.017085500,1873,1963912792,3.000000,168.000000
construct/raw_member_write,1048576,0,32,0.040950833,781,819383381,3.000000,168.000000
construct/scalars,1048576,0,32,0.050263875,637,667565563,3.000000,552.000000
construct/filtered_summary,1048576,0,32,0.050659209,632,662356019,5.000000,368.000000
construct/nested,1048576,0,32,0.067325542,475,498390819,15.000000,1352.000000
construct/navigate,1048576,0,32,0.033975375,942,987610350,3.000000,168.000000
construct/mapped_objects,262,0,32,0.000085959,372271,97534871,12.000000,1184.000000
construct/collected_objects,262,0,32,0.000080916,395472,103613624,15.000000,1352.000000
construct/collected_write,262,0,32,0.000087292,366586,96045457,15.000000,1352.000000
construct/filtered_aggregate,262,0,32,0.000089750,356546,93415042,3.000000,296.000000
construct/mapped_objects,4334,0,32,0.001195208,26774,116036707,192.000000,18944.000000
construct/collected_objects,4334,0,32,0.001211750,26408,114452651,199.000000,21992.000000
construct/collected_write,4334,0,32,0.001286166,24880,107830560,199.000000,21992.000000
construct/filtered_aggregate,4334,0,32,0.001260500,25387,110026180,3.000000,296.000000
construct/mapped_objects,36190,0,32,0.009206541,3476,125788828,1536.000000,151552.000000
construct/collected_objects,36190,0,32,0.009142375,3500,126671680,1546.000000,176104.000000
construct/collected_write,36190,0,32,0.010011500,3196,115674974,1546.000000,176104.000000
construct/filtered_aggregate,36190,0,32,0.009974958,3208,116098734,3.000000,296.000000
construct/mapped_objects,624958,0,32,0.147532750,217,135554011,24576.000000,2424832.000000
construct/collected_objects,624958,0,32,0.147021791,218,136025115,24590.000000,2818024.000000
construct/collected_write,624958,0,32,0.162303958,197,123217303,24590.000000,2818024.000000
construct/filtered_aggregate,624958,0,32,0.160108833,200,124906638,3.000000,296.000000
construct/nested_summary,1036,0,32,0.000849541,37667,39023426,3.000000,296.000000
construct/nested_summary,16396,0,32,0.013263000,2413,39559074,3.000000,296.000000
construct/nested_summary,1048588,0,32,0.844263500,38,39744483,3.000000,296.000000
compile/lexical,0,0,32,0.000049667,644291,0,40.000000,3016.000000
lexical/lookup,100,0,32,0.000011417,2802838,280283787,5.000000,504.000000
lexical/repeated_binding,100,0,32,0.000013542,2363019,236301876,5.000000,504.000000
lexical/retained_sequence,100,0,32,0.000018584,1721911,172191132,7.000000,648.000000
lexical/closure_call,100,0,32,0.000021958,1457328,145732763,8.000000,768.000000
lexical/escaped_closure,100,0,32,0.000025208,1269438,126943827,11.000000,1032.000000
lexical/mixed,100,0,32,0.000042500,752941,75294118,14.000000,1480.000000
lexical/lookup,500,0,32,0.000024584,1301660,650829808,5.000000,504.000000
lexical/repeated_binding,500,0,32,0.000027083,1181553,590776502,5.000000,504.000000
lexical/retained_sequence,500,0,32,0.000032166,994839,497419636,7.000000,648.000000
lexical/closure_call,500,0,32,0.000050000,640000,320000000,8.000000,768.000000
lexical/escaped_closure,500,0,32,0.000044708,715756,357877785,11.000000,1032.000000
lexical/mixed,500,0,32,0.000064000,500000,250000000,14.000000,1480.000000
lexical/lookup,1024,0,32,0.000041875,764179,782519403,5.000000,504.000000
lexical/repeated_binding,1024,0,32,0.000044167,724523,741911382,5.000000,504.000000
lexical/retained_sequence,1024,0,32,0.000049375,648101,663655696,7.000000,648.000000
lexical/closure_call,1024,0,32,0.000067250,475836,487256506,8.000000,768.000000
lexical/escaped_closure,1024,0,32,0.000070417,454436,465342176,11.000000,1032.000000
lexical/mixed,1024,0,32,0.000088291,362438,371136356,14.000000,1480.000000
lexical/lookup,10240,0,32,0.000338542,94523,967915355,5.000000,504.000000
lexical/repeated_binding,10240,0,32,0.000341459,93715,959646693,5.000000,504.000000
lexical/retained_sequence,10240,0,32,0.000345833,92530,947509347,7.000000,648.000000
lexical/closure_call,10240,0,32,0.000510583,62673,641776166,8.000000,768.000000
lexical/escaped_closure,10240,0,32,0.000526500,60779,622374169,11.000000,1032.000000
lexical/mixed,10240,0,32,0.000532167,60132,615746561,14.000000,1480.000000
lexical/lookup,65536,0,32,0.002125791,15053,986527838,5.000000,504.000000
lexical/repeated_binding,65536,0,32,0.002133500,14999,982963206,5.000000,504.000000
lexical/retained_sequence,65536,0,32,0.002129667,15026,984732355,7.000000,648.000000
lexical/closure_call,65536,0,32,0.003190542,10030,657302740,8.000000,768.000000
lexical/escaped_closure,65536,0,32,0.003186000,10044,658239799,11.000000,1032.000000
lexical/mixed,65536,0,32,0.003208333,9974,653657834,14.000000,1480.000000
lexical/lookup,1048576,0,32,0.033999541,941,986908382,5.000000,504.000000
lexical/repeated_binding,1048576,0,32,0.033688916,950,996008064,5.000000,504.000000
lexical/retained_sequence,1048576,0,32,0.033986000,942,987301595,7.000000,648.000000
lexical/closure_call,1048576,0,32,0.050818334,630,660282016,8.000000,768.000000
lexical/escaped_closure,1048576,0,32,0.050697875,631,661850857,11.000000,1032.000000
lexical/mixed,1048576,0,32,0.050057458,639,670318337,14.000000,1480.000000
lexical/mapped_calls,106,0,32,0.000064209,498373,52827485,25.000000,2392.000000
lexical/repeated_projection,106,0,32,0.000032917,972142,103047058,8.000000,840.000000
lexical/mapped_calls,1692,0,32,0.000836875,38237,64697834,269.000000,30232.000000
lexical/repeated_projection,1692,0,32,0.000353750,90459,153057244,12.000000,6600.000000
lexical/mapped_calls,14260,0,32,0.005873667,5448,77689117,2064.000000,238104.000000
lexical/repeated_projection,14260,0,32,0.002704375,11833,168733996,15.000000,49608.000000
lexical/mapped_calls,251044,0,32,0.098151750,326,81846814,32788.000000,3801624.000000
lexical/repeated_projection,251044,0,32,0.044330000,722,181218317,19.000000,786888.000000
lexical/nested_retention,1036,0,32,0.000477458,67022,69434380,10.000000,1992.000000
lexical/nested_retention,16396,0,32,0.007217334,4434,72696095,14.000000,25032.000000
lexical/nested_retention,1048588,0,32,0.457239250,70,73385686,20.000000,1573320.000000
compile/nested_fallback,0,0,32,0.000115375,277356,0,113.000000,8089.000000
compile/navigation,0,0,32,0.000066000,484848,0,55.000000,4655.000000
navigation/keep,100,0,32,0.000017209,1859492,185949213,2.000000,144.000000
navigation/wildcard,100,0,32,0.000030917,1035029,103502927,8.000000,1072.000000
navigation/descendants,100,0,32,0.000042459,753668,75366824,8.000000,1072.000000
navigation/ordering,100,0,32,0.000024625,1299492,129949239,6.000000,320.000000
navigation/grouping,100,0,32,0.000028083,1139479,113947940,11.000000,824.000000
navigation/membership,100,0,32,0.000019625,1630573,163057325,2.000000,32.000000
navigation/fallback,100,0,32,0.000010250,3121951,312195122,0.000000,0.000000
navigation/mixed,100,0,32,0.000030333,1054957,105495665,11.000000,968.000000
navigation/keep,500,0,32,0.000030500,1049180,524590164,2.000000,144.000000
navigation/wildcard,500,0,32,0.000044625,717087,358543417,8.000000,1072.000000
navigation/descendants,500,0,32,0.000069417,460982,230491090,8.000000,1072.000000
navigation/ordering,500,0,32,0.000035417,903521,451760454,6.000000,320.000000
navigation/grouping,500,0,32,0.000041291,774987,387493643,11.000000,824.000000
navigation/membership,500,0,32,0.000032875,973384,486692015,2.000000,32.000000
navigation/fallback,500,0,32,0.000030500,1049180,524590164,0.000000,0.000000
navigation/mixed,500,0,32,0.000043834,730027,365013460,11.000000,968.000000
navigation/keep,1024,0,32,0.000047458,674280,690463146,2.000000,144.000000
navigation/wildcard,1024,0,32,0.000060917,525305,537912241,8.000000,1072.000000
navigation/descendants,1024,0,32,0.000103083,310429,317879767,8.000000,1072.000000
navigation/ordering,1024,0,32,0.000052250,612440,627138756,6.000000,320.000000
navigation/grouping,1024,0,32,0.000058125,550538,563750538,11.000000,824.000000
navigation/membership,1024,0,32,0.000050042,639463,654809960,2.000000,32.000000
navigation/fallback,1024,0,32,0.000055750,573991,587766816,0.000000,0.000000
navigation/mixed,1024,0,32,0.000060709,527105,539755226,11.000000,968.000000
navigation/keep,10240,0,32,0.000344792,92810,950370078,2.000000,144.000000
navigation/wildcard,10240,0,32,0.000358375,89292,914349494,8.000000,1072.000000
navigation/descendants,10240,0,32,0.000691417,46282,473925287,8.000000,1072.000000
navigation/ordering,10240,0,32,0.000349750,91494,936897784,6.000000,320.000000
navigation/grouping,10240,0,32,0.000355834,89930,920878837,11.000000,824.000000
navigation/membership,10240,0,32,0.000357916,89406,915522078,2.000000,32.000000
navigation/fallback,10240,0,32,0.000499125,64112,656508891,0.000000,0.000000
navigation/mixed,10240,0,32,0.000358292,89313,914561308,11.000000,968.000000
navigation/keep,65536,0,32,0.002134042,14995,982713555,2.000000,144.000000
navigation/wildcard,65536,0,32,0.002141042,14946,979500636,8.000000,1072.000000
navigation/descendants,65536,0,32,0.004234167,7558,495292699,8.000000,1072.000000
navigation/ordering,65536,0,32,0.002167875,14761,967376809,6.000000,320.000000
navigation/grouping,65536,0,32,0.002155375,14847,972987067,11.000000,824.000000
navigation/membership,65536,0,32,0.002127959,15038,985522747,2.000000,32.000000
navigation/fallback,65536,0,32,0.003164875,10111,662633437,0.000000,0.000000
navigation/mixed,65536,0,32,0.002156250,14841,972592232,11.000000,968.000000
navigation/keep,1048576,0,32,0.033979667,942,987485604,2.000000,144.000000
navigation/wildcard,1048576,0,32,0.034023417,941,986215817,8.000000,1072.000000
navigation/descendants,1048576,0,32,0.066572209,481,504030623,8.000000,1072.000000
navigation/ordering,1048576,0,32,0.033880208,945,990384475,6.000000,320.000000
navigation/grouping,1048576,0,32,0.033978792,942,987511033,11.000000,824.000000
navigation/membership,1048576,0,32,0.033472500,956,1002447741,2.000000,32.000000
navigation/fallback,1048576,0,32,0.050660375,632,662340774,0.000000,0.000000
navigation/mixed,1048576,0,32,0.033715500,949,995222731,11.000000,968.000000
navigation/wide_sort,250,0,32,0.000090583,353267,88316792,7.000000,752.000000
navigation/wide_group,250,0,32,0.000069291,461820,115455110,10.000000,1016.000000
navigation/wide_descendants,250,0,32,0.000126125,253717,63429138,20.000000,2680.000000
navigation/range,250,0,32,0.000033375,958801,239700375,4.000000,360.000000
navigation/wide_sort,4144,0,32,0.002339500,13678,56682197,11.000000,11312.000000
navigation/wide_group,4144,0,32,0.000950333,33672,139538457,18.000000,9656.000000
navigation/wide_descendants,4144,0,32,0.001855416,17247,71470765,260.000000,34840.000000
navigation/range,4144,0,32,0.000419542,76274,316078009,8.000000,6120.000000
navigation/wide_sort,34657,0,32,0.024138709,1326,45943799,14.000000,90160.000000
navigation/wide_group,34657,0,32,0.007222375,4431,153553921,24.000000,74168.000000
navigation/wide_descendants,34657,0,32,0.014344083,2231,77315782,2052.000000,274968.000000
navigation/range,34657,0,32,0.003250417,9845,341194376,11.000000,49128.000000
navigation/wide_sort,600386,0,32,0.521174583,61,36863563,18.000000,1441840.000000
navigation/wide_group,600386,0,32,0.117799083,272,163094241,32.000000,1180088.000000
navigation/wide_descendants,600386,0,32,0.230478750,139,83358453,32772.000000,4391448.000000
navigation/range,600386,0,32,0.054552166,587,352183120,15.000000,786408.000000
navigation/distinct_groups,194,0,32,0.000059834,534813,103753719,5.000000,1464.000000
navigation/distinct_groups,3246,0,32,0.003062750,10448,33914619,10.000000,36664.000000
navigation/distinct_groups,27486,0,32,0.144554166,221,6084584,13.000000,294712.000000
navigation/deep_descendants,24,0,32,0.000025625,1248780,29970732,4.000000,536.000000
navigation/deep_descendants,72,0,32,0.000174542,183337,13200261,4.000000,536.000000
navigation/deep_descendants,136,0,32,0.000858042,37294,5072013,4.000000,536.000000
compiler/lookup_8_hit,501,0,32,0.000012625,2534653,1269861386,0.000000,0.000000
rust/lookup_8_hit,501,0,32,0.000009709,3295911,1651251416,0.000000,0.000000
compiler/lookup_8_miss,501,0,32,0.000009917,3226782,1616617929,0.000000,0.000000
rust/lookup_8_miss,501,0,32,0.000009500,3368421,1687578947,0.000000,0.000000
compiler/varying_lookup_8,501,0,32,0.000012833,2493571,1249279202,0.000000,0.000000
rust/varying_lookup_8,501,0,32,0.000009708,3296251,1651421508,0.000000,0.000000
compiler/bound_lookup_8,16,0,32,0.000010583,3023717,48379477,6.000000,520.000000
compile/lookup_8,0,0,32,0.000108125,295954,0,60.000000,5921.000000
compiler/lookup_128_hit,501,0,32,0.000014541,2200674,1102537652,0.000000,0.000000
rust/lookup_128_hit,501,0,32,0.000009708,3296251,1651421508,0.000000,0.000000
compiler/lookup_128_miss,501,0,32,0.000010542,3035477,1520774047,0.000000,0.000000
rust/lookup_128_miss,501,0,32,0.000009625,3324675,1665662338,0.000000,0.000000
compiler/varying_lookup_128,501,0,32,0.000016125,1984496,994232558,0.000000,0.000000
rust/varying_lookup_128,501,0,32,0.000009958,3213497,1609961840,0.000000,0.000000
compiler/bound_lookup_128,16,0,32,0.000013416,2385212,38163387,6.000000,520.000000
compile/lookup_128,0,0,32,0.005679542,5634,0,669.000000,101721.000000
compiler/lookup_1024_hit,501,0,32,0.000015708,2037179,1020626432,0.000000,0.000000
rust/lookup_1024_hit,501,0,32,0.000009709,3295911,1651251416,0.000000,0.000000
compiler/lookup_1024_miss,501,0,32,0.000010917,2931208,1468535312,0.000000,0.000000
rust/lookup_1024_miss,501,0,32,0.000009625,3324675,1665662338,0.000000,0.000000
compiler/varying_lookup_1024,501,0,32,0.000017791,1798662,901129785,0.000000,0.000000
rust/varying_lookup_1024,501,0,32,0.000010167,3147438,1576866332,0.000000,0.000000
compiler/bound_lookup_1024,16,0,32,0.000014958,2139323,34229175,6.000000,520.000000
compile/lookup_1024,0,0,32,0.256100666,125,0,5156.000000,820441.000000
compiler/lookup_4096_hit,501,0,32,0.000017125,1868613,936175182,0.000000,0.000000
rust/lookup_4096_hit,501,0,32,0.000009708,3296251,1651421508,0.000000,0.000000
compiler/lookup_4096_miss,501,0,32,0.000011333,2823612,1414629842,0.000000,0.000000
rust/lookup_4096_miss,501,0,32,0.000009625,3324675,1665662338,0.000000,0.000000
compiler/varying_lookup_4096,501,0,32,0.000019042,1680496,841928369,0.000000,0.000000
rust/varying_lookup_4096,501,0,32,0.000013125,2438095,1221485714,0.000000,0.000000
compiler/bound_lookup_4096,16,0,32,0.000015625,2048000,32768000,6.000000,520.000000
compile/lookup_4096,0,0,32,3.334813292,10,0,20520.000000,3281113.000000
compiler/constant_scalar,100,0,32,0.000003125,10240000,1024000000,0.000000,0.000000
compiler/repeated_fields,100,0,32,0.000006291,5086632,508663170,0.000000,0.000000
compiler/dynamic_leaves,100,0,32,0.000005625,5688889,568888889,3.000000,152.000000
compiler/filtered_sum,100,0,32,0.000006167,5188909,518890871,0.000000,0.000000
compiler/invariant_aggregate,100,0,32,0.000006833,4683155,468315528,0.000000,0.000000
compiler/builtin_reference,100,0,32,0.000003083,10379500,1037950049,0.000000,0.000000
compiler/static_array,100,0,32,0.000003417,9364940,936494001,1.000000,16.000000
compiler/constant_membership,100,0,32,0.000010542,3035477,303547714,1.000000,16.000000
compiler/lookup_record,100,0,32,0.000007709,4150992,415099235,0.000000,0.000000
rust/repeated_fields,100,0,32,0.000004000,8000000,800000000,0.000000,0.000000
compiler/constant_scalar,500,0,32,0.000009875,3240506,1620253165,0.000000,0.000000
compiler/repeated_fields,500,0,32,0.000012959,2469326,1234663168,0.000000,0.000000
compiler/dynamic_leaves,500,0,32,0.000012541,2551631,1275815326,3.000000,152.000000
compiler/filtered_sum,500,0,32,0.000012958,2469517,1234758450,0.000000,0.000000
compiler/invariant_aggregate,500,0,32,0.000020375,1570552,785276074,0.000000,0.000000
compiler/builtin_reference,500,0,32,0.000009917,3226782,1613391147,0.000000,0.000000
compiler/static_array,500,0,32,0.000010208,3134796,1567398119,1.000000,16.000000
compiler/constant_membership,500,0,32,0.000024042,1331004,665502038,1.000000,16.000000
compiler/lookup_record,500,0,32,0.000014584,2194185,1097092704,0.000000,0.000000
rust/repeated_fields,500,0,32,0.000010708,2988420,1494209936,0.000000,0.000000
compiler/constant_scalar,1024,0,32,0.000018417,1737525,1779225715,0.000000,0.000000
compiler/repeated_fields,1024,0,32,0.000021833,1465671,1500847341,0.000000,0.000000
compiler/dynamic_leaves,1024,0,32,0.000021208,1508865,1545077329,3.000000,152.000000
compiler/filtered_sum,1024,0,32,0.000021750,1471264,1506574713,0.000000,0.000000
compiler/invariant_aggregate,1024,0,32,0.000037250,859060,879677852,0.000000,0.000000
compiler/builtin_reference,1024,0,32,0.000018417,1737525,1779225715,0.000000,0.000000
compiler/static_array,1024,0,32,0.000018750,1706667,1747626667,1.000000,16.000000
compiler/constant_membership,1024,0,32,0.000040958,781288,800039064,1.000000,16.000000
compiler/lookup_record,1024,0,32,0.000023209,1378775,1411866086,0.000000,0.000000
rust/repeated_fields,1024,0,32,0.000019208,1665973,1705955852,0.000000,0.000000
compiler/constant_scalar,10240,0,32,0.000169416,188884,1934173868,0.000000,0.000000
compiler/repeated_fields,10240,0,32,0.000172708,185284,1897306436,0.000000,0.000000
compiler/dynamic_leaves,10240,0,32,0.000172417,185597,1900508651,3.000000,152.000000
compiler/filtered_sum,10240,0,32,0.000173042,184926,1893644318,0.000000,0.000000
compiler/invariant_aggregate,10240,0,32,0.000334333,95713,980100678,0.000000,0.000000
compiler/builtin_reference,10240,0,32,0.000169459,188836,1933683074,0.000000,0.000000
compiler/static_array,10240,0,32,0.000169875,188374,1928947756,1.000000,16.000000
compiler/constant_membership,10240,0,32,0.000338167,94628,968988695,1.000000,16.000000
compiler/lookup_record,10240,0,32,0.000174458,183425,1878274427,0.000000,0.000000
rust/repeated_fields,10240,0,32,0.000158041,202479,2073386020,0.000000,0.000000
compiler/constant_scalar,1048576,0,32,0.017261167,1854,1943926039,0.000000,0.000000
compiler/repeated_fields,1048576,0,32,0.017237333,1856,1946613899,0.000000,0.000000
compiler/dynamic_leaves,1048576,0,32,0.017258959,1854,1944174733,3.000000,152.000000
compiler/filtered_sum,1048576,0,32,0.017147750,1866,1956783368,0.000000,0.000000
compiler/invariant_aggregate,1048576,0,32,0.033861541,945,990930448,0.000000,0.000000
compiler/builtin_reference,1048576,0,32,0.017227583,1857,1947715591,0.000000,0.000000
compiler/static_array,1048576,0,32,0.017290417,1851,1940637522,1.000000,16.000000
compiler/constant_membership,1048576,0,32,0.033912292,944,989447484,1.000000,16.000000
compiler/lookup_record,1048576,0,32,0.017237333,1856,1946613899,0.000000,0.000000
rust/repeated_fields,1048576,0,32,0.017232209,1857,1947192725,0.000000,0.000000
compile/execution,0,0,32,0.000109250,292906,0,132.000000,8000.000000
execution/arithmetic,100,0,32,0.000005000,6400000,640000000,0.000000,0.000000
execution/comparison,100,0,32,0.000005208,6144393,614439324,0.000000,0.000000
execution/conditional,100,0,32,0.000005167,6193149,619314883,0.000000,0.000000
execution/constructor,100,0,32,0.000006584,4860267,486026731,3.000000,152.000000
rust/execution_arithmetic,100,0,32,0.000003250,9846154,984615385,0.000000,0.000000
rust/execution_constructor,100,0,32,0.000003250,9846154,984615385,0.000000,0.000000
execution/arithmetic,500,0,32,0.000011791,2713934,1356967178,0.000000,0.000000
execution/comparison,500,0,32,0.000011916,2685465,1342732461,0.000000,0.000000
execution/conditional,500,0,32,0.000011958,2676033,1338016391,0.000000,0.000000
execution/constructor,500,0,32,0.000013458,2377768,1188883935,3.000000,152.000000
rust/execution_arithmetic,500,0,32,0.000010125,3160494,1580246914,0.000000,0.000000
rust/execution_constructor,500,0,32,0.000010084,3173344,1586671956,0.000000,0.000000
execution/arithmetic,1024,0,32,0.000020417,1567321,1604937062,0.000000,0.000000
execution/comparison,1024,0,32,0.000020584,1554606,1591916051,0.000000,0.000000
execution/conditional,1024,0,32,0.000020583,1554681,1591993393,0.000000,0.000000
execution/constructor,1024,0,32,0.000022291,1435557,1470010318,3.000000,152.000000
rust/execution_arithmetic,1024,0,32,0.000018625,1718121,1759355705,0.000000,0.000000
rust/execution_constructor,1024,0,32,0.000018625,1718121,1759355705,0.000000,0.000000
execution/arithmetic,10240,0,32,0.000171750,186317,1907889374,0.000000,0.000000
execution/comparison,10240,0,32,0.000174750,183119,1875135908,0.000000,0.000000
execution/conditional,10240,0,32,0.000171750,186317,1907889374,0.000000,0.000000
execution/constructor,10240,0,32,0.000173958,183952,1883673071,3.000000,152.000000
rust/execution_arithmetic,10240,0,32,0.000169750,188513,1930368189,0.000000,0.000000
rust/execution_constructor,10240,0,32,0.000172500,185507,1899594203,0.000000,0.000000
execution/arithmetic,1048576,0,32,0.016850875,1899,1991257546,0.000000,0.000000
execution/comparison,1048576,0,32,0.017251000,1855,1945071706,0.000000,0.000000
execution/conditional,1048576,0,32,0.017269167,1853,1943025509,0.000000,0.000000
execution/constructor,1048576,0,32,0.017295083,1850,1940113962,3.000000,152.000000
rust/execution_arithmetic,1048576,0,32,0.017028417,1879,1970496259,0.000000,0.000000
rust/execution_constructor,1048576,0,32,0.017240916,1856,1946209355,0.000000,0.000000
execution/filtered_sum,74,0,32,0.000018334,1745391,129158940,0.000000,0.000000
execution/mapped_sum,74,0,32,0.000018375,1741497,128870748,0.000000,0.000000
rust/execution_filtered_sum,74,0,32,0.000007375,4338983,321084746,0.000000,0.000000
execution/filtered_sum,1082,0,32,0.000262542,121885,131879852,0.000000,0.000000
execution/mapped_sum,1082,0,32,0.000286250,111790,120957205,0.000000,0.000000
rust/execution_filtered_sum,1082,0,32,0.000115666,276659,299344665,0.000000,0.000000
execution/filtered_sum,8586,0,32,0.002094542,15278,131175216,0.000000,0.000000
execution/mapped_sum,8586,0,32,0.002282500,14020,120373275,0.000000,0.000000
rust/execution_filtered_sum,8586,0,32,0.000827583,38667,331993286,0.000000,0.000000
execution/filtered_sum,137226,0,32,0.033662167,951,130450069,0.000000,0.000000
execution/mapped_sum,137226,0,32,0.036018083,888,121917427,0.000000,0.000000
rust/execution_filtered_sum,137226,0,32,0.013209333,2423,332434045,0.000000,0.000000
execution/lookup_8192,501,0,32,0.000016000,2000000,1002000000,0.000000,0.000000
rust/execution_lookup_8192,501,0,32,0.000009667,3310231,1658425572,0.000000,0.000000
execution/type_fallback,16,0,32,0.000004291,7457469,119319506,0.000000,0.000000
plan/branch,100,0,32,0.000004625,6918919,691891892,0.000000,0.000000
plan/boolean,100,0,32,0.000006083,5260562,526056222,0.000000,0.000000
plan/object,100,0,32,0.000006125,5224490,522448980,3.000000,248.000000
plan/branch,500,0,32,0.000011417,2802838,1401418937,0.000000,0.000000
plan/boolean,500,0,32,0.000012917,2477355,1238677712,0.000000,0.000000
plan/object,500,0,32,0.000013250,2415094,1207547170,3.000000,248.000000
plan/branch,1024,0,32,0.000020083,1593387,1631628741,0.000000,0.000000
plan/boolean,1024,0,32,0.000019375,1651613,1691251613,0.000000,0.000000
plan/object,1024,0,32,0.000019917,1606668,1645227695,3.000000,248.000000
plan/branch,10240,0,32,0.000159625,200470,2052811276,0.000000,0.000000
plan/boolean,10240,0,32,0.000162666,196722,2014434485,0.000000,0.000000
plan/object,10240,0,32,0.000161542,198091,2028450805,3.000000,248.000000
plan/branch,1048576,0,32,0.017243167,1856,1945955288,0.000000,0.000000
plan/boolean,1048576,0,32,0.017276166,1852,1942238342,0.000000,0.000000
plan/object,1048576,0,32,0.016786750,1906,1998864104,3.000000,248.000000
plan/lookup_branch,490,0,32,0.000018791,1702943,834442020,0.000000,0.000000
plan/lookup_quote,490,0,32,0.000019209,1665886,816284034,0.000000,0.000000
plan/invoice_sum,58,0,32,0.000006042,5296260,307183052,0.000000,0.000000
rust/plan_invoice,58,0,32,0.000005417,5907329,342625069,0.000000,0.000000
plan/invoice_object,58,0,32,0.000011417,2802838,162564597,3.000000,296.000000
plan/mapped_objects,58,0,32,0.000014166,2258930,131017930,2.000000,136.000000
plan/invoice_sum,300,0,32,0.000034875,917563,275268817,0.000000,0.000000
rust/plan_invoice,300,0,32,0.000032083,997413,299223888,0.000000,0.000000
plan/invoice_object,300,0,32,0.000047209,677837,203351056,3.000000,296.000000
plan/mapped_objects,300,0,32,0.000076583,417847,125354191,16.000000,1088.000000
plan/invoice_sum,4488,0,32,0.000542250,59013,264852006,0.000000,0.000000
rust/plan_invoice,4488,0,32,0.000487834,65596,294395225,0.000000,0.000000
plan/invoice_object,4488,0,32,0.000663042,48262,216601663,3.000000,296.000000
plan/mapped_objects,4488,0,32,0.001165625,27453,123209437,256.000000,17408.000000
plan/invoice_sum,35736,0,32,0.004323334,7402,264506975,0.000000,0.000000
rust/plan_invoice,35736,0,32,0.003863041,8284,296023780,0.000000,0.000000
plan/invoice_object,35736,0,32,0.005229167,6120,218687221,3.000000,296.000000
plan/mapped_objects,35736,0,32,0.008793875,3639,130039601,2048.000000,139264.000000
plan/invoice_sum,571416,0,32,0.067428625,475,271180259,0.000000,0.000000
rust/plan_invoice,571416,0,32,0.062007125,516,294890498,0.000000,0.000000
plan/invoice_object,571416,0,32,0.083942667,381,217830963,3.000000,296.000000
plan/mapped_objects,571416,0,32,0.138967417,230,131579851,32768.000000,2228224.000000
plan/wide_fields,7583,0,32,0.000294208,108767,824777028,0.000000,0.000000
plan/untaken_branch,496,0,32,0.000010917,2931208,1453879271,0.000000,0.000000
compile/plan_branch,0,0,32,0.000058208,549753,0,84.000000,3940.000000
demand/nested,100,0,32,0.000004750,6736842,673684211,0.000000,0.000000
demand/branch,100,0,32,0.000005041,6347947,634794684,0.000000,0.000000
demand/repeated,100,0,32,0.000004125,7757576,775757576,0.000000,0.000000
demand/untaken_nested,101,0,32,0.000004333,7385183,745903531,0.000000,0.000000
demand/nested,500,0,32,0.000011375,2813187,1406593407,0.000000,0.000000
demand/branch,500,0,32,0.000011792,2713704,1356852103,0.000000,0.000000
demand/repeated,500,0,32,0.000010875,2942529,1471264368,0.000000,0.000000
demand/untaken_nested,501,0,32,0.000011000,2909091,1457454545,0.000000,0.000000
demand/nested,1024,0,32,0.000019958,1603367,1641847881,0.000000,0.000000
demand/branch,1024,0,32,0.000020500,1560976,1598439024,0.000000,0.000000
demand/repeated,1024,0,32,0.000024708,1295127,1326210134,0.000000,0.000000
demand/untaken_nested,1025,0,32,0.000020209,1583453,1623039240,0.000000,0.000000
demand/nested,10240,0,32,0.000176000,181818,1861818182,0.000000,0.000000
demand/branch,10240,0,32,0.000156834,204037,2089342872,0.000000,0.000000
demand/repeated,10240,0,32,0.000173417,184526,1889549467,0.000000,0.000000
demand/untaken_nested,10241,0,32,0.000154958,206508,2114844022,0.000000,0.000000
demand/nested,1048576,0,32,0.017212625,1859,1949408181,0.000000,0.000000
demand/branch,1048576,0,32,0.017286375,1851,1941091293,0.000000,0.000000
demand/repeated,1048576,0,32,0.017217291,1859,1948879879,0.000000,0.000000
demand/untaken_nested,1048577,0,32,0.017263625,1854,1943651116,0.000000,0.000000
demand/nested_fold,546,0,32,0.000122958,260251,142097302,0.000000,0.000000
demand/nested_fold_plan,546,0,32,0.000053709,595803,325308607,0.000000,0.000000
demand/nested_fold,8454,0,32,0.001909917,16755,141643852,0.000000,0.000000
demand/nested_fold_plan,8454,0,32,0.000838875,38146,322489048,0.000000,0.000000
demand/nested_fold,67478,0,32,0.015110417,2118,142901152,0.000000,0.000000
demand/nested_fold_plan,67478,0,32,0.006778083,4721,318570310,0.000000,0.000000
demand/wide_nested,1137,0,32,0.000038000,842105,957473684,0.000000,0.000000
demand/wide_nested,38497,0,32,0.001148625,27859,1072503210,0.000000,0.000000
demand/wide_nested,323265,0,32,0.009100917,3516,1136641505,0.000000,0.000000
demand/repeated_lookup,100,0,32,0.000017375,1841727,184172662,0.000000,0.000000
demand/repeated_lookup,500,0,32,0.000022208,1440922,720461095,0.000000,0.000000
demand/repeated_lookup,10240,0,32,0.000182875,174983,1791825017,0.000000,0.000000
demand/repeated_lookup,1048576,0,32,0.017223583,1858,1948167928,0.000000,0.000000
compile/scoped_path,0,0,32,0.000048291,662649,0,41.000000,4133.000000
tuple/index,100,0,32,0.000018625,1718121,171812081,11.000000,1104.000000
tuple/filter_sum,100,0,32,0.000028000,1142857,114285714,13.000000,1648.000000
tuple/plan_leaves,100,0,32,0.000034875,917563,91756272,17.000000,1696.000000
tuple/kept,100,0,32,0.000024958,1282154,128215402,14.000000,1408.000000
tuple/ordered,100,0,32,0.000038083,840270,84026994,23.000000,2216.000000
tuple/index,500,0,32,0.000032125,996109,498054475,11.000000,1104.000000
tuple/filter_sum,500,0,32,0.000041083,778911,389455493,13.000000,1648.000000
tuple/plan_leaves,500,0,32,0.000048625,658098,329048843,17.000000,1696.000000
tuple/kept,500,0,32,0.000038375,833876,416938111,14.000000,1408.000000
tuple/ordered,500,0,32,0.000055000,581818,290909091,23.000000,2216.000000
tuple/index,1024,0,32,0.000048958,653621,669308387,11.000000,1104.000000
tuple/filter_sum,1024,0,32,0.000058167,550140,563343477,13.000000,1648.000000
tuple/plan_leaves,1024,0,32,0.000071083,450178,460982232,17.000000,1696.000000
tuple/kept,1024,0,32,0.000055375,577878,591747178,14.000000,1408.000000
tuple/ordered,1024,0,32,0.000068458,467440,478658448,23.000000,2216.000000
tuple/index,10240,0,32,0.000335750,95309,975964259,11.000000,1104.000000
tuple/filter_sum,10240,0,32,0.000355875,89919,920772743,13.000000,1648.000000
tuple/plan_leaves,10240,0,32,0.000347250,92153,943642909,17.000000,1696.000000
tuple/kept,10240,0,32,0.000357916,89406,915522078,14.000000,1408.000000
tuple/ordered,10240,0,32,0.000383042,83542,855467547,23.000000,2216.000000
tuple/index,1048576,0,32,0.033609083,952,998373922,11.000000,1104.000000
tuple/filter_sum,1048576,0,32,0.033997292,941,986973668,13.000000,1648.000000
tuple/plan_leaves,1048576,0,32,0.034037042,940,985821036,17.000000,1696.000000
tuple/kept,1048576,0,32,0.033703000,949,995591846,14.000000,1408.000000
tuple/ordered,1048576,0,32,0.034523208,927,971938413,23.000000,2216.000000
tuple/wide_sum,440,0,32,0.000108417,295157,129868932,34.000000,4288.000000
tuple/nested_sum,440,0,32,0.000203750,157055,69104294,94.000000,10048.000000
tuple/join_sum,440,0,32,0.000489000,65440,28793456,78.000000,9792.000000
tuple/join_bound,440,0,32,0.000325458,98323,43262111,71.000000,8160.000000
tuple/group,440,0,32,0.000165000,193939,85333333,67.000000,6944.000000
tuple/negative_index,440,0,32,0.000075250,425249,187109635,32.000000,3808.000000
tuple/wide_sum,6666,0,32,0.001637625,19540,130256927,454.000000,57088.000000
tuple/nested_sum,6666,0,32,0.005072958,6308,42048840,1414.000000,149248.000000
tuple/join_sum,6666,0,32,0.030362292,1054,7025557,1158.000000,145152.000000
tuple/join_bound,6666,0,32,0.004764084,6717,44775029,1031.000000,116640.000000
tuple/group,6666,0,32,0.002041667,15673,104479330,467.000000,86624.000000
tuple/negative_index,6666,0,32,0.000941041,34005,226676627,396.000000,54688.000000
tuple/wide_sum,56043,0,32,0.012261625,2610,146259244,3590.000000,451328.000000
tuple/nested_sum,56043,0,32,0.022316375,1434,80361439,11270.000000,1188608.000000
tuple/join_sum,56043,0,32,1.666031250,19,1076436,9222.000000,1155840.000000
tuple/join_bound,56043,0,32,0.038215500,837,46927974,8199.000000,926624.000000
tuple/group,56043,0,32,0.015795125,2026,113539842,3185.000000,681568.000000
tuple/negative_index,56043,0,32,0.007522792,4254,238392342,3087.000000,434592.000000
compile/builtins,0,0,32,0.000059458,538195,0,53.000000,4192.000000
builtin/length,100,0,32,0.000008708,3674782,367478181,0.000000,0.000000
builtin/normalize,100,0,32,0.000027083,1181553,118155300,23.000000,387.000000
builtin/split_join,100,0,32,0.000038833,824041,82404141,37.000000,792.000000
builtin/numeric,100,0,32,0.000008917,3588651,358865089,0.000000,0.000000
builtin/average,100,0,32,0.000008750,3657143,365714286,0.000000,0.000000
builtin/type,100,0,32,0.000008000,4000000,400000000,0.000000,0.000000
builtin/keys,100,0,32,0.000016458,1944343,194434318,8.000000,468.000000
builtin/map_builtin,100,0,32,0.000014500,2206897,220689655,3.000000,224.000000
builtin/map_closure,100,0,32,0.000028667,1116266,111626609,11.000000,1208.000000
builtin/reduce,100,0,32,0.000021750,1471264,147126437,8.000000,904.000000
builtin/sift,100,0,32,0.000025083,1275764,127576446,15.000000,1300.000000
builtin/length,500,0,32,0.000022042,1451774,725886943,0.000000,0.000000
builtin/normalize,500,0,32,0.000040500,790123,395061728,23.000000,387.000000
builtin/split_join,500,0,32,0.000051833,617367,308683657,37.000000,792.000000
builtin/numeric,500,0,32,0.000022459,1424819,712409279,0.000000,0.000000
builtin/average,500,0,32,0.000022208,1440922,720461095,0.000000,0.000000
builtin/type,500,0,32,0.000021250,1505882,752941176,0.000000,0.000000
builtin/keys,500,0,32,0.000029666,1078676,539337963,8.000000,468.000000
builtin/map_builtin,500,0,32,0.000027958,1144574,572287002,3.000000,224.000000
builtin/map_closure,500,0,32,0.000048625,658098,329048843,11.000000,1208.000000
builtin/reduce,500,0,32,0.000035417,903521,451760454,8.000000,904.000000
builtin/sift,500,0,32,0.000039125,817891,408945687,15.000000,1300.000000
builtin/length,1024,0,32,0.000039292,814415,833961112,0.000000,0.000000
builtin/normalize,1024,0,32,0.000057334,558133,571528238,23.000000,387.000000
builtin/split_join,1024,0,32,0.000068791,465177,476341382,37.000000,792.000000
builtin/numeric,1024,0,32,0.000039500,810127,829569620,0.000000,0.000000
builtin/average,1024,0,32,0.000039416,811853,831337528,0.000000,0.000000
builtin/type,1024,0,32,0.000038667,827579,847440970,0.000000,0.000000
builtin/keys,1024,0,32,0.000047458,674280,690463146,8.000000,468.000000
builtin/map_builtin,1024,0,32,0.000044750,715084,732245810,3.000000,224.000000
builtin/map_closure,1024,0,32,0.000073625,434635,445066214,11.000000,1208.000000
builtin/reduce,1024,0,32,0.000052375,610979,625642005,8.000000,904.000000
builtin/sift,1024,0,32,0.000055834,573127,586882545,15.000000,1300.000000
builtin/length,10240,0,32,0.000336208,95179,974634750,0.000000,0.000000
builtin/normalize,10240,0,32,0.000353709,90470,926411259,23.000000,387.000000
builtin/split_join,10240,0,32,0.000366042,87422,895197819,37.000000,792.000000
builtin/numeric,10240,0,32,0.000339125,94360,966251382,0.000000,0.000000
builtin/average,10240,0,32,0.000336333,95144,974272522,0.000000,0.000000
builtin/type,10240,0,32,0.000338083,94651,969229450,0.000000,0.000000
builtin/keys,10240,0,32,0.000343750,93091,953250909,8.000000,468.000000
builtin/map_builtin,10240,0,32,0.000346000,92486,947052023,3.000000,224.000000
builtin/map_closure,10240,0,32,0.000516750,61925,634117078,11.000000,1208.000000
builtin/reduce,10240,0,32,0.000349833,91472,936675499,8.000000,904.000000
builtin/sift,10240,0,32,0.000352959,90662,928379783,15.000000,1300.000000
builtin/length,1048576,0,32,0.033907375,944,989590967,0.000000,0.000000
builtin/normalize,1048576,0,32,0.033819083,946,992174507,23.000000,387.000000
builtin/split_join,1048576,0,32,0.034011416,941,986563806,37.000000,792.000000
builtin/numeric,1048576,0,32,0.033883750,944,990280946,0.000000,0.000000
builtin/average,1048576,0,32,0.033913541,944,989411044,0.000000,0.000000
builtin/type,1048576,0,32,0.033886917,944,990188396,0.000000,0.000000
builtin/keys,1048576,0,32,0.033828333,946,991903207,8.000000,468.000000
builtin/map_builtin,1048576,0,32,0.033930875,943,988905591,3.000000,224.000000
builtin/map_closure,1048576,0,32,0.050697000,631,661862280,11.000000,1208.000000
builtin/reduce,1048576,0,32,0.033824875,946,992004612,8.000000,904.000000
builtin/sift,1048576,0,32,0.033966625,942,987864764,15.000000,1300.000000
builtin/filter_reduce,285,0,32,0.000124042,257977,73523484,32.000000,3720.000000
builtin/planned_average,285,0,32,0.000035750,895105,255104895,0.000000,0.000000
builtin/grouped_average,285,0,32,0.000068542,466867,133057104,10.000000,1016.000000
builtin/ordered_labels,285,0,32,0.000226208,141463,40316877,137.000000,4657.000000
builtin/merged_objects,285,0,32,0.000214917,148895,42434987,131.000000,8296.000000
builtin/each_group,285,0,32,0.000094458,338775,96550848,31.000000,2820.000000
builtin/distinct,285,0,32,0.000050208,637349,181644359,5.000000,480.000000
builtin/filter_reduce,4537,0,32,0.001815958,17622,79948986,396.000000,52680.000000
builtin/planned_average,4537,0,32,0.000555917,57563,261161288,0.000000,0.000000
builtin/grouped_average,4537,0,32,0.000941500,33988,154204992,18.000000,9656.000000
builtin/ordered_labels,4537,0,32,0.004228667,7567,34333278,1953.000000,73147.000000
builtin/merged_objects,4537,0,32,0.005298250,6040,27402255,2176.000000,138352.000000
builtin/each_group,4537,0,32,0.000975042,32819,148900253,39.000000,11460.000000
builtin/distinct,4537,0,32,0.000706375,45302,205533888,9.000000,6240.000000
builtin/filter_reduce,37737,0,32,0.014291584,2239,84496162,3087.000000,418248.000000
builtin/planned_average,37737,0,32,0.004379209,7307,275753909,0.000000,0.000000
builtin/grouped_average,37737,0,32,0.007479458,4278,161453410,24.000000,74168.000000
builtin/ordered_labels,37737,0,32,0.039729167,805,30395402,15477.000000,585963.000000
builtin/merged_objects,37737,0,32,0.159033334,201,7593276,17438.000000,1107312.000000
builtin/each_group,37737,0,32,0.007196625,4447,167798656,45.000000,75972.000000
builtin/distinct,37737,0,32,0.005442666,5879,221873619,12.000000,49248.000000
cargo build --workspace --release --locked
    Finished `release` profile [optimized] target(s) in 0.00s
cargo test -p jx --test conformance --locked -- --nocapture
    Finished `test` profile [unoptimized + debuginfo] target(s) in 0.00s
     Running tests/conformance.rs (target/debug/deps/conformance-dbf31341087731ca)

running 1 test
JSONata 8ee4476f8a228bfc7a62979ae0a9c13a4043cd03: 689 supported results, 27 deferred syntax, 90 supported errors, 11 deferred builtin calls, 3 recursion limits; no skipped cases
test pinned_upstream_groups_have_explicit_expected_outcomes ... ok

test result: ok. 1 passed; 0 failed; 0 ignored; 0 measured; 0 filtered out; finished in 0.09s

