native_metadata,arithmetic,44708,570250,1,716,0
native_region,jit/arithmetic,100,317208,1,716
native_region,jit/arithmetic,500,270500,1,716
native_region,jit/arithmetic,1024,266666,1,716
native_region,jit/arithmetic,10240,245541,1,716
native_region,jit/arithmetic,1048576,236833,1,716
native_metadata,dense,8625,471292,1,1144,0
native_region,jit/dense,100,407750,1,1144
native_region,jit/dense,500,391708,1,1144
native_region,jit/dense,1024,393000,1,1144
native_region,jit/dense,10240,395459,1,1144
native_region,jit/dense,1048576,388958,1,1144
native_metadata,branch,9333,427042,1,1056,0
native_region,jit/branch,100,367333,1,1056
native_region,jit/branch,500,357250,1,1056
native_region,jit/branch,1024,354834,1,1056
native_region,jit/branch,10240,352791,1,1056
native_region,jit/branch,1048576,352792,1,1056
native_region,jit/tiny,13,266000,1,716
native_region,jit/fold,122,399709,1,1144
native_region,jit/filter_map_fold,122,623958,1,1368
native_region,jit/numeric_fold,26,214000,1,504
native_region,jit/fold,472,413542,1,1144
native_region,jit/filter_map_fold,472,488041,1,1368
native_region,jit/numeric_fold,88,217833,1,504
native_region,jit/fold,1858,374917,1,1144
native_region,jit/filter_map_fold,1858,461500,1,1368
native_region,jit/numeric_fold,322,199042,1,504
native_region,jit/fold,14794,387375,1,1144
native_region,jit/filter_map_fold,14794,465542,1,1368
native_region,jit/numeric_fold,2506,270708,1,504
native_region,jit/fold,236554,448041,1,1144
native_region,jit/filter_map_fold,236554,528083,1,1368
native_region,jit/numeric_fold,39946,224000,1,504
