native_metadata,arithmetic,32042,543084,1,716,0
native_region,jit/arithmetic,100,272458,1,716
native_region,jit/arithmetic,500,257167,1,716
native_region,jit/arithmetic,1024,262375,1,716
native_region,jit/arithmetic,10240,244917,1,716
native_region,jit/arithmetic,1048576,232958,1,716
native_metadata,dense,8500,435959,1,1144,0
native_region,jit/dense,100,389875,1,1144
native_region,jit/dense,500,393000,1,1144
native_region,jit/dense,1024,380042,1,1144
native_region,jit/dense,10240,381500,1,1144
native_region,jit/dense,1048576,382708,1,1144
native_metadata,branch,7959,420000,1,1056,0
native_region,jit/branch,100,366667,1,1056
native_region,jit/branch,500,354917,1,1056
native_region,jit/branch,1024,351708,1,1056
native_region,jit/branch,10240,361333,1,1056
native_region,jit/branch,1048576,356625,1,1056
native_region,jit/tiny,13,264083,1,716
native_region,jit/fold,122,406417,1,1144
native_region,jit/filter_map_fold,122,521625,1,1368
native_region,jit/numeric_fold,26,220125,1,504
native_region,jit/fold,472,400291,1,1144
native_region,jit/filter_map_fold,472,470791,1,1368
native_region,jit/numeric_fold,88,215250,1,504
native_region,jit/fold,1858,391750,1,1144
native_region,jit/filter_map_fold,1858,469125,1,1368
native_region,jit/numeric_fold,322,211375,1,504
native_region,jit/fold,14794,390583,1,1144
native_region,jit/filter_map_fold,14794,459041,1,1368
native_region,jit/numeric_fold,2506,231417,1,504
native_region,jit/fold,236554,423834,1,1144
native_region,jit/filter_map_fold,236554,498500,1,1368
native_region,jit/numeric_fold,39946,213667,1,504
