cargo fmt --all -- --check
just clippy
cargo clippy --workspace --all-targets --locked -- -D warnings
    Checking jx v0.1.0 (/Users/josh/Documents/Workspace/jo-cube/jx/crates/jx)
    Checking jx-cli v0.1.0 (/Users/josh/Documents/Workspace/jo-cube/jx/crates/jx-cli)
    Finished `dev` profile [unoptimized + debuginfo] target(s) in 0.81s
just test
cargo test --workspace --locked
   Compiling jx v0.1.0 (/Users/josh/Documents/Workspace/jo-cube/jx/crates/jx)
   Compiling jx-cli v0.1.0 (/Users/josh/Documents/Workspace/jo-cube/jx/crates/jx-cli)
    Finished `test` profile [unoptimized + debuginfo] target(s) in 1.43s
     Running unittests src/lib.rs (target/debug/deps/jx-283396e92257456e)

running 1 test
test plan::tests::plan_and_tree_agree_on_values_and_exact_errors ... ok

test result: ok. 1 passed; 0 failed; 0 ignored; 0 measured; 0 filtered out; finished in 0.11s

     Running tests/aggregates.rs (target/debug/deps/aggregates-36467e8652de35ea)

running 5 tests
test aggregates_preserve_ieee_values_and_signed_zero ... ok
test aggregate_arguments_finish_before_type_or_arity_checks ... ok
test validation_cancellation_and_mapped_aggregate_errors ... ok
test aggregate_calls_keep_syntax_and_depth_limits_explicit ... ok
test aggregate_semantics ... ok

test result: ok. 5 passed; 0 failed; 0 ignored; 0 measured; 0 filtered out; finished in 0.00s

     Running tests/compiler.rs (target/debug/deps/compiler-c073a9a4f22a2a86)

running 4 tests
test constant_errors_remain_runtime_errors_after_validation ... ok
test static_lookup_still_validates_and_normalizes_its_key ... ok
test constant_construction_keeps_identity_and_shape ... ok
test lookup_shapes_keys_and_calls ... ok

test result: ok. 4 passed; 0 failed; 0 ignored; 0 measured; 0 filtered out; finished in 0.00s

     Running tests/conformance.rs (target/debug/deps/conformance-dbf31341087731ca)

running 1 test
test pinned_upstream_groups_have_explicit_expected_outcomes ... ok

test result: ok. 1 passed; 0 failed; 0 ignored; 0 measured; 0 filtered out; finished in 0.09s

     Running tests/constructors.rs (target/debug/deps/constructors-5ec04b236509315e)

running 9 tests
test null_collapse_reports_a_type_error_instead_of_a_host_exception ... ok
test serialization_keeps_unicode_units_and_arbitrary_json_keys ... ok
test object_construction_does_not_mutate_empty_input_arrays ... ok
test implicit_string_iteration_after_constructor_collapse_is_explicitly_deferred ... ok
test containers_own_structure_and_retain_borrowed_members ... ok
test construction_preserves_internal_numbers_and_undefined ... ok
test construction_validates_before_output_and_cancels_between_containers ... ok
test constructor_syntax_and_depth_are_bounded ... ok
test constructor_semantics ... ok

test result: ok. 9 passed; 0 failed; 0 ignored; 0 measured; 0 filtered out; finished in 0.01s

     Running tests/execution.rs (target/debug/deps/execution-8fd1947384dc3bba)

running 5 tests
test numeric_regions_keep_validation_and_error_precedence ... ok
test numeric_regions_accept_constructed_and_retained_contexts ... ok
test numeric_regions_compose_with_contexts_and_retention ... ok
test numeric_regions_preserve_missing_shape_and_record_isolation ... ok
test numeric_regions_preserve_ordering_and_stream_cancellation ... ok

test result: ok. 5 passed; 0 failed; 0 ignored; 0 measured; 0 filtered out; finished in 0.00s

     Running tests/filters.rs (target/debug/deps/filters-a665417a9bce572a)

running 5 tests
test undefined_sequence_items_remain_distinct_from_null ... ok
test filtered_values_borrow_input_and_cancellation_stops_predicates ... ok
test upstream_stage_errors_take_precedence_over_later_stage_errors ... ok
test filter_semantics ... ok
test filters_have_bounded_depth_and_keep_deferred_syntax_explicit ... ok

test result: ok. 5 passed; 0 failed; 0 ignored; 0 measured; 0 filtered out; finished in 0.01s

     Running tests/json_validation.rs (target/debug/deps/json_validation-845dc26b3e6dc2f3)

running 5 tests
test valid_json_syntax_and_utf8 ... ok
test invalid_json_syntax ... ok
test rejects_invalid_utf8_anywhere_even_in_unselected_fields ... ok
test deterministic_mutations_agree_with_serde_on_common_json_domain ... ok
test depth_limit_and_large_shallow_records ... ok

test result: ok. 5 passed; 0 failed; 0 ignored; 0 measured; 0 filtered out; finished in 0.02s

     Running tests/lexical.rs (target/debug/deps/lexical-e855bedb234e048e)

running 8 tests
test retained_bindings_preserve_input_borrowing ... ok
test retained_output_obeys_consumer_cancellation ... ok
test function_results_are_opaque_and_not_json ... ok
test deferred_features_and_constructor_binding_races_are_explicit ... ok
test recursion_accounts_for_large_function_bodies ... ok
test recursion_is_bounded_and_an_error_does_not_poison_reuse ... ok
test evaluations_isolate_scope_and_validate_before_execution ... ok
test lexical_semantics ... ok

test result: ok. 8 passed; 0 failed; 0 ignored; 0 measured; 0 filtered out; finished in 0.00s

     Running tests/navigation.rs (target/debug/deps/navigation-def3c34345a3428c)

running 4 tests
test range_limits_and_deferred_tuple_navigation_are_explicit ... ok
test nested_fallbacks_compile_without_expanding_the_left_tree ... ok
test validation_borrowing_and_cancellation ... ok
test navigation_semantics ... ok

test result: ok. 4 passed; 0 failed; 0 ignored; 0 measured; 0 filtered out; finished in 0.01s

     Running tests/scalars.rs (target/debug/deps/scalars-7428e776dc97652d)

running 7 tests
test expression_whitespace_matches_the_language_tokenizer ... ok
test operator_errors_have_expression_offsets_after_complete_validation ... ok
test computed_scalars_and_literal_strings_need_no_owned_output ... ok
test duplicate_keys_unicode_and_binary64_boundaries ... ok
test compile_errors_and_expression_depth_are_bounded ... ok
test scalar_operators_and_sequence_operands ... ok
test structural_equality_and_boolean_casting_respect_input_depth_limits ... ok

test result: ok. 7 passed; 0 failed; 0 ignored; 0 measured; 0 filtered out; finished in 0.01s

     Running tests/semantics.rs (target/debug/deps/semantics-17591f0749f1de6f)

running 8 tests
test unsupported_semantics_fail_explicitly ... ok
test serialization_propagates_consumer_failure ... ok
test compact_serialization_preserves_string_and_number_bytes ... ok
test results_borrow_input_not_the_expression ... ok
test validate_before_returning_a_selected_value_or_semantic_error ... ok
test field_names_compare_decoded_escapes ... ok
test object_paths_missing_and_raw_values ... ok
test compile_once_reuse_across_records_and_threads ... ok

test result: ok. 8 passed; 0 failed; 0 ignored; 0 measured; 0 filtered out; finished in 0.00s

     Running tests/sequences.rs (target/debug/deps/sequences-da7baca561a51a9e)

running 6 tests
test streamed_values_borrow_their_original_ranges ... ok
test cancellation_preserves_the_consumer_error_and_stops_emission ... ok
test fully_validate_before_emitting_any_sequence_item ... ok
test duplicate_keys_and_escaped_names_inside_arrays ... ok
test array_navigation_and_sequence_boundaries ... ok
test traversal_is_bounded_by_validated_input_depth_not_array_width ... ok

test result: ok. 6 passed; 0 failed; 0 ignored; 0 measured; 0 filtered out; finished in 0.03s

     Running unittests src/main.rs (target/debug/deps/jx-b3e3a82f1487a97c)

running 3 tests
test stream::tests::oversized_unterminated_record_stays_bounded ... ok
test stream::tests::output_failure_stops_before_consuming_the_next_record ... ok
test stream::tests::framing_is_independent_of_buffer_boundaries ... ok

test result: ok. 3 passed; 0 failed; 0 ignored; 0 measured; 0 filtered out; finished in 0.00s

     Running tests/cli.rs (target/debug/deps/cli-d5919d0f805a472e)

running 13 tests
test invalid_record_never_emits_a_partial_sequence ... ok
test ndjson_missing_null_arrays_and_final_unterminated_record ... ok
test errors_have_distinct_exit_codes_and_record_context ... ok
test kept_sequences_and_reductions_preserve_record_framing ... ok
test lexical_runtime_is_fresh_for_each_record ... ok
test aggregates_distinguish_missing_empty_and_failed_records ... ok
test streams_multiple_files_and_stdin_in_order ... ok
test filters_frame_values_and_report_streamed_errors ... ok
test sequences_are_separate_lines_and_raw_arrays_stay_values ... ok
test scalar_results_and_runtime_errors_are_framed_per_record ... ok
test help_empty_input_options_and_invalid_utf8 ... ok
test exact_record_limit_including_cr_but_excluding_lf ... ok
test constructors_frame_complete_outputs_and_mapped_failures ... ok

test result: ok. 13 passed; 0 failed; 0 ignored; 0 measured; 0 filtered out; finished in 0.48s

   Doc-tests jx

running 1 test
test crates/jx/src/lib.rs - (line 4) ... ok

test result: ok. 1 passed; 0 failed; 0 ignored; 0 measured; 0 filtered out; finished in 0.01s

all doctests ran in 0.80s; merged doctests compilation took 0.33s
cargo bench -p jx --bench throughput --locked -- --smoke
    Finished `bench` profile [optimized] target(s) in 0.01s
     Running benches/throughput.rs (target/release/deps/throughput-ad1fdffe799128d8)
workload,input_bytes,sample,records,seconds,records_per_second,input_bytes_per_second,allocations_per_record,allocated_bytes_per_record
compile,0,0,32,0.000013459,2377591,0,8.000000,578.000000
ascii/validate,100,0,32,0.000003459,9251229,925122868,0.000000,0.000000
ascii/identity,100,0,32,0.000003708,8629989,862998921,0.000000,0.000000
ascii/shallow,100,0,32,0.000004083,7837374,783737448,0.000000,0.000000
ascii/nested,100,0,32,0.000004125,7757576,775757576,0.000000,0.000000
ascii/missing,100,0,32,0.000003708,8629989,862998921,0.000000,0.000000
ascii/array_value,100,0,32,0.000003875,8258065,825806452,0.000000,0.000000
ascii/identity_write,100,0,32,0.000005917,5408146,540814602,0.000000,0.000000
ascii/validate,500,0,32,0.000010875,2942529,1471264368,0.000000,0.000000
ascii/identity,500,0,32,0.000011041,2898288,1449144099,0.000000,0.000000
ascii/shallow,500,0,32,0.000011625,2752688,1376344086,0.000000,0.000000
ascii/nested,500,0,32,0.000011750,2723404,1361702128,0.000000,0.000000
ascii/missing,500,0,32,0.000011334,2823363,1411681666,0.000000,0.000000
ascii/array_value,500,0,32,0.000011500,2782609,1391304348,0.000000,0.000000
ascii/identity_write,500,0,32,0.000023750,1347368,673684211,0.000000,0.000000
ascii/validate,1024,0,32,0.000020458,1564180,1601720598,0.000000,0.000000
ascii/identity,1024,0,32,0.000020667,1548362,1585522814,0.000000,0.000000
ascii/shallow,1024,0,32,0.000021000,1523810,1560380952,0.000000,0.000000
ascii/nested,1024,0,32,0.000021250,1505882,1542023529,0.000000,0.000000
ascii/missing,1024,0,32,0.000020792,1539053,1575990766,0.000000,0.000000
ascii/array_value,1024,0,32,0.000021000,1523810,1560380952,0.000000,0.000000
ascii/identity_write,1024,0,32,0.000046208,692521,709141274,0.000000,0.000000
ascii/validate,10240,0,32,0.000188917,169387,1734518333,0.000000,0.000000
ascii/identity,10240,0,32,0.000191917,166739,1707404764,0.000000,0.000000
ascii/shallow,10240,0,32,0.000189792,168606,1726521666,0.000000,0.000000
ascii/nested,10240,0,32,0.000189833,168569,1726148773,0.000000,0.000000
ascii/missing,10240,0,32,0.000189458,168903,1729565392,0.000000,0.000000
ascii/array_value,10240,0,32,0.000189625,168754,1728042189,0.000000,0.000000
ascii/identity_write,10240,0,32,0.000442166,72371,741079142,0.000000,0.000000
ascii/validate,65536,0,32,0.001162250,27533,1804389761,0.000000,0.000000
ascii/identity,65536,0,32,0.001135042,28193,1847642642,0.000000,0.000000
ascii/shallow,65536,0,32,0.001121625,28530,1869744344,0.000000,0.000000
ascii/nested,65536,0,32,0.001118500,28610,1874968261,0.000000,0.000000
ascii/missing,65536,0,32,0.001083416,29536,1935684908,0.000000,0.000000
ascii/array_value,65536,0,32,0.001059208,30211,1979924623,0.000000,0.000000
ascii/identity_write,65536,0,32,0.002532000,12638,828259084,0.000000,0.000000
ascii/validate,1048576,0,32,0.016701666,1916,2009047002,0.000000,0.000000
ascii/identity,1048576,0,32,0.016912875,1892,1983957902,0.000000,0.000000
ascii/shallow,1048576,0,32,0.016995625,1883,1974298209,0.000000,0.000000
ascii/nested,1048576,0,32,0.017062125,1875,1966603339,0.000000,0.000000
ascii/missing,1048576,0,32,0.016829708,1901,1993761983,0.000000,0.000000
ascii/array_value,1048576,0,32,0.017147292,1866,1956835633,0.000000,0.000000
ascii/identity_write,1048576,0,32,0.040583958,788,826790526,0.000000,0.000000
structured/validate,485,0,32,0.000016416,1949318,945419103,0.000000,0.000000
structured/identity,485,0,32,0.000016542,1934470,938217870,0.000000,0.000000
structured/shallow,485,0,32,0.000016833,1901028,921998455,0.000000,0.000000
structured/nested,485,0,32,0.000017083,1873207,908505532,0.000000,0.000000
structured/missing,485,0,32,0.000016833,1901028,921998455,0.000000,0.000000
structured/array_value,485,0,32,0.000017041,1877824,910744675,0.000000,0.000000
structured/identity_write,485,0,32,0.000029917,1069626,518768593,0.000000,0.000000
unicode_escaped_keys/validate,960,0,32,0.000027875,1147982,1102062780,0.000000,0.000000
unicode_escaped_keys/identity,960,0,32,0.000027917,1146255,1100404771,0.000000,0.000000
unicode_escaped_keys/shallow,960,0,32,0.000028459,1124425,1079447626,0.000000,0.000000
unicode_escaped_keys/nested,960,0,32,0.000028708,1114672,1070084994,0.000000,0.000000
unicode_escaped_keys/missing,960,0,32,0.000028375,1127753,1082643172,0.000000,0.000000
unicode_escaped_keys/array_value,960,0,32,0.000026083,1226853,1177778630,0.000000,0.000000
unicode_escaped_keys/identity_write,960,0,32,0.000049542,645917,620079932,0.000000,0.000000
array/shallow,78,0,32,0.000008250,3878788,302545455,0.000000,0.000000
array/nested,78,0,32,0.000008959,3571827,278602523,0.000000,0.000000
array/flatten,78,0,32,0.000008083,3958926,308796239,0.000000,0.000000
array/missing,78,0,32,0.000007959,4020606,313607237,0.000000,0.000000
array/root,67,0,32,0.000007542,4242906,284274728,0.000000,0.000000
array/cancel_first,78,0,32,0.000008208,3898635,304093567,0.000000,0.000000
array/shallow,540,0,32,0.000058000,551724,297931034,0.000000,0.000000
array/nested,540,0,32,0.000064667,494843,267215117,0.000000,0.000000
array/flatten,540,0,32,0.000064375,497087,268427184,0.000000,0.000000
array/missing,540,0,32,0.000055625,575281,310651685,0.000000,0.000000
array/root,529,0,32,0.000056125,570156,301612472,0.000000,0.000000
array/cancel_first,540,0,32,0.000028416,1126126,608108108,0.000000,0.000000
array/shallow,1074,0,32,0.000116375,274973,295321160,0.000000,0.000000
array/nested,1074,0,32,0.000127167,251638,270258794,0.000000,0.000000
array/flatten,1074,0,32,0.000137625,232516,249722071,0.000000,0.000000
array/missing,1074,0,32,0.000115500,277056,297558442,0.000000,0.000000
array/root,1063,0,32,0.000116500,274678,291982833,0.000000,0.000000
array/cancel_first,1074,0,32,0.000046583,686946,737779877,0.000000,0.000000
array/shallow,8606,0,32,0.000870916,36743,316209600,0.000000,0.000000
array/nested,8606,0,32,0.001001584,31949,274956469,0.000000,0.000000
array/flatten,8606,0,32,0.000957875,33407,287503067,0.000000,0.000000
array/missing,8606,0,32,0.000851833,37566,323293415,0.000000,0.000000
array/root,8595,0,32,0.000862667,37094,318825225,0.000000,0.000000
array/cancel_first,8606,0,32,0.000279916,114320,983838009,0.000000,0.000000
array/shallow,69558,0,32,0.006908708,4632,322181224,0.000000,0.000000
array/nested,69558,0,32,0.007679667,4167,289837567,0.000000,0.000000
array/flatten,69558,0,32,0.007504041,4264,296620981,0.000000,0.000000
array/missing,69558,0,32,0.006692792,4781,332575105,0.000000,0.000000
array/root,69547,0,32,0.006939250,4611,320712469,0.000000,0.000000
array/cancel_first,69558,0,32,0.002059916,15535,1080556683,0.000000,0.000000
array/shallow,1135782,0,32,0.110516000,290,328866626,0.000000,0.000000
array/nested,1135782,0,32,0.119950875,267,302999240,0.000000,0.000000
array/flatten,1135782,0,32,0.121390000,264,299407068,0.000000,0.000000
array/missing,1135782,0,32,0.105299667,304,345158015,0.000000,0.000000
array/root,1135771,0,32,0.109203500,293,332815999,0.000000,0.000000
array/cancel_first,1135782,0,32,0.032672083,979,1112418330,0.000000,0.000000
array/nested_contexts,972,0,32,0.000209167,152988,148704145,0.000000,0.000000
array/sparse,785,0,32,0.000143958,222287,174495339,0.000000,0.000000
array/deep,136,0,32,0.000407916,78448,10668863,0.000000,0.000000
array/empty,2,0,32,0.000000584,54794521,109589041,0.000000,0.000000
array/singleton,12,0,32,0.000002500,12800000,153600000,0.000000,0.000000
array/nested_values,31,0,32,0.000006750,4740741,146962963,0.000000,0.000000
compile/scalar,0,0,32,0.000047542,673089,0,58.000000,3234.000000
scalar/literal,100,0,32,0.000003083,10379500,1037950049,0.000000,0.000000
scalar/arithmetic,100,0,32,0.000011417,2802838,280283787,0.000000,0.000000
scalar/nested,100,0,32,0.000011875,2694737,269473684,0.000000,0.000000
scalar/comparison,100,0,32,0.000011084,2887044,288704439,0.000000,0.000000
scalar/strings,100,0,32,0.000007000,4571429,457142857,0.000000,0.000000
scalar/boolean,100,0,32,0.000010708,2988420,298841987,0.000000,0.000000
scalar/missing,100,0,32,0.000010708,2988420,298841987,0.000000,0.000000
scalar/short_circuit,100,0,32,0.000003291,9723488,972348830,0.000000,0.000000
scalar/mixed,100,0,32,0.000020500,1560976,156097561,0.000000,0.000000
scalar/write,100,0,32,0.000012333,2594665,259466472,0.000000,0.000000
scalar/literal,500,0,32,0.000009875,3240506,1620253165,0.000000,0.000000
scalar/arithmetic,500,0,32,0.000031458,1017229,508614661,0.000000,0.000000
scalar/nested,500,0,32,0.000031875,1003922,501960784,0.000000,0.000000
scalar/comparison,500,0,32,0.000028375,1127753,563876652,0.000000,0.000000
scalar/strings,500,0,32,0.000020208,1583531,791765637,0.000000,0.000000
scalar/boolean,500,0,32,0.000031709,1009177,504588603,0.000000,0.000000
scalar/missing,500,0,32,0.000031375,1019920,509960159,0.000000,0.000000
scalar/short_circuit,500,0,32,0.000010083,3173659,1586829317,0.000000,0.000000
scalar/mixed,500,0,32,0.000053333,600004,300001875,0.000000,0.000000
scalar/write,500,0,32,0.000030541,1047772,523885924,0.000000,0.000000
scalar/literal,1024,0,32,0.000018458,1733666,1775273594,0.000000,0.000000
scalar/arithmetic,1024,0,32,0.000059458,538195,551111709,0.000000,0.000000
scalar/nested,1024,0,32,0.000056292,568464,582107582,0.000000,0.000000
scalar/comparison,1024,0,32,0.000056416,567215,580828134,0.000000,0.000000
scalar/strings,1024,0,32,0.000038000,842105,862315789,0.000000,0.000000
scalar/boolean,1024,0,32,0.000056875,562637,576140659,0.000000,0.000000
scalar/missing,1024,0,32,0.000056000,571429,585142857,0.000000,0.000000
scalar/short_circuit,1024,0,32,0.000018666,1714347,1755491268,0.000000,0.000000
scalar/mixed,1024,0,32,0.000095834,333911,341924578,0.000000,0.000000
scalar/write,1024,0,32,0.000058000,551724,564965517,0.000000,0.000000
scalar/literal,10240,0,32,0.000158250,202212,2070647709,0.000000,0.000000
scalar/arithmetic,10240,0,32,0.000487458,65647,672222017,0.000000,0.000000
scalar/nested,10240,0,32,0.000491667,65085,666467345,0.000000,0.000000
scalar/comparison,10240,0,32,0.000486083,65832,674123555,0.000000,0.000000
scalar/strings,10240,0,32,0.000321708,99469,1018563418,0.000000,0.000000
scalar/boolean,10240,0,32,0.000486875,65725,673026958,0.000000,0.000000
scalar/missing,10240,0,32,0.000493125,64892,664496831,0.000000,0.000000
scalar/short_circuit,10240,0,32,0.000163250,196018,2007228178,0.000000,0.000000
scalar/mixed,10240,0,32,0.000825792,38751,396806944,0.000000,0.000000
scalar/write,10240,0,32,0.000490459,65245,668108853,0.000000,0.000000
scalar/literal,65536,0,32,0.001057250,30267,1983591393,0.000000,0.000000
scalar/arithmetic,65536,0,32,0.003102292,10315,676000841,0.000000,0.000000
scalar/nested,65536,0,32,0.003138333,10196,668237564,0.000000,0.000000
scalar/comparison,65536,0,32,0.003176292,10075,660251639,0.000000,0.000000
scalar/strings,65536,0,32,0.002091458,15300,1002722503,0.000000,0.000000
scalar/boolean,65536,0,32,0.003150625,10157,665630470,0.000000,0.000000
scalar/missing,65536,0,32,0.003128750,10228,670284299,0.000000,0.000000
scalar/short_circuit,65536,0,32,0.001014041,31557,2068113617,0.000000,0.000000
scalar/mixed,65536,0,32,0.005192125,6163,403910152,0.000000,0.000000
scalar/write,65536,0,32,0.003182083,10056,659050062,0.000000,0.000000
scalar/literal,1048576,0,32,0.017078125,1874,1964760886,0.000000,0.000000
scalar/arithmetic,1048576,0,32,0.050738875,631,661316042,0.000000,0.000000
scalar/nested,1048576,0,32,0.050293083,636,667177870,0.000000,0.000000
scalar/comparison,1048576,0,32,0.050548625,633,663805039,0.000000,0.000000
scalar/strings,1048576,0,32,0.033229916,963,1009765779,0.000000,0.000000
scalar/boolean,1048576,0,32,0.050717083,631,661600195,0.000000,0.000000
scalar/missing,1048576,0,32,0.049972417,640,671459057,0.000000,0.000000
scalar/short_circuit,1048576,0,32,0.017294583,1850,1940170052,0.000000,0.000000
scalar/mixed,1048576,0,32,0.082860209,386,404952297,0.000000,0.000000
scalar/write,1048576,0,32,0.050652125,632,662448653,0.000000,0.000000
scalar/sequence_boolean,330,0,32,0.000056416,567215,187180942,0.000000,0.000000
scalar/sequence_array_equality,330,0,32,0.000076042,420820,138870624,0.000000,0.000000
scalar/sequence_equality,330,0,32,0.000101375,315660,104167694,3.000000,672.000000
scalar/array_equality,330,0,32,0.000116084,275662,90968609,16.000000,3264.000000
scalar/singleton,15,0,32,0.000004166,7681229,115218435,0.000000,0.000000
scalar/sequence_type_error,330,0,32,0.000035041,913216,301361263,0.000000,0.000000
scalar/object_equality,125,0,32,0.000047083,679651,84956354,3.000000,1396.000000
scalar/object_equality,2389,0,32,0.000775125,41284,98626673,7.000000,24948.000000
scalar/escaped_strings,26,0,32,0.000003125,10240000,266240000,0.000000,0.000000
compile/filter,0,0,32,0.000023958,1335671,0,24.000000,1752.000000
filter/predicate,100,0,32,0.000015875,2015748,201574803,0.000000,0.000000
filter/none,100,0,32,0.000014500,2206897,220689655,0.000000,0.000000
filter/first,100,0,32,0.000011000,2909091,290909091,0.000000,0.000000
filter/last,100,0,32,0.000012834,2493377,249337697,0.000000,0.000000
filter/computed_last,100,0,32,0.000014500,2206897,220689655,0.000000,0.000000
filter/chained,100,0,32,0.000021500,1488372,148837209,0.000000,0.000000
filter/predicate,500,0,32,0.000029583,1081702,540851165,0.000000,0.000000
filter/none,500,0,32,0.000025542,1252838,626419231,0.000000,0.000000
filter/first,500,0,32,0.000024541,1303940,651970172,0.000000,0.000000
filter/last,500,0,32,0.000026291,1217147,608573276,0.000000,0.000000
filter/computed_last,500,0,32,0.000027792,1151410,575705239,0.000000,0.000000
filter/chained,500,0,32,0.000035167,909944,454971991,0.000000,0.000000
filter/predicate,1024,0,32,0.000043250,739884,757641618,0.000000,0.000000
filter/none,1024,0,32,0.000045000,711111,728177778,0.000000,0.000000
filter/first,1024,0,32,0.000041291,774987,793586980,0.000000,0.000000
filter/last,1024,0,32,0.000043375,737752,755458213,0.000000,0.000000
filter/computed_last,1024,0,32,0.000040917,782071,800840726,0.000000,0.000000
filter/chained,1024,0,32,0.000052208,612933,627643273,0.000000,0.000000
filter/predicate,10240,0,32,0.000337958,94686,969587937,0.000000,0.000000
filter/none,10240,0,32,0.000335708,95321,976086361,0.000000,0.000000
filter/first,10240,0,32,0.000351375,91071,932564924,0.000000,0.000000
filter/last,10240,0,32,0.000341417,93727,959764745,0.000000,0.000000
filter/computed_last,10240,0,32,0.000336625,95061,973427404,0.000000,0.000000
filter/chained,10240,0,32,0.000347250,92153,943642909,0.000000,0.000000
filter/predicate,65536,0,32,0.002093000,15289,1001983755,0.000000,0.000000
filter/none,65536,0,32,0.002082000,15370,1007277618,0.000000,0.000000
filter/first,65536,0,32,0.002108167,15179,994775082,0.000000,0.000000
filter/last,65536,0,32,0.002117084,15115,990585163,0.000000,0.000000
filter/computed_last,65536,0,32,0.002136208,14980,981717136,0.000000,0.000000
filter/chained,65536,0,32,0.002154750,14851,973269289,0.000000,0.000000
filter/predicate,1048576,0,32,0.033983125,942,987385121,0.000000,0.000000
filter/none,1048576,0,32,0.033950459,943,988335150,0.000000,0.000000
filter/first,1048576,0,32,0.033524208,955,1000901557,0.000000,0.000000
filter/last,1048576,0,32,0.034012292,941,986538396,0.000000,0.000000
filter/computed_last,1048576,0,32,0.033995791,941,987017246,0.000000,0.000000
filter/chained,1048576,0,32,0.034002500,941,986822498,0.000000,0.000000
filter/wide_predicate,164,0,32,0.000054625,585812,96073227,0.000000,0.000000
filter/wide_last,164,0,32,0.000029708,1077151,176652753,0.000000,0.000000
filter/sequence_last,164,0,32,0.000054083,591683,97036037,0.000000,0.000000
filter/wide_predicate,2736,0,32,0.000845042,37868,103606685,0.000000,0.000000
filter/wide_last,2736,0,32,0.000391792,81676,223465512,0.000000,0.000000
filter/sequence_last,2736,0,32,0.000755208,42372,115930975,0.000000,0.000000
filter/wide_predicate,23392,0,32,0.006686875,4785,111942275,0.000000,0.000000
filter/wide_last,23392,0,32,0.003091500,10351,242129710,0.000000,0.000000
filter/sequence_last,23392,0,32,0.005572958,5742,134317179,0.000000,0.000000
filter/nested,892,0,32,0.000425250,75250,67122869,0.000000,0.000000
filter/per_group,892,0,32,0.000301125,106268,94791200,0.000000,0.000000
filter/global,892,0,32,0.000214416,149243,133124394,0.000000,0.000000
filter/deep,136,0,32,0.000436375,73331,9973074,0.000000,0.000000
filter/negative_chain,20,0,32,0.000249709,128149,2562983,0.000000,0.000000
compile/aggregate,0,0,32,0.000026667,1199985,0,24.000000,1992.000000
aggregate/count,100,0,32,0.000008667,3692166,369216569,0.000000,0.000000
aggregate/sum,100,0,32,0.000008250,3878788,387878788,0.000000,0.000000
aggregate/min,100,0,32,0.000008375,3820896,382089552,0.000000,0.000000
aggregate/max,100,0,32,0.000008292,3859141,385914134,0.000000,0.000000
aggregate/filtered_count,100,0,32,0.000012500,2560000,256000000,0.000000,0.000000
aggregate/filtered_sum,100,0,32,0.000014000,2285714,228571429,0.000000,0.000000
aggregate/empty_sum,100,0,32,0.000012375,2585859,258585859,0.000000,0.000000
aggregate/count,500,0,32,0.000022167,1443587,721793657,0.000000,0.000000
aggregate/sum,500,0,32,0.000022542,1419572,709786177,0.000000,0.000000
aggregate/min,500,0,32,0.000022500,1422222,711111111,0.000000,0.000000
aggregate/max,500,0,32,0.000022209,1440857,720428655,0.000000,0.000000
aggregate/filtered_count,500,0,32,0.000024500,1306122,653061224,0.000000,0.000000
aggregate/filtered_sum,500,0,32,0.000024750,1292929,646464646,0.000000,0.000000
aggregate/empty_sum,500,0,32,0.000025791,1240743,620371447,0.000000,0.000000
aggregate/count,1024,0,32,0.000039083,818770,838420797,0.000000,0.000000
aggregate/sum,1024,0,32,0.000039459,810968,830431587,0.000000,0.000000
aggregate/min,1024,0,32,0.000035792,894055,915511846,0.000000,0.000000
aggregate/max,1024,0,32,0.000039708,805883,825224136,0.000000,0.000000
aggregate/filtered_count,1024,0,32,0.000044000,727273,744727273,0.000000,0.000000
aggregate/filtered_sum,1024,0,32,0.000044334,721794,739116705,0.000000,0.000000
aggregate/empty_sum,1024,0,32,0.000038417,832965,852955723,0.000000,0.000000
aggregate/count,10240,0,32,0.000326917,97884,1002333926,0.000000,0.000000
aggregate/sum,10240,0,32,0.000327625,97673,1000167875,0.000000,0.000000
aggregate/min,10240,0,32,0.000345333,92664,948881225,0.000000,0.000000
aggregate/max,10240,0,32,0.000326084,98134,1004894444,0.000000,0.000000
aggregate/filtered_count,10240,0,32,0.000331083,96653,989721611,0.000000,0.000000
aggregate/filtered_sum,10240,0,32,0.000331584,96506,988226211,0.000000,0.000000
aggregate/empty_sum,10240,0,32,0.000330958,96689,990095420,0.000000,0.000000
aggregate/count,65536,0,32,0.002101458,15228,997950946,0.000000,0.000000
aggregate/sum,65536,0,32,0.002065459,15493,1015344289,0.000000,0.000000
aggregate/min,65536,0,32,0.002067750,15476,1014219321,0.000000,0.000000
aggregate/max,65536,0,32,0.002095625,15270,1000728661,0.000000,0.000000
aggregate/filtered_count,65536,0,32,0.002104750,15204,996390070,0.000000,0.000000
aggregate/filtered_sum,65536,0,32,0.002113834,15138,992108179,0.000000,0.000000
aggregate/empty_sum,65536,0,32,0.002099166,15244,999040571,0.000000,0.000000
aggregate/count,1048576,0,32,0.033153000,965,1012108467,0.000000,0.000000
aggregate/sum,1048576,0,32,0.033899625,944,989817203,0.000000,0.000000
aggregate/min,1048576,0,32,0.033959042,942,988085353,0.000000,0.000000
aggregate/max,1048576,0,32,0.033932083,943,988870386,0.000000,0.000000
aggregate/filtered_count,1048576,0,32,0.033930375,943,988920164,0.000000,0.000000
aggregate/filtered_sum,1048576,0,32,0.033912125,944,989452357,0.000000,0.000000
aggregate/empty_sum,1048576,0,32,0.033423333,957,1003922380,0.000000,0.000000
aggregate/array_count,23,0,32,0.000005917,5408146,124387358,0.000000,0.000000
aggregate/array_sum,23,0,32,0.000007208,4439512,102108768,0.000000,0.000000
aggregate/array_min,23,0,32,0.000007375,4338983,99796610,0.000000,0.000000
aggregate/array_max,23,0,32,0.000007209,4438896,102094604,0.000000,0.000000
aggregate/sequence_sum,23,0,32,0.000013208,2422774,55723804,0.000000,0.000000
aggregate/computed_sum,23,0,32,0.000016917,1891588,43506532,0.000000,0.000000
aggregate/wide_filtered_sum,23,0,32,0.000022583,1416995,32590887,0.000000,0.000000
aggregate/array_count,409,0,32,0.000067167,476424,194857594,0.000000,0.000000
aggregate/array_sum,409,0,32,0.000091042,351486,143757826,0.000000,0.000000
aggregate/array_min,409,0,32,0.000089541,357378,146167677,0.000000,0.000000
aggregate/array_max,409,0,32,0.000089167,358877,146780760,0.000000,0.000000
aggregate/sequence_sum,409,0,32,0.000162125,197379,80727833,0.000000,0.000000
aggregate/computed_sum,409,0,32,0.000214333,149300,61063859,0.000000,0.000000
aggregate/wide_filtered_sum,409,0,32,0.000362542,88266,36100645,0.000000,0.000000
aggregate/array_count,4017,0,32,0.000551375,58037,233133530,0.000000,0.000000
aggregate/array_sum,4017,0,32,0.000764667,41848,168104547,0.000000,0.000000
aggregate/array_min,4017,0,32,0.000722959,44263,177802614,0.000000,0.000000
aggregate/array_max,4017,0,32,0.000723125,44252,177761798,0.000000,0.000000
aggregate/sequence_sum,4017,0,32,0.001269167,25213,101282180,0.000000,0.000000
aggregate/computed_sum,4017,0,32,0.001687667,18961,76166685,0.000000,0.000000
aggregate/wide_filtered_sum,4017,0,32,0.002916166,10973,44079795,0.000000,0.000000
aggregate/array_count,87201,0,32,0.008807833,3633,316812546,0.000000,0.000000
aggregate/array_sum,87201,0,32,0.012311084,2599,226660138,0.000000,0.000000
aggregate/array_min,87201,0,32,0.012103625,2644,230545147,0.000000,0.000000
aggregate/array_max,87201,0,32,0.012116833,2641,230293840,0.000000,0.000000
aggregate/sequence_sum,87201,0,32,0.021398125,1495,130405444,0.000000,0.000000
aggregate/computed_sum,87201,0,32,0.027464958,1165,101599718,0.000000,0.000000
aggregate/wide_filtered_sum,87201,0,32,0.049498750,646,56373787,0.000000,0.000000
aggregate/nested_sum,1036,0,32,0.000254333,125819,130348795,0.000000,0.000000
aggregate/nested_filtered_sum,1036,0,32,0.000447583,71495,74068944,0.000000,0.000000
aggregate/nested_filtered_count,1036,0,32,0.000446208,71715,74297189,0.000000,0.000000
aggregate/nested_sum,16396,0,32,0.004049958,7901,129549985,0.000000,0.000000
aggregate/nested_filtered_sum,16396,0,32,0.007121292,4494,73676518,0.000000,0.000000
aggregate/nested_filtered_count,16396,0,32,0.007046958,4541,74453686,0.000000,0.000000
aggregate/nested_sum,1048588,0,32,0.265790041,120,126245573,0.000000,0.000000
aggregate/nested_filtered_sum,1048588,0,32,0.454198666,70,73876959,0.000000,0.000000
aggregate/nested_filtered_count,1048588,0,32,0.448127250,71,74877875,0.000000,0.000000
aggregate/deep_sum,136,0,32,0.000425166,75265,10236002,0.000000,0.000000
aggregate/deep_filtered_sum,136,0,32,0.000419709,76243,10369089,0.000000,0.000000
compile/constructor,0,0,32,0.000067875,471455,0,57.000000,4976.000000
construct/raw_member,100,0,32,0.000006375,5019608,501960784,3.000000,168.000000
construct/raw_member_write,100,0,32,0.000008750,3657143,365714286,3.000000,168.000000
construct/scalars,100,0,32,0.000021167,1511787,151178722,3.000000,552.000000
construct/filtered_summary,100,0,32,0.000036375,879725,87972509,5.000000,368.000000
construct/nested,100,0,32,0.000049125,651399,65139949,15.000000,1352.000000
construct/navigate,100,0,32,0.000017416,1837391,183739090,3.000000,168.000000
construct/raw_member,500,0,32,0.000012916,2477547,1238773614,3.000000,168.000000
construct/raw_member_write,500,0,32,0.000025125,1273632,636815920,3.000000,168.000000
construct/scalars,500,0,32,0.000037709,848604,424301891,3.000000,552.000000
construct/filtered_summary,500,0,32,0.000056542,565951,282975487,5.000000,368.000000
construct/nested,500,0,32,0.000076958,415811,207905611,15.000000,1352.000000
construct/navigate,500,0,32,0.000030667,1043467,521733459,3.000000,168.000000
construct/raw_member,1024,0,32,0.000021375,1497076,1533005848,3.000000,168.000000
construct/raw_member_write,1024,0,32,0.000044750,715084,732245810,3.000000,168.000000
construct/scalars,1024,0,32,0.000062833,509287,521509398,3.000000,552.000000
construct/filtered_summary,1024,0,32,0.000082417,388269,397587876,5.000000,368.000000
construct/nested,1024,0,32,0.000110958,288397,295318950,15.000000,1352.000000
construct/navigate,1024,0,32,0.000047917,667821,683849156,3.000000,168.000000
construct/raw_member,10240,0,32,0.000177875,179902,1842192551,3.000000,168.000000
construct/raw_member_write,10240,0,32,0.000400625,79875,817921997,3.000000,168.000000
construct/scalars,10240,0,32,0.000517084,61885,633707483,3.000000,552.000000
construct/filtered_summary,10240,0,32,0.000525416,60904,623658206,5.000000,368.000000
construct/nested,10240,0,32,0.000694334,46087,471934256,15.000000,1352.000000
construct/navigate,10240,0,32,0.000353250,90587,927615004,3.000000,168.000000
construct/raw_member,65536,0,32,0.001114583,28710,1881557497,3.000000,168.000000
construct/raw_member_write,65536,0,32,0.002539750,12600,825731667,3.000000,168.000000
construct/scalars,65536,0,32,0.003146167,10171,666573643,3.000000,552.000000
construct/filtered_summary,65536,0,32,0.003184750,10048,658498155,5.000000,368.000000
construct/nested,65536,0,32,0.004250250,7529,493418505,15.000000,1352.000000
construct/navigate,65536,0,32,0.002126208,15050,986334357,3.000000,168.000000
construct/raw_member,1048576,0,32,0.017320708,1847,1937243674,3.000000,168.000000
construct/raw_member_write,1048576,0,32,0.040934042,782,819719489,3.000000,168.000000
construct/scalars,1048576,0,32,0.050714167,631,661638236,3.000000,552.000000
construct/filtered_summary,1048576,0,32,0.050552916,633,663748695,5.000000,368.000000
construct/nested,1048576,0,32,0.067486000,474,497205820,15.000000,1352.000000
construct/navigate,1048576,0,32,0.034654042,923,968268925,3.000000,168.000000
construct/mapped_objects,262,0,32,0.000081792,391236,102503912,12.000000,1184.000000
construct/collected_objects,262,0,32,0.000082833,386319,101215699,15.000000,1352.000000
construct/collected_write,262,0,32,0.000087792,364498,95498451,15.000000,1352.000000
construct/filtered_aggregate,262,0,32,0.000091583,349410,91545374,3.000000,296.000000
construct/mapped_objects,4334,0,32,0.001170250,27345,118511429,192.000000,18944.000000
construct/collected_objects,4334,0,32,0.001158500,27622,119713423,199.000000,21992.000000
construct/collected_write,4334,0,32,0.001293042,24748,107257150,199.000000,21992.000000
construct/filtered_aggregate,4334,0,32,0.001263291,25331,109783098,3.000000,296.000000
construct/mapped_objects,36190,0,32,0.009165875,3491,126346912,1536.000000,151552.000000
construct/collected_objects,36190,0,32,0.009212416,3474,125708609,1546.000000,176104.000000
construct/collected_write,36190,0,32,0.010037959,3188,115370067,1546.000000,176104.000000
construct/filtered_aggregate,36190,0,32,0.009978041,3207,116062862,3.000000,296.000000
construct/mapped_objects,624958,0,32,0.147768209,217,135338014,24576.000000,2424832.000000
construct/collected_objects,624958,0,32,0.149140500,215,134092725,24590.000000,2818024.000000
construct/collected_write,624958,0,32,0.163167791,196,122564974,24590.000000,2818024.000000
construct/filtered_aggregate,624958,0,32,0.165265292,194,121009413,3.000000,296.000000
construct/nested_summary,1036,0,32,0.000871084,36736,38058327,3.000000,296.000000
construct/nested_summary,16396,0,32,0.013232083,2418,39651505,3.000000,296.000000
construct/nested_summary,1048588,0,32,0.834723792,38,40198706,3.000000,296.000000
compile/lexical,0,0,32,0.000046958,681460,0,40.000000,2912.000000
lexical/lookup,100,0,32,0.000011250,2844444,284444444,5.000000,504.000000
lexical/repeated_binding,100,0,32,0.000013750,2327273,232727273,5.000000,504.000000
lexical/retained_sequence,100,0,32,0.000019417,1648040,164804038,7.000000,648.000000
lexical/closure_call,100,0,32,0.000022375,1430168,143016760,8.000000,768.000000
lexical/escaped_closure,100,0,32,0.000026084,1226806,122680570,11.000000,1032.000000
lexical/mixed,100,0,32,0.000056750,563877,56387665,14.000000,1480.000000
lexical/lookup,500,0,32,0.000023083,1386302,693150804,5.000000,504.000000
lexical/repeated_binding,500,0,32,0.000028167,1136081,568040615,5.000000,504.000000
lexical/retained_sequence,500,0,32,0.000032542,983345,491672300,7.000000,648.000000
lexical/closure_call,500,0,32,0.000042625,750733,375366569,8.000000,768.000000
lexical/escaped_closure,500,0,32,0.000044125,725212,362606232,11.000000,1032.000000
lexical/mixed,500,0,32,0.000065625,487619,243809524,14.000000,1480.000000
lexical/lookup,1024,0,32,0.000042625,750733,768750733,5.000000,504.000000
lexical/repeated_binding,1024,0,32,0.000045083,709802,726837167,5.000000,504.000000
lexical/retained_sequence,1024,0,32,0.000049958,640538,655910965,7.000000,648.000000
lexical/closure_call,1024,0,32,0.000068208,469153,480412855,8.000000,768.000000
lexical/escaped_closure,1024,0,32,0.000065083,491680,503480171,11.000000,1032.000000
lexical/mixed,1024,0,32,0.000090042,355390,363919060,14.000000,1480.000000
lexical/lookup,10240,0,32,0.000333125,96060,983654784,5.000000,504.000000
lexical/repeated_binding,10240,0,32,0.000338791,94454,967203969,5.000000,504.000000
lexical/retained_sequence,10240,0,32,0.000345959,92497,947164259,7.000000,648.000000
lexical/closure_call,10240,0,32,0.000505667,63283,648015394,8.000000,768.000000
lexical/escaped_closure,10240,0,32,0.000504042,63487,650104555,11.000000,1032.000000
lexical/mixed,10240,0,32,0.000549500,58235,596323931,14.000000,1480.000000
lexical/lookup,65536,0,32,0.002138042,14967,980875025,5.000000,504.000000
lexical/repeated_binding,65536,0,32,0.002132541,15006,983405243,5.000000,504.000000
lexical/retained_sequence,65536,0,32,0.002134250,14994,982617781,7.000000,648.000000
lexical/closure_call,65536,0,32,0.003174834,10079,660554851,8.000000,768.000000
lexical/escaped_closure,65536,0,32,0.003180084,10063,659464341,11.000000,1032.000000
lexical/mixed,65536,0,32,0.003222875,9929,650708451,14.000000,1480.000000
lexical/lookup,1048576,0,32,0.033979250,942,987497723,5.000000,504.000000
lexical/repeated_binding,1048576,0,32,0.033991334,941,987146665,5.000000,504.000000
lexical/retained_sequence,1048576,0,32,0.034000416,941,986882984,7.000000,648.000000
lexical/closure_call,1048576,0,32,0.050684875,631,662020613,8.000000,768.000000
lexical/escaped_closure,1048576,0,32,0.050282042,636,667324370,11.000000,1032.000000
lexical/mixed,1048576,0,32,0.050762667,630,661006089,14.000000,1480.000000
lexical/mapped_calls,106,0,32,0.000063333,505266,53558177,25.000000,2392.000000
lexical/repeated_projection,106,0,32,0.000033167,964814,102270329,8.000000,840.000000
lexical/mapped_calls,1692,0,32,0.000786792,40671,68816155,269.000000,30232.000000
lexical/repeated_projection,1692,0,32,0.000370042,86477,146318526,12.000000,6600.000000
lexical/mapped_calls,14260,0,32,0.005707708,5606,79948028,2064.000000,238104.000000
lexical/repeated_projection,14260,0,32,0.002856833,11201,159729323,15.000000,49608.000000
lexical/mapped_calls,251044,0,32,0.090098333,355,89162671,32788.000000,3801624.000000
lexical/repeated_projection,251044,0,32,0.046414750,689,173078773,19.000000,786888.000000
lexical/nested_retention,1036,0,32,0.000482959,66258,68643508,10.000000,1992.000000
lexical/nested_retention,16396,0,32,0.007386750,4332,71028802,14.000000,25032.000000
lexical/nested_retention,1048588,0,32,0.466456917,69,71935510,20.000000,1573320.000000
compile/nested_fallback,0,0,32,0.000109542,292125,0,113.000000,7921.000000
compile/navigation,0,0,32,0.000060084,532588,0,52.000000,4367.000000
navigation/keep,100,0,32,0.000018333,1745486,174548628,2.000000,144.000000
navigation/wildcard,100,0,32,0.000031375,1019920,101992032,8.000000,1072.000000
navigation/descendants,100,0,32,0.000042917,745625,74562528,8.000000,1072.000000
navigation/ordering,100,0,32,0.000021750,1471264,147126437,6.000000,320.000000
navigation/grouping,100,0,32,0.000028125,1137778,113777778,11.000000,824.000000
navigation/membership,100,0,32,0.000020000,1600000,160000000,2.000000,32.000000
navigation/fallback,100,0,32,0.000010833,2953937,295393704,0.000000,0.000000
navigation/mixed,100,0,32,0.000030459,1050593,105059260,11.000000,968.000000
navigation/keep,500,0,32,0.000031583,1013203,506601653,2.000000,144.000000
navigation/wildcard,500,0,32,0.000044792,714413,357206644,8.000000,1072.000000
navigation/descendants,500,0,32,0.000068083,470015,235007271,8.000000,1072.000000
navigation/ordering,500,0,32,0.000035625,898246,449122807,6.000000,320.000000
navigation/grouping,500,0,32,0.000041833,764946,382473167,11.000000,824.000000
navigation/membership,500,0,32,0.000033250,962406,481203008,2.000000,32.000000
navigation/fallback,500,0,32,0.000031000,1032258,516129032,0.000000,0.000000
navigation/mixed,500,0,32,0.000044250,723164,361581921,11.000000,968.000000
navigation/keep,1024,0,32,0.000048958,653621,669308387,2.000000,144.000000
navigation/wildcard,1024,0,32,0.000061000,524590,537180328,8.000000,1072.000000
navigation/descendants,1024,0,32,0.000102542,312067,319556865,8.000000,1072.000000
navigation/ordering,1024,0,32,0.000052375,610979,625642005,6.000000,320.000000
navigation/grouping,1024,0,32,0.000058167,550140,563343477,11.000000,824.000000
navigation/membership,1024,0,32,0.000050125,638404,653725686,2.000000,32.000000
navigation/fallback,1024,0,32,0.000056375,567627,581250554,0.000000,0.000000
navigation/mixed,1024,0,32,0.000061167,523158,535713702,11.000000,968.000000
navigation/keep,10240,0,32,0.000346625,92319,945344392,2.000000,144.000000
navigation/wildcard,10240,0,32,0.000358459,89271,914135229,8.000000,1072.000000
navigation/descendants,10240,0,32,0.000713708,44836,459123339,8.000000,1072.000000
navigation/ordering,10240,0,32,0.000349916,91451,936453320,6.000000,320.000000
navigation/grouping,10240,0,32,0.000375000,85333,873813333,11.000000,824.000000
navigation/membership,10240,0,32,0.000335125,95487,977784409,2.000000,32.000000
navigation/fallback,10240,0,32,0.000477208,67057,686660743,0.000000,0.000000
navigation/mixed,10240,0,32,0.000351750,90974,931570718,11.000000,968.000000
navigation/keep,65536,0,32,0.002082541,15366,1007015948,2.000000,144.000000
navigation/wildcard,65536,0,32,0.002132542,15006,983404782,8.000000,1072.000000
navigation/descendants,65536,0,32,0.004242333,7543,494339318,8.000000,1072.000000
navigation/ordering,65536,0,32,0.002133625,14998,982905618,6.000000,320.000000
navigation/grouping,65536,0,32,0.002151041,14877,974947479,11.000000,824.000000
navigation/membership,65536,0,32,0.002128167,15036,985426426,2.000000,32.000000
navigation/fallback,65536,0,32,0.003163459,10116,662930040,0.000000,0.000000
navigation/mixed,65536,0,32,0.002141917,14940,979100497,11.000000,968.000000
navigation/keep,1048576,0,32,0.033963417,942,987958073,2.000000,144.000000
navigation/wildcard,1048576,0,32,0.033993250,941,987091025,8.000000,1072.000000
navigation/descendants,1048576,0,32,0.067422292,475,497675635,8.000000,1072.000000
navigation/ordering,1048576,0,32,0.034021042,941,986284665,6.000000,320.000000
navigation/grouping,1048576,0,32,0.034004292,941,986770494,11.000000,824.000000
navigation/membership,1048576,0,32,0.033950250,943,988341235,2.000000,32.000000
navigation/fallback,1048576,0,32,0.050575125,633,663457223,0.000000,0.000000
navigation/mixed,1048576,0,32,0.033991875,941,987130954,11.000000,968.000000
navigation/wide_sort,250,0,32,0.000092542,345789,86447235,7.000000,752.000000
navigation/wide_group,250,0,32,0.000070708,452565,113141370,10.000000,1016.000000
navigation/wide_descendants,250,0,32,0.000125000,256000,64000000,20.000000,2680.000000
navigation/range,250,0,32,0.000033208,963623,240905806,4.000000,360.000000
navigation/wide_sort,4144,0,32,0.002374958,13474,55835935,11.000000,11312.000000
navigation/wide_group,4144,0,32,0.000990916,32293,133823654,18.000000,9656.000000
navigation/wide_descendants,4144,0,32,0.001866875,17141,71032072,260.000000,34840.000000
navigation/range,4144,0,32,0.000441125,72542,300613205,8.000000,6120.000000
navigation/wide_sort,34657,0,32,0.025124750,1274,44140698,14.000000,90160.000000
navigation/wide_group,34657,0,32,0.007475875,4280,148347050,24.000000,74168.000000
navigation/wide_descendants,34657,0,32,0.014457167,2213,76711018,2052.000000,274968.000000
navigation/range,34657,0,32,0.003564125,8978,311163048,11.000000,49128.000000
navigation/wide_sort,600386,0,32,0.546923292,59,35128056,18.000000,1441840.000000
navigation/wide_group,600386,0,32,0.121875291,263,157639435,32.000000,1180088.000000
navigation/wide_descendants,600386,0,32,0.230453208,139,83367692,32772.000000,4391448.000000
navigation/range,600386,0,32,0.056941708,562,337403859,15.000000,786408.000000
navigation/distinct_groups,194,0,32,0.000056917,562222,109071104,5.000000,1464.000000
navigation/distinct_groups,3246,0,32,0.002571792,12443,40388958,10.000000,36664.000000
navigation/distinct_groups,27486,0,32,0.115264708,278,7630714,13.000000,294712.000000
navigation/deep_descendants,24,0,32,0.000024875,1286432,30874372,4.000000,536.000000
navigation/deep_descendants,72,0,32,0.000172917,185060,13324312,4.000000,536.000000
navigation/deep_descendants,136,0,32,0.000854208,37462,5094778,4.000000,536.000000
compiler/lookup_8_hit,501,0,32,0.000012542,2551427,1278265030,0.000000,0.000000
rust/lookup_8_hit,501,0,32,0.000010083,3173659,1590002975,0.000000,0.000000
compiler/lookup_8_miss,501,0,32,0.000010125,3160494,1583407407,0.000000,0.000000
rust/lookup_8_miss,501,0,32,0.000009791,3268308,1637422122,0.000000,0.000000
compiler/varying_lookup_8,501,0,32,0.000012750,2509804,1257411765,0.000000,0.000000
rust/varying_lookup_8,501,0,32,0.000010000,3200000,1603200000,0.000000,0.000000
compiler/bound_lookup_8,16,0,32,0.000009667,3310231,52963691,6.000000,520.000000
compile/lookup_8,0,0,32,0.000100875,317224,0,60.000000,5769.000000
compiler/lookup_128_hit,501,0,32,0.000012959,2469326,1237132495,0.000000,0.000000
rust/lookup_128_hit,501,0,32,0.000009042,3539040,1773059058,0.000000,0.000000
compiler/lookup_128_miss,501,0,32,0.000009542,3353595,1680150912,0.000000,0.000000
rust/lookup_128_miss,501,0,32,0.000008834,3622368,1814806430,0.000000,0.000000
compiler/varying_lookup_128,501,0,32,0.000015541,2059070,1031593849,0.000000,0.000000
rust/varying_lookup_128,501,0,32,0.000010125,3160494,1583407407,0.000000,0.000000
compiler/bound_lookup_128,16,0,32,0.000012750,2509804,40156863,6.000000,520.000000
compile/lookup_128,0,0,32,0.004775708,6701,0,669.000000,99649.000000
compiler/lookup_1024_hit,501,0,32,0.000015333,2087002,1045587948,0.000000,0.000000
rust/lookup_1024_hit,501,0,32,0.000010000,3200000,1603200000,0.000000,0.000000
compiler/lookup_1024_miss,501,0,32,0.000010792,2965159,1485544848,0.000000,0.000000
rust/lookup_1024_miss,501,0,32,0.000009750,3282051,1644307692,0.000000,0.000000
compiler/varying_lookup_1024,501,0,32,0.000017333,1846189,924940864,0.000000,0.000000
rust/varying_lookup_1024,501,0,32,0.000010792,2965159,1485544848,0.000000,0.000000
compiler/bound_lookup_1024,16,0,32,0.000014333,2232610,35721761,6.000000,520.000000
compile/lookup_1024,0,0,32,0.214922583,149,0,5156.000000,804033.000000
compiler/lookup_4096_hit,501,0,32,0.000017500,1828571,916114286,0.000000,0.000000
rust/lookup_4096_hit,501,0,32,0.000010083,3173659,1590002975,0.000000,0.000000
compiler/lookup_4096_miss,501,0,32,0.000011250,2844444,1425066667,0.000000,0.000000
rust/lookup_4096_miss,501,0,32,0.000009875,3240506,1623493671,0.000000,0.000000
compiler/varying_lookup_4096,501,0,32,0.000018416,1737619,870547350,0.000000,0.000000
rust/varying_lookup_4096,501,0,32,0.000014000,2285714,1145142857,0.000000,0.000000
compiler/bound_lookup_4096,16,0,32,0.000015209,2104017,33664278,6.000000,520.000000
compile/lookup_4096,0,0,32,2.789816708,11,0,20520.000000,3215553.000000
compiler/constant_scalar,100,0,32,0.000003292,9720535,972053463,0.000000,0.000000
compiler/repeated_fields,100,0,32,0.000011625,2752688,275268817,0.000000,0.000000
compiler/dynamic_leaves,100,0,32,0.000010750,2976744,297674419,4.000000,312.000000
compiler/filtered_sum,100,0,32,0.000014875,2151261,215126050,0.000000,0.000000
compiler/invariant_aggregate,100,0,32,0.000007167,4464909,446490861,0.000000,0.000000
compiler/builtin_reference,100,0,32,0.000003166,10107391,1010739103,0.000000,0.000000
compiler/static_array,100,0,32,0.000003500,9142857,914285714,1.000000,16.000000
compiler/constant_membership,100,0,32,0.000010750,2976744,297674419,1.000000,16.000000
compiler/lookup_record,100,0,32,0.000007208,4439512,443951165,0.000000,0.000000
rust/repeated_fields,100,0,32,0.000003958,8084891,808489136,0.000000,0.000000
compiler/constant_scalar,500,0,32,0.000009875,3240506,1620253165,0.000000,0.000000
compiler/repeated_fields,500,0,32,0.000031417,1018557,509278416,0.000000,0.000000
compiler/dynamic_leaves,500,0,32,0.000024250,1319588,659793814,4.000000,312.000000
compiler/filtered_sum,500,0,32,0.000028083,1139479,569739700,0.000000,0.000000
compiler/invariant_aggregate,500,0,32,0.000020750,1542169,771084337,0.000000,0.000000
compiler/builtin_reference,500,0,32,0.000009958,3213497,1606748343,0.000000,0.000000
compiler/static_array,500,0,32,0.000010292,3109211,1554605519,1.000000,16.000000
compiler/constant_membership,500,0,32,0.000024209,1321822,660911231,1.000000,16.000000
compiler/lookup_record,500,0,32,0.000014000,2285714,1142857143,0.000000,0.000000
rust/repeated_fields,500,0,32,0.000010875,2942529,1471264368,0.000000,0.000000
compiler/constant_scalar,1024,0,32,0.000018541,1725905,1767326466,0.000000,0.000000
compiler/repeated_fields,1024,0,32,0.000056958,561817,575301099,0.000000,0.000000
compiler/dynamic_leaves,1024,0,32,0.000041375,773414,791975831,4.000000,312.000000
compiler/filtered_sum,1024,0,32,0.000045000,711111,728177778,0.000000,0.000000
compiler/invariant_aggregate,1024,0,32,0.000037584,851426,871860366,0.000000,0.000000
compiler/builtin_reference,1024,0,32,0.000018458,1733666,1775273594,0.000000,0.000000
compiler/static_array,1024,0,32,0.000018834,1699055,1739832218,1.000000,16.000000
compiler/constant_membership,1024,0,32,0.000041333,774200,792780587,1.000000,16.000000
compiler/lookup_record,1024,0,32,0.000022625,1414365,1448309392,0.000000,0.000000
rust/repeated_fields,1024,0,32,0.000019375,1651613,1691251613,0.000000,0.000000
compiler/constant_scalar,10240,0,32,0.000169542,188744,1932736431,0.000000,0.000000
compiler/repeated_fields,10240,0,32,0.000502792,63645,651720791,0.000000,0.000000
compiler/dynamic_leaves,10240,0,32,0.000354542,90257,924234646,4.000000,312.000000
compiler/filtered_sum,10240,0,32,0.000342292,93487,957311301,0.000000,0.000000
compiler/invariant_aggregate,10240,0,32,0.000337250,94885,971623425,0.000000,0.000000
compiler/builtin_reference,10240,0,32,0.000185500,172507,1766469003,0.000000,0.000000
compiler/static_array,10240,0,32,0.000170042,188189,1927053316,1.000000,16.000000
compiler/constant_membership,10240,0,32,0.000339333,94303,965659102,1.000000,16.000000
compiler/lookup_record,10240,0,32,0.000173750,184173,1885928058,0.000000,0.000000
rust/repeated_fields,10240,0,32,0.000170458,187730,1922350374,0.000000,0.000000
compiler/constant_scalar,1048576,0,32,0.017153333,1866,1956146482,0.000000,0.000000
compiler/repeated_fields,1048576,0,32,0.050560667,633,663646941,0.000000,0.000000
compiler/dynamic_leaves,1048576,0,32,0.033704333,949,995552471,4.000000,312.000000
compiler/filtered_sum,1048576,0,32,0.033961500,942,988013839,0.000000,0.000000
compiler/invariant_aggregate,1048576,0,32,0.033942208,943,988575404,0.000000,0.000000
compiler/builtin_reference,1048576,0,32,0.017164542,1864,1954869055,0.000000,0.000000
compiler/static_array,1048576,0,32,0.017208333,1860,1949894391,1.000000,16.000000
compiler/constant_membership,1048576,0,32,0.033998125,941,986949486,1.000000,16.000000
compiler/lookup_record,1048576,0,32,0.017269666,1853,1942969366,0.000000,0.000000
rust/repeated_fields,1048576,0,32,0.017272291,1853,1942674078,0.000000,0.000000
compile/execution,0,0,32,0.000100500,318408,0,129.000000,7694.000000
execution/arithmetic,100,0,32,0.000009833,3254348,325434761,0.000000,0.000000
execution/comparison,100,0,32,0.000009958,3213497,321349669,0.000000,0.000000
execution/conditional,100,0,32,0.000016167,1979341,197934063,0.000000,0.000000
execution/constructor,100,0,32,0.000013334,2399880,239988001,4.000000,312.000000
rust/execution_arithmetic,100,0,32,0.000003417,9364940,936494001,0.000000,0.000000
rust/execution_constructor,100,0,32,0.000003459,9251229,925122868,0.000000,0.000000
execution/arithmetic,500,0,32,0.000029917,1069626,534812983,0.000000,0.000000
execution/comparison,500,0,32,0.000029833,1072638,536318842,0.000000,0.000000
execution/conditional,500,0,32,0.000049500,646465,323232323,0.000000,0.000000
execution/constructor,500,0,32,0.000033500,955224,477611940,4.000000,312.000000
rust/execution_arithmetic,500,0,32,0.000010167,3147438,1573718894,0.000000,0.000000
rust/execution_constructor,500,0,32,0.000010125,3160494,1580246914,0.000000,0.000000
execution/arithmetic,1024,0,32,0.000055333,578317,592196339,0.000000,0.000000
execution/comparison,1024,0,32,0.000055375,577878,591747178,0.000000,0.000000
execution/conditional,1024,0,32,0.000091583,349410,357795661,0.000000,0.000000
execution/constructor,1024,0,32,0.000058833,543912,556966328,4.000000,312.000000
rust/execution_arithmetic,1024,0,32,0.000018708,1710498,1751550139,0.000000,0.000000
rust/execution_constructor,1024,0,32,0.000018709,1710407,1751456518,0.000000,0.000000
execution/arithmetic,10240,0,32,0.000500958,63878,654106732,0.000000,0.000000
execution/comparison,10240,0,32,0.000498583,64182,657222569,0.000000,0.000000
execution/conditional,10240,0,32,0.000829916,38558,394835140,0.000000,0.000000
execution/constructor,10240,0,32,0.000507625,63039,645515883,4.000000,312.000000
rust/execution_arithmetic,10240,0,32,0.000169833,188420,1929424788,0.000000,0.000000
rust/execution_constructor,10240,0,32,0.000169875,188374,1928947756,0.000000,0.000000
execution/arithmetic,1048576,0,32,0.050590167,633,663259957,0.000000,0.000000
execution/comparison,1048576,0,32,0.050647833,632,662504791,0.000000,0.000000
execution/conditional,1048576,0,32,0.083691125,382,400931783,0.000000,0.000000
execution/constructor,1048576,0,32,0.050693625,631,661906344,4.000000,312.000000
rust/execution_arithmetic,1048576,0,32,0.017211000,1859,1949592238,0.000000,0.000000
rust/execution_constructor,1048576,0,32,0.017294875,1850,1940137295,0.000000,0.000000
execution/filtered_sum,74,0,32,0.000037000,864865,64000000,0.000000,0.000000
execution/mapped_sum,74,0,32,0.000030292,1056385,78172455,0.000000,0.000000
rust/execution_filtered_sum,74,0,32,0.000007750,4129032,305548387,0.000000,0.000000
execution/filtered_sum,1082,0,32,0.000561708,56969,61640568,0.000000,0.000000
execution/mapped_sum,1082,0,32,0.000434000,73733,79778802,0.000000,0.000000
rust/execution_filtered_sum,1082,0,32,0.000113083,282978,306182185,0.000000,0.000000
execution/filtered_sum,8586,0,32,0.004412125,7253,62272034,0.000000,0.000000
execution/mapped_sum,8586,0,32,0.003398209,9417,80852002,0.000000,0.000000
rust/execution_filtered_sum,8586,0,32,0.000858458,37276,320052932,0.000000,0.000000
execution/filtered_sum,137226,0,32,0.070775125,452,62044850,0.000000,0.000000
execution/mapped_sum,137226,0,32,0.055431583,577,79218954,0.000000,0.000000
rust/execution_filtered_sum,137226,0,32,0.013449875,2379,326488685,0.000000,0.000000
execution/lookup_8192,501,0,32,0.000018375,1741497,872489796,0.000000,0.000000
rust/execution_lookup_8192,501,0,32,0.000009792,3267974,1637254902,0.000000,0.000000
execution/type_fallback,16,0,32,0.000004833,6621146,105938341,0.000000,0.000000
cargo build --workspace --release --locked
   Compiling jx-cli v0.1.0 (/Users/josh/Documents/Workspace/jo-cube/jx/crates/jx-cli)
    Finished `release` profile [optimized] target(s) in 1.80s
