cargo fmt --all -- --check
just clippy
cargo clippy --workspace --all-targets --locked -- -D warnings
    Checking jx v0.1.0 (/Users/josh/Documents/Workspace/jo-cube/jx/crates/jx)
    Checking jx-cli v0.1.0 (/Users/josh/Documents/Workspace/jo-cube/jx/crates/jx-cli)
    Finished `dev` profile [unoptimized + debuginfo] target(s) in 2.47s
just test
cargo test --workspace --locked
   Compiling jx-cli v0.1.0 (/Users/josh/Documents/Workspace/jo-cube/jx/crates/jx-cli)
   Compiling jx v0.1.0 (/Users/josh/Documents/Workspace/jo-cube/jx/crates/jx)
    Finished `test` profile [unoptimized + debuginfo] target(s) in 3.03s
     Running unittests src/lib.rs (target/debug/deps/jx-6820f9202e37ff54)

running 5 tests
test plan::tests::whole_regions_lower ... ok
test plan::tests::nested_demands_preserve_replacement_and_array_fallback ... ok
test plan::tests::plan_and_tree_agree_on_values_and_exact_errors ... ok
test plan::tests::fixed_objects_lookup_and_capture_match_the_tree ... ok
test plan::tests::branches_and_folds_match_the_tree ... ok

test result: ok. 5 passed; 0 failed; 0 ignored; 0 measured; 0 filtered out; finished in 2.07s

     Running tests/aggregates.rs (target/debug/deps/aggregates-05bf09b74b26edb7)

running 5 tests
test validation_cancellation_and_mapped_aggregate_errors ... ok
test aggregate_arguments_finish_before_type_or_arity_checks ... ok
test aggregates_preserve_ieee_values_and_signed_zero ... ok
test aggregate_calls_keep_syntax_and_depth_limits_explicit ... ok
test aggregate_semantics ... ok

test result: ok. 5 passed; 0 failed; 0 ignored; 0 measured; 0 filtered out; finished in 0.00s

     Running tests/builtins.rs (target/debug/deps/builtins-72bdf2cc00a48106)

running 5 tests
test missing_matchers_and_host_exceptions_are_explicit ... ok
test computed_strings_preserve_json_encoding_and_surrogate_units ... ok
test validation_and_argument_errors_precede_callback_execution ... ok
test builtin_retention_keeps_input_borrowing_and_evaluates_arguments_once ... ok
test builtin_semantics ... ok

test result: ok. 5 passed; 0 failed; 0 ignored; 0 measured; 0 filtered out; finished in 0.01s

     Running tests/compiler.rs (target/debug/deps/compiler-34ec88927374340b)

running 4 tests
test constant_errors_remain_runtime_errors_after_validation ... ok
test static_lookup_still_validates_and_normalizes_its_key ... ok
test lookup_shapes_keys_and_calls ... ok
test constant_construction_keeps_identity_and_shape ... ok

test result: ok. 4 passed; 0 failed; 0 ignored; 0 measured; 0 filtered out; finished in 0.00s

     Running tests/composition.rs (target/debug/deps/composition-e14090b4c2061812)

running 7 tests
test jsonata_stringification_is_distinct_from_output_serialization ... ok
test string_identity_and_partial_arguments_keep_borrowing ... ok
test concatenation_preserves_escape_and_surrogate_boundaries ... ok
test composed_calls_keep_resource_limits_and_record_isolation ... ok
test validation_and_error_order_are_preserved ... ok
test direct_path_conversion_matches_dynamic_calls ... ok
test conversion_and_composition_semantics ... ok

test result: ok. 7 passed; 0 failed; 0 ignored; 0 measured; 0 filtered out; finished in 0.01s

     Running tests/conformance.rs (target/debug/deps/conformance-e01b33e903b9418a)

running 1 test
test pinned_upstream_groups_have_explicit_expected_outcomes ... ok

test result: ok. 1 passed; 0 failed; 0 ignored; 0 measured; 0 filtered out; finished in 0.98s

     Running tests/constructors.rs (target/debug/deps/constructors-e564657b567aff89)

running 9 tests
test object_construction_does_not_mutate_empty_input_arrays ... ok
test null_collapse_reports_a_type_error_instead_of_a_host_exception ... ok
test containers_own_structure_and_retain_borrowed_members ... ok
test serialization_keeps_unicode_units_and_arbitrary_json_keys ... ok
test implicit_string_iteration_after_constructor_collapse_is_explicitly_deferred ... ok
test construction_preserves_internal_numbers_and_undefined ... ok
test construction_validates_before_output_and_cancels_between_containers ... ok
test constructor_syntax_and_depth_are_bounded ... ok
test constructor_semantics ... ok

test result: ok. 9 passed; 0 failed; 0 ignored; 0 measured; 0 filtered out; finished in 0.01s

     Running tests/execution.rs (target/debug/deps/execution-11c069ea4292c1ee)

running 7 tests
test planned_regions_do_not_round_borrowed_output ... ok
test numeric_regions_accept_constructed_and_retained_contexts ... ok
test numeric_regions_compose_with_contexts_and_retention ... ok
test numeric_regions_keep_validation_and_error_precedence ... ok
test numeric_regions_preserve_missing_shape_and_record_isolation ... ok
test branches_fixed_objects_and_streamed_folds_compose ... ok
test numeric_regions_preserve_ordering_and_stream_cancellation ... ok

test result: ok. 7 passed; 0 failed; 0 ignored; 0 measured; 0 filtered out; finished in 0.00s

     Running tests/filters.rs (target/debug/deps/filters-c079dd8628cb9383)

running 5 tests
test undefined_sequence_items_remain_distinct_from_null ... ok
test filtered_values_borrow_input_and_cancellation_stops_predicates ... ok
test upstream_stage_errors_take_precedence_over_later_stage_errors ... ok
test filter_semantics ... ok
test filters_have_bounded_depth_and_keep_deferred_syntax_explicit ... ok

test result: ok. 5 passed; 0 failed; 0 ignored; 0 measured; 0 filtered out; finished in 0.01s

     Running tests/json_validation.rs (target/debug/deps/json_validation-6554fd662af7e52c)

running 6 tests
test invalid_json_syntax ... ok
test valid_json_syntax_and_utf8 ... ok
test rejects_invalid_utf8_anywhere_even_in_unselected_fields ... ok
test deterministic_mutations_agree_with_serde_on_common_json_domain ... ok
test depth_limit_and_large_shallow_records ... ok
test planned_capture_preserves_complete_validation_and_exact_diagnostics ... ok

test result: ok. 6 passed; 0 failed; 0 ignored; 0 measured; 0 filtered out; finished in 0.05s

     Running tests/lexical.rs (target/debug/deps/lexical-c93933b89f75b281)

running 8 tests
test retained_bindings_preserve_input_borrowing ... ok
test deferred_features_and_constructor_binding_races_are_explicit ... ok
test function_results_are_opaque_and_not_json ... ok
test retained_output_obeys_consumer_cancellation ... ok
test recursion_accounts_for_large_function_bodies ... ok
test recursion_is_bounded_and_an_error_does_not_poison_reuse ... ok
test evaluations_isolate_scope_and_validate_before_execution ... ok
test lexical_semantics ... ok

test result: ok. 8 passed; 0 failed; 0 ignored; 0 measured; 0 filtered out; finished in 0.01s

     Running tests/matchers.rs (target/debug/deps/matchers-00af7770dca16872)

running 5 tests
test complete_validation_precedes_matcher_execution ... ok
test legacy_case_folding_and_native_coercion_are_explicitly_deferred ... ok
test independent_evaluations_and_cloned_expressions_have_fresh_cursors ... ok
test borrowing_and_continuation_retention ... ok
test matcher_semantics ... ok

test result: ok. 5 passed; 0 failed; 0 ignored; 0 measured; 0 filtered out; finished in 0.01s

     Running tests/navigation.rs (target/debug/deps/navigation-7e2fd9ae87f7caa7)

running 4 tests
test range_limits_and_deferred_tuple_navigation_are_explicit ... ok
test nested_fallbacks_compile_without_expanding_the_left_tree ... ok
test validation_borrowing_and_cancellation ... ok
test navigation_semantics ... ok

test result: ok. 4 passed; 0 failed; 0 ignored; 0 measured; 0 filtered out; finished in 0.01s

     Running tests/scalars.rs (target/debug/deps/scalars-beccf54ded377be8)

running 7 tests
test computed_scalars_and_literal_strings_need_no_owned_output ... ok
test expression_whitespace_matches_the_language_tokenizer ... ok
test operator_errors_have_expression_offsets_after_complete_validation ... ok
test duplicate_keys_unicode_and_binary64_boundaries ... ok
test compile_errors_and_expression_depth_are_bounded ... ok
test scalar_operators_and_sequence_operands ... ok
test structural_equality_and_boolean_casting_respect_input_depth_limits ... ok

test result: ok. 7 passed; 0 failed; 0 ignored; 0 measured; 0 filtered out; finished in 0.01s

     Running tests/semantics.rs (target/debug/deps/semantics-9af57906e5f82a25)

running 8 tests
test serialization_propagates_consumer_failure ... ok
test unsupported_semantics_fail_explicitly ... ok
test compact_serialization_preserves_string_and_number_bytes ... ok
test results_borrow_input_not_the_expression ... ok
test field_names_compare_decoded_escapes ... ok
test object_paths_missing_and_raw_values ... ok
test validate_before_returning_a_selected_value_or_semantic_error ... ok
test compile_once_reuse_across_records_and_threads ... ok

test result: ok. 8 passed; 0 failed; 0 ignored; 0 measured; 0 filtered out; finished in 0.00s

     Running tests/sequences.rs (target/debug/deps/sequences-d938a668a688f2ea)

running 6 tests
test cancellation_preserves_the_consumer_error_and_stops_emission ... ok
test fully_validate_before_emitting_any_sequence_item ... ok
test streamed_values_borrow_their_original_ranges ... ok
test duplicate_keys_and_escaped_names_inside_arrays ... ok
test array_navigation_and_sequence_boundaries ... ok
test traversal_is_bounded_by_validated_input_depth_not_array_width ... ok

test result: ok. 6 passed; 0 failed; 0 ignored; 0 measured; 0 filtered out; finished in 0.03s

     Running tests/structure.rs (target/debug/deps/structure-949a49f7643a7609)

running 8 tests
test undeducible_parents_fail_without_recursive_analysis ... ok
test transform_alias_boundaries_are_explicit ... ok
test unsupported_non_json_transform_edges_are_explicit ... ok
test validation_cancellation_and_record_isolation ... ok
test clone_conversion_preserves_utf16_and_checks_all_numeric_leaves ... ok
test clones_and_updates_keep_unrelated_leaves_borrowed ... ok
test resolved_parent_paths_count_toward_the_function_stack_budget ... ok
test parent_and_transform_semantics ... ok

test result: ok. 8 passed; 0 failed; 0 ignored; 0 measured; 0 filtered out; finished in 0.02s

     Running tests/tuples.rs (target/debug/deps/tuples-e041942b74c5e8aa)

running 5 tests
test invalid_bindings_and_parent_navigation_remain_explicit ... ok
test an_empty_scoped_group_constructs_an_empty_object ... ok
test scoped_paths_validate_before_output_and_borrow_selected_values ... ok
test cancellation_stops_scoped_stages_before_later_errors ... ok
test scoped_path_semantics ... ok

test result: ok. 5 passed; 0 failed; 0 ignored; 0 measured; 0 filtered out; finished in 0.01s

     Running unittests src/main.rs (target/debug/deps/jx-232e0e22ead4be1c)

running 3 tests
test stream::tests::oversized_unterminated_record_stays_bounded ... ok
test stream::tests::output_failure_stops_before_consuming_the_next_record ... ok
test stream::tests::framing_is_independent_of_buffer_boundaries ... ok

test result: ok. 3 passed; 0 failed; 0 ignored; 0 measured; 0 filtered out; finished in 0.00s

     Running tests/cli.rs (target/debug/deps/cli-4bff86ed464b3a72)

running 18 tests
test invalid_record_never_emits_a_partial_sequence ... ok
test errors_have_distinct_exit_codes_and_record_context ... ok
test kept_sequences_and_reductions_preserve_record_framing ... ok
test aggregates_distinguish_missing_empty_and_failed_records ... ok
test ndjson_missing_null_arrays_and_final_unterminated_record ... ok
test filters_frame_values_and_report_streamed_errors ... ok
test lexical_runtime_is_fresh_for_each_record ... ok
test builtins_frame_sequences_and_escape_computed_strings ... ok
test matcher_results_keep_ndjson_framing_and_record_isolation ... ok
test conversion_and_chaining_preserve_ndjson_boundaries ... ok
test streams_multiple_files_and_stdin_in_order ... ok
test constructors_frame_complete_outputs_and_mapped_failures ... ok
test scoped_paths_reset_bindings_and_preserve_sequence_framing ... ok
test help_empty_input_options_and_invalid_utf8 ... ok
test parent_navigation_and_transforms_preserve_record_boundaries ... ok
test exact_record_limit_including_cr_but_excluding_lf ... ok
test sequences_are_separate_lines_and_raw_arrays_stay_values ... ok
test scalar_results_and_runtime_errors_are_framed_per_record ... ok

test result: ok. 18 passed; 0 failed; 0 ignored; 0 measured; 0 filtered out; finished in 0.55s

   Doc-tests jx

running 1 test
test crates/jx/src/lib.rs - (line 4) ... ok

test result: ok. 1 passed; 0 failed; 0 ignored; 0 measured; 0 filtered out; finished in 0.01s

all doctests ran in 1.83s; merged doctests compilation took 1.33s
cargo bench -p jx --bench throughput --locked -- --smoke
   Compiling jx v0.1.0 (/Users/josh/Documents/Workspace/jo-cube/jx/crates/jx)
    Finished `bench` profile [optimized] target(s) in 11.85s
     Running benches/throughput.rs (target/release/deps/throughput-b12aee361d7593ff)
workload,input_bytes,sample,records,seconds,records_per_second,input_bytes_per_second,allocations_per_record,allocated_bytes_per_record
compile,0,0,32,0.000025833,1238726,0,8.000000,618.000000
ascii/validate,100,0,32,0.000007208,4439512,443951165,0.000000,0.000000
ascii/identity,100,0,32,0.000007917,4041935,404193508,0.000000,0.000000
ascii/shallow,100,0,32,0.000008333,3840154,384015361,0.000000,0.000000
ascii/nested,100,0,32,0.000008583,3728300,372830013,0.000000,0.000000
ascii/missing,100,0,32,0.000007916,4042446,404244568,0.000000,0.000000
ascii/array_value,100,0,32,0.000008291,3859607,385960680,0.000000,0.000000
ascii/identity_write,100,0,32,0.000012375,2585859,258585859,0.000000,0.000000
ascii/validate,500,0,32,0.000020875,1532934,766467066,0.000000,0.000000
ascii/identity,500,0,32,0.000021333,1500023,750011719,0.000000,0.000000
ascii/shallow,500,0,32,0.000022167,1443587,721793657,0.000000,0.000000
ascii/nested,500,0,32,0.000022583,1416995,708497542,0.000000,0.000000
ascii/missing,500,0,32,0.000022208,1440922,720461095,0.000000,0.000000
ascii/array_value,500,0,32,0.000022292,1435493,717746277,0.000000,0.000000
ascii/identity_write,500,0,32,0.000046375,690027,345013477,0.000000,0.000000
ascii/validate,1024,0,32,0.000039042,819630,839301265,0.000000,0.000000
ascii/identity,1024,0,32,0.000040000,800000,819200000,0.000000,0.000000
ascii/shallow,1024,0,32,0.000041167,777322,795977361,0.000000,0.000000
ascii/nested,1024,0,32,0.000041292,774969,793567761,0.000000,0.000000
ascii/missing,1024,0,32,0.000040334,793375,812416324,0.000000,0.000000
ascii/array_value,1024,0,32,0.000043042,743460,761302913,0.000000,0.000000
ascii/identity_write,1024,0,32,0.000091125,351166,359593964,0.000000,0.000000
ascii/validate,10240,0,32,0.000377291,84815,868507333,0.000000,0.000000
ascii/identity,10240,0,32,0.000357542,89500,916479742,0.000000,0.000000
ascii/shallow,10240,0,32,0.000366459,87322,894179158,0.000000,0.000000
ascii/nested,10240,0,32,0.000316959,100959,1033824564,0.000000,0.000000
ascii/missing,10240,0,32,0.000315875,101306,1037372378,0.000000,0.000000
ascii/array_value,10240,0,32,0.000317042,100933,1033553914,0.000000,0.000000
ascii/identity_write,10240,0,32,0.000678750,47145,482769797,0.000000,0.000000
ascii/validate,65536,0,32,0.002416208,13244,867951766,0.000000,0.000000
ascii/identity,65536,0,32,0.002094459,15278,1001285774,0.000000,0.000000
ascii/shallow,65536,0,32,0.001850042,17297,1133569941,0.000000,0.000000
ascii/nested,65536,0,32,0.001670583,19155,1255341399,0.000000,0.000000
ascii/missing,65536,0,32,0.001517625,21086,1381864426,0.000000,0.000000
ascii/array_value,65536,0,32,0.001524833,20986,1375332249,0.000000,0.000000
ascii/identity_write,65536,0,32,0.003087750,10364,679184519,0.000000,0.000000
ascii/validate,1048576,0,32,0.017270250,1853,1942903664,0.000000,0.000000
ascii/identity,1048576,0,32,0.017234458,1857,1946938627,0.000000,0.000000
ascii/shallow,1048576,0,32,0.017277250,1852,1942116483,0.000000,0.000000
ascii/nested,1048576,0,32,0.017267250,1853,1943241223,0.000000,0.000000
ascii/missing,1048576,0,32,0.017201000,1860,1950725655,0.000000,0.000000
ascii/array_value,1048576,0,32,0.017244958,1856,1945753188,0.000000,0.000000
ascii/identity_write,1048576,0,32,0.040728916,786,823847902,0.000000,0.000000
structured/validate,485,0,32,0.000015333,2087002,1012195917,0.000000,0.000000
structured/identity,485,0,32,0.000015250,2098361,1017704918,0.000000,0.000000
structured/shallow,485,0,32,0.000015625,2048000,993280000,0.000000,0.000000
structured/nested,485,0,32,0.000020208,1583531,768012668,0.000000,0.000000
structured/missing,485,0,32,0.000015667,2042510,990617221,0.000000,0.000000
structured/array_value,485,0,32,0.000015542,2058937,998584481,0.000000,0.000000
structured/identity_write,485,0,32,0.000024959,1282103,621819784,0.000000,0.000000
unicode_escaped_keys/validate,960,0,32,0.000027667,1156613,1110348068,0.000000,0.000000
unicode_escaped_keys/identity,960,0,32,0.000027708,1154901,1108705067,0.000000,0.000000
unicode_escaped_keys/shallow,960,0,32,0.000028250,1132743,1087433628,0.000000,0.000000
unicode_escaped_keys/nested,960,0,32,0.000028417,1126086,1081043038,0.000000,0.000000
unicode_escaped_keys/missing,960,0,32,0.000028041,1141186,1095538676,0.000000,0.000000
unicode_escaped_keys/array_value,960,0,32,0.000028416,1126126,1081081081,0.000000,0.000000
unicode_escaped_keys/identity_write,960,0,32,0.000049250,649746,623756345,0.000000,0.000000
array/shallow,78,0,32,0.000007625,4196721,327344262,0.000000,0.000000
array/nested,78,0,32,0.000008375,3820896,298029851,0.000000,0.000000
array/flatten,78,0,32,0.000007625,4196721,327344262,0.000000,0.000000
array/missing,78,0,32,0.000007500,4266667,332800000,0.000000,0.000000
array/root,67,0,32,0.000007125,4491228,300912281,0.000000,0.000000
array/cancel_first,78,0,32,0.000007667,4173732,325551063,0.000000,0.000000
array/shallow,540,0,32,0.000054125,591224,319260970,0.000000,0.000000
array/nested,540,0,32,0.000060541,528567,285426405,0.000000,0.000000
array/flatten,540,0,32,0.000059875,534447,288601253,0.000000,0.000000
array/missing,540,0,32,0.000052041,614900,332045887,0.000000,0.000000
array/root,529,0,32,0.000053209,601402,318141668,0.000000,0.000000
array/cancel_first,540,0,32,0.000026709,1198098,646972930,0.000000,0.000000
array/shallow,1074,0,32,0.000109375,292571,314221714,0.000000,0.000000
array/nested,1074,0,32,0.000120000,266667,286400000,0.000000,0.000000
array/flatten,1074,0,32,0.000120416,265745,285410577,0.000000,0.000000
array/missing,1074,0,32,0.000105375,303677,326149466,0.000000,0.000000
array/root,1063,0,32,0.000107917,296524,315205204,0.000000,0.000000
array/cancel_first,1074,0,32,0.000043292,739167,793864917,0.000000,0.000000
array/shallow,8606,0,32,0.000841625,38022,327214615,0.000000,0.000000
array/nested,8606,0,32,0.000925584,34573,297533233,0.000000,0.000000
array/flatten,8606,0,32,0.000910792,35134,302365414,0.000000,0.000000
array/missing,8606,0,32,0.000799833,40008,344311875,0.000000,0.000000
array/root,8595,0,32,0.000829750,38566,331473335,0.000000,0.000000
array/cancel_first,8606,0,32,0.000251500,127237,1094998012,0.000000,0.000000
array/shallow,69558,0,32,0.006441375,4968,345556034,0.000000,0.000000
array/nested,69558,0,32,0.007317333,4373,304189518,0.000000,0.000000
array/flatten,69558,0,32,0.007113208,4499,312918728,0.000000,0.000000
array/missing,69558,0,32,0.006290125,5087,353865146,0.000000,0.000000
array/root,69547,0,32,0.006346250,5042,350680165,0.000000,0.000000
array/cancel_first,69558,0,32,0.001900209,16840,1171374307,0.000000,0.000000
array/shallow,1135782,0,32,0.104049833,308,349304011,0.000000,0.000000
array/nested,1135782,0,32,0.114154417,280,318384737,0.000000,0.000000
array/flatten,1135782,0,32,0.113378542,282,320563515,0.000000,0.000000
array/missing,1135782,0,32,0.098522875,325,368899344,0.000000,0.000000
array/root,1135771,0,32,0.102486416,312,354629164,0.000000,0.000000
array/cancel_first,1135782,0,32,0.030817250,1038,1179372721,0.000000,0.000000
array/nested_contexts,972,0,32,0.000209083,153049,148763888,0.000000,0.000000
array/sparse,785,0,32,0.000147583,216827,170209306,0.000000,0.000000
array/deep,136,0,32,0.000432291,74024,10067293,0.000000,0.000000
array/empty,2,0,32,0.000000625,51200000,102400000,0.000000,0.000000
array/singleton,12,0,32,0.000002542,12588513,151062156,0.000000,0.000000
array/nested_values,31,0,32,0.000007083,4517860,140053650,0.000000,0.000000
compile/scalar,0,0,32,0.000070292,455244,0,72.000000,4134.000000
scalar/literal,100,0,32,0.000002792,11461318,1146131805,0.000000,0.000000
scalar/arithmetic,100,0,32,0.000010459,3059566,305956592,0.000000,0.000000
scalar/nested,100,0,32,0.000011000,2909091,290909091,0.000000,0.000000
scalar/comparison,100,0,32,0.000010000,3200000,320000000,0.000000,0.000000
scalar/strings,100,0,32,0.000007000,4571429,457142857,0.000000,0.000000
scalar/boolean,100,0,32,0.000010541,3035765,303576511,0.000000,0.000000
scalar/missing,100,0,32,0.000010167,3147438,314743779,0.000000,0.000000
scalar/short_circuit,100,0,32,0.000003125,10240000,1024000000,0.000000,0.000000
scalar/mixed,100,0,32,0.000007166,4465532,446553168,0.000000,0.000000
scalar/write,100,0,32,0.000011583,2762669,276266943,0.000000,0.000000
scalar/literal,500,0,32,0.000009625,3324675,1662337662,0.000000,0.000000
scalar/arithmetic,500,0,32,0.000030583,1046333,523166465,0.000000,0.000000
scalar/nested,500,0,32,0.000030834,1037815,518907699,0.000000,0.000000
scalar/comparison,500,0,32,0.000030291,1056419,528209699,0.000000,0.000000
scalar/strings,500,0,32,0.000020542,1557784,778892026,0.000000,0.000000
scalar/boolean,500,0,32,0.000030542,1047738,523868771,0.000000,0.000000
scalar/missing,500,0,32,0.000030208,1059322,529661017,0.000000,0.000000
scalar/short_circuit,500,0,32,0.000009917,3226782,1613391147,0.000000,0.000000
scalar/mixed,500,0,32,0.000013917,2299346,1149673062,0.000000,0.000000
scalar/write,500,0,32,0.000031250,1024000,512000000,0.000000,0.000000
scalar/literal,1024,0,32,0.000018167,1761436,1803710024,0.000000,0.000000
scalar/arithmetic,1024,0,32,0.000056041,571011,584714762,0.000000,0.000000
scalar/nested,1024,0,32,0.000056083,570583,584276875,0.000000,0.000000
scalar/comparison,1024,0,32,0.000055417,577440,591298699,0.000000,0.000000
scalar/strings,1024,0,32,0.000037583,851449,871883564,0.000000,0.000000
scalar/boolean,1024,0,32,0.000055834,573127,586882545,0.000000,0.000000
scalar/missing,1024,0,32,0.000055375,577878,591747178,0.000000,0.000000
scalar/short_circuit,1024,0,32,0.000018250,1753425,1795506849,0.000000,0.000000
scalar/mixed,1024,0,32,0.000022750,1406593,1440351648,0.000000,0.000000
scalar/write,1024,0,32,0.000056834,563043,576556287,0.000000,0.000000
scalar/literal,10240,0,32,0.000169375,188930,1934642066,0.000000,0.000000
scalar/arithmetic,10240,0,32,0.000499250,64096,656344517,0.000000,0.000000
scalar/nested,10240,0,32,0.000499125,64112,656508891,0.000000,0.000000
scalar/comparison,10240,0,32,0.000503500,63555,650804369,0.000000,0.000000
scalar/strings,10240,0,32,0.000334666,95618,979125456,0.000000,0.000000
scalar/boolean,10240,0,32,0.000499250,64096,656344517,0.000000,0.000000
scalar/missing,10240,0,32,0.000515042,62131,636219959,0.000000,0.000000
scalar/short_circuit,10240,0,32,0.000170333,187867,1923761103,0.000000,0.000000
scalar/mixed,10240,0,32,0.000176667,181132,1854788953,0.000000,0.000000
scalar/write,10240,0,32,0.000500000,64000,655360000,0.000000,0.000000
scalar/literal,65536,0,32,0.001078833,29662,1943907908,0.000000,0.000000
scalar/arithmetic,65536,0,32,0.003174292,10081,660667639,0.000000,0.000000
scalar/nested,65536,0,32,0.003168541,10099,661866771,0.000000,0.000000
scalar/comparison,65536,0,32,0.003184375,10049,658575702,0.000000,0.000000
scalar/strings,65536,0,32,0.002117666,15111,990312920,0.000000,0.000000
scalar/boolean,65536,0,32,0.003169750,10095,661614323,0.000000,0.000000
scalar/missing,65536,0,32,0.003157375,10135,664207451,0.000000,0.000000
scalar/short_circuit,65536,0,32,0.001074375,29785,1951973938,0.000000,0.000000
scalar/mixed,65536,0,32,0.001081417,29591,1939263022,0.000000,0.000000
scalar/write,65536,0,32,0.003170083,10094,661544824,0.000000,0.000000
scalar/literal,1048576,0,32,0.017257542,1854,1944334367,0.000000,0.000000
scalar/arithmetic,1048576,0,32,0.050638166,632,662631265,0.000000,0.000000
scalar/nested,1048576,0,32,0.050317833,636,666849703,0.000000,0.000000
scalar/comparison,1048576,0,32,0.050607333,632,663034980,0.000000,0.000000
scalar/strings,1048576,0,32,0.033526292,954,1000839341,0.000000,0.000000
scalar/boolean,1048576,0,32,0.050629542,632,662744135,0.000000,0.000000
scalar/missing,1048576,0,32,0.050487334,634,664610890,0.000000,0.000000
scalar/short_circuit,1048576,0,32,0.017268083,1853,1943147482,0.000000,0.000000
scalar/mixed,1048576,0,32,0.017235042,1857,1946872656,0.000000,0.000000
scalar/write,1048576,0,32,0.050663750,632,662296652,0.000000,0.000000
scalar/sequence_boolean,330,0,32,0.000057208,559362,184589568,0.000000,0.000000
scalar/sequence_array_equality,330,0,32,0.000081292,393643,129902081,0.000000,0.000000
scalar/sequence_equality,330,0,32,0.000102792,311308,102731730,3.000000,672.000000
scalar/array_equality,330,0,32,0.000119625,267503,88275862,16.000000,3264.000000
scalar/singleton,15,0,32,0.000004209,7602756,114041340,0.000000,0.000000
scalar/sequence_type_error,330,0,32,0.000035667,897188,296071999,0.000000,0.000000
scalar/object_equality,125,0,32,0.000046167,693136,86641974,3.000000,1396.000000
scalar/object_equality,2389,0,32,0.000750666,42629,101840233,7.000000,24948.000000
scalar/escaped_strings,26,0,32,0.000003083,10379500,269867013,0.000000,0.000000
compile/filter,0,0,32,0.000037667,849550,0,34.000000,2149.000000
filter/predicate,100,0,32,0.000015125,2115702,211570248,0.000000,0.000000
filter/none,100,0,32,0.000013375,2392523,239252336,0.000000,0.000000
filter/first,100,0,32,0.000010833,2953937,295393704,0.000000,0.000000
filter/last,100,0,32,0.000012625,2534653,253465347,0.000000,0.000000
filter/computed_last,100,0,32,0.000013708,2334403,233440327,0.000000,0.000000
filter/chained,100,0,32,0.000021042,1520768,152076799,0.000000,0.000000
filter/predicate,500,0,32,0.000029000,1103448,551724138,0.000000,0.000000
filter/none,500,0,32,0.000026792,1194386,597193192,0.000000,0.000000
filter/first,500,0,32,0.000024416,1310616,655307995,0.000000,0.000000
filter/last,500,0,32,0.000025875,1236715,618357488,0.000000,0.000000
filter/computed_last,500,0,32,0.000027375,1168950,584474886,0.000000,0.000000
filter/chained,500,0,32,0.000034250,934307,467153285,0.000000,0.000000
filter/predicate,1024,0,32,0.000045750,699454,716240437,0.000000,0.000000
filter/none,1024,0,32,0.000044125,725212,742617564,0.000000,0.000000
filter/first,1024,0,32,0.000041250,775758,794375758,0.000000,0.000000
filter/last,1024,0,32,0.000043125,742029,759837681,0.000000,0.000000
filter/computed_last,1024,0,32,0.000044208,723851,741223308,0.000000,0.000000
filter/chained,1024,0,32,0.000051167,625403,640412766,0.000000,0.000000
filter/predicate,10240,0,32,0.000345417,92642,948650472,0.000000,0.000000
filter/none,10240,0,32,0.000352291,90834,930140140,0.000000,0.000000
filter/first,10240,0,32,0.000339125,94360,966251382,0.000000,0.000000
filter/last,10240,0,32,0.000340291,94037,962940542,0.000000,0.000000
filter/computed_last,10240,0,32,0.000341583,93681,959298326,0.000000,0.000000
filter/chained,10240,0,32,0.000347791,92009,942175042,0.000000,0.000000
filter/predicate,65536,0,32,0.002141500,14943,979291151,0.000000,0.000000
filter/none,65536,0,32,0.002123917,15067,987398283,0.000000,0.000000
filter/first,65536,0,32,0.002121458,15084,988542785,0.000000,0.000000
filter/last,65536,0,32,0.002031916,15749,1032105658,0.000000,0.000000
filter/computed_last,65536,0,32,0.002152250,14868,974399814,0.000000,0.000000
filter/chained,65536,0,32,0.002157000,14835,972254057,0.000000,0.000000
filter/predicate,1048576,0,32,0.033934125,943,988810880,0.000000,0.000000
filter/none,1048576,0,32,0.033896833,944,989898732,0.000000,0.000000
filter/first,1048576,0,32,0.033911958,944,989457229,0.000000,0.000000
filter/last,1048576,0,32,0.033927917,943,988991809,0.000000,0.000000
filter/computed_last,1048576,0,32,0.033512958,955,1001237551,0.000000,0.000000
filter/chained,1048576,0,32,0.033969958,942,987767839,0.000000,0.000000
filter/wide_predicate,164,0,32,0.000049916,641077,105136630,0.000000,0.000000
filter/wide_last,164,0,32,0.000028542,1121155,183869385,0.000000,0.000000
filter/sequence_last,164,0,32,0.000053625,596737,97864802,0.000000,0.000000
filter/wide_predicate,2736,0,32,0.000808666,39571,108267196,0.000000,0.000000
filter/wide_last,2736,0,32,0.000370459,86379,236333845,0.000000,0.000000
filter/sequence_last,2736,0,32,0.000710291,45052,123262156,0.000000,0.000000
filter/wide_predicate,23392,0,32,0.006589334,4856,113599341,0.000000,0.000000
filter/wide_last,23392,0,32,0.003038125,10533,246383542,0.000000,0.000000
filter/sequence_last,23392,0,32,0.005557875,5758,134681690,0.000000,0.000000
filter/nested,892,0,32,0.000428834,74621,66561886,0.000000,0.000000
filter/per_group,892,0,32,0.000315959,101279,90340835,0.000000,0.000000
filter/global,892,0,32,0.000219542,145758,130016124,0.000000,0.000000
filter/deep,136,0,32,0.000452667,70692,9614131,0.000000,0.000000
filter/negative_chain,20,0,32,0.000285208,112199,2243976,0.000000,0.000000
compile/aggregate,0,0,32,0.000051792,617856,0,48.000000,3425.000000
aggregate/count,100,0,32,0.000008875,3605634,360563380,0.000000,0.000000
aggregate/sum,100,0,32,0.000009125,3506849,350684932,0.000000,0.000000
aggregate/min,100,0,32,0.000009292,3443823,344382264,0.000000,0.000000
aggregate/max,100,0,32,0.000009166,3491163,349116299,0.000000,0.000000
aggregate/filtered_count,100,0,32,0.000005958,5370930,537092984,0.000000,0.000000
aggregate/filtered_sum,100,0,32,0.000006125,5224490,522448980,0.000000,0.000000
aggregate/empty_sum,100,0,32,0.000005875,5446809,544680851,0.000000,0.000000
aggregate/count,500,0,32,0.000022041,1451840,725919877,0.000000,0.000000
aggregate/sum,500,0,32,0.000022416,1427552,713775874,0.000000,0.000000
aggregate/min,500,0,32,0.000022416,1427552,713775874,0.000000,0.000000
aggregate/max,500,0,32,0.000022292,1435493,717746277,0.000000,0.000000
aggregate/filtered_count,500,0,32,0.000012667,2526249,1263124655,0.000000,0.000000
aggregate/filtered_sum,500,0,32,0.000012750,2509804,1254901961,0.000000,0.000000
aggregate/empty_sum,500,0,32,0.000012625,2534653,1267326733,0.000000,0.000000
aggregate/count,1024,0,32,0.000038792,824912,844710250,0.000000,0.000000
aggregate/sum,1024,0,32,0.000039208,816160,835747807,0.000000,0.000000
aggregate/min,1024,0,32,0.000039375,812698,832203175,0.000000,0.000000
aggregate/max,1024,0,32,0.000039083,818770,838420797,0.000000,0.000000
aggregate/filtered_count,1024,0,32,0.000021167,1511787,1548070109,0.000000,0.000000
aggregate/filtered_sum,1024,0,32,0.000021333,1500023,1536024000,0.000000,0.000000
aggregate/empty_sum,1024,0,32,0.000021000,1523810,1560380952,0.000000,0.000000
aggregate/count,10240,0,32,0.000338459,94546,968152716,0.000000,0.000000
aggregate/sum,10240,0,32,0.000336125,95203,974875418,0.000000,0.000000
aggregate/min,10240,0,32,0.000338917,94418,966844390,0.000000,0.000000
aggregate/max,10240,0,32,0.000336167,95191,974753619,0.000000,0.000000
aggregate/filtered_count,10240,0,32,0.000172292,185731,1901887493,0.000000,0.000000
aggregate/filtered_sum,10240,0,32,0.000172542,185462,1899131806,0.000000,0.000000
aggregate/empty_sum,10240,0,32,0.000172250,185776,1902351234,0.000000,0.000000
aggregate/count,65536,0,32,0.002123166,15072,987747543,0.000000,0.000000
aggregate/sum,65536,0,32,0.002139625,14956,980149325,0.000000,0.000000
aggregate/min,65536,0,32,0.002119000,15101,989689476,0.000000,0.000000
aggregate/max,65536,0,32,0.002116167,15122,991014414,0.000000,0.000000
aggregate/filtered_count,65536,0,32,0.001079959,29631,1941881127,0.000000,0.000000
aggregate/filtered_sum,65536,0,32,0.001080167,29625,1941507193,0.000000,0.000000
aggregate/empty_sum,65536,0,32,0.001103417,29001,1900597870,0.000000,0.000000
aggregate/count,1048576,0,32,0.033955042,942,988201752,0.000000,0.000000
aggregate/sum,1048576,0,32,0.033990792,941,987162406,0.000000,0.000000
aggregate/min,1048576,0,32,0.033979459,942,987491649,0.000000,0.000000
aggregate/max,1048576,0,32,0.033950625,943,988330318,0.000000,0.000000
aggregate/filtered_count,1048576,0,32,0.017245500,1856,1945692036,0.000000,0.000000
aggregate/filtered_sum,1048576,0,32,0.016945292,1888,1980162514,0.000000,0.000000
aggregate/empty_sum,1048576,0,32,0.017243750,1856,1945889496,0.000000,0.000000
aggregate/array_count,23,0,32,0.000005958,5370930,123531386,0.000000,0.000000
aggregate/array_sum,23,0,32,0.000007334,4363240,100354513,0.000000,0.000000
aggregate/array_min,23,0,32,0.000007583,4219966,97059211,0.000000,0.000000
aggregate/array_max,23,0,32,0.000007583,4219966,97059211,0.000000,0.000000
aggregate/sequence_sum,23,0,32,0.000013625,2348624,54018349,0.000000,0.000000
aggregate/computed_sum,23,0,32,0.000009750,3282051,75487179,0.000000,0.000000
aggregate/wide_filtered_sum,23,0,32,0.000024125,1326425,30507772,0.000000,0.000000
aggregate/array_count,409,0,32,0.000071416,448079,183264255,0.000000,0.000000
aggregate/array_sum,409,0,32,0.000094583,338327,138375818,0.000000,0.000000
aggregate/array_min,409,0,32,0.000095958,333479,136393005,0.000000,0.000000
aggregate/array_max,409,0,32,0.000095959,333476,136391584,0.000000,0.000000
aggregate/sequence_sum,409,0,32,0.000173333,184616,75507838,0.000000,0.000000
aggregate/computed_sum,409,0,32,0.000151791,210816,86223821,0.000000,0.000000
aggregate/wide_filtered_sum,409,0,32,0.000360000,88889,36355556,0.000000,0.000000
aggregate/array_count,4017,0,32,0.000547875,58407,234622861,0.000000,0.000000
aggregate/array_sum,4017,0,32,0.000766375,41755,167729897,0.000000,0.000000
aggregate/array_min,4017,0,32,0.000772791,41408,166337341,0.000000,0.000000
aggregate/array_max,4017,0,32,0.000770666,41523,166795992,0.000000,0.000000
aggregate/sequence_sum,4017,0,32,0.001387375,23065,92652671,0.000000,0.000000
aggregate/computed_sum,4017,0,32,0.001145417,27937,112224631,0.000000,0.000000
aggregate/wide_filtered_sum,4017,0,32,0.003011291,10627,42687339,0.000000,0.000000
aggregate/array_count,87201,0,32,0.010368167,3086,269134554,0.000000,0.000000
aggregate/array_sum,87201,0,32,0.013885500,2305,200960138,0.000000,0.000000
aggregate/array_min,87201,0,32,0.013374875,2393,208632380,0.000000,0.000000
aggregate/array_max,87201,0,32,0.013218250,2421,211104496,0.000000,0.000000
aggregate/sequence_sum,87201,0,32,0.022401375,1428,124565211,0.000000,0.000000
aggregate/computed_sum,87201,0,32,0.017601750,1818,158531510,0.000000,0.000000
aggregate/wide_filtered_sum,87201,0,32,0.051487583,622,54196213,0.000000,0.000000
aggregate/nested_sum,1036,0,32,0.000255333,125327,129838290,0.000000,0.000000
aggregate/nested_filtered_sum,1036,0,32,0.000461042,69408,71906681,0.000000,0.000000
aggregate/nested_filtered_count,1036,0,32,0.000451209,70921,73473712,0.000000,0.000000
aggregate/nested_sum,16396,0,32,0.004030875,7939,130163302,0.000000,0.000000
aggregate/nested_filtered_sum,16396,0,32,0.007191917,4449,72953011,0.000000,0.000000
aggregate/nested_filtered_count,16396,0,32,0.007085416,4516,74049569,0.000000,0.000000
aggregate/nested_sum,1048588,0,32,0.256111000,125,131016692,0.000000,0.000000
aggregate/nested_filtered_sum,1048588,0,32,0.457487709,70,73345831,0.000000,0.000000
aggregate/nested_filtered_count,1048588,0,32,0.450509875,71,74481866,0.000000,0.000000
aggregate/deep_sum,136,0,32,0.000436208,73359,9976892,0.000000,0.000000
aggregate/deep_filtered_sum,136,0,32,0.000435250,73521,9998851,0.000000,0.000000
compile/constructor,0,0,32,0.000102625,311815,0,84.000000,6697.000000
construct/raw_member,100,0,32,0.000005958,5370930,537092984,3.000000,168.000000
construct/raw_member_write,100,0,32,0.000008209,3898161,389816056,3.000000,168.000000
construct/scalars,100,0,32,0.000017375,1841727,184172662,3.000000,552.000000
construct/filtered_summary,100,0,32,0.000031208,1025378,102537811,5.000000,368.000000
construct/nested,100,0,32,0.000050917,628474,62847379,15.000000,1352.000000
construct/navigate,100,0,32,0.000018083,1769618,176961787,3.000000,168.000000
construct/raw_member,500,0,32,0.000012834,2493377,1246688484,3.000000,168.000000
construct/raw_member_write,500,0,32,0.000024375,1312821,656410256,3.000000,168.000000
construct/scalars,500,0,32,0.000037417,855226,427613117,3.000000,552.000000
construct/filtered_summary,500,0,32,0.000050625,632099,316049383,5.000000,368.000000
construct/nested,500,0,32,0.000077875,410915,205457464,15.000000,1352.000000
construct/navigate,500,0,32,0.000031500,1015873,507936508,3.000000,168.000000
construct/raw_member,1024,0,32,0.000021583,1482648,1518231942,3.000000,168.000000
construct/raw_member_write,1024,0,32,0.000044875,713092,730206128,3.000000,168.000000
construct/scalars,1024,0,32,0.000062875,508946,521161034,3.000000,552.000000
construct/filtered_summary,1024,0,32,0.000077333,413795,423725964,5.000000,368.000000
construct/nested,1024,0,32,0.000111834,286138,293005705,15.000000,1352.000000
construct/navigate,1024,0,32,0.000048292,662636,678538888,3.000000,168.000000
construct/raw_member,10240,0,32,0.000179875,177901,1821709521,3.000000,168.000000
construct/raw_member_write,10240,0,32,0.000400542,79892,818091486,3.000000,168.000000
construct/scalars,10240,0,32,0.000528125,60592,620459172,3.000000,552.000000
construct/filtered_summary,10240,0,32,0.000519667,61578,630557646,5.000000,368.000000
construct/nested,10240,0,32,0.000700833,45660,467557892,15.000000,1352.000000
construct/navigate,10240,0,32,0.000346083,92463,946824895,3.000000,168.000000
construct/raw_member,65536,0,32,0.001078166,29680,1945110493,3.000000,168.000000
construct/raw_member_write,65536,0,32,0.002543209,12583,824608595,3.000000,168.000000
construct/scalars,65536,0,32,0.003215125,9953,652276972,3.000000,552.000000
construct/filtered_summary,65536,0,32,0.003224375,9924,650405738,5.000000,368.000000
construct/nested,65536,0,32,0.004259625,7512,492332541,15.000000,1352.000000
construct/navigate,65536,0,32,0.002131667,15012,983808447,3.000000,168.000000
construct/raw_member,1048576,0,32,0.017329125,1847,1936302727,3.000000,168.000000
construct/raw_member_write,1048576,0,32,0.041067875,779,817048167,3.000000,168.000000
construct/scalars,1048576,0,32,0.050817042,630,660298803,3.000000,552.000000
construct/filtered_summary,1048576,0,32,0.050719458,631,661569215,5.000000,368.000000
construct/nested,1048576,0,32,0.067004959,478,500775353,15.000000,1352.000000
construct/navigate,1048576,0,32,0.033996667,941,986991813,3.000000,168.000000
construct/mapped_objects,262,0,32,0.000077334,413790,108412859,12.000000,1184.000000
construct/collected_objects,262,0,32,0.000079167,404209,105902712,15.000000,1352.000000
construct/collected_write,262,0,32,0.000084250,379822,99513353,15.000000,1352.000000
construct/filtered_aggregate,262,0,32,0.000090000,355556,93155556,3.000000,296.000000
construct/mapped_objects,4334,0,32,0.001172042,27303,118330230,192.000000,18944.000000
construct/collected_objects,4334,0,32,0.001161458,27552,119408537,199.000000,21992.000000
construct/collected_write,4334,0,32,0.001260083,25395,110062591,199.000000,21992.000000
construct/filtered_aggregate,4334,0,32,0.001205959,26535,115002251,3.000000,296.000000
construct/mapped_objects,36190,0,32,0.008992708,3558,128779896,1536.000000,151552.000000
construct/collected_objects,36190,0,32,0.008908709,3592,129994144,1546.000000,176104.000000
construct/collected_write,36190,0,32,0.009775750,3273,118464568,1546.000000,176104.000000
construct/filtered_aggregate,36190,0,32,0.009639166,3320,120143174,3.000000,296.000000
construct/mapped_objects,624958,0,32,0.145299625,220,137637355,24576.000000,2424832.000000
construct/collected_objects,624958,0,32,0.145249000,220,137685327,24590.000000,2818024.000000
construct/collected_write,624958,0,32,0.160079292,200,124929688,24590.000000,2818024.000000
construct/filtered_aggregate,624958,0,32,0.159873292,200,125090662,3.000000,296.000000
construct/nested_summary,1036,0,32,0.000869833,36789,38113063,3.000000,296.000000
construct/nested_summary,16396,0,32,0.013495042,2371,38878871,3.000000,296.000000
construct/nested_summary,1048588,0,32,0.866708208,37,38715240,3.000000,296.000000
compile/lexical,0,0,32,0.000053667,596270,0,40.000000,3016.000000
lexical/lookup,100,0,32,0.000012250,2612245,261224490,5.000000,504.000000
lexical/repeated_binding,100,0,32,0.000014583,2194336,219433587,5.000000,504.000000
lexical/retained_sequence,100,0,32,0.000019583,1634070,163407037,7.000000,648.000000
lexical/closure_call,100,0,32,0.000023833,1342676,134267612,8.000000,768.000000
lexical/escaped_closure,100,0,32,0.000026375,1213270,121327014,11.000000,1032.000000
lexical/mixed,100,0,32,0.000044209,723835,72383451,14.000000,1480.000000
lexical/lookup,500,0,32,0.000032917,972142,486071027,5.000000,504.000000
lexical/repeated_binding,500,0,32,0.000029125,1098712,549356223,5.000000,504.000000
lexical/retained_sequence,500,0,32,0.000033958,942341,471170269,7.000000,648.000000
lexical/closure_call,500,0,32,0.000044375,721127,360563380,8.000000,768.000000
lexical/escaped_closure,500,0,32,0.000047000,680851,340425532,11.000000,1032.000000
lexical/mixed,500,0,32,0.000065459,488856,244427810,14.000000,1480.000000
lexical/lookup,1024,0,32,0.000042916,745643,763538074,5.000000,504.000000
lexical/repeated_binding,1024,0,32,0.000045500,703297,720175824,5.000000,504.000000
lexical/retained_sequence,1024,0,32,0.000050333,635766,651024179,7.000000,648.000000
lexical/closure_call,1024,0,32,0.000069083,463211,474327982,8.000000,768.000000
lexical/escaped_closure,1024,0,32,0.000072083,443933,454587073,11.000000,1032.000000
lexical/mixed,1024,0,32,0.000089709,356709,365269928,14.000000,1480.000000
lexical/lookup,10240,0,32,0.000336125,95203,974875418,5.000000,504.000000
lexical/repeated_binding,10240,0,32,0.000337209,94897,971741561,5.000000,504.000000
lexical/retained_sequence,10240,0,32,0.000335667,95333,976205585,7.000000,648.000000
lexical/closure_call,10240,0,32,0.000508625,62915,644246744,8.000000,768.000000
lexical/escaped_closure,10240,0,32,0.000497250,64354,658984414,11.000000,1032.000000
lexical/mixed,10240,0,32,0.000533541,59977,614160861,14.000000,1480.000000
lexical/lookup,65536,0,32,0.002148833,14892,975949271,5.000000,504.000000
lexical/repeated_binding,65536,0,32,0.002127667,15040,985658000,5.000000,504.000000
lexical/retained_sequence,65536,0,32,0.002141125,14945,979462666,7.000000,648.000000
lexical/closure_call,65536,0,32,0.003207083,9978,653912605,8.000000,768.000000
lexical/escaped_closure,65536,0,32,0.003172875,10085,660962692,11.000000,1032.000000
lexical/mixed,65536,0,32,0.003196917,10010,655992007,14.000000,1480.000000
lexical/lookup,1048576,0,32,0.033893708,944,989990001,5.000000,504.000000
lexical/repeated_binding,1048576,0,32,0.034022459,941,986243587,5.000000,504.000000
lexical/retained_sequence,1048576,0,32,0.034124958,938,983281269,7.000000,648.000000
lexical/closure_call,1048576,0,32,0.050020417,640,670814720,8.000000,768.000000
lexical/escaped_closure,1048576,0,32,0.050738833,631,661316590,11.000000,1032.000000
lexical/mixed,1048576,0,32,0.050166958,638,668855225,14.000000,1480.000000
lexical/mapped_calls,106,0,32,0.000068250,468864,49699634,25.000000,2392.000000
lexical/repeated_projection,106,0,32,0.000035166,909970,96456805,8.000000,840.000000
lexical/mapped_calls,1692,0,32,0.000806166,39694,67162346,269.000000,30232.000000
lexical/repeated_projection,1692,0,32,0.000365042,87661,148322659,12.000000,6600.000000
lexical/mapped_calls,14260,0,32,0.005995500,5337,76110416,2064.000000,238104.000000
lexical/repeated_projection,14260,0,32,0.002942000,10877,155105370,15.000000,49608.000000
lexical/mapped_calls,251044,0,32,0.095074250,337,84496149,32788.000000,3801624.000000
lexical/repeated_projection,251044,0,32,0.044438416,720,180776200,19.000000,786888.000000
lexical/nested_retention,1036,0,32,0.000494958,64652,66979420,10.000000,1992.000000
lexical/nested_retention,16396,0,32,0.007398500,4325,70915996,14.000000,25032.000000
lexical/nested_retention,1048588,0,32,0.466393208,69,71945336,20.000000,1573320.000000
compile/nested_fallback,0,0,32,0.000123958,258152,0,113.000000,8089.000000
compile/navigation,0,0,32,0.000069750,458781,0,55.000000,4655.000000
navigation/keep,100,0,32,0.000017667,1811287,181128658,2.000000,144.000000
navigation/wildcard,100,0,32,0.000030750,1040650,104065041,8.000000,1072.000000
navigation/descendants,100,0,32,0.000041667,767994,76799386,8.000000,1072.000000
navigation/ordering,100,0,32,0.000021292,1502912,150291189,6.000000,320.000000
navigation/grouping,100,0,32,0.000027416,1167202,116720163,11.000000,824.000000
navigation/membership,100,0,32,0.000020333,1573796,157379629,2.000000,32.000000
navigation/fallback,100,0,32,0.000010291,3109513,310951317,0.000000,0.000000
navigation/mixed,100,0,32,0.000032375,988417,98841699,11.000000,968.000000
navigation/keep,500,0,32,0.000030917,1035029,517514636,2.000000,144.000000
navigation/wildcard,500,0,32,0.000044125,725212,362606232,8.000000,1072.000000
navigation/descendants,500,0,32,0.000068709,465732,232866146,8.000000,1072.000000
navigation/ordering,500,0,32,0.000034875,917563,458781362,6.000000,320.000000
navigation/grouping,500,0,32,0.000041208,776548,388274122,11.000000,824.000000
navigation/membership,500,0,32,0.000033750,948148,474074074,2.000000,32.000000
navigation/fallback,500,0,32,0.000030709,1042040,521019896,0.000000,0.000000
navigation/mixed,500,0,32,0.000046250,691892,345945946,11.000000,968.000000
navigation/keep,1024,0,32,0.000048042,666084,682069856,2.000000,144.000000
navigation/wildcard,1024,0,32,0.000061709,518563,531008443,8.000000,1072.000000
navigation/descendants,1024,0,32,0.000102875,311057,318522479,8.000000,1072.000000
navigation/ordering,1024,0,32,0.000051791,617868,632696801,6.000000,320.000000
navigation/grouping,1024,0,32,0.000057917,552515,565775161,11.000000,824.000000
navigation/membership,1024,0,32,0.000050875,628993,644088452,2.000000,32.000000
navigation/fallback,1024,0,32,0.000055917,572277,586011410,0.000000,0.000000
navigation/mixed,1024,0,32,0.000065500,488550,500274809,11.000000,968.000000
navigation/keep,10240,0,32,0.000350959,91179,933670315,2.000000,144.000000
navigation/wildcard,10240,0,32,0.000358208,89334,914775773,8.000000,1072.000000
navigation/descendants,10240,0,32,0.000674083,47472,486112244,8.000000,1072.000000
navigation/ordering,10240,0,32,0.000349541,91549,937457981,6.000000,320.000000
navigation/grouping,10240,0,32,0.000355500,90014,921744023,11.000000,824.000000
navigation/membership,10240,0,32,0.000351000,91168,933561254,2.000000,32.000000
navigation/fallback,10240,0,32,0.000506292,63205,647215441,0.000000,0.000000
navigation/mixed,10240,0,32,0.000360333,88807,909381045,11.000000,968.000000
navigation/keep,65536,0,32,0.002131000,15016,984116377,2.000000,144.000000
navigation/wildcard,65536,0,32,0.002140833,14947,979596260,8.000000,1072.000000
navigation/descendants,65536,0,32,0.004272625,7490,490834557,8.000000,1072.000000
navigation/ordering,65536,0,32,0.002166500,14770,967990769,6.000000,320.000000
navigation/grouping,65536,0,32,0.002152333,14868,974362239,11.000000,824.000000
navigation/membership,65536,0,32,0.002212042,14466,948061565,2.000000,32.000000
navigation/fallback,65536,0,32,0.003156834,10137,664321279,0.000000,0.000000
navigation/mixed,65536,0,32,0.002144666,14921,977845501,11.000000,968.000000
navigation/keep,1048576,0,32,0.034046834,940,985537510,2.000000,144.000000
navigation/wildcard,1048576,0,32,0.033644125,951,997334066,8.000000,1072.000000
navigation/descendants,1048576,0,32,0.067342375,475,498266240,8.000000,1072.000000
navigation/ordering,1048576,0,32,0.033963583,942,987953244,6.000000,320.000000
navigation/grouping,1048576,0,32,0.033831709,946,991804227,11.000000,824.000000
navigation/membership,1048576,0,32,0.033037292,969,1015653220,2.000000,32.000000
navigation/fallback,1048576,0,32,0.050664541,632,662286312,0.000000,0.000000
navigation/mixed,1048576,0,32,0.033999750,941,986902315,11.000000,968.000000
navigation/wide_sort,250,0,32,0.000088000,363636,90909091,7.000000,752.000000
navigation/wide_group,250,0,32,0.000067958,470879,117719768,10.000000,1016.000000
navigation/wide_descendants,250,0,32,0.000122459,261312,65327987,20.000000,2680.000000
navigation/range,250,0,32,0.000033417,957596,239399108,4.000000,360.000000
navigation/wide_sort,4144,0,32,0.002317167,13810,57228504,11.000000,11312.000000
navigation/wide_group,4144,0,32,0.000934792,34232,141858296,18.000000,9656.000000
navigation/wide_descendants,4144,0,32,0.001805333,17725,73453485,260.000000,34840.000000
navigation/range,4144,0,32,0.000412291,77615,321636902,8.000000,6120.000000
navigation/wide_sort,34657,0,32,0.023957250,1336,46291791,14.000000,90160.000000
navigation/wide_group,34657,0,32,0.007363208,4346,150616959,24.000000,74168.000000
navigation/wide_descendants,34657,0,32,0.014031250,2281,79039572,2052.000000,274968.000000
navigation/range,34657,0,32,0.003312625,9660,334787065,11.000000,49128.000000
navigation/wide_sort,600386,0,32,0.514358916,62,37352035,18.000000,1441840.000000
navigation/wide_group,600386,0,32,0.116639416,274,164715777,32.000000,1180088.000000
navigation/wide_descendants,600386,0,32,0.226589333,141,84789305,32772.000000,4391448.000000
navigation/range,600386,0,32,0.053552167,598,358759562,15.000000,786408.000000
navigation/distinct_groups,194,0,32,0.000059334,539320,104628038,5.000000,1464.000000
navigation/distinct_groups,3246,0,32,0.003010917,10628,34498460,10.000000,36664.000000
navigation/distinct_groups,27486,0,32,0.143722459,223,6119795,13.000000,294712.000000
navigation/deep_descendants,24,0,32,0.000027958,1144574,27469776,4.000000,536.000000
navigation/deep_descendants,72,0,32,0.000185834,172197,12398162,4.000000,536.000000
navigation/deep_descendants,136,0,32,0.000867209,36900,5018398,4.000000,536.000000
compiler/lookup_8_hit,501,0,32,0.000012542,2551427,1278265030,0.000000,0.000000
rust/lookup_8_hit,501,0,32,0.000008875,3605634,1806422535,0.000000,0.000000
compiler/lookup_8_miss,501,0,32,0.000008958,3572226,1789685198,0.000000,0.000000
rust/lookup_8_miss,501,0,32,0.000009625,3324675,1665662338,0.000000,0.000000
compiler/varying_lookup_8,501,0,32,0.000012875,2485437,1245203883,0.000000,0.000000
rust/varying_lookup_8,501,0,32,0.000009833,3254348,1630428150,0.000000,0.000000
compiler/bound_lookup_8,16,0,32,0.000011625,2752688,44043011,6.000000,520.000000
compile/lookup_8,0,0,32,0.000112542,284338,0,60.000000,5921.000000
compiler/lookup_128_hit,501,0,32,0.000014500,2206897,1105655172,0.000000,0.000000
rust/lookup_128_hit,501,0,32,0.000009750,3282051,1644307692,0.000000,0.000000
compiler/lookup_128_miss,501,0,32,0.000010625,3011765,1508894118,0.000000,0.000000
rust/lookup_128_miss,501,0,32,0.000009584,3338898,1672787980,0.000000,0.000000
compiler/varying_lookup_128,501,0,32,0.000016000,2000000,1002000000,0.000000,0.000000
rust/varying_lookup_128,501,0,32,0.000009917,3226782,1616617929,0.000000,0.000000
compiler/bound_lookup_128,16,0,32,0.000014750,2169492,34711864,6.000000,520.000000
compile/lookup_128,0,0,32,0.005664333,5649,0,669.000000,101721.000000
compiler/lookup_1024_hit,501,0,32,0.000015750,2031746,1017904762,0.000000,0.000000
rust/lookup_1024_hit,501,0,32,0.000009791,3268308,1637422122,0.000000,0.000000
compiler/lookup_1024_miss,501,0,32,0.000011000,2909091,1457454545,0.000000,0.000000
rust/lookup_1024_miss,501,0,32,0.000009541,3353946,1680327010,0.000000,0.000000
compiler/varying_lookup_1024,501,0,32,0.000017750,1802817,903211268,0.000000,0.000000
rust/varying_lookup_1024,501,0,32,0.000010250,3121951,1564097561,0.000000,0.000000
compiler/bound_lookup_1024,16,0,32,0.000016500,1939394,31030303,6.000000,520.000000
compile/lookup_1024,0,0,32,0.258074208,124,0,5156.000000,820441.000000
compiler/lookup_4096_hit,501,0,32,0.000017334,1846083,924887504,0.000000,0.000000
rust/lookup_4096_hit,501,0,32,0.000009959,3213174,1609800181,0.000000,0.000000
compiler/lookup_4096_miss,501,0,32,0.000011541,2772723,1389134390,0.000000,0.000000
rust/lookup_4096_miss,501,0,32,0.000010834,2953664,1479785859,0.000000,0.000000
compiler/varying_lookup_4096,501,0,32,0.000018958,1687942,845658825,0.000000,0.000000
rust/varying_lookup_4096,501,0,32,0.000013584,2355713,1180212014,0.000000,0.000000
compiler/bound_lookup_4096,16,0,32,0.000017917,1786013,28576213,6.000000,520.000000
compile/lookup_4096,0,0,32,3.279235667,10,0,20520.000000,3281113.000000
compiler/constant_scalar,100,0,32,0.000003125,10240000,1024000000,0.000000,0.000000
compiler/repeated_fields,100,0,32,0.000005875,5446809,544680851,0.000000,0.000000
compiler/dynamic_leaves,100,0,32,0.000005750,5565217,556521739,3.000000,152.000000
compiler/filtered_sum,100,0,32,0.000006375,5019608,501960784,0.000000,0.000000
compiler/invariant_aggregate,100,0,32,0.000006875,4654545,465454545,0.000000,0.000000
compiler/builtin_reference,100,0,32,0.000003083,10379500,1037950049,0.000000,0.000000
compiler/static_array,100,0,32,0.000003625,8827586,882758621,1.000000,16.000000
compiler/constant_membership,100,0,32,0.000011042,2898026,289802572,1.000000,16.000000
compiler/lookup_record,100,0,32,0.000007708,4151531,415153088,0.000000,0.000000
rust/repeated_fields,100,0,32,0.000003958,8084891,808489136,0.000000,0.000000
compiler/constant_scalar,500,0,32,0.000010000,3200000,1600000000,0.000000,0.000000
compiler/repeated_fields,500,0,32,0.000012708,2518099,1259049418,0.000000,0.000000
compiler/dynamic_leaves,500,0,32,0.000012834,2493377,1246688484,3.000000,152.000000
compiler/filtered_sum,500,0,32,0.000013042,2453611,1226805705,0.000000,0.000000
compiler/invariant_aggregate,500,0,32,0.000020458,1564180,782090136,0.000000,0.000000
compiler/builtin_reference,500,0,32,0.000010000,3200000,1600000000,0.000000,0.000000
compiler/static_array,500,0,32,0.000010625,3011765,1505882353,1.000000,16.000000
compiler/constant_membership,500,0,32,0.000033500,955224,477611940,1.000000,16.000000
compiler/lookup_record,500,0,32,0.000014666,2181917,1090958680,0.000000,0.000000
rust/repeated_fields,500,0,32,0.000010708,2988420,1494209936,0.000000,0.000000
compiler/constant_scalar,1024,0,32,0.000018541,1725905,1767326466,0.000000,0.000000
compiler/repeated_fields,1024,0,32,0.000029375,1089362,1115506383,0.000000,0.000000
compiler/dynamic_leaves,1024,0,32,0.000021375,1497076,1533005848,3.000000,152.000000
compiler/filtered_sum,1024,0,32,0.000021750,1471264,1506574713,0.000000,0.000000
compiler/invariant_aggregate,1024,0,32,0.000037417,855226,875751664,0.000000,0.000000
compiler/builtin_reference,1024,0,32,0.000018500,1729730,1771243243,0.000000,0.000000
compiler/static_array,1024,0,32,0.000019167,1669536,1709605050,1.000000,16.000000
compiler/constant_membership,1024,0,32,0.000047541,673103,689257693,1.000000,16.000000
compiler/lookup_record,1024,0,32,0.000023208,1378835,1411926922,0.000000,0.000000
rust/repeated_fields,1024,0,32,0.000019208,1665973,1705955852,0.000000,0.000000
compiler/constant_scalar,10240,0,32,0.000169708,188559,1930845924,0.000000,0.000000
compiler/repeated_fields,10240,0,32,0.000172584,185417,1898669633,0.000000,0.000000
compiler/dynamic_leaves,10240,0,32,0.000172583,185418,1898680635,3.000000,152.000000
compiler/filtered_sum,10240,0,32,0.000173083,184882,1893195750,0.000000,0.000000
compiler/invariant_aggregate,10240,0,32,0.000334417,95689,979854493,0.000000,0.000000
compiler/builtin_reference,10240,0,32,0.000174542,183337,1877370490,0.000000,0.000000
compiler/static_array,10240,0,32,0.000170292,187913,1924224274,1.000000,16.000000
compiler/constant_membership,10240,0,32,0.000346208,92430,946483039,1.000000,16.000000
compiler/lookup_record,10240,0,32,0.000176875,180919,1852607774,0.000000,0.000000
rust/repeated_fields,10240,0,32,0.000161625,197989,2027409126,0.000000,0.000000
compiler/constant_scalar,1048576,0,32,0.016936875,1889,1981146581,0.000000,0.000000
compiler/repeated_fields,1048576,0,32,0.017254625,1855,1944663069,0.000000,0.000000
compiler/dynamic_leaves,1048576,0,32,0.016797541,1905,1997580003,3.000000,152.000000
compiler/filtered_sum,1048576,0,32,0.017251709,1855,1944991769,0.000000,0.000000
compiler/invariant_aggregate,1048576,0,32,0.033920250,943,989215351,0.000000,0.000000
compiler/builtin_reference,1048576,0,32,0.017275375,1852,1942327272,0.000000,0.000000
compiler/static_array,1048576,0,32,0.017277584,1852,1942078939,1.000000,16.000000
compiler/constant_membership,1048576,0,32,0.033742541,948,994425168,1.000000,16.000000
compiler/lookup_record,1048576,0,32,0.017265042,1853,1943489741,0.000000,0.000000
rust/repeated_fields,1048576,0,32,0.017253584,1855,1944780400,0.000000,0.000000
compile/execution,0,0,32,0.000124000,258065,0,132.000000,8000.000000
execution/arithmetic,100,0,32,0.000005125,6243902,624390244,0.000000,0.000000
execution/comparison,100,0,32,0.000005416,5908419,590841950,0.000000,0.000000
execution/conditional,100,0,32,0.000005500,5818182,581818182,0.000000,0.000000
execution/constructor,100,0,32,0.000006792,4711425,471142521,3.000000,152.000000
rust/execution_arithmetic,100,0,32,0.000003416,9367681,936768150,0.000000,0.000000
rust/execution_constructor,100,0,32,0.000003333,9600960,960096010,0.000000,0.000000
execution/arithmetic,500,0,32,0.000011959,2675809,1337904507,0.000000,0.000000
execution/comparison,500,0,32,0.000012084,2648130,1324064879,0.000000,0.000000
execution/conditional,500,0,32,0.000012167,2630065,1315032465,0.000000,0.000000
execution/constructor,500,0,32,0.000013750,2327273,1163636364,3.000000,152.000000
rust/execution_arithmetic,500,0,32,0.000010083,3173659,1586829317,0.000000,0.000000
rust/execution_constructor,500,0,32,0.000010083,3173659,1586829317,0.000000,0.000000
execution/arithmetic,1024,0,32,0.000020500,1560976,1598439024,0.000000,0.000000
execution/comparison,1024,0,32,0.000020667,1548362,1585522814,0.000000,0.000000
execution/conditional,1024,0,32,0.000020750,1542169,1579180723,0.000000,0.000000
execution/constructor,1024,0,32,0.000022333,1432857,1467245780,3.000000,152.000000
rust/execution_arithmetic,1024,0,32,0.000018625,1718121,1759355705,0.000000,0.000000
rust/execution_constructor,1024,0,32,0.000018667,1714255,1755397225,0.000000,0.000000
execution/arithmetic,10240,0,32,0.000172125,185911,1903732752,0.000000,0.000000
execution/comparison,10240,0,32,0.000172416,185598,1900519673,0.000000,0.000000
execution/conditional,10240,0,32,0.000172250,185776,1902351234,0.000000,0.000000
execution/constructor,10240,0,32,0.000173625,184305,1887285817,3.000000,152.000000
rust/execution_arithmetic,10240,0,32,0.000179250,178522,1828061367,0.000000,0.000000
rust/execution_constructor,10240,0,32,0.000176208,181604,1859620449,0.000000,0.000000
execution/arithmetic,1048576,0,32,0.017132625,1868,1958510853,0.000000,0.000000
execution/comparison,1048576,0,32,0.017214042,1859,1949247713,0.000000,0.000000
execution/conditional,1048576,0,32,0.017255250,1855,1944592631,0.000000,0.000000
execution/constructor,1048576,0,32,0.017233375,1857,1947060979,3.000000,152.000000
rust/execution_arithmetic,1048576,0,32,0.017248583,1855,1945344264,0.000000,0.000000
rust/execution_constructor,1048576,0,32,0.017215250,1859,1949110934,0.000000,0.000000
execution/filtered_sum,74,0,32,0.000019459,1644483,121691762,0.000000,0.000000
execution/mapped_sum,74,0,32,0.000019000,1684211,124631579,0.000000,0.000000
rust/execution_filtered_sum,74,0,32,0.000007750,4129032,305548387,0.000000,0.000000
execution/filtered_sum,1082,0,32,0.000287167,111433,120570957,0.000000,0.000000
execution/mapped_sum,1082,0,32,0.000294083,108813,117735469,0.000000,0.000000
rust/execution_filtered_sum,1082,0,32,0.000114834,278663,301513489,0.000000,0.000000
execution/filtered_sum,8586,0,32,0.002196625,14568,125079156,0.000000,0.000000
execution/mapped_sum,8586,0,32,0.002368250,13512,116014779,0.000000,0.000000
rust/execution_filtered_sum,8586,0,32,0.000828083,38643,331792828,0.000000,0.000000
execution/filtered_sum,137226,0,32,0.035823083,893,122581074,0.000000,0.000000
execution/mapped_sum,137226,0,32,0.037553167,852,116933733,0.000000,0.000000
rust/execution_filtered_sum,137226,0,32,0.012712125,2517,345436503,0.000000,0.000000
execution/lookup_8192,501,0,32,0.000018125,1765517,884524138,0.000000,0.000000
rust/execution_lookup_8192,501,0,32,0.000009875,3240506,1623493671,0.000000,0.000000
execution/type_fallback,16,0,32,0.000004833,6621146,105938341,0.000000,0.000000
plan/branch,100,0,32,0.000004792,6677796,667779633,0.000000,0.000000
plan/boolean,100,0,32,0.000006041,5297136,529713624,0.000000,0.000000
plan/object,100,0,32,0.000006625,4830189,483018868,3.000000,248.000000
plan/branch,500,0,32,0.000011458,2792809,1396404259,0.000000,0.000000
plan/boolean,500,0,32,0.000012709,2517901,1258950350,0.000000,0.000000
plan/object,500,0,32,0.000013500,2370370,1185185185,3.000000,248.000000
plan/branch,1024,0,32,0.000020167,1586751,1624832647,0.000000,0.000000
plan/boolean,1024,0,32,0.000021416,1494210,1530070975,0.000000,0.000000
plan/object,1024,0,32,0.000022125,1446328,1481039548,3.000000,248.000000
plan/branch,10240,0,32,0.000171584,186498,1909735173,0.000000,0.000000
plan/boolean,10240,0,32,0.000172750,185239,1896845152,0.000000,0.000000
plan/object,10240,0,32,0.000173625,184305,1887285817,3.000000,248.000000
plan/branch,1048576,0,32,0.017250584,1855,1945118612,0.000000,0.000000
plan/boolean,1048576,0,32,0.017197083,1861,1951169975,0.000000,0.000000
plan/object,1048576,0,32,0.017109000,1870,1961215267,3.000000,248.000000
plan/lookup_branch,490,0,32,0.000018916,1691690,828927892,0.000000,0.000000
plan/lookup_quote,490,0,32,0.000019125,1673203,819869281,0.000000,0.000000
plan/invoice_sum,58,0,32,0.000005833,5486028,318189611,0.000000,0.000000
rust/plan_invoice,58,0,32,0.000005375,5953488,345302326,0.000000,0.000000
plan/invoice_object,58,0,32,0.000011583,2762669,160234827,3.000000,296.000000
plan/mapped_objects,58,0,32,0.000014167,2258770,131008682,2.000000,136.000000
plan/invoice_sum,300,0,32,0.000036167,884784,265435342,0.000000,0.000000
rust/plan_invoice,300,0,32,0.000031791,1006574,301972256,0.000000,0.000000
plan/invoice_object,300,0,32,0.000048583,658667,197599984,3.000000,296.000000
plan/mapped_objects,300,0,32,0.000076542,418071,125421337,16.000000,1088.000000
plan/invoice_sum,4488,0,32,0.000588167,54406,244175549,0.000000,0.000000
rust/plan_invoice,4488,0,32,0.000487083,65697,294849132,0.000000,0.000000
plan/invoice_object,4488,0,32,0.000678458,47166,211680016,3.000000,296.000000
plan/mapped_objects,4488,0,32,0.001107500,28894,129675847,256.000000,17408.000000
plan/invoice_sum,35736,0,32,0.004395250,7281,260179057,0.000000,0.000000
rust/plan_invoice,35736,0,32,0.003854417,8302,296686114,0.000000,0.000000
plan/invoice_object,35736,0,32,0.005248875,6097,217866114,3.000000,296.000000
plan/mapped_objects,35736,0,32,0.008593958,3724,133064648,2048.000000,139264.000000
plan/invoice_sum,571416,0,32,0.068753209,465,265955761,0.000000,0.000000
rust/plan_invoice,571416,0,32,0.060844125,526,300527159,0.000000,0.000000
plan/invoice_object,571416,0,32,0.085431917,375,214033732,3.000000,296.000000
plan/mapped_objects,571416,0,32,0.137748166,232,132744504,32768.000000,2228224.000000
plan/wide_fields,7583,0,32,0.000284250,112577,853671064,0.000000,0.000000
plan/untaken_branch,496,0,32,0.000010917,2931208,1453879271,0.000000,0.000000
compile/plan_branch,0,0,32,0.000062625,510978,0,84.000000,3940.000000
demand/nested,100,0,32,0.000004750,6736842,673684211,0.000000,0.000000
demand/branch,100,0,32,0.000005125,6243902,624390244,0.000000,0.000000
demand/repeated,100,0,32,0.000004166,7681229,768122900,0.000000,0.000000
demand/untaken_nested,101,0,32,0.000004292,7455732,753028891,0.000000,0.000000
demand/nested,500,0,32,0.000011291,2834116,1417057834,0.000000,0.000000
demand/branch,500,0,32,0.000011750,2723404,1361702128,0.000000,0.000000
demand/repeated,500,0,32,0.000010792,2965159,1482579689,0.000000,0.000000
demand/untaken_nested,501,0,32,0.000011000,2909091,1457454545,0.000000,0.000000
demand/nested,1024,0,32,0.000020041,1596727,1635048151,0.000000,0.000000
demand/branch,1024,0,32,0.000020334,1573719,1611488148,0.000000,0.000000
demand/repeated,1024,0,32,0.000019625,1630573,1669707006,0.000000,0.000000
demand/untaken_nested,1025,0,32,0.000019625,1630573,1671337580,0.000000,0.000000
demand/nested,10240,0,32,0.000171250,186861,1913459854,0.000000,0.000000
demand/branch,10240,0,32,0.000171708,186363,1908356046,0.000000,0.000000
demand/repeated,10240,0,32,0.000170583,187592,1920941712,0.000000,0.000000
demand/untaken_nested,10241,0,32,0.000170875,187271,1917846379,0.000000,0.000000
demand/nested,1048576,0,32,0.017135375,1867,1958196538,0.000000,0.000000
demand/branch,1048576,0,32,0.017066375,1875,1966113601,0.000000,0.000000
demand/repeated,1048576,0,32,0.017280250,1852,1941779315,0.000000,0.000000
demand/untaken_nested,1048577,0,32,0.017168458,1864,1954425028,0.000000,0.000000
demand/nested_fold,546,0,32,0.000121875,262564,143360000,0.000000,0.000000
demand/nested_fold_plan,546,0,32,0.000053000,603774,329660377,0.000000,0.000000
demand/nested_fold,8454,0,32,0.002011458,15909,134493487,0.000000,0.000000
demand/nested_fold_plan,8454,0,32,0.000846834,37788,319458123,0.000000,0.000000
demand/nested_fold,67478,0,32,0.015309166,2090,141045959,0.000000,0.000000
demand/nested_fold_plan,67478,0,32,0.006646541,4815,324875149,0.000000,0.000000
demand/wide_nested,1137,0,32,0.000038667,827579,940957406,0.000000,0.000000
demand/wide_nested,38497,0,32,0.001158291,27627,1063553114,0.000000,0.000000
demand/wide_nested,323265,0,32,0.009285958,3446,1113991685,0.000000,0.000000
demand/repeated_lookup,100,0,32,0.000016083,1989679,198967854,0.000000,0.000000
demand/repeated_lookup,500,0,32,0.000023042,1388768,694384168,0.000000,0.000000
demand/repeated_lookup,10240,0,32,0.000183042,174823,1790190230,0.000000,0.000000
demand/repeated_lookup,1048576,0,32,0.017156458,1865,1955790175,0.000000,0.000000
compile/scoped_path,0,0,32,0.000053833,594431,0,41.000000,4157.000000
tuple/index,100,0,32,0.000018042,1773639,177363929,9.000000,784.000000
tuple/filter_sum,100,0,32,0.000025959,1232713,123271312,10.000000,1168.000000
tuple/plan_leaves,100,0,32,0.000036125,885813,88581315,15.000000,1376.000000
tuple/kept,100,0,32,0.000025042,1277853,127785321,11.000000,928.000000
tuple/ordered,100,0,32,0.000037875,844884,84488449,19.000000,1576.000000
tuple/index,500,0,32,0.000031292,1022626,511312796,9.000000,784.000000
tuple/filter_sum,500,0,32,0.000041500,771084,385542169,10.000000,1168.000000
tuple/plan_leaves,500,0,32,0.000049166,650856,325428141,15.000000,1376.000000
tuple/kept,500,0,32,0.000038500,831169,415584416,11.000000,928.000000
tuple/ordered,500,0,32,0.000051291,623891,311945565,19.000000,1576.000000
tuple/index,1024,0,32,0.000048542,659223,675044292,9.000000,784.000000
tuple/filter_sum,1024,0,32,0.000059167,540842,553822232,10.000000,1168.000000
tuple/plan_leaves,1024,0,32,0.000060208,531491,544246612,15.000000,1376.000000
tuple/kept,1024,0,32,0.000055792,573559,587324348,11.000000,928.000000
tuple/ordered,1024,0,32,0.000076666,417395,427412412,19.000000,1576.000000
tuple/index,10240,0,32,0.000345125,92720,949453097,9.000000,784.000000
tuple/filter_sum,10240,0,32,0.000356875,89667,918192644,10.000000,1168.000000
tuple/plan_leaves,10240,0,32,0.000364041,87902,900118393,15.000000,1376.000000
tuple/kept,10240,0,32,0.000353375,90555,927286877,11.000000,928.000000
tuple/ordered,10240,0,32,0.000367125,87164,892557031,19.000000,1576.000000
tuple/index,1048576,0,32,0.033979000,942,987504988,9.000000,784.000000
tuple/filter_sum,1048576,0,32,0.033978041,942,987532860,10.000000,1168.000000
tuple/plan_leaves,1048576,0,32,0.033987708,942,987251979,15.000000,1376.000000
tuple/kept,1048576,0,32,0.034013667,941,986498515,11.000000,928.000000
tuple/ordered,1048576,0,32,0.034040625,940,985717272,19.000000,1576.000000
tuple/wide_sum,440,0,32,0.000105083,304521,133989323,22.000000,2368.000000
tuple/nested_sum,440,0,32,0.000187416,170743,75126990,70.000000,6208.000000
tuple/join_sum,440,0,32,0.000429917,74433,32750508,46.000000,4672.000000
tuple/join_bound,440,0,32,0.000328375,97450,42877807,55.000000,5600.000000
tuple/group,440,0,32,0.000158750,201575,88692913,57.000000,5344.000000
tuple/negative_index,440,0,32,0.000069375,461261,202954955,23.000000,2368.000000
tuple/wide_sum,6666,0,32,0.001510834,21180,141188244,262.000000,26368.000000
tuple/nested_sum,6666,0,32,0.002862333,11180,74523824,1030.000000,87808.000000
tuple/join_sum,6666,0,32,0.030125959,1062,7080671,646.000000,63232.000000
tuple/join_bound,6666,0,32,0.004759042,6724,44822466,775.000000,75680.000000
tuple/group,6666,0,32,0.001991959,16065,107086541,337.000000,65824.000000
tuple/negative_index,6666,0,32,0.000887791,36045,240272767,267.000000,34048.000000
tuple/wide_sum,56043,0,32,0.012130333,2638,147842273,2054.000000,205568.000000
tuple/nested_sum,56043,0,32,0.021919500,1460,81816465,8198.000000,697088.000000
tuple/join_sum,56043,0,32,1.652253958,19,1085412,5126.000000,500480.000000
tuple/join_bound,56043,0,32,0.038495916,831,46586137,6151.000000,598944.000000
tuple/group,56043,0,32,0.015213208,2103,117882829,2159.000000,517408.000000
tuple/negative_index,56043,0,32,0.006860084,4665,261421872,2062.000000,270592.000000
compile/builtins,0,0,32,0.000066958,477912,0,53.000000,4192.000000
builtin/length,100,0,32,0.000008750,3657143,365714286,0.000000,0.000000
builtin/normalize,100,0,32,0.000026209,1220955,122095463,23.000000,387.000000
builtin/split_join,100,0,32,0.000037834,845800,84580007,37.000000,792.000000
builtin/numeric,100,0,32,0.000009250,3459459,345945946,0.000000,0.000000
builtin/average,100,0,32,0.000008792,3639672,363967243,0.000000,0.000000
builtin/type,100,0,32,0.000007917,4041935,404193508,0.000000,0.000000
builtin/keys,100,0,32,0.000016667,1919962,191996160,8.000000,468.000000
builtin/map_builtin,100,0,32,0.000014667,2181769,218176860,3.000000,224.000000
builtin/map_closure,100,0,32,0.000029709,1077115,107711468,11.000000,1208.000000
builtin/reduce,100,0,32,0.000023000,1391304,139130435,8.000000,904.000000
builtin/sift,100,0,32,0.000026000,1230769,123076923,15.000000,1300.000000
builtin/length,500,0,32,0.000022000,1454545,727272727,0.000000,0.000000
builtin/normalize,500,0,32,0.000039792,804182,402090873,23.000000,387.000000
builtin/split_join,500,0,32,0.000051166,625415,312707657,37.000000,792.000000
builtin/numeric,500,0,32,0.000022458,1424882,712441001,0.000000,0.000000
builtin/average,500,0,32,0.000021875,1462857,731428571,0.000000,0.000000
builtin/type,500,0,32,0.000021375,1497076,748538012,0.000000,0.000000
builtin/keys,500,0,32,0.000029833,1072638,536318842,8.000000,468.000000
builtin/map_builtin,500,0,32,0.000027833,1149714,574857184,3.000000,224.000000
builtin/map_closure,500,0,32,0.000050334,635753,317876584,11.000000,1208.000000
builtin/reduce,500,0,32,0.000036666,872743,436371570,8.000000,904.000000
builtin/sift,500,0,32,0.000040334,793375,396687658,15.000000,1300.000000
builtin/length,1024,0,32,0.000039208,816160,835747807,0.000000,0.000000
builtin/normalize,1024,0,32,0.000056500,566372,579964602,23.000000,387.000000
builtin/split_join,1024,0,32,0.000068292,468576,479821941,37.000000,792.000000
builtin/numeric,1024,0,32,0.000039667,806716,826077092,0.000000,0.000000
builtin/average,1024,0,32,0.000039042,819630,839301265,0.000000,0.000000
builtin/type,1024,0,32,0.000038542,830263,850189404,0.000000,0.000000
builtin/keys,1024,0,32,0.000046666,685724,702181460,8.000000,468.000000
builtin/map_builtin,1024,0,32,0.000045000,711111,728177778,3.000000,224.000000
builtin/map_closure,1024,0,32,0.000074833,427619,437881683,11.000000,1208.000000
builtin/reduce,1024,0,32,0.000053542,597662,612005528,8.000000,904.000000
builtin/sift,1024,0,32,0.000056834,563043,576556287,15.000000,1300.000000
builtin/length,10240,0,32,0.000345583,92597,948194790,0.000000,0.000000
builtin/normalize,10240,0,32,0.000353333,90566,927397101,23.000000,387.000000
builtin/split_join,10240,0,32,0.000376083,85088,871297028,37.000000,792.000000
builtin/numeric,10240,0,32,0.000336458,95108,973910562,0.000000,0.000000
builtin/average,10240,0,32,0.000336167,95191,974753619,0.000000,0.000000
builtin/type,10240,0,32,0.000335291,95439,977300315,0.000000,0.000000
builtin/keys,10240,0,32,0.000348625,91789,939921119,8.000000,468.000000
builtin/map_builtin,10240,0,32,0.000341792,93624,958711731,3.000000,224.000000
builtin/map_closure,10240,0,32,0.000518750,61687,631672289,11.000000,1208.000000
builtin/reduce,10240,0,32,0.000361417,88540,906653533,8.000000,904.000000
builtin/sift,10240,0,32,0.000354458,90279,924453673,15.000000,1300.000000
builtin/length,1048576,0,32,0.033944292,943,988514711,0.000000,0.000000
builtin/normalize,1048576,0,32,0.034048875,940,985478434,23.000000,387.000000
builtin/split_join,1048576,0,32,0.034013542,941,986502141,37.000000,792.000000
builtin/numeric,1048576,0,32,0.033969000,942,987795696,0.000000,0.000000
builtin/average,1048576,0,32,0.033696208,950,995792524,0.000000,0.000000
builtin/type,1048576,0,32,0.033956250,942,988166597,0.000000,0.000000
builtin/keys,1048576,0,32,0.034018792,941,986349897,8.000000,468.000000
builtin/map_builtin,1048576,0,32,0.032990291,970,1017100213,3.000000,224.000000
builtin/map_closure,1048576,0,32,0.050682167,631,662055985,11.000000,1208.000000
builtin/reduce,1048576,0,32,0.034082833,939,984496565,8.000000,904.000000
builtin/sift,1048576,0,32,0.034020125,941,986311250,15.000000,1300.000000
builtin/filter_reduce,285,0,32,0.000127666,250654,71436404,32.000000,3720.000000
builtin/planned_average,285,0,32,0.000028167,1136081,323783150,0.000000,0.000000
builtin/grouped_average,285,0,32,0.000070750,452297,128904594,10.000000,1016.000000
builtin/ordered_labels,285,0,32,0.000218584,146397,41723090,137.000000,4657.000000
builtin/merged_objects,285,0,32,0.000220541,145098,41352855,131.000000,8296.000000
builtin/each_group,285,0,32,0.000097125,329472,93899614,31.000000,2820.000000
builtin/distinct,285,0,32,0.000050542,633137,180443987,5.000000,480.000000
builtin/filter_reduce,4537,0,32,0.001841375,17378,78845428,396.000000,52680.000000
builtin/planned_average,4537,0,32,0.000452625,70699,320760011,0.000000,0.000000
builtin/grouped_average,4537,0,32,0.000921208,34737,157601758,18.000000,9656.000000
builtin/ordered_labels,4537,0,32,0.004209916,7601,34486199,1953.000000,73147.000000
builtin/merged_objects,4537,0,32,0.005389333,5938,26939141,2176.000000,138352.000000
builtin/each_group,4537,0,32,0.000946291,33816,153424264,39.000000,11460.000000
builtin/distinct,4537,0,32,0.000705625,45350,205752347,9.000000,6240.000000
builtin/filter_reduce,37737,0,32,0.014641375,2186,82477500,3087.000000,418248.000000
builtin/planned_average,37737,0,32,0.003446208,9286,350409494,0.000000,0.000000
builtin/grouped_average,37737,0,32,0.007413250,4317,162895356,24.000000,74168.000000
builtin/ordered_labels,37737,0,32,0.039363459,813,30677792,15477.000000,585963.000000
builtin/merged_objects,37737,0,32,0.161430917,198,7480500,17438.000000,1107312.000000
builtin/each_group,37737,0,32,0.007390542,4330,163395865,45.000000,75972.000000
builtin/distinct,37737,0,32,0.005698250,5616,211921906,12.000000,49248.000000
compile/conversion,0,0,32,0.000122875,260427,0,105.000000,7334.000000
compile/composition,0,0,32,0.000045250,707182,0,36.000000,2825.000000
conversion/string_identity,100,0,32,0.000004208,7604563,760456274,0.000000,0.000000
conversion/number_text,100,0,32,0.000005000,6400000,640000000,0.000000,0.000000
conversion/number_value,100,0,32,0.000004875,6564103,656410256,0.000000,0.000000
conversion/string_number,100,0,32,0.000013041,2453800,245379956,8.000000,105.000000
conversion/string_object,100,0,32,0.000015833,2021095,202109518,12.000000,413.000000
conversion/string_pretty,100,0,32,0.000022167,1443587,144358731,13.000000,461.000000
conversion/concat,100,0,32,0.000025583,1250831,125083063,14.000000,251.000000
conversion/folded,100,0,32,0.000003334,9598080,959808038,0.000000,0.000000
conversion/constructor,100,0,32,0.000032917,972142,97214205,13.000000,561.000000
conversion/chain_direct,100,0,32,0.000020916,1529929,152992924,16.000000,242.000000
conversion/chain_values,100,0,32,0.000036667,872719,87271934,34.000000,1254.000000
conversion/partial,100,0,32,0.000032583,982107,98210723,29.000000,1266.000000
conversion/partial_reused,100,0,32,0.000047042,680243,68024319,35.000000,2218.000000
conversion/sum_direct,100,0,32,0.000008667,3692166,369216569,0.000000,0.000000
conversion/sum_chain,100,0,32,0.000008833,3622778,362277822,0.000000,0.000000
conversion/sum_function,100,0,32,0.000011583,2762669,276266943,4.000000,232.000000
conversion/sum_partial,100,0,32,0.000013083,2445922,244592219,6.000000,336.000000
rust/number_text,100,0,32,0.000004209,7602756,760275600,0.000000,0.000000
conversion/string_identity,500,0,32,0.000011125,2876404,1438202247,0.000000,0.000000
conversion/number_text,500,0,32,0.000011958,2676033,1338016391,0.000000,0.000000
conversion/number_value,500,0,32,0.000011875,2694737,1347368421,0.000000,0.000000
conversion/string_number,500,0,32,0.000020125,1590062,795031056,8.000000,105.000000
conversion/string_object,500,0,32,0.000022667,1411744,705871972,12.000000,413.000000
conversion/string_pretty,500,0,32,0.000035750,895105,447552448,13.000000,461.000000
conversion/concat,500,0,32,0.000045833,698187,349093448,14.000000,251.000000
conversion/folded,500,0,32,0.000010208,3134796,1567398119,0.000000,0.000000
conversion/constructor,500,0,32,0.000059833,534822,267410961,13.000000,561.000000
conversion/chain_direct,500,0,32,0.000034375,930909,465454545,16.000000,242.000000
conversion/chain_values,500,0,32,0.000050458,634191,317095406,34.000000,1254.000000
conversion/partial,500,0,32,0.000046917,682056,341027772,29.000000,1266.000000
conversion/partial_reused,500,0,32,0.000066750,479401,239700375,35.000000,2218.000000
conversion/sum_direct,500,0,32,0.000022208,1440922,720461095,0.000000,0.000000
conversion/sum_chain,500,0,32,0.000022250,1438202,719101124,0.000000,0.000000
conversion/sum_function,500,0,32,0.000025208,1269438,634719137,4.000000,232.000000
conversion/sum_partial,500,0,32,0.000026625,1201878,600938967,6.000000,336.000000
rust/number_text,500,0,32,0.000011042,2898026,1449012860,0.000000,0.000000
conversion/string_identity,1024,0,32,0.000019750,1620253,1659139241,0.000000,0.000000
conversion/number_text,1024,0,32,0.000020458,1564180,1601720598,0.000000,0.000000
conversion/number_value,1024,0,32,0.000020416,1567398,1605015674,0.000000,0.000000
conversion/string_number,1024,0,32,0.000028667,1116266,1143056476,8.000000,105.000000
conversion/string_object,1024,0,32,0.000031083,1029502,1054209697,12.000000,413.000000
conversion/string_pretty,1024,0,32,0.000052750,606635,621194313,13.000000,461.000000
conversion/concat,1024,0,32,0.000070875,451499,462335097,14.000000,251.000000
conversion/folded,1024,0,32,0.000018917,1691600,1732198552,0.000000,0.000000
conversion/constructor,1024,0,32,0.000093875,340879,349059920,13.000000,561.000000
conversion/chain_direct,1024,0,32,0.000051334,623369,638329372,16.000000,242.000000
conversion/chain_values,1024,0,32,0.000067125,476723,488163873,34.000000,1254.000000
conversion/partial,1024,0,32,0.000063333,505266,517392197,29.000000,1266.000000
conversion/partial_reused,1024,0,32,0.000091875,348299,356658503,35.000000,2218.000000
conversion/sum_direct,1024,0,32,0.000039542,809266,828688483,0.000000,0.000000
conversion/sum_chain,1024,0,32,0.000039334,813546,833070626,0.000000,0.000000
conversion/sum_function,1024,0,32,0.000042167,758887,777100576,4.000000,232.000000
conversion/sum_partial,1024,0,32,0.000043833,730044,747564620,6.000000,336.000000
rust/number_text,1024,0,32,0.000019542,1637499,1676798690,0.000000,0.000000
conversion/string_identity,10240,0,32,0.000178792,178979,1832744194,0.000000,0.000000
conversion/number_text,10240,0,32,0.000174459,183424,1878263661,0.000000,0.000000
conversion/number_value,10240,0,32,0.000171584,186498,1909735173,0.000000,0.000000
conversion/string_number,10240,0,32,0.000182166,175664,1798798898,8.000000,105.000000
conversion/string_object,10240,0,32,0.000182584,175262,1794680804,12.000000,413.000000
conversion/string_pretty,10240,0,32,0.000349916,91451,936453320,13.000000,461.000000
conversion/concat,10240,0,32,0.000516834,61915,634014016,14.000000,251.000000
conversion/folded,10240,0,32,0.000169792,188466,1929890690,0.000000,0.000000
conversion/constructor,10240,0,32,0.000682334,46898,480234020,13.000000,561.000000
conversion/chain_direct,10240,0,32,0.000348250,91888,940933238,16.000000,242.000000
conversion/chain_values,10240,0,32,0.000364625,87761,898676723,34.000000,1254.000000
conversion/partial,10240,0,32,0.000360333,88807,909381045,29.000000,1266.000000
conversion/partial_reused,10240,0,32,0.000545042,58711,601201375,35.000000,2218.000000
conversion/sum_direct,10240,0,32,0.000339666,94210,964712394,0.000000,0.000000
conversion/sum_chain,10240,0,32,0.000336375,95132,974150873,0.000000,0.000000
conversion/sum_function,10240,0,32,0.000339083,94372,966371065,4.000000,232.000000
conversion/sum_partial,10240,0,32,0.000340709,93922,961759155,6.000000,336.000000
rust/number_text,10240,0,32,0.000170541,187638,1921414792,0.000000,0.000000
conversion/string_identity,1048576,0,32,0.017327833,1847,1936447102,0.000000,0.000000
conversion/number_text,1048576,0,32,0.017219125,1858,1948672305,0.000000,0.000000
conversion/number_value,1048576,0,32,0.016799833,1905,1997307473,0.000000,0.000000
conversion/string_number,1048576,0,32,0.017262584,1854,1943766472,8.000000,105.000000
conversion/string_object,1048576,0,32,0.017252792,1855,1944869677,12.000000,413.000000
conversion/string_pretty,1048576,0,32,0.033523709,955,1000916456,13.000000,461.000000
conversion/concat,1048576,0,32,0.050626250,632,662787230,14.000000,251.000000
conversion/folded,1048576,0,32,0.017269500,1853,1942988043,0.000000,0.000000
conversion/constructor,1048576,0,32,0.067473459,474,497298234,13.000000,561.000000
conversion/chain_direct,1048576,0,32,0.033977250,942,987555850,16.000000,242.000000
conversion/chain_values,1048576,0,32,0.033649750,951,997167349,34.000000,1254.000000
conversion/partial,1048576,0,32,0.034006250,941,986713678,29.000000,1266.000000
conversion/partial_reused,1048576,0,32,0.050302583,636,667051869,35.000000,2218.000000
conversion/sum_direct,1048576,0,32,0.033955459,942,988189616,0.000000,0.000000
conversion/sum_chain,1048576,0,32,0.033795750,947,992859516,0.000000,0.000000
conversion/sum_function,1048576,0,32,0.034054417,940,985318057,4.000000,232.000000
conversion/sum_partial,1048576,0,32,0.034043500,940,985634027,6.000000,336.000000
rust/number_text,1048576,0,32,0.017273584,1853,1942528661,0.000000,0.000000
composition/numeric_pipeline,234,0,32,0.000100667,317880,74383860,17.000000,1736.000000
composition/labels,234,0,32,0.000167958,190524,44582574,50.000000,2741.000000
composition/grouping,234,0,32,0.000116209,275366,64435629,46.000000,1376.000000
composition/static_lookup,234,0,32,0.000119416,267971,62705165,60.000000,3168.000000
composition/direct_fold,74,0,32,0.000017584,1819836,134667880,0.000000,0.000000
composition/chained_fold,74,0,32,0.000017666,1811389,134042794,0.000000,0.000000
composition/numeric_pipeline,3886,0,32,0.001432334,22341,86817739,145.000000,22856.000000
composition/labels,3886,0,32,0.003193208,10021,38942656,486.000000,39429.000000
composition/grouping,3886,0,32,0.001643667,19469,75655227,594.000000,15416.000000
composition/static_lookup,3886,0,32,0.001765459,18126,70436074,844.000000,45048.000000
composition/direct_fold,1180,0,32,0.000257750,124151,146498545,0.000000,0.000000
composition/chained_fold,1180,0,32,0.000263541,121423,143279414,0.000000,0.000000
composition/numeric_pipeline,32606,0,32,0.011237084,2848,92852559,1047.000000,180552.000000
composition/labels,32606,0,32,0.030146167,1061,34611100,3636.000000,341457.000000
composition/grouping,32606,0,32,0.012741083,2512,81891940,4632.000000,120248.000000
composition/static_lookup,32606,0,32,0.014368208,2227,72618102,6671.000000,357752.000000
composition/direct_fold,10164,0,32,0.002071917,15445,156979261,0.000000,0.000000
composition/chained_fold,10164,0,32,0.002051125,15601,158570541,0.000000,0.000000
compile/regex,0,0,32,0.000170750,187408,0,86.000000,7496.000000
compile/regex_callback,0,0,32,0.000099375,322013,0,81.000000,6397.000000
matcher/contains,100,0,32,0.000008542,3746195,374619527,3.000000,152.000000
matcher/no_match,100,0,32,0.000009833,3254348,325434761,3.000000,152.000000
matcher/literal_contains,100,0,32,0.000012042,2657366,265736589,5.000000,128.000000
matcher/captures,100,0,32,0.000030667,1043467,104346692,30.000000,1376.000000
matcher/replace,100,0,32,0.000022500,1422222,142222222,15.000000,477.000000
matcher/replace_captures,100,0,32,0.000027292,1172505,117250476,19.000000,817.000000
matcher/replace_callback,100,0,32,0.000074333,430495,43049520,62.000000,3012.000000
matcher/split,100,0,32,0.000033750,948148,94814815,30.000000,1064.000000
matcher/closure,100,0,32,0.000017667,1811287,181128658,11.000000,920.000000
matcher/next,100,0,32,0.000039833,803354,80335400,31.000000,2120.000000
matcher/lookaround,100,0,32,0.000021209,1508793,150879344,23.000000,952.000000
matcher/literal_replace,100,0,32,0.000014000,2285714,228571429,8.000000,221.000000
rust/matcher_contains,100,0,32,0.000003667,8726479,872647941,1.000000,40.000000
matcher/contains,500,0,32,0.000022166,1443652,721826220,3.000000,152.000000
matcher/no_match,500,0,32,0.000023416,1366587,683293475,3.000000,152.000000
matcher/literal_contains,500,0,32,0.000025625,1248780,624390244,5.000000,128.000000
matcher/captures,500,0,32,0.000044958,711775,355887717,30.000000,1376.000000
matcher/replace,500,0,32,0.000039542,809266,404633048,15.000000,477.000000
matcher/replace_captures,500,0,32,0.000039458,810989,405494450,19.000000,817.000000
matcher/replace_callback,500,0,32,0.000089208,358712,179356112,62.000000,3012.000000
matcher/split,500,0,32,0.000047417,674863,337431723,30.000000,1064.000000
matcher/closure,500,0,32,0.000031750,1007874,503937008,11.000000,920.000000
matcher/next,500,0,32,0.000054250,589862,294930876,31.000000,2120.000000
matcher/lookaround,500,0,32,0.000035125,911032,455516014,23.000000,952.000000
matcher/literal_replace,500,0,32,0.000027625,1158371,579185520,8.000000,221.000000
rust/matcher_contains,500,0,32,0.000010375,3084337,1542168675,1.000000,40.000000
matcher/contains,1024,0,32,0.000039084,818749,838399345,3.000000,152.000000
matcher/no_match,1024,0,32,0.000040708,786086,804952344,3.000000,152.000000
matcher/literal_contains,1024,0,32,0.000042750,748538,766502924,5.000000,128.000000
matcher/captures,1024,0,32,0.000061750,518219,530655870,30.000000,1376.000000
matcher/replace,1024,0,32,0.000053292,600465,614876529,15.000000,477.000000
matcher/replace_captures,1024,0,32,0.000063500,503937,516031496,19.000000,817.000000
matcher/replace_callback,1024,0,32,0.000104917,305003,312323074,62.000000,3012.000000
matcher/split,1024,0,32,0.000064291,497737,509682537,30.000000,1064.000000
matcher/closure,1024,0,32,0.000048333,662074,677963296,11.000000,920.000000
matcher/next,1024,0,32,0.000070584,453361,464241188,31.000000,2120.000000
matcher/lookaround,1024,0,32,0.000051916,616380,631173434,23.000000,952.000000
matcher/literal_replace,1024,0,32,0.000044208,723851,741223308,8.000000,221.000000
rust/matcher_contains,1024,0,32,0.000019083,1676885,1717130430,1.000000,40.000000
matcher/contains,10240,0,32,0.000336416,95120,974032151,3.000000,152.000000
matcher/no_match,10240,0,32,0.000337625,94780,970544243,3.000000,152.000000
matcher/literal_contains,10240,0,32,0.000340084,94094,963526658,5.000000,128.000000
matcher/captures,10240,0,32,0.000365500,87551,896525308,30.000000,1376.000000
matcher/replace,10240,0,32,0.000350833,91211,934005638,15.000000,477.000000
matcher/replace_captures,10240,0,32,0.000354500,90268,924344147,19.000000,817.000000
matcher/replace_callback,10240,0,32,0.000404334,79142,810419109,62.000000,3012.000000
matcher/split,10240,0,32,0.000360709,88714,908433114,30.000000,1064.000000
matcher/closure,10240,0,32,0.000347041,92208,944211203,11.000000,920.000000
matcher/next,10240,0,32,0.000367542,87065,891544368,31.000000,2120.000000
matcher/lookaround,10240,0,32,0.000349083,91669,938687934,23.000000,952.000000
matcher/literal_replace,10240,0,32,0.000342083,93545,957896183,8.000000,221.000000
rust/matcher_contains,10240,0,32,0.000170541,187638,1921414792,1.000000,40.000000
matcher/contains,1048576,0,32,0.033089042,967,1014064777,3.000000,152.000000
matcher/no_match,1048576,0,32,0.034002000,941,986837010,3.000000,152.000000
matcher/literal_contains,1048576,0,32,0.033949541,943,988361875,5.000000,128.000000
matcher/captures,1048576,0,32,0.033885709,944,990223696,30.000000,1376.000000
matcher/replace,1048576,0,32,0.033974750,942,987628518,15.000000,477.000000
matcher/replace_captures,1048576,0,32,0.033552791,954,1000048908,19.000000,817.000000
matcher/replace_callback,1048576,0,32,0.034017542,941,986386142,62.000000,3012.000000
matcher/split,1048576,0,32,0.034005500,941,986735440,30.000000,1064.000000
matcher/closure,1048576,0,32,0.033957709,942,988124140,11.000000,920.000000
matcher/next,1048576,0,32,0.034006333,941,986711269,31.000000,2120.000000
matcher/lookaround,1048576,0,32,0.033958542,942,988099901,23.000000,952.000000
matcher/literal_replace,1048576,0,32,0.033974500,942,987635786,8.000000,221.000000
rust/matcher_contains,1048576,0,32,0.017343875,1845,1934656010,1.000000,40.000000
matcher/long_contains,149,0,32,0.000022291,1435557,213897986,4.000000,312.000000
matcher/long_no_match,149,0,32,0.000020708,1545297,230249179,3.000000,152.000000
matcher/long_replace,149,0,32,0.000041959,762649,113634739,18.000000,1815.000000
matcher/repeated_replace,171,0,32,0.000157167,203605,34816469,148.000000,9561.000000
matcher/limited_captures,171,0,32,0.000052333,611469,104561176,60.000000,2736.000000
matcher/long_contains,4117,0,32,0.000449375,71210,293171627,4.000000,312.000000
matcher/long_no_match,4117,0,32,0.000440083,72714,299361711,3.000000,152.000000
matcher/long_replace,4117,0,32,0.000669333,47809,196828783,23.000000,45463.000000
matcher/repeated_replace,5131,0,32,0.004151792,7708,39547261,4126.000000,300217.000000
matcher/limited_captures,5131,0,32,0.000222791,143632,736977706,60.000000,2736.000000
matcher/long_contains,65557,0,32,0.006939167,4612,302316402,4.000000,312.000000
matcher/long_no_match,65557,0,32,0.006852125,4670,306156703,3.000000,152.000000
matcher/long_replace,65557,0,32,0.010225334,3129,205159460,27.000000,721303.000000
matcher/repeated_replace,81931,0,32,0.059283166,540,44224899,65574.000000,4800697.000000
matcher/limited_captures,81931,0,32,0.002903875,11020,902859799,60.000000,2736.000000
matcher/unicode_contains,139,0,32,0.000022208,1440922,200288184,10.000000,832.000000
matcher/unicode_replace,139,0,32,0.000041208,776548,107940206,25.000000,1793.000000
matcher/unicode_captures,139,0,32,0.000049291,649206,90239597,45.000000,2396.000000
matcher/unicode_zero_limit,139,0,32,0.000010958,2920241,405913488,2.000000,112.000000
matcher/unicode_contains,2059,0,32,0.000186125,171927,353998657,14.000000,10912.000000
matcher/unicode_replace,2059,0,32,0.000264708,120888,248908231,33.000000,23873.000000
matcher/unicode_captures,2059,0,32,0.000209375,152836,314688955,49.000000,12476.000000
matcher/unicode_zero_limit,2059,0,32,0.000099500,321608,662190955,2.000000,112.000000
matcher/unicode_contains,32779,0,32,0.002670834,11981,392734255,18.000000,172192.000000
matcher/unicode_replace,32779,0,32,0.003742292,8551,280290261,41.000000,377153.000000
matcher/unicode_captures,32779,0,32,0.002696750,11866,388960044,53.000000,173756.000000
matcher/unicode_zero_limit,32779,0,32,0.001512959,21151,693295721,2.000000,112.000000
matcher/filtered_sum,206,0,32,0.000098125,326115,67179618,63.000000,3736.000000
matcher/mixed,206,0,32,0.000227917,140402,28922810,141.000000,7556.000000
matcher/grouped,206,0,32,0.000117875,271474,55923648,62.000000,2588.000000
matcher/filtered_sum,3292,0,32,0.001417791,22570,74301501,915.000000,61096.000000
matcher/mixed,3292,0,32,0.003229625,9908,32618028,2073.000000,112976.000000
matcher/grouped,3292,0,32,0.001630875,19621,64593546,850.000000,34808.000000
matcher/filtered_sum,27060,0,32,0.010620584,3013,81532240,7196.000000,489384.000000
matcher/mixed,27060,0,32,0.025097000,1275,34502929,16418.000000,900112.000000
matcher/grouped,27060,0,32,0.012857917,2489,67345278,6680.000000,275384.000000
compile/parent,0,0,32,0.000065625,487619,0,58.000000,5189.000000
compile/transform,0,0,32,0.000064541,495809,0,62.000000,4501.000000
parent/filter,150,0,32,0.000042458,753686,113052899,9.000000,784.000000
parent/nested,150,0,32,0.000049458,647014,97052044,16.000000,1648.000000
parent/sort,150,0,32,0.000039125,817891,122683706,14.000000,1088.000000
parent/constructor,150,0,32,0.000047500,673684,101052632,15.000000,1376.000000
parent/closure,150,0,32,0.000049750,643216,96482412,16.000000,1840.000000
parent/group,150,0,32,0.000046292,691264,103689622,20.000000,1960.000000
parent/tuple,150,0,32,0.000052958,604252,90637864,17.000000,1568.000000
parent/focus_control,150,0,32,0.000052917,604721,90708090,10.000000,1160.000000
transform/clone,150,0,32,0.000033708,949330,142399430,10.000000,1136.000000
transform/update,150,0,32,0.000117209,273017,40952487,57.000000,5428.000000
transform/no_match,150,0,32,0.000059542,537436,80615364,21.000000,1672.000000
transform/update_write,150,0,32,0.000132083,242272,36340786,59.000000,5696.000000
parent/filter,500,0,32,0.000054041,592143,296071501,9.000000,784.000000
parent/nested,500,0,32,0.000061042,524229,262114610,16.000000,1648.000000
parent/sort,500,0,32,0.000050667,631575,315787396,14.000000,1088.000000
parent/constructor,500,0,32,0.000059916,534081,267040523,15.000000,1376.000000
parent/closure,500,0,32,0.000062375,513026,256513026,16.000000,1840.000000
parent/group,500,0,32,0.000057791,553719,276859719,20.000000,1960.000000
parent/tuple,500,0,32,0.000065583,487931,243965662,17.000000,1568.000000
parent/focus_control,500,0,32,0.000064417,496763,248381638,10.000000,1160.000000
transform/clone,500,0,32,0.000045250,707182,353591160,10.000000,1136.000000
transform/update,500,0,32,0.000141083,226817,113408419,57.000000,5428.000000
transform/no_match,500,0,32,0.000077208,414465,207232411,21.000000,1672.000000
transform/update_write,500,0,32,0.000168125,190335,95167286,59.000000,5696.000000
parent/filter,1024,0,32,0.000072417,441885,452490437,9.000000,784.000000
parent/nested,1024,0,32,0.000078666,406783,416545903,16.000000,1648.000000
parent/sort,1024,0,32,0.000067125,476723,488163873,14.000000,1088.000000
parent/constructor,1024,0,32,0.000076250,419672,429744262,15.000000,1376.000000
parent/closure,1024,0,32,0.000079083,404638,414349481,16.000000,1840.000000
parent/group,1024,0,32,0.000075208,425487,435698330,20.000000,1960.000000
parent/tuple,1024,0,32,0.000081834,391036,400420363,17.000000,1568.000000
parent/focus_control,1024,0,32,0.000081459,392836,402263715,10.000000,1160.000000
transform/clone,1024,0,32,0.000062292,513710,526038657,10.000000,1136.000000
transform/update,1024,0,32,0.000175166,182684,187068267,57.000000,5428.000000
transform/no_match,1024,0,32,0.000103292,309801,317236572,21.000000,1672.000000
transform/update_write,1024,0,32,0.000209709,152592,156254619,59.000000,5696.000000
parent/filter,10240,0,32,0.000368750,86780,888623729,9.000000,784.000000
parent/nested,10240,0,32,0.000374500,85447,874979973,16.000000,1648.000000
parent/sort,10240,0,32,0.000364500,87791,898984911,14.000000,1088.000000
parent/constructor,10240,0,32,0.000373583,85657,877127707,15.000000,1376.000000
parent/closure,10240,0,32,0.000376167,85069,871102462,16.000000,1840.000000
parent/group,10240,0,32,0.000387750,82527,845080593,20.000000,1960.000000
parent/tuple,10240,0,32,0.000378708,84498,865257666,17.000000,1568.000000
parent/focus_control,10240,0,32,0.000378500,84544,865733157,10.000000,1160.000000
transform/clone,10240,0,32,0.000363875,87942,900529028,10.000000,1136.000000
transform/update,10240,0,32,0.000762625,41960,429673824,57.000000,5428.000000
transform/no_match,10240,0,32,0.000548041,58390,597911470,21.000000,1672.000000
transform/update_write,10240,0,32,0.001008833,31720,324810945,59.000000,5696.000000
parent/filter,65536,0,32,0.002164167,14786,969034275,9.000000,784.000000
parent/nested,65536,0,32,0.002175292,14711,964078386,16.000000,1648.000000
parent/sort,65536,0,32,0.002144834,14920,977768909,14.000000,1088.000000
parent/constructor,65536,0,32,0.002177250,14697,963211391,15.000000,1376.000000
parent/closure,65536,0,32,0.002159042,14821,971334509,16.000000,1840.000000
parent/group,65536,0,32,0.002171458,14737,965780595,20.000000,1960.000000
parent/tuple,65536,0,32,0.002162583,14797,969744051,17.000000,1568.000000
parent/focus_control,65536,0,32,0.002163916,14788,969146677,10.000000,1160.000000
transform/clone,65536,0,32,0.002154333,14854,973457678,10.000000,1136.000000
transform/update,65536,0,32,0.004361334,7337,480851042,57.000000,5428.000000
transform/no_match,65536,0,32,0.003243625,9866,646545763,21.000000,1672.000000
transform/update_write,65536,0,32,0.005759000,5557,364152110,59.000000,5696.000000
parent/filter,1048576,0,32,0.034141583,937,982802467,9.000000,784.000000
parent/nested,1048576,0,32,0.034026875,940,986115592,16.000000,1648.000000
parent/sort,1048576,0,32,0.033089250,967,1014058403,14.000000,1088.000000
parent/constructor,1048576,0,32,0.034039667,940,985745013,15.000000,1376.000000
parent/closure,1048576,0,32,0.033999458,941,986910791,16.000000,1840.000000
parent/group,1048576,0,32,0.034022750,941,986235151,20.000000,1960.000000
parent/tuple,1048576,0,32,0.034052250,940,985380760,17.000000,1568.000000
parent/focus_control,1048576,0,32,0.033277375,962,1008325687,10.000000,1160.000000
transform/clone,1048576,0,32,0.033931250,943,988894662,10.000000,1136.000000
transform/update,1048576,0,32,0.067524667,474,496921103,57.000000,5428.000000
transform/no_match,1048576,0,32,0.050449417,634,665110402,21.000000,1672.000000
transform/update_write,1048576,0,32,0.090997250,352,368741165,59.000000,5696.000000
parent/wide_filter_sum,73,0,32,0.000044542,718423,52444883,9.000000,784.000000
parent/wide_sort,73,0,32,0.000047792,669568,48878473,18.000000,1424.000000
transform/wide_update,73,0,32,0.000079708,401465,29306970,46.000000,4884.000000
transform/wide_write,73,0,32,0.000096917,330179,24103099,54.000000,5784.000000
parent/wide_filter_sum,2048,0,32,0.000896208,35706,73125881,133.000000,13184.000000
parent/wide_sort,2048,0,32,0.003108916,10293,21080016,332.000000,33536.000000
transform/wide_update,2048,0,32,0.001948667,16421,33631195,804.000000,90544.000000
transform/wide_write,2048,0,32,0.002479959,12903,26426243,1060.000000,119344.000000
parent/wide_filter_sum,33180,0,32,0.013973167,2290,75985637,2053.000000,205184.000000
parent/wide_sort,33180,0,32,0.074190292,431,14311306,5136.000000,532736.000000
transform/wide_update,33180,0,32,0.031407458,1019,33805983,12490.000000,1434360.000000
transform/wide_write,33180,0,32,0.039265042,815,27040847,16586.000000,1895160.000000
