cargo fmt --all -- --check
just clippy
cargo clippy --workspace --all-targets --locked -- -D warnings
    Checking jx v0.1.0 (/Users/josh/Documents/Workspace/jo-cube/jx/crates/jx)
    Checking jx-cli v0.1.0 (/Users/josh/Documents/Workspace/jo-cube/jx/crates/jx-cli)
    Finished `dev` profile [unoptimized + debuginfo] target(s) in 1.08s
just test
cargo test --workspace --locked
   Compiling jx v0.1.0 (/Users/josh/Documents/Workspace/jo-cube/jx/crates/jx)
   Compiling jx-cli v0.1.0 (/Users/josh/Documents/Workspace/jo-cube/jx/crates/jx-cli)
    Finished `test` profile [unoptimized + debuginfo] target(s) in 1.92s
     Running unittests src/lib.rs (target/debug/deps/jx-283396e92257456e)

running 5 tests
test plan::tests::whole_regions_lower ... ok
test plan::tests::nested_demands_preserve_replacement_and_array_fallback ... ok
test plan::tests::plan_and_tree_agree_on_values_and_exact_errors ... ok
test plan::tests::fixed_objects_lookup_and_capture_match_the_tree ... ok
test plan::tests::branches_and_folds_match_the_tree ... ok

test result: ok. 5 passed; 0 failed; 0 ignored; 0 measured; 0 filtered out; finished in 2.05s

     Running tests/aggregates.rs (target/debug/deps/aggregates-36467e8652de35ea)

running 5 tests
test validation_cancellation_and_mapped_aggregate_errors ... ok
test aggregates_preserve_ieee_values_and_signed_zero ... ok
test aggregate_arguments_finish_before_type_or_arity_checks ... ok
test aggregate_calls_keep_syntax_and_depth_limits_explicit ... ok
test aggregate_semantics ... ok

test result: ok. 5 passed; 0 failed; 0 ignored; 0 measured; 0 filtered out; finished in 0.00s

     Running tests/compiler.rs (target/debug/deps/compiler-c073a9a4f22a2a86)

running 4 tests
test constant_errors_remain_runtime_errors_after_validation ... ok
test static_lookup_still_validates_and_normalizes_its_key ... ok
test lookup_shapes_keys_and_calls ... ok
test constant_construction_keeps_identity_and_shape ... ok

test result: ok. 4 passed; 0 failed; 0 ignored; 0 measured; 0 filtered out; finished in 0.00s

     Running tests/conformance.rs (target/debug/deps/conformance-dbf31341087731ca)

running 1 test
test pinned_upstream_groups_have_explicit_expected_outcomes ... ok

test result: ok. 1 passed; 0 failed; 0 ignored; 0 measured; 0 filtered out; finished in 0.10s

     Running tests/constructors.rs (target/debug/deps/constructors-5ec04b236509315e)

running 9 tests
test null_collapse_reports_a_type_error_instead_of_a_host_exception ... ok
test implicit_string_iteration_after_constructor_collapse_is_explicitly_deferred ... ok
test object_construction_does_not_mutate_empty_input_arrays ... ok
test serialization_keeps_unicode_units_and_arbitrary_json_keys ... ok
test containers_own_structure_and_retain_borrowed_members ... ok
test construction_preserves_internal_numbers_and_undefined ... ok
test construction_validates_before_output_and_cancels_between_containers ... ok
test constructor_syntax_and_depth_are_bounded ... ok
test constructor_semantics ... ok

test result: ok. 9 passed; 0 failed; 0 ignored; 0 measured; 0 filtered out; finished in 0.01s

     Running tests/execution.rs (target/debug/deps/execution-8fd1947384dc3bba)

running 7 tests
test planned_regions_do_not_round_borrowed_output ... ok
test numeric_regions_accept_constructed_and_retained_contexts ... ok
test numeric_regions_compose_with_contexts_and_retention ... ok
test numeric_regions_keep_validation_and_error_precedence ... ok
test numeric_regions_preserve_missing_shape_and_record_isolation ... ok
test branches_fixed_objects_and_streamed_folds_compose ... ok
test numeric_regions_preserve_ordering_and_stream_cancellation ... ok

test result: ok. 7 passed; 0 failed; 0 ignored; 0 measured; 0 filtered out; finished in 0.00s

     Running tests/filters.rs (target/debug/deps/filters-a665417a9bce572a)

running 5 tests
test filtered_values_borrow_input_and_cancellation_stops_predicates ... ok
test undefined_sequence_items_remain_distinct_from_null ... ok
test upstream_stage_errors_take_precedence_over_later_stage_errors ... ok
test filter_semantics ... ok
test filters_have_bounded_depth_and_keep_deferred_syntax_explicit ... ok

test result: ok. 5 passed; 0 failed; 0 ignored; 0 measured; 0 filtered out; finished in 0.01s

     Running tests/json_validation.rs (target/debug/deps/json_validation-845dc26b3e6dc2f3)

running 6 tests
test valid_json_syntax_and_utf8 ... ok
test invalid_json_syntax ... ok
test rejects_invalid_utf8_anywhere_even_in_unselected_fields ... ok
test deterministic_mutations_agree_with_serde_on_common_json_domain ... ok
test depth_limit_and_large_shallow_records ... ok
test planned_capture_preserves_complete_validation_and_exact_diagnostics ... ok

test result: ok. 6 passed; 0 failed; 0 ignored; 0 measured; 0 filtered out; finished in 0.05s

     Running tests/lexical.rs (target/debug/deps/lexical-e855bedb234e048e)

running 8 tests
test retained_output_obeys_consumer_cancellation ... ok
test retained_bindings_preserve_input_borrowing ... ok
test function_results_are_opaque_and_not_json ... ok
test deferred_features_and_constructor_binding_races_are_explicit ... ok
test recursion_accounts_for_large_function_bodies ... ok
test recursion_is_bounded_and_an_error_does_not_poison_reuse ... ok
test evaluations_isolate_scope_and_validate_before_execution ... ok
test lexical_semantics ... ok

test result: ok. 8 passed; 0 failed; 0 ignored; 0 measured; 0 filtered out; finished in 0.01s

     Running tests/navigation.rs (target/debug/deps/navigation-def3c34345a3428c)

running 4 tests
test range_limits_and_deferred_tuple_navigation_are_explicit ... ok
test nested_fallbacks_compile_without_expanding_the_left_tree ... ok
test validation_borrowing_and_cancellation ... ok
test navigation_semantics ... ok

test result: ok. 4 passed; 0 failed; 0 ignored; 0 measured; 0 filtered out; finished in 0.01s

     Running tests/scalars.rs (target/debug/deps/scalars-7428e776dc97652d)

running 7 tests
test expression_whitespace_matches_the_language_tokenizer ... ok
test computed_scalars_and_literal_strings_need_no_owned_output ... ok
test operator_errors_have_expression_offsets_after_complete_validation ... ok
test duplicate_keys_unicode_and_binary64_boundaries ... ok
test compile_errors_and_expression_depth_are_bounded ... ok
test scalar_operators_and_sequence_operands ... ok
test structural_equality_and_boolean_casting_respect_input_depth_limits ... ok

test result: ok. 7 passed; 0 failed; 0 ignored; 0 measured; 0 filtered out; finished in 0.01s

     Running tests/semantics.rs (target/debug/deps/semantics-17591f0749f1de6f)

running 8 tests
test unsupported_semantics_fail_explicitly ... ok
test results_borrow_input_not_the_expression ... ok
test validate_before_returning_a_selected_value_or_semantic_error ... ok
test compact_serialization_preserves_string_and_number_bytes ... ok
test serialization_propagates_consumer_failure ... ok
test field_names_compare_decoded_escapes ... ok
test object_paths_missing_and_raw_values ... ok
test compile_once_reuse_across_records_and_threads ... ok

test result: ok. 8 passed; 0 failed; 0 ignored; 0 measured; 0 filtered out; finished in 0.00s

     Running tests/sequences.rs (target/debug/deps/sequences-da7baca561a51a9e)

running 6 tests
test streamed_values_borrow_their_original_ranges ... ok
test fully_validate_before_emitting_any_sequence_item ... ok
test cancellation_preserves_the_consumer_error_and_stops_emission ... ok
test duplicate_keys_and_escaped_names_inside_arrays ... ok
test array_navigation_and_sequence_boundaries ... ok
test traversal_is_bounded_by_validated_input_depth_not_array_width ... ok

test result: ok. 6 passed; 0 failed; 0 ignored; 0 measured; 0 filtered out; finished in 0.03s

     Running tests/tuples.rs (target/debug/deps/tuples-6b3ff73d32f3f64f)

running 5 tests
test cancellation_stops_scoped_stages_before_later_errors ... ok
test an_empty_scoped_group_constructs_an_empty_object ... ok
test scoped_paths_validate_before_output_and_borrow_selected_values ... ok
test invalid_bindings_and_parent_navigation_remain_explicit ... ok
test scoped_path_semantics ... ok

test result: ok. 5 passed; 0 failed; 0 ignored; 0 measured; 0 filtered out; finished in 0.00s

     Running unittests src/main.rs (target/debug/deps/jx-b3e3a82f1487a97c)

running 3 tests
test stream::tests::oversized_unterminated_record_stays_bounded ... ok
test stream::tests::output_failure_stops_before_consuming_the_next_record ... ok
test stream::tests::framing_is_independent_of_buffer_boundaries ... ok

test result: ok. 3 passed; 0 failed; 0 ignored; 0 measured; 0 filtered out; finished in 0.00s

     Running tests/cli.rs (target/debug/deps/cli-d5919d0f805a472e)

running 14 tests
test invalid_record_never_emits_a_partial_sequence ... ok
test ndjson_missing_null_arrays_and_final_unterminated_record ... ok
test lexical_runtime_is_fresh_for_each_record ... ok
test errors_have_distinct_exit_codes_and_record_context ... ok
test kept_sequences_and_reductions_preserve_record_framing ... ok
test filters_frame_values_and_report_streamed_errors ... ok
test aggregates_distinguish_missing_empty_and_failed_records ... ok
test streams_multiple_files_and_stdin_in_order ... ok
test scoped_paths_reset_bindings_and_preserve_sequence_framing ... ok
test constructors_frame_complete_outputs_and_mapped_failures ... ok
test sequences_are_separate_lines_and_raw_arrays_stay_values ... ok
test scalar_results_and_runtime_errors_are_framed_per_record ... ok
test help_empty_input_options_and_invalid_utf8 ... ok
test exact_record_limit_including_cr_but_excluding_lf ... ok

test result: ok. 14 passed; 0 failed; 0 ignored; 0 measured; 0 filtered out; finished in 0.51s

   Doc-tests jx

running 1 test
test crates/jx/src/lib.rs - (line 4) ... ok

test result: ok. 1 passed; 0 failed; 0 ignored; 0 measured; 0 filtered out; finished in 0.01s

all doctests ran in 0.94s; merged doctests compilation took 0.45s
cargo bench -p jx --bench throughput --locked -- --smoke
   Compiling jx v0.1.0 (/Users/josh/Documents/Workspace/jo-cube/jx/crates/jx)
    Finished `bench` profile [optimized] target(s) in 7.27s
     Running benches/throughput.rs (target/release/deps/throughput-ad1fdffe799128d8)
workload,input_bytes,sample,records,seconds,records_per_second,input_bytes_per_second,allocations_per_record,allocated_bytes_per_record
compile,0,0,32,0.000024875,1286432,0,8.000000,618.000000
ascii/validate,100,0,32,0.000008000,4000000,400000000,0.000000,0.000000
ascii/identity,100,0,32,0.000008458,3783400,378340033,0.000000,0.000000
ascii/shallow,100,0,32,0.000009250,3459459,345945946,0.000000,0.000000
ascii/nested,100,0,32,0.000010083,3173659,317365863,0.000000,0.000000
ascii/missing,100,0,32,0.000009000,3555556,355555556,0.000000,0.000000
ascii/array_value,100,0,32,0.000009167,3490782,349078215,0.000000,0.000000
ascii/identity_write,100,0,32,0.000013750,2327273,232727273,0.000000,0.000000
ascii/validate,500,0,32,0.000035500,901408,450704225,0.000000,0.000000
ascii/identity,500,0,32,0.000036208,883783,441891295,0.000000,0.000000
ascii/shallow,500,0,32,0.000037208,860030,430015051,0.000000,0.000000
ascii/nested,500,0,32,0.000037459,854267,427133666,0.000000,0.000000
ascii/missing,500,0,32,0.000036792,869754,434877147,0.000000,0.000000
ascii/array_value,500,0,32,0.000037375,856187,428093645,0.000000,0.000000
ascii/identity_write,500,0,32,0.000062167,514743,257371274,0.000000,0.000000
ascii/validate,1024,0,32,0.000070625,453097,463971681,0.000000,0.000000
ascii/identity,1024,0,32,0.000071167,449647,460438124,0.000000,0.000000
ascii/shallow,1024,0,32,0.000074042,432187,442559628,0.000000,0.000000
ascii/nested,1024,0,32,0.000072208,443164,453800133,0.000000,0.000000
ascii/missing,1024,0,32,0.000072250,442907,453536332,0.000000,0.000000
ascii/array_value,1024,0,32,0.000073834,433405,443806376,0.000000,0.000000
ascii/identity_write,1024,0,32,0.000124250,257545,263726358,0.000000,0.000000
ascii/validate,10240,0,32,0.000365083,87651,897549324,0.000000,0.000000
ascii/identity,10240,0,32,0.000363500,88033,901458047,0.000000,0.000000
ascii/shallow,10240,0,32,0.000317041,100933,1033557174,0.000000,0.000000
ascii/nested,10240,0,32,0.000312333,102455,1049136659,0.000000,0.000000
ascii/missing,10240,0,32,0.000313834,101965,1044118865,0.000000,0.000000
ascii/array_value,10240,0,32,0.000318292,100537,1029494929,0.000000,0.000000
ascii/identity_write,10240,0,32,0.000675209,47393,485301588,0.000000,0.000000
ascii/validate,65536,0,32,0.002417083,13239,867637561,0.000000,0.000000
ascii/identity,65536,0,32,0.002090709,15306,1003081730,0.000000,0.000000
ascii/shallow,65536,0,32,0.001849667,17300,1133799760,0.000000,0.000000
ascii/nested,65536,0,32,0.001703083,18789,1231385669,0.000000,0.000000
ascii/missing,65536,0,32,0.001519375,21061,1380272810,0.000000,0.000000
ascii/array_value,65536,0,32,0.001445000,22145,1451316263,0.000000,0.000000
ascii/identity_write,65536,0,32,0.003098875,10326,676746239,0.000000,0.000000
ascii/validate,1048576,0,32,0.016829917,1901,1993737224,0.000000,0.000000
ascii/identity,1048576,0,32,0.016969875,1886,1977293999,0.000000,0.000000
ascii/shallow,1048576,0,32,0.017085375,1873,1963927160,0.000000,0.000000
ascii/nested,1048576,0,32,0.016903542,1893,1985053310,0.000000,0.000000
ascii/missing,1048576,0,32,0.017069625,1875,1965739259,0.000000,0.000000
ascii/array_value,1048576,0,32,0.017101750,1871,1962046691,0.000000,0.000000
ascii/identity_write,1048576,0,32,0.040661209,787,825219732,0.000000,0.000000
structured/validate,485,0,32,0.000015125,2115702,1026115702,0.000000,0.000000
structured/identity,485,0,32,0.000015250,2098361,1017704918,0.000000,0.000000
structured/shallow,485,0,32,0.000015625,2048000,993280000,0.000000,0.000000
structured/nested,485,0,32,0.000015708,2037179,988031576,0.000000,0.000000
structured/missing,485,0,32,0.000015792,2026342,982776089,0.000000,0.000000
structured/array_value,485,0,32,0.000015917,2010429,975058114,0.000000,0.000000
structured/identity_write,485,0,32,0.000025500,1254902,608627451,0.000000,0.000000
unicode_escaped_keys/validate,960,0,32,0.000027542,1161862,1115387408,0.000000,0.000000
unicode_escaped_keys/identity,960,0,32,0.000027584,1160093,1113689095,0.000000,0.000000
unicode_escaped_keys/shallow,960,0,32,0.000028292,1131062,1085819313,0.000000,0.000000
unicode_escaped_keys/nested,960,0,32,0.000028333,1129425,1084248050,0.000000,0.000000
unicode_escaped_keys/missing,960,0,32,0.000028042,1141145,1095499608,0.000000,0.000000
unicode_escaped_keys/array_value,960,0,32,0.000028167,1136081,1090637981,0.000000,0.000000
unicode_escaped_keys/identity_write,960,0,32,0.000049250,649746,623756345,0.000000,0.000000
array/shallow,78,0,32,0.000007458,4290695,334674175,0.000000,0.000000
array/nested,78,0,32,0.000008250,3878788,302545455,0.000000,0.000000
array/flatten,78,0,32,0.000007458,4290695,334674175,0.000000,0.000000
array/missing,78,0,32,0.000007208,4439512,346281909,0.000000,0.000000
array/root,67,0,32,0.000006959,4598362,308090243,0.000000,0.000000
array/cancel_first,78,0,32,0.000007375,4338983,338440678,0.000000,0.000000
array/shallow,540,0,32,0.000052542,609037,328879753,0.000000,0.000000
array/nested,540,0,32,0.000059666,536319,289612174,0.000000,0.000000
array/flatten,540,0,32,0.000057625,555315,299869848,0.000000,0.000000
array/missing,540,0,32,0.000049667,644291,347917128,0.000000,0.000000
array/root,529,0,32,0.000051042,626935,331648446,0.000000,0.000000
array/cancel_first,540,0,32,0.000025584,1250782,675422139,0.000000,0.000000
array/shallow,1074,0,32,0.000106333,300941,323211045,0.000000,0.000000
array/nested,1074,0,32,0.000120125,266389,286101977,0.000000,0.000000
array/flatten,1074,0,32,0.000118541,269949,289925005,0.000000,0.000000
array/missing,1074,0,32,0.000106833,299533,321698352,0.000000,0.000000
array/root,1063,0,32,0.000104125,307323,326684274,0.000000,0.000000
array/cancel_first,1074,0,32,0.000044792,714413,767279871,0.000000,0.000000
array/shallow,8606,0,32,0.000806500,39678,341465592,0.000000,0.000000
array/nested,8606,0,32,0.000913584,35027,301441356,0.000000,0.000000
array/flatten,8606,0,32,0.000887292,36065,310373586,0.000000,0.000000
array/missing,8606,0,32,0.000787083,40656,349889402,0.000000,0.000000
array/root,8595,0,32,0.000796041,40199,345509842,0.000000,0.000000
array/cancel_first,8606,0,32,0.000256625,124696,1073130054,0.000000,0.000000
array/shallow,69558,0,32,0.006424375,4981,346470435,0.000000,0.000000
array/nested,69558,0,32,0.007248125,4415,307094042,0.000000,0.000000
array/flatten,69558,0,32,0.006938500,4612,320797867,0.000000,0.000000
array/missing,69558,0,32,0.006094916,5250,365198798,0.000000,0.000000
array/root,69547,0,32,0.006233167,5134,357042255,0.000000,0.000000
array/cancel_first,69558,0,32,0.001920041,16666,1159275245,0.000000,0.000000
array/shallow,1135782,0,32,0.102739459,311,353759153,0.000000,0.000000
array/nested,1135782,0,32,0.116250875,275,312643015,0.000000,0.000000
array/flatten,1135782,0,32,0.109755667,292,331144851,0.000000,0.000000
array/missing,1135782,0,32,0.098121333,326,370408991,0.000000,0.000000
array/root,1135771,0,32,0.101106208,316,359470232,0.000000,0.000000
array/cancel_first,1135782,0,32,0.030908792,1035,1175879795,0.000000,0.000000
array/nested_contexts,972,0,32,0.000200167,159867,155390249,0.000000,0.000000
array/sparse,785,0,32,0.000141584,226014,177421178,0.000000,0.000000
array/deep,136,0,32,0.000426459,75037,10204967,0.000000,0.000000
array/empty,2,0,32,0.000000625,51200000,102400000,0.000000,0.000000
array/singleton,12,0,32,0.000002500,12800000,153600000,0.000000,0.000000
array/nested_values,31,0,32,0.000006875,4654545,144290909,0.000000,0.000000
compile/scalar,0,0,32,0.000066500,481203,0,72.000000,4134.000000
scalar/literal,100,0,32,0.000002875,11130435,1113043478,0.000000,0.000000
scalar/arithmetic,100,0,32,0.000010666,3000188,300018751,0.000000,0.000000
scalar/nested,100,0,32,0.000010917,2931208,293120821,0.000000,0.000000
scalar/comparison,100,0,32,0.000011584,2762431,276243094,0.000000,0.000000
scalar/strings,100,0,32,0.000007250,4413793,441379310,0.000000,0.000000
scalar/boolean,100,0,32,0.000011584,2762431,276243094,0.000000,0.000000
scalar/missing,100,0,32,0.000010209,3134489,313448918,0.000000,0.000000
scalar/short_circuit,100,0,32,0.000003208,9975062,997506234,0.000000,0.000000
scalar/mixed,100,0,32,0.000007542,4242906,424290639,0.000000,0.000000
scalar/write,100,0,32,0.000011375,2813187,281318681,0.000000,0.000000
scalar/literal,500,0,32,0.000009667,3310231,1655115341,0.000000,0.000000
scalar/arithmetic,500,0,32,0.000030542,1047738,523868771,0.000000,0.000000
scalar/nested,500,0,32,0.000031000,1032258,516129032,0.000000,0.000000
scalar/comparison,500,0,32,0.000030125,1062241,531120332,0.000000,0.000000
scalar/strings,500,0,32,0.000020625,1551515,775757576,0.000000,0.000000
scalar/boolean,500,0,32,0.000030625,1044898,522448980,0.000000,0.000000
scalar/missing,500,0,32,0.000028250,1132743,566371681,0.000000,0.000000
scalar/short_circuit,500,0,32,0.000009875,3240506,1620253165,0.000000,0.000000
scalar/mixed,500,0,32,0.000015209,2104017,1052008679,0.000000,0.000000
scalar/write,500,0,32,0.000031584,1013171,506585613,0.000000,0.000000
scalar/literal,1024,0,32,0.000018209,1757373,1799549673,0.000000,0.000000
scalar/arithmetic,1024,0,32,0.000055750,573991,587766816,0.000000,0.000000
scalar/nested,1024,0,32,0.000056000,571429,585142857,0.000000,0.000000
scalar/comparison,1024,0,32,0.000055334,578306,592185636,0.000000,0.000000
scalar/strings,1024,0,32,0.000037459,854267,874769748,0.000000,0.000000
scalar/boolean,1024,0,32,0.000050500,633663,648871287,0.000000,0.000000
scalar/missing,1024,0,32,0.000055375,577878,591747178,0.000000,0.000000
scalar/short_circuit,1024,0,32,0.000018334,1745391,1787280463,0.000000,0.000000
scalar/mixed,1024,0,32,0.000023167,1381275,1414425692,0.000000,0.000000
scalar/write,1024,0,32,0.000051500,621359,636271845,0.000000,0.000000
scalar/literal,10240,0,32,0.000162083,197430,2021680250,0.000000,0.000000
scalar/arithmetic,10240,0,32,0.000487667,65619,671933922,0.000000,0.000000
scalar/nested,10240,0,32,0.000487750,65607,671819580,0.000000,0.000000
scalar/comparison,10240,0,32,0.000487375,65658,672336497,0.000000,0.000000
scalar/strings,10240,0,32,0.000339625,94222,964828855,0.000000,0.000000
scalar/boolean,10240,0,32,0.000491458,65112,666750770,0.000000,0.000000
scalar/missing,10240,0,32,0.000485291,65940,675223732,0.000000,0.000000
scalar/short_circuit,10240,0,32,0.000169416,188884,1934173868,0.000000,0.000000
scalar/mixed,10240,0,32,0.000188458,169799,1738742850,0.000000,0.000000
scalar/write,10240,0,32,0.000492375,64991,665509012,0.000000,0.000000
scalar/literal,65536,0,32,0.001059542,30202,1979300490,0.000000,0.000000
scalar/arithmetic,65536,0,32,0.002923250,10947,717404259,0.000000,0.000000
scalar/nested,65536,0,32,0.003067334,10433,683705133,0.000000,0.000000
scalar/comparison,65536,0,32,0.003117417,10265,672721038,0.000000,0.000000
scalar/strings,65536,0,32,0.002079125,15391,1008670474,0.000000,0.000000
scalar/boolean,65536,0,32,0.003127958,10230,670454015,0.000000,0.000000
scalar/missing,65536,0,32,0.003109458,10291,674442942,0.000000,0.000000
scalar/short_circuit,65536,0,32,0.001074542,29780,1951670572,0.000000,0.000000
scalar/mixed,65536,0,32,0.001099250,29111,1907802593,0.000000,0.000000
scalar/write,65536,0,32,0.003155834,10140,664531785,0.000000,0.000000
scalar/literal,1048576,0,32,0.017283583,1851,1941404858,0.000000,0.000000
scalar/arithmetic,1048576,0,32,0.049962833,640,671587858,0.000000,0.000000
scalar/nested,1048576,0,32,0.050721791,631,661538785,0.000000,0.000000
scalar/comparison,1048576,0,32,0.049648917,645,675834117,0.000000,0.000000
scalar/strings,1048576,0,32,0.033544334,954,1000301034,0.000000,0.000000
scalar/boolean,1048576,0,32,0.050359917,635,666292440,0.000000,0.000000
scalar/missing,1048576,0,32,0.049834375,642,673319009,0.000000,0.000000
scalar/short_circuit,1048576,0,32,0.017076667,1874,1964928636,0.000000,0.000000
scalar/mixed,1048576,0,32,0.017098708,1871,1962395755,0.000000,0.000000
scalar/write,1048576,0,32,0.049480334,647,678136732,0.000000,0.000000
scalar/sequence_boolean,330,0,32,0.000056166,569740,188014101,0.000000,0.000000
scalar/sequence_array_equality,330,0,32,0.000079791,401048,132345753,0.000000,0.000000
scalar/sequence_equality,330,0,32,0.000101416,315532,104125582,3.000000,672.000000
scalar/array_equality,330,0,32,0.000117125,273212,90160085,16.000000,3264.000000
scalar/singleton,15,0,32,0.000004167,7679386,115190785,0.000000,0.000000
scalar/sequence_type_error,330,0,32,0.000035041,913216,301361263,0.000000,0.000000
scalar/object_equality,125,0,32,0.000046000,695652,86956522,3.000000,1396.000000
scalar/object_equality,2389,0,32,0.000752500,42525,101592027,7.000000,24948.000000
scalar/escaped_strings,26,0,32,0.000003041,10522854,273594212,0.000000,0.000000
compile/filter,0,0,32,0.000034500,927536,0,34.000000,2149.000000
filter/predicate,100,0,32,0.000015500,2064516,206451613,0.000000,0.000000
filter/none,100,0,32,0.000013584,2355713,235571260,0.000000,0.000000
filter/first,100,0,32,0.000010792,2965159,296515938,0.000000,0.000000
filter/last,100,0,32,0.000012583,2543114,254311372,0.000000,0.000000
filter/computed_last,100,0,32,0.000013667,2341406,234140631,0.000000,0.000000
filter/chained,100,0,32,0.000020292,1576976,157697615,0.000000,0.000000
filter/predicate,500,0,32,0.000028792,1111420,555709919,0.000000,0.000000
filter/none,500,0,32,0.000026917,1188840,594419883,0.000000,0.000000
filter/first,500,0,32,0.000024333,1315087,657543254,0.000000,0.000000
filter/last,500,0,32,0.000023750,1347368,673684211,0.000000,0.000000
filter/computed_last,500,0,32,0.000027291,1172548,586273863,0.000000,0.000000
filter/chained,500,0,32,0.000034000,941176,470588235,0.000000,0.000000
filter/predicate,1024,0,32,0.000045666,700740,717557921,0.000000,0.000000
filter/none,1024,0,32,0.000041875,764179,782519403,0.000000,0.000000
filter/first,1024,0,32,0.000041292,774969,793567761,0.000000,0.000000
filter/last,1024,0,32,0.000043042,743460,761302913,0.000000,0.000000
filter/computed_last,1024,0,32,0.000044417,720445,737735552,0.000000,0.000000
filter/chained,1024,0,32,0.000047375,675462,691672823,0.000000,0.000000
filter/predicate,10240,0,32,0.000350791,91222,934117466,0.000000,0.000000
filter/none,10240,0,32,0.000330791,96738,990595270,0.000000,0.000000
filter/first,10240,0,32,0.000327833,97611,999533299,0.000000,0.000000
filter/last,10240,0,32,0.000333042,96084,983899929,0.000000,0.000000
filter/computed_last,10240,0,32,0.000328333,97462,998011165,0.000000,0.000000
filter/chained,10240,0,32,0.000339333,94303,965659102,0.000000,0.000000
filter/predicate,65536,0,32,0.002081500,15374,1007519577,0.000000,0.000000
filter/none,65536,0,32,0.002081041,15377,1007741798,0.000000,0.000000
filter/first,65536,0,32,0.002128375,15035,985330123,0.000000,0.000000
filter/last,65536,0,32,0.002117000,15116,990624469,0.000000,0.000000
filter/computed_last,65536,0,32,0.002118208,15107,990059522,0.000000,0.000000
filter/chained,65536,0,32,0.002122750,15075,987941114,0.000000,0.000000
filter/predicate,1048576,0,32,0.033904666,944,989670035,0.000000,0.000000
filter/none,1048576,0,32,0.032898333,973,1019943229,0.000000,0.000000
filter/first,1048576,0,32,0.033438042,957,1003480766,0.000000,0.000000
filter/last,1048576,0,32,0.032822042,975,1022313968,0.000000,0.000000
filter/computed_last,1048576,0,32,0.033684250,950,996146033,0.000000,0.000000
filter/chained,1048576,0,32,0.033933292,943,988835153,0.000000,0.000000
filter/wide_predicate,164,0,32,0.000050625,632099,103664198,0.000000,0.000000
filter/wide_last,164,0,32,0.000027959,1144533,187703423,0.000000,0.000000
filter/sequence_last,164,0,32,0.000057375,557734,91468410,0.000000,0.000000
filter/wide_predicate,2736,0,32,0.000797334,40134,109805928,0.000000,0.000000
filter/wide_last,2736,0,32,0.000382458,83669,228919254,0.000000,0.000000
filter/sequence_last,2736,0,32,0.000712792,44894,122829661,0.000000,0.000000
filter/wide_predicate,23392,0,32,0.006367875,5025,117550046,0.000000,0.000000
filter/wide_last,23392,0,32,0.003007208,10641,248916603,0.000000,0.000000
filter/sequence_last,23392,0,32,0.005772000,5544,129685378,0.000000,0.000000
filter/nested,892,0,32,0.000428875,74614,66555523,0.000000,0.000000
filter/per_group,892,0,32,0.000301875,106004,94555694,0.000000,0.000000
filter/global,892,0,32,0.000205334,155844,139012536,0.000000,0.000000
filter/deep,136,0,32,0.000434167,73704,10023793,0.000000,0.000000
filter/negative_chain,20,0,32,0.000282709,113191,2263812,0.000000,0.000000
compile/aggregate,0,0,32,0.000048542,659223,0,48.000000,3425.000000
aggregate/count,100,0,32,0.000008875,3605634,360563380,0.000000,0.000000
aggregate/sum,100,0,32,0.000008917,3588651,358865089,0.000000,0.000000
aggregate/min,100,0,32,0.000009000,3555556,355555556,0.000000,0.000000
aggregate/max,100,0,32,0.000009042,3539040,353904004,0.000000,0.000000
aggregate/filtered_count,100,0,32,0.000005833,5486028,548602777,0.000000,0.000000
aggregate/filtered_sum,100,0,32,0.000005875,5446809,544680851,0.000000,0.000000
aggregate/empty_sum,100,0,32,0.000005667,5646727,564672666,0.000000,0.000000
aggregate/count,500,0,32,0.000021834,1465604,732802052,0.000000,0.000000
aggregate/sum,500,0,32,0.000020166,1586829,793414658,0.000000,0.000000
aggregate/min,500,0,32,0.000022375,1430168,715083799,0.000000,0.000000
aggregate/max,500,0,32,0.000022500,1422222,711111111,0.000000,0.000000
aggregate/filtered_count,500,0,32,0.000012500,2560000,1280000000,0.000000,0.000000
aggregate/filtered_sum,500,0,32,0.000012708,2518099,1259049418,0.000000,0.000000
aggregate/empty_sum,500,0,32,0.000012459,2568424,1284212216,0.000000,0.000000
aggregate/count,1024,0,32,0.000038750,825806,845625806,0.000000,0.000000
aggregate/sum,1024,0,32,0.000035666,897213,918746145,0.000000,0.000000
aggregate/min,1024,0,32,0.000039250,815287,834853503,0.000000,0.000000
aggregate/max,1024,0,32,0.000039083,818770,838420797,0.000000,0.000000
aggregate/filtered_count,1024,0,32,0.000021125,1514793,1551147929,0.000000,0.000000
aggregate/filtered_sum,1024,0,32,0.000021209,1508793,1545004479,0.000000,0.000000
aggregate/empty_sum,1024,0,32,0.000021042,1520768,1557266420,0.000000,0.000000
aggregate/count,10240,0,32,0.000335666,95333,976208493,0.000000,0.000000
aggregate/sum,10240,0,32,0.000335917,95262,975479062,0.000000,0.000000
aggregate/min,10240,0,32,0.000325917,98185,1005409353,0.000000,0.000000
aggregate/max,10240,0,32,0.000335333,95428,977177910,0.000000,0.000000
aggregate/filtered_count,10240,0,32,0.000178083,179691,1840040880,0.000000,0.000000
aggregate/filtered_sum,10240,0,32,0.000186000,172043,1761720430,0.000000,0.000000
aggregate/empty_sum,10240,0,32,0.000173125,184838,1892736462,0.000000,0.000000
aggregate/count,65536,0,32,0.002075500,15418,1010432185,0.000000,0.000000
aggregate/sum,65536,0,32,0.002088291,15324,1004243183,0.000000,0.000000
aggregate/min,65536,0,32,0.002075083,15421,1010635237,0.000000,0.000000
aggregate/max,65536,0,32,0.002043750,15657,1026129419,0.000000,0.000000
aggregate/filtered_count,65536,0,32,0.001063500,30089,1971934180,0.000000,0.000000
aggregate/filtered_sum,65536,0,32,0.000976083,32784,2148538598,0.000000,0.000000
aggregate/empty_sum,65536,0,32,0.001017541,31448,2060999999,0.000000,0.000000
aggregate/count,1048576,0,32,0.033655458,951,996998228,0.000000,0.000000
aggregate/sum,1048576,0,32,0.033667417,950,996644085,0.000000,0.000000
aggregate/min,1048576,0,32,0.033695792,950,995804817,0.000000,0.000000
aggregate/max,1048576,0,32,0.033590000,953,998941113,0.000000,0.000000
aggregate/filtered_count,1048576,0,32,0.017182250,1862,1952854370,0.000000,0.000000
aggregate/filtered_sum,1048576,0,32,0.017236500,1857,1946707974,0.000000,0.000000
aggregate/empty_sum,1048576,0,32,0.017210375,1859,1949663038,0.000000,0.000000
aggregate/array_count,23,0,32,0.000006125,5224490,120163265,0.000000,0.000000
aggregate/array_sum,23,0,32,0.000007916,4042446,92976251,0.000000,0.000000
aggregate/array_min,23,0,32,0.000007791,4107303,94467976,0.000000,0.000000
aggregate/array_max,23,0,32,0.000007875,4063492,93460317,0.000000,0.000000
aggregate/sequence_sum,23,0,32,0.000014125,2265487,52106195,0.000000,0.000000
aggregate/computed_sum,23,0,32,0.000009708,3296251,75813762,0.000000,0.000000
aggregate/wide_filtered_sum,23,0,32,0.000023917,1337960,30773090,0.000000,0.000000
aggregate/array_count,409,0,32,0.000078875,405705,165933439,0.000000,0.000000
aggregate/array_sum,409,0,32,0.000101958,313855,128366582,0.000000,0.000000
aggregate/array_min,409,0,32,0.000103292,309801,126708748,0.000000,0.000000
aggregate/array_max,409,0,32,0.000103084,310426,126964417,0.000000,0.000000
aggregate/sequence_sum,409,0,32,0.000183666,174229,71259787,0.000000,0.000000
aggregate/computed_sum,409,0,32,0.000142375,224759,91926251,0.000000,0.000000
aggregate/wide_filtered_sum,409,0,32,0.000390375,81972,33526737,0.000000,0.000000
aggregate/array_count,4017,0,32,0.000578458,55319,222218381,0.000000,0.000000
aggregate/array_sum,4017,0,32,0.000803125,39844,160054786,0.000000,0.000000
aggregate/array_min,4017,0,32,0.000798375,40081,161007046,0.000000,0.000000
aggregate/array_max,4017,0,32,0.000803166,39842,160046616,0.000000,0.000000
aggregate/sequence_sum,4017,0,32,0.001398167,22887,91937515,0.000000,0.000000
aggregate/computed_sum,4017,0,32,0.001152541,27765,111530956,0.000000,0.000000
aggregate/wide_filtered_sum,4017,0,32,0.003076250,10402,41785941,0.000000,0.000000
aggregate/array_count,87201,0,32,0.010477875,3054,266316596,0.000000,0.000000
aggregate/array_sum,87201,0,32,0.012676250,2524,220130717,0.000000,0.000000
aggregate/array_min,87201,0,32,0.012808792,2498,217852862,0.000000,0.000000
aggregate/array_max,87201,0,32,0.012848792,2491,217174657,0.000000,0.000000
aggregate/sequence_sum,87201,0,32,0.022182875,1443,125792171,0.000000,0.000000
aggregate/computed_sum,87201,0,32,0.017554959,1823,158954060,0.000000,0.000000
aggregate/wide_filtered_sum,87201,0,32,0.050492292,634,55264514,0.000000,0.000000
aggregate/nested_sum,1036,0,32,0.000262250,122021,126413727,0.000000,0.000000
aggregate/nested_filtered_sum,1036,0,32,0.000455459,70259,72788110,0.000000,0.000000
aggregate/nested_filtered_count,1036,0,32,0.000465292,68774,71249882,0.000000,0.000000
aggregate/nested_sum,16396,0,32,0.003898459,8208,134584460,0.000000,0.000000
aggregate/nested_filtered_sum,16396,0,32,0.006973958,4588,75233031,0.000000,0.000000
aggregate/nested_filtered_count,16396,0,32,0.006811375,4698,77028794,0.000000,0.000000
aggregate/nested_sum,1048588,0,32,0.249353541,128,134567233,0.000000,0.000000
aggregate/nested_filtered_sum,1048588,0,32,0.444947334,72,75413006,0.000000,0.000000
aggregate/nested_filtered_count,1048588,0,32,0.439551125,73,76338824,0.000000,0.000000
aggregate/deep_sum,136,0,32,0.000416459,76838,10450008,0.000000,0.000000
aggregate/deep_filtered_sum,136,0,32,0.000426458,75037,10204991,0.000000,0.000000
compile/constructor,0,0,32,0.000093167,343469,0,84.000000,6697.000000
construct/raw_member,100,0,32,0.000005917,5408146,540814602,3.000000,168.000000
construct/raw_member_write,100,0,32,0.000008375,3820896,382089552,3.000000,168.000000
construct/scalars,100,0,32,0.000015583,2053520,205351986,3.000000,552.000000
construct/filtered_summary,100,0,32,0.000031083,1029502,102950166,5.000000,368.000000
construct/nested,100,0,32,0.000050875,628993,62899263,15.000000,1352.000000
construct/navigate,100,0,32,0.000017375,1841727,184172662,3.000000,168.000000
construct/raw_member,500,0,32,0.000012958,2469517,1234758450,3.000000,168.000000
construct/raw_member_write,500,0,32,0.000022417,1427488,713744034,3.000000,168.000000
construct/scalars,500,0,32,0.000037042,863884,431942120,3.000000,552.000000
construct/filtered_summary,500,0,32,0.000050125,638404,319201995,5.000000,368.000000
construct/nested,500,0,32,0.000073250,436860,218430034,15.000000,1352.000000
construct/navigate,500,0,32,0.000030625,1044898,522448980,3.000000,168.000000
construct/raw_member,1024,0,32,0.000021584,1482580,1518161601,3.000000,168.000000
construct/raw_member_write,1024,0,32,0.000044833,713760,730890192,3.000000,168.000000
construct/scalars,1024,0,32,0.000057500,556522,569878261,3.000000,552.000000
construct/filtered_summary,1024,0,32,0.000076875,416260,426250407,5.000000,368.000000
construct/nested,1024,0,32,0.000108000,296296,303407407,15.000000,1352.000000
construct/navigate,1024,0,32,0.000047791,669582,685652110,3.000000,168.000000
construct/raw_member,10240,0,32,0.000170667,187500,1919996250,3.000000,168.000000
construct/raw_member_write,10240,0,32,0.000393708,81279,832291952,3.000000,168.000000
construct/scalars,10240,0,32,0.000493833,64799,663544154,3.000000,552.000000
construct/filtered_summary,10240,0,32,0.000498000,64257,657991968,5.000000,368.000000
construct/nested,10240,0,32,0.000676750,47285,484196528,15.000000,1352.000000
construct/navigate,10240,0,32,0.000344500,92888,951175617,3.000000,168.000000
construct/raw_member,65536,0,32,0.001066333,30009,1966695207,3.000000,168.000000
construct/raw_member_write,65536,0,32,0.002491917,12842,841581802,3.000000,168.000000
construct/scalars,65536,0,32,0.003120500,10255,672056401,3.000000,552.000000
construct/filtered_summary,65536,0,32,0.003156834,10137,664321279,5.000000,368.000000
construct/nested,65536,0,32,0.004201167,7617,499183203,15.000000,1352.000000
construct/navigate,65536,0,32,0.002101083,15230,998129060,3.000000,168.000000
construct/raw_member,1048576,0,32,0.016561708,1932,2026024852,3.000000,168.000000
construct/raw_member_write,1048576,0,32,0.041304875,775,812360091,3.000000,168.000000
construct/scalars,1048576,0,32,0.049406750,648,679146716,3.000000,552.000000
construct/filtered_summary,1048576,0,32,0.050612875,632,662962379,5.000000,368.000000
construct/nested,1048576,0,32,0.067441000,474,497537581,15.000000,1352.000000
construct/navigate,1048576,0,32,0.033884750,944,990251721,3.000000,168.000000
construct/mapped_objects,262,0,32,0.000078375,408293,106972887,12.000000,1184.000000
construct/collected_objects,262,0,32,0.000081375,393241,103029186,15.000000,1352.000000
construct/collected_write,262,0,32,0.000087542,365539,95771173,15.000000,1352.000000
construct/filtered_aggregate,262,0,32,0.000096750,330749,86656331,3.000000,296.000000
construct/mapped_objects,4334,0,32,0.001165667,27452,118977375,192.000000,18944.000000
construct/collected_objects,4334,0,32,0.001170000,27350,118536752,199.000000,21992.000000
construct/collected_write,4334,0,32,0.001296625,24679,106960764,199.000000,21992.000000
construct/filtered_aggregate,4334,0,32,0.001254666,25505,110537785,3.000000,296.000000
construct/mapped_objects,36190,0,32,0.009154750,3495,126500451,1536.000000,151552.000000
construct/collected_objects,36190,0,32,0.009134959,3503,126774515,1546.000000,176104.000000
construct/collected_write,36190,0,32,0.009888125,3236,117118261,1546.000000,176104.000000
construct/filtered_aggregate,36190,0,32,0.009928542,3223,116641497,3.000000,296.000000
construct/mapped_objects,624958,0,32,0.147077459,218,135973630,24576.000000,2424832.000000
construct/collected_objects,624958,0,32,0.148329167,216,134826187,24590.000000,2818024.000000
construct/collected_write,624958,0,32,0.161640208,198,123723276,24590.000000,2818024.000000
construct/filtered_aggregate,624958,0,32,0.159362500,201,125491606,3.000000,296.000000
construct/nested_summary,1036,0,32,0.000882375,36266,37571327,3.000000,296.000000
construct/nested_summary,16396,0,32,0.013276166,2410,39519843,3.000000,296.000000
construct/nested_summary,1048588,0,32,0.843646041,38,39773571,3.000000,296.000000
compile/lexical,0,0,32,0.000047083,679651,0,40.000000,3016.000000
lexical/lookup,100,0,32,0.000011916,2685465,268546492,5.000000,504.000000
lexical/repeated_binding,100,0,32,0.000013958,2292592,229259206,5.000000,504.000000
lexical/retained_sequence,100,0,32,0.000018667,1714255,171425510,7.000000,648.000000
lexical/closure_call,100,0,32,0.000021583,1482648,148264838,8.000000,768.000000
lexical/escaped_closure,100,0,32,0.000023917,1337960,133796045,11.000000,1032.000000
lexical/mixed,100,0,32,0.000043042,743460,74345988,14.000000,1480.000000
lexical/lookup,500,0,32,0.000025083,1275764,637882231,5.000000,504.000000
lexical/repeated_binding,500,0,32,0.000027333,1170746,585372992,5.000000,504.000000
lexical/retained_sequence,500,0,32,0.000033959,942313,471156394,7.000000,648.000000
lexical/closure_call,500,0,32,0.000041333,774200,387099896,8.000000,768.000000
lexical/escaped_closure,500,0,32,0.000044333,721810,360904969,11.000000,1032.000000
lexical/mixed,500,0,32,0.000063250,505929,252964427,14.000000,1480.000000
lexical/lookup,1024,0,32,0.000041875,764179,782519403,5.000000,504.000000
lexical/repeated_binding,1024,0,32,0.000044209,723835,741206542,5.000000,504.000000
lexical/retained_sequence,1024,0,32,0.000049083,651957,667603855,7.000000,648.000000
lexical/closure_call,1024,0,32,0.000066542,480899,492440864,8.000000,768.000000
lexical/escaped_closure,1024,0,32,0.000069333,461541,472617657,11.000000,1032.000000
lexical/mixed,1024,0,32,0.000088167,362948,371658330,14.000000,1480.000000
lexical/lookup,10240,0,32,0.000330333,96872,991968710,5.000000,504.000000
lexical/repeated_binding,10240,0,32,0.000341625,93670,959180388,5.000000,504.000000
lexical/retained_sequence,10240,0,32,0.000339333,94303,965659102,7.000000,648.000000
lexical/closure_call,10240,0,32,0.000501541,63803,653346386,8.000000,768.000000
lexical/escaped_closure,10240,0,32,0.000504583,63419,649407531,11.000000,1032.000000
lexical/mixed,10240,0,32,0.000518708,61692,631723436,14.000000,1480.000000
lexical/lookup,65536,0,32,0.002099666,15241,998802667,5.000000,504.000000
lexical/repeated_binding,65536,0,32,0.002204666,14515,951233429,5.000000,504.000000
lexical/retained_sequence,65536,0,32,0.002092916,15290,1002023970,7.000000,648.000000
lexical/closure_call,65536,0,32,0.003166416,10106,662310953,8.000000,768.000000
lexical/escaped_closure,65536,0,32,0.003173500,10084,660832519,11.000000,1032.000000
lexical/mixed,65536,0,32,0.003179042,10066,659680495,14.000000,1480.000000
lexical/lookup,1048576,0,32,0.034010584,941,986587940,5.000000,504.000000
lexical/repeated_binding,1048576,0,32,0.032914083,972,1019455168,5.000000,504.000000
lexical/retained_sequence,1048576,0,32,0.033810750,946,992419038,7.000000,648.000000
lexical/closure_call,1048576,0,32,0.049189167,651,682150848,8.000000,768.000000
lexical/escaped_closure,1048576,0,32,0.050678834,631,662099527,11.000000,1032.000000
lexical/mixed,1048576,0,32,0.050737041,631,661339947,14.000000,1480.000000
lexical/mapped_calls,106,0,32,0.000064958,492626,52218356,25.000000,2392.000000
lexical/repeated_projection,106,0,32,0.000033250,962406,102015038,8.000000,840.000000
lexical/mapped_calls,1692,0,32,0.000770042,41556,70313048,269.000000,30232.000000
lexical/repeated_projection,1692,0,32,0.000359125,89105,150766446,12.000000,6600.000000
lexical/mapped_calls,14260,0,32,0.005863917,5457,77818291,2064.000000,238104.000000
lexical/repeated_projection,14260,0,32,0.002769375,11555,164773640,15.000000,49608.000000
lexical/mapped_calls,251044,0,32,0.093712125,341,85724318,32788.000000,3801624.000000
lexical/repeated_projection,251044,0,32,0.046473917,689,172858423,19.000000,786888.000000
lexical/nested_retention,1036,0,32,0.000474708,67410,69836615,10.000000,1992.000000
lexical/nested_retention,16396,0,32,0.007210042,4438,72769618,14.000000,25032.000000
lexical/nested_retention,1048588,0,32,0.455304708,70,73697494,20.000000,1573320.000000
compile/nested_fallback,0,0,32,0.000112042,285607,0,113.000000,8089.000000
compile/navigation,0,0,32,0.000067917,471163,0,55.000000,4655.000000
navigation/keep,100,0,32,0.000017583,1819940,181993971,2.000000,144.000000
navigation/wildcard,100,0,32,0.000030584,1046299,104629872,8.000000,1072.000000
navigation/descendants,100,0,32,0.000041917,763413,76341341,8.000000,1072.000000
navigation/ordering,100,0,32,0.000021375,1497076,149707602,6.000000,320.000000
navigation/grouping,100,0,32,0.000027084,1181509,118150938,11.000000,824.000000
navigation/membership,100,0,32,0.000019417,1648040,164804038,2.000000,32.000000
navigation/fallback,100,0,32,0.000010291,3109513,310951317,0.000000,0.000000
navigation/mixed,100,0,32,0.000039250,815287,81528662,11.000000,968.000000
navigation/keep,500,0,32,0.000030917,1035029,517514636,2.000000,144.000000
navigation/wildcard,500,0,32,0.000043000,744186,372093023,8.000000,1072.000000
navigation/descendants,500,0,32,0.000068583,466588,233293965,8.000000,1072.000000
navigation/ordering,500,0,32,0.000035458,902476,451238084,6.000000,320.000000
navigation/grouping,500,0,32,0.000040833,783680,391839933,11.000000,824.000000
navigation/membership,500,0,32,0.000035875,891986,445993031,2.000000,32.000000
navigation/fallback,500,0,32,0.000030916,1035063,517531375,0.000000,0.000000
navigation/mixed,500,0,32,0.000043458,736343,368171568,11.000000,968.000000
navigation/keep,1024,0,32,0.000047583,672509,688649308,2.000000,144.000000
navigation/wildcard,1024,0,32,0.000060166,531862,544626533,8.000000,1072.000000
navigation/descendants,1024,0,32,0.000101250,316049,323634568,8.000000,1072.000000
navigation/ordering,1024,0,32,0.000051458,621866,636791169,6.000000,320.000000
navigation/grouping,1024,0,32,0.000057542,556116,569462306,11.000000,824.000000
navigation/membership,1024,0,32,0.000049584,645369,660858341,2.000000,32.000000
navigation/fallback,1024,0,32,0.000055708,574424,588209952,0.000000,0.000000
navigation/mixed,1024,0,32,0.000059625,536688,549568134,11.000000,968.000000
navigation/keep,10240,0,32,0.000340000,94118,963764706,2.000000,144.000000
navigation/wildcard,10240,0,32,0.000348500,91822,940258250,8.000000,1072.000000
navigation/descendants,10240,0,32,0.000673083,47542,486834462,8.000000,1072.000000
navigation/ordering,10240,0,32,0.000340708,93922,961761978,6.000000,320.000000
navigation/grouping,10240,0,32,0.000344792,92810,950370078,11.000000,824.000000
navigation/membership,10240,0,32,0.000339334,94302,965656256,2.000000,32.000000
navigation/fallback,10240,0,32,0.000486208,65815,673950244,0.000000,0.000000
navigation/mixed,10240,0,32,0.000353541,90513,926851483,11.000000,968.000000
navigation/keep,65536,0,32,0.002094834,15276,1001106532,2.000000,144.000000
navigation/wildcard,65536,0,32,0.002142333,14937,978910375,8.000000,1072.000000
navigation/descendants,65536,0,32,0.003993000,8014,525207112,8.000000,1072.000000
navigation/ordering,65536,0,32,0.002112584,15147,992695202,6.000000,320.000000
navigation/grouping,65536,0,32,0.002141542,14943,979271945,11.000000,824.000000
navigation/membership,65536,0,32,0.002168584,14756,967060534,2.000000,32.000000
navigation/fallback,65536,0,32,0.003167542,10102,662075515,0.000000,0.000000
navigation/mixed,65536,0,32,0.002144542,14922,977902042,11.000000,968.000000
navigation/keep,1048576,0,32,0.034012792,941,986523894,2.000000,144.000000
navigation/wildcard,1048576,0,32,0.033853459,945,991167018,8.000000,1072.000000
navigation/descendants,1048576,0,32,0.067251125,476,498942315,8.000000,1072.000000
navigation/ordering,1048576,0,32,0.033847542,945,991340287,6.000000,320.000000
navigation/grouping,1048576,0,32,0.032581333,982,1029866765,11.000000,824.000000
navigation/membership,1048576,0,32,0.033846791,945,991362283,2.000000,32.000000
navigation/fallback,1048576,0,32,0.049190208,651,682136412,0.000000,0.000000
navigation/mixed,1048576,0,32,0.033687084,950,996062230,11.000000,968.000000
navigation/wide_sort,250,0,32,0.000084292,379633,94908176,7.000000,752.000000
navigation/wide_group,250,0,32,0.000068166,469442,117360561,10.000000,1016.000000
navigation/wide_descendants,250,0,32,0.000112292,284971,71242831,20.000000,2680.000000
navigation/range,250,0,32,0.000032791,975878,243969382,4.000000,360.000000
navigation/wide_sort,4144,0,32,0.002242500,14270,59134002,11.000000,11312.000000
navigation/wide_group,4144,0,32,0.000925083,34591,143347138,18.000000,9656.000000
navigation/wide_descendants,4144,0,32,0.001763375,18147,75201248,260.000000,34840.000000
navigation/range,4144,0,32,0.000422208,75792,314082159,8.000000,6120.000000
navigation/wide_sort,34657,0,32,0.024357541,1314,45531033,14.000000,90160.000000
navigation/wide_group,34657,0,32,0.007242708,4418,153122837,24.000000,74168.000000
navigation/wide_descendants,34657,0,32,0.013911709,2300,79718746,2052.000000,274968.000000
navigation/range,34657,0,32,0.003311041,9665,334947227,11.000000,49128.000000
navigation/wide_sort,600386,0,32,0.521854583,61,36815528,18.000000,1441840.000000
navigation/wide_group,600386,0,32,0.116651292,274,164699007,32.000000,1180088.000000
navigation/wide_descendants,600386,0,32,0.226151000,141,84953646,32772.000000,4391448.000000
navigation/range,600386,0,32,0.053356875,600,360072662,15.000000,786408.000000
navigation/distinct_groups,194,0,32,0.000062333,513372,99594115,5.000000,1464.000000
navigation/distinct_groups,3246,0,32,0.002955291,10828,35147808,10.000000,36664.000000
navigation/distinct_groups,27486,0,32,0.138719375,231,6340513,13.000000,294712.000000
navigation/deep_descendants,24,0,32,0.000025458,1256972,30167334,4.000000,536.000000
navigation/deep_descendants,72,0,32,0.000173916,183997,13247775,4.000000,536.000000
navigation/deep_descendants,136,0,32,0.000830750,38519,5238640,4.000000,536.000000
compiler/lookup_8_hit,501,0,32,0.000011375,2813187,1409406593,0.000000,0.000000
rust/lookup_8_hit,501,0,32,0.000008792,3639672,1823475887,0.000000,0.000000
compiler/lookup_8_miss,501,0,32,0.000009875,3240506,1623493671,0.000000,0.000000
rust/lookup_8_miss,501,0,32,0.000009834,3254017,1630262355,0.000000,0.000000
compiler/varying_lookup_8,501,0,32,0.000012750,2509804,1257411765,0.000000,0.000000
rust/varying_lookup_8,501,0,32,0.000009709,3295911,1651251416,0.000000,0.000000
compiler/bound_lookup_8,16,0,32,0.000010708,2988420,47814718,6.000000,520.000000
compile/lookup_8,0,0,32,0.000104208,307078,0,60.000000,5921.000000
compiler/lookup_128_hit,501,0,32,0.000014667,2181769,1093066067,0.000000,0.000000
rust/lookup_128_hit,501,0,32,0.000009834,3254017,1630262355,0.000000,0.000000
compiler/lookup_128_miss,501,0,32,0.000010541,3035765,1520918319,0.000000,0.000000
rust/lookup_128_miss,501,0,32,0.000009584,3338898,1672787980,0.000000,0.000000
compiler/varying_lookup_128,501,0,32,0.000015959,2005138,1004574221,0.000000,0.000000
rust/varying_lookup_128,501,0,32,0.000009875,3240506,1623493671,0.000000,0.000000
compiler/bound_lookup_128,16,0,32,0.000013500,2370370,37925926,6.000000,520.000000
compile/lookup_128,0,0,32,0.005382792,5945,0,669.000000,101721.000000
compiler/lookup_1024_hit,501,0,32,0.000015583,2053520,1028813451,0.000000,0.000000
rust/lookup_1024_hit,501,0,32,0.000008791,3640086,1823683312,0.000000,0.000000
compiler/lookup_1024_miss,501,0,32,0.000010959,2919974,1462907200,0.000000,0.000000
rust/lookup_1024_miss,501,0,32,0.000009583,3339247,1672962538,0.000000,0.000000
compiler/varying_lookup_1024,501,0,32,0.000017833,1794426,899007458,0.000000,0.000000
rust/varying_lookup_1024,501,0,32,0.000010417,3071902,1539022751,0.000000,0.000000
compiler/bound_lookup_1024,16,0,32,0.000014958,2139323,34229175,6.000000,520.000000
compile/lookup_1024,0,0,32,0.246170375,130,0,5156.000000,820441.000000
compiler/lookup_4096_hit,501,0,32,0.000017292,1850567,927133935,0.000000,0.000000
rust/lookup_4096_hit,501,0,32,0.000009750,3282051,1644307692,0.000000,0.000000
compiler/lookup_4096_miss,501,0,32,0.000011125,2876404,1441078652,0.000000,0.000000
rust/lookup_4096_miss,501,0,32,0.000009542,3353595,1680150912,0.000000,0.000000
compiler/varying_lookup_4096,501,0,32,0.000019000,1684211,843789474,0.000000,0.000000
rust/varying_lookup_4096,501,0,32,0.000014708,2175687,1090019037,0.000000,0.000000
compiler/bound_lookup_4096,16,0,32,0.000016083,1989679,31834857,6.000000,520.000000
compile/lookup_4096,0,0,32,3.171069667,10,0,20520.000000,3281113.000000
compiler/constant_scalar,100,0,32,0.000003208,9975062,997506234,0.000000,0.000000
compiler/repeated_fields,100,0,32,0.000005875,5446809,544680851,0.000000,0.000000
compiler/dynamic_leaves,100,0,32,0.000005875,5446809,544680851,3.000000,152.000000
compiler/filtered_sum,100,0,32,0.000006084,5259698,525969757,0.000000,0.000000
compiler/invariant_aggregate,100,0,32,0.000007000,4571429,457142857,0.000000,0.000000
compiler/builtin_reference,100,0,32,0.000003042,10519395,1051939513,0.000000,0.000000
compiler/static_array,100,0,32,0.000003375,9481481,948148148,1.000000,16.000000
compiler/constant_membership,100,0,32,0.000010875,2942529,294252874,1.000000,16.000000
compiler/lookup_record,100,0,32,0.000007666,4174276,417427602,0.000000,0.000000
rust/repeated_fields,100,0,32,0.000003875,8258065,825806452,0.000000,0.000000
compiler/constant_scalar,500,0,32,0.000009917,3226782,1613391147,0.000000,0.000000
compiler/repeated_fields,500,0,32,0.000012750,2509804,1254901961,0.000000,0.000000
compiler/dynamic_leaves,500,0,32,0.000012625,2534653,1267326733,3.000000,152.000000
compiler/filtered_sum,500,0,32,0.000013125,2438095,1219047619,0.000000,0.000000
compiler/invariant_aggregate,500,0,32,0.000020458,1564180,782090136,0.000000,0.000000
compiler/builtin_reference,500,0,32,0.000009833,3254348,1627173803,0.000000,0.000000
compiler/static_array,500,0,32,0.000010167,3147438,1573718894,1.000000,16.000000
compiler/constant_membership,500,0,32,0.000024375,1312821,656410256,1.000000,16.000000
compiler/lookup_record,500,0,32,0.000014458,2213308,1106653756,0.000000,0.000000
rust/repeated_fields,500,0,32,0.000010834,2953664,1476832195,0.000000,0.000000
compiler/constant_scalar,1024,0,32,0.000018542,1725812,1767231151,0.000000,0.000000
compiler/repeated_fields,1024,0,32,0.000021250,1505882,1542023529,0.000000,0.000000
compiler/dynamic_leaves,1024,0,32,0.000021500,1488372,1524093023,3.000000,152.000000
compiler/filtered_sum,1024,0,32,0.000021791,1468496,1503740076,0.000000,0.000000
compiler/invariant_aggregate,1024,0,32,0.000037666,849573,869962300,0.000000,0.000000
compiler/builtin_reference,1024,0,32,0.000018333,1745486,1787377952,0.000000,0.000000
compiler/static_array,1024,0,32,0.000018583,1722004,1763332078,1.000000,16.000000
compiler/constant_membership,1024,0,32,0.000041666,768012,786444583,1.000000,16.000000
compiler/lookup_record,1024,0,32,0.000023250,1376344,1409376344,0.000000,0.000000
rust/repeated_fields,1024,0,32,0.000019291,1658805,1698615935,0.000000,0.000000
compiler/constant_scalar,10240,0,32,0.000169667,188605,1931312512,0.000000,0.000000
compiler/repeated_fields,10240,0,32,0.000172500,185507,1899594203,0.000000,0.000000
compiler/dynamic_leaves,10240,0,32,0.000172625,185373,1898218682,3.000000,152.000000
compiler/filtered_sum,10240,0,32,0.000173167,184793,1892277397,0.000000,0.000000
compiler/invariant_aggregate,10240,0,32,0.000334750,95594,978879761,0.000000,0.000000
compiler/builtin_reference,10240,0,32,0.000169417,188883,1934162451,0.000000,0.000000
compiler/static_array,10240,0,32,0.000169750,188513,1930368189,1.000000,16.000000
compiler/constant_membership,10240,0,32,0.000338584,94511,967795289,1.000000,16.000000
compiler/lookup_record,10240,0,32,0.000174083,183820,1882320502,0.000000,0.000000
rust/repeated_fields,10240,0,32,0.000179750,178025,1822976356,0.000000,0.000000
compiler/constant_scalar,1048576,0,32,0.017223250,1858,1948205594,0.000000,0.000000
compiler/repeated_fields,1048576,0,32,0.017273541,1853,1942533497,0.000000,0.000000
compiler/dynamic_leaves,1048576,0,32,0.017193750,1861,1951548208,3.000000,152.000000
compiler/filtered_sum,1048576,0,32,0.017243542,1856,1945912968,0.000000,0.000000
compiler/invariant_aggregate,1048576,0,32,0.033546084,954,1000248852,0.000000,0.000000
compiler/builtin_reference,1048576,0,32,0.017309209,1849,1938530640,0.000000,0.000000
compiler/static_array,1048576,0,32,0.017248917,1855,1945306595,1.000000,16.000000
compiler/constant_membership,1048576,0,32,0.033919459,943,989238419,1.000000,16.000000
compiler/lookup_record,1048576,0,32,0.016487666,1941,2035123225,0.000000,0.000000
rust/repeated_fields,1048576,0,32,0.017295917,1850,1940020411,0.000000,0.000000
compile/execution,0,0,32,0.000105958,302006,0,132.000000,8000.000000
execution/arithmetic,100,0,32,0.000004959,6452914,645291389,0.000000,0.000000
execution/comparison,100,0,32,0.000005209,6143214,614321367,0.000000,0.000000
execution/conditional,100,0,32,0.000005250,6095238,609523810,0.000000,0.000000
execution/constructor,100,0,32,0.000006875,4654545,465454545,3.000000,152.000000
rust/execution_arithmetic,100,0,32,0.000003291,9723488,972348830,0.000000,0.000000
rust/execution_constructor,100,0,32,0.000003250,9846154,984615385,0.000000,0.000000
execution/arithmetic,500,0,32,0.000011750,2723404,1361702128,0.000000,0.000000
execution/comparison,500,0,32,0.000011958,2676033,1338016391,0.000000,0.000000
execution/conditional,500,0,32,0.000011875,2694737,1347368421,0.000000,0.000000
execution/constructor,500,0,32,0.000013750,2327273,1163636364,3.000000,152.000000
rust/execution_arithmetic,500,0,32,0.000010042,3186616,1593308106,0.000000,0.000000
rust/execution_constructor,500,0,32,0.000010042,3186616,1593308106,0.000000,0.000000
execution/arithmetic,1024,0,32,0.000020334,1573719,1611488148,0.000000,0.000000
execution/comparison,1024,0,32,0.000020625,1551515,1588751515,0.000000,0.000000
execution/conditional,1024,0,32,0.000020625,1551515,1588751515,0.000000,0.000000
execution/constructor,1024,0,32,0.000022250,1438202,1472719101,3.000000,152.000000
rust/execution_arithmetic,1024,0,32,0.000018667,1714255,1755397225,0.000000,0.000000
rust/execution_constructor,1024,0,32,0.000018583,1722004,1763332078,0.000000,0.000000
execution/arithmetic,10240,0,32,0.000163041,196270,2009801216,0.000000,0.000000
execution/comparison,10240,0,32,0.000165125,193793,1984436033,0.000000,0.000000
execution/conditional,10240,0,32,0.000167000,191617,1962155689,0.000000,0.000000
execution/constructor,10240,0,32,0.000171459,186634,1911127442,3.000000,152.000000
rust/execution_arithmetic,10240,0,32,0.000169125,189209,1937501848,0.000000,0.000000
rust/execution_constructor,10240,0,32,0.000169292,189023,1935590577,0.000000,0.000000
execution/arithmetic,1048576,0,32,0.017311958,1848,1938222817,0.000000,0.000000
execution/comparison,1048576,0,32,0.017265667,1853,1943419388,0.000000,0.000000
execution/conditional,1048576,0,32,0.017310708,1849,1938362775,0.000000,0.000000
execution/constructor,1048576,0,32,0.017225291,1858,1947974754,3.000000,152.000000
rust/execution_arithmetic,1048576,0,32,0.016751500,1910,2003070292,0.000000,0.000000
rust/execution_constructor,1048576,0,32,0.017257334,1854,1944357802,0.000000,0.000000
execution/filtered_sum,74,0,32,0.000024083,1328738,98326620,0.000000,0.000000
execution/mapped_sum,74,0,32,0.000019000,1684211,124631579,0.000000,0.000000
rust/execution_filtered_sum,74,0,32,0.000007375,4338983,321084746,0.000000,0.000000
execution/filtered_sum,1082,0,32,0.000281375,113727,123052865,0.000000,0.000000
execution/mapped_sum,1082,0,32,0.000283542,112858,122112421,0.000000,0.000000
rust/execution_filtered_sum,1082,0,32,0.000106750,299766,324346604,0.000000,0.000000
execution/filtered_sum,8586,0,32,0.002144833,14920,128099484,0.000000,0.000000
execution/mapped_sum,8586,0,32,0.002253209,14202,121938089,0.000000,0.000000
rust/execution_filtered_sum,8586,0,32,0.000791792,40415,347000222,0.000000,0.000000
execution/filtered_sum,137226,0,32,0.034133500,937,128648747,0.000000,0.000000
execution/mapped_sum,137226,0,32,0.036116875,886,121583941,0.000000,0.000000
rust/execution_filtered_sum,137226,0,32,0.013482208,2373,325705700,0.000000,0.000000
execution/lookup_8192,501,0,32,0.000017375,1841727,922705036,0.000000,0.000000
rust/execution_lookup_8192,501,0,32,0.000009791,3268308,1637422122,0.000000,0.000000
execution/type_fallback,16,0,32,0.000004583,6982326,111717216,0.000000,0.000000
plan/branch,100,0,32,0.000004666,6858123,685812259,0.000000,0.000000
plan/boolean,100,0,32,0.000005792,5524862,552486188,0.000000,0.000000
plan/object,100,0,32,0.000006666,4800480,480048005,3.000000,248.000000
plan/branch,500,0,32,0.000011375,2813187,1406593407,0.000000,0.000000
plan/boolean,500,0,32,0.000012708,2518099,1259049418,0.000000,0.000000
plan/object,500,0,32,0.000013708,2334403,1167201634,3.000000,248.000000
plan/branch,1024,0,32,0.000020125,1590062,1628223602,0.000000,0.000000
plan/boolean,1024,0,32,0.000021291,1502982,1539054060,0.000000,0.000000
plan/object,1024,0,32,0.000022458,1424882,1459079170,3.000000,248.000000
plan/branch,10240,0,32,0.000171458,186635,1911138588,0.000000,0.000000
plan/boolean,10240,0,32,0.000172416,185598,1900519673,0.000000,0.000000
plan/object,10240,0,32,0.000173959,183951,1883662242,3.000000,248.000000
plan/branch,1048576,0,32,0.016553583,1933,2027019286,0.000000,0.000000
plan/boolean,1048576,0,32,0.017219500,1858,1948629867,0.000000,0.000000
plan/object,1048576,0,32,0.017247833,1855,1945428855,3.000000,248.000000
plan/lookup_branch,490,0,32,0.000018792,1702852,834397616,0.000000,0.000000
plan/lookup_quote,490,0,32,0.000018459,1733572,849450133,0.000000,0.000000
plan/invoice_sum,58,0,32,0.000005666,5647723,327567949,0.000000,0.000000
rust/plan_invoice,58,0,32,0.000005500,5818182,337454545,0.000000,0.000000
plan/invoice_object,58,0,32,0.000011416,2803083,162578837,3.000000,296.000000
plan/mapped_objects,58,0,32,0.000013833,2313309,134171908,2.000000,136.000000
plan/invoice_sum,300,0,32,0.000031417,1018557,305567050,0.000000,0.000000
rust/plan_invoice,300,0,32,0.000032000,1000000,300000000,0.000000,0.000000
plan/invoice_object,300,0,32,0.000047583,672509,201752727,3.000000,296.000000
plan/mapped_objects,300,0,32,0.000069500,460432,138129496,16.000000,1088.000000
plan/invoice_sum,4488,0,32,0.000518750,61687,276850120,0.000000,0.000000
rust/plan_invoice,4488,0,32,0.000470416,68025,305295738,0.000000,0.000000
plan/invoice_object,4488,0,32,0.000642375,49815,223570344,3.000000,296.000000
plan/mapped_objects,4488,0,32,0.001101584,29049,130372264,256.000000,17408.000000
plan/invoice_sum,35736,0,32,0.004284500,7469,266904423,0.000000,0.000000
rust/plan_invoice,35736,0,32,0.003782459,8460,302330309,0.000000,0.000000
plan/invoice_object,35736,0,32,0.005243959,6102,218070355,3.000000,296.000000
plan/mapped_objects,35736,0,32,0.008582625,3728,133240355,2048.000000,139264.000000
plan/invoice_sum,571416,0,32,0.067397042,475,271307337,0.000000,0.000000
rust/plan_invoice,571416,0,32,0.061612542,519,296779055,0.000000,0.000000
plan/invoice_object,571416,0,32,0.086381291,370,211681393,3.000000,296.000000
plan/mapped_objects,571416,0,32,0.137377417,233,133102750,32768.000000,2228224.000000
plan/wide_fields,7583,0,32,0.000296708,107850,817827629,0.000000,0.000000
plan/untaken_branch,496,0,32,0.000010792,2965159,1470719051,0.000000,0.000000
compile/plan_branch,0,0,32,0.000058333,548575,0,84.000000,3940.000000
demand/nested,100,0,32,0.000005959,5370029,537002853,0.000000,0.000000
demand/branch,100,0,32,0.000005041,6347947,634794684,0.000000,0.000000
demand/repeated,100,0,32,0.000004250,7529412,752941176,0.000000,0.000000
demand/untaken_nested,101,0,32,0.000004250,7529412,760470588,0.000000,0.000000
demand/nested,500,0,32,0.000011333,2823612,1411806230,0.000000,0.000000
demand/branch,500,0,32,0.000011791,2713934,1356967178,0.000000,0.000000
demand/repeated,500,0,32,0.000010875,2942529,1471264368,0.000000,0.000000
demand/untaken_nested,501,0,32,0.000011083,2887305,1446539746,0.000000,0.000000
demand/nested,1024,0,32,0.000020084,1593308,1631547500,0.000000,0.000000
demand/branch,1024,0,32,0.000020375,1570552,1608245399,0.000000,0.000000
demand/repeated,1024,0,32,0.000019375,1651613,1691251613,0.000000,0.000000
demand/untaken_nested,1025,0,32,0.000019750,1620253,1660759494,0.000000,0.000000
demand/nested,10240,0,32,0.000171292,186815,1912990683,0.000000,0.000000
demand/branch,10240,0,32,0.000171709,186362,1908344932,0.000000,0.000000
demand/repeated,10240,0,32,0.000170625,187546,1920468864,0.000000,0.000000
demand/untaken_nested,10241,0,32,0.000162542,196872,2016168129,0.000000,0.000000
demand/nested,1048576,0,32,0.017184375,1862,1952612882,0.000000,0.000000
demand/branch,1048576,0,32,0.017190166,1862,1951955089,0.000000,0.000000
demand/repeated,1048576,0,32,0.017186167,1862,1952409284,0.000000,0.000000
demand/untaken_nested,1048577,0,32,0.017213458,1859,1949315704,0.000000,0.000000
demand/nested_fold,546,0,32,0.000125417,255149,139311258,0.000000,0.000000
demand/nested_fold_plan,546,0,32,0.000053500,598131,326579439,0.000000,0.000000
demand/nested_fold,8454,0,32,0.001979667,16164,136653286,0.000000,0.000000
demand/nested_fold_plan,8454,0,32,0.000824166,38827,328244553,0.000000,0.000000
demand/nested_fold,67478,0,32,0.015812875,2024,136553030,0.000000,0.000000
demand/nested_fold_plan,67478,0,32,0.006643292,4817,325034034,0.000000,0.000000
demand/wide_nested,1137,0,32,0.000038125,839344,954334426,0.000000,0.000000
demand/wide_nested,38497,0,32,0.001196917,26735,1029230932,0.000000,0.000000
demand/wide_nested,323265,0,32,0.009574750,3342,1080391655,0.000000,0.000000
demand/repeated_lookup,100,0,32,0.000016166,1979463,197946307,0.000000,0.000000
demand/repeated_lookup,500,0,32,0.000022833,1401480,700740157,0.000000,0.000000
demand/repeated_lookup,10240,0,32,0.000182375,175463,1796737491,0.000000,0.000000
demand/repeated_lookup,1048576,0,32,0.017147375,1866,1956826161,0.000000,0.000000
compile/scoped_path,0,0,32,0.000046541,687566,0,41.000000,4133.000000
tuple/index,100,0,32,0.000018750,1706667,170666667,11.000000,1104.000000
tuple/filter_sum,100,0,32,0.000028625,1117904,111790393,13.000000,1648.000000
tuple/plan_leaves,100,0,32,0.000035708,896158,89615772,17.000000,1696.000000
tuple/kept,100,0,32,0.000025583,1250831,125083063,14.000000,1408.000000
tuple/ordered,100,0,32,0.000039583,808428,80842786,23.000000,2216.000000
tuple/index,500,0,32,0.000031291,1022658,511329136,11.000000,1104.000000
tuple/filter_sum,500,0,32,0.000041208,776548,388274122,13.000000,1648.000000
tuple/plan_leaves,500,0,32,0.000048584,658653,329326527,17.000000,1696.000000
tuple/kept,500,0,32,0.000039000,820513,410256410,14.000000,1408.000000
tuple/ordered,500,0,32,0.000052333,611469,305734431,23.000000,2216.000000
tuple/index,1024,0,32,0.000048500,659794,675628866,11.000000,1104.000000
tuple/filter_sum,1024,0,32,0.000058500,547009,560136752,13.000000,1648.000000
tuple/plan_leaves,1024,0,32,0.000066125,483932,495546314,17.000000,1696.000000
tuple/kept,1024,0,32,0.000055708,574424,588209952,14.000000,1408.000000
tuple/ordered,1024,0,32,0.000070125,456328,467279857,23.000000,2216.000000
tuple/index,10240,0,32,0.000343042,93283,955218311,11.000000,1104.000000
tuple/filter_sum,10240,0,32,0.000355833,89930,920881425,13.000000,1648.000000
tuple/plan_leaves,10240,0,32,0.000356375,89793,919480884,17.000000,1696.000000
tuple/kept,10240,0,32,0.000344667,92843,950714748,14.000000,1408.000000
tuple/ordered,10240,0,32,0.000360708,88714,908435632,23.000000,2216.000000
tuple/index,1048576,0,32,0.033790666,947,993008898,11.000000,1104.000000
tuple/filter_sum,1048576,0,32,0.033915625,944,989350248,13.000000,1648.000000
tuple/plan_leaves,1048576,0,32,0.033848833,945,991302477,17.000000,1696.000000
tuple/kept,1048576,0,32,0.033907250,944,989594615,14.000000,1408.000000
tuple/ordered,1048576,0,32,0.032736000,978,1025000978,23.000000,2216.000000
tuple/wide_sum,440,0,32,0.000109042,293465,129124558,34.000000,4288.000000
tuple/nested_sum,440,0,32,0.000193458,165411,72780655,94.000000,10048.000000
tuple/join_sum,440,0,32,0.000445375,71850,31613809,78.000000,9792.000000
tuple/join_bound,440,0,32,0.000328958,97277,42801817,71.000000,8160.000000
tuple/group,440,0,32,0.000159833,200209,88091946,67.000000,6944.000000
tuple/negative_index,440,0,32,0.000075458,424077,186593867,32.000000,3808.000000
tuple/wide_sum,6666,0,32,0.001553833,20594,137281162,454.000000,57088.000000
tuple/nested_sum,6666,0,32,0.002926292,10935,72894981,1414.000000,149248.000000
tuple/join_sum,6666,0,32,0.030540541,1048,6984552,1158.000000,145152.000000
tuple/join_bound,6666,0,32,0.004863583,6580,43859023,1031.000000,116640.000000
tuple/group,6666,0,32,0.002073667,15432,102867047,467.000000,86624.000000
tuple/negative_index,6666,0,32,0.000956792,33445,222945008,396.000000,54688.000000
tuple/wide_sum,56043,0,32,0.012295416,2603,145857285,3590.000000,451328.000000
tuple/nested_sum,56043,0,32,0.022724166,1408,78919332,11270.000000,1188608.000000
tuple/join_sum,56043,0,32,1.652823542,19,1085038,9222.000000,1155840.000000
tuple/join_bound,56043,0,32,0.038743125,826,46288884,8199.000000,926624.000000
tuple/group,56043,0,32,0.015712375,2037,114137805,3185.000000,681568.000000
tuple/negative_index,56043,0,32,0.007517709,4257,238553527,3087.000000,434592.000000
cargo build --workspace --release --locked
   Compiling jx-cli v0.1.0 (/Users/josh/Documents/Workspace/jo-cube/jx/crates/jx-cli)
    Finished `release` profile [optimized] target(s) in 2.26s
cargo test -p jx --test conformance --locked -- --nocapture
    Finished `test` profile [unoptimized + debuginfo] target(s) in 0.00s
     Running tests/conformance.rs (target/debug/deps/conformance-dbf31341087731ca)

running 1 test
JSONata 8ee4476f8a228bfc7a62979ae0a9c13a4043cd03: 514 supported results, 17 deferred syntax, 59 supported errors, 18 deferred builtin calls, 3 recursion limits; no skipped cases
test pinned_upstream_groups_have_explicit_expected_outcomes ... ok

test result: ok. 1 passed; 0 failed; 0 ignored; 0 measured; 0 filtered out; finished in 0.07s

