native_metadata,arithmetic,28917,521917,1,716,0
native_region,jit/arithmetic,100,355333,1,716
native_region,jit/arithmetic,500,302792,1,716
native_region,jit/arithmetic,1024,281500,1,716
native_region,jit/arithmetic,10240,278292,1,716
native_region,jit/arithmetic,1048576,277458,1,716
native_metadata,dense,10208,486833,1,1144,0
native_region,jit/dense,100,462333,1,1144
native_region,jit/dense,500,452542,1,1144
native_region,jit/dense,1024,407750,1,1144
native_region,jit/dense,10240,414292,1,1144
native_region,jit/dense,1048576,417959,1,1144
native_metadata,branch,9334,441292,1,1056,0
native_region,jit/branch,100,396667,1,1056
native_region,jit/branch,500,371458,1,1056
native_region,jit/branch,1024,368250,1,1056
native_region,jit/branch,10240,362500,1,1056
native_region,jit/branch,1048576,361042,1,1056
native_region,jit/tiny,13,296958,1,716
native_region,jit/fold,122,420542,1,1144
native_region,jit/filter_map_fold,122,553666,1,1368
native_region,jit/numeric_fold,26,261125,1,504
native_region,jit/fold,472,429792,1,1144
native_region,jit/filter_map_fold,472,522458,1,1368
native_region,jit/numeric_fold,88,236875,1,504
native_region,jit/fold,1858,418958,1,1144
native_region,jit/filter_map_fold,1858,510666,1,1368
native_region,jit/numeric_fold,322,229292,1,504
native_region,jit/fold,14794,415375,1,1144
Sampling process 85636 for 5 seconds with 1 millisecond of run time between samples
Sampling completed, processing symbols...
Sample analysis of process 85636 written to file benchmarks/m30/native-interpreter-profiles/profile-fold.txt
native_region,jit/filter_map_fold,14794,728583,1,1368
native_region,jit/numeric_fold,2506,303333,1,504
native_region,jit/fold,236554,493250,1,1144
native_region,jit/filter_map_fold,236554,557625,1,1368
native_region,jit/numeric_fold,39946,248708,1,504
