cargo fmt --all -- --check
just clippy
cargo clippy --workspace --all-targets --locked -- -D warnings
    Checking jx v0.1.0 (/Users/josh/Documents/Workspace/jo-cube/jx/crates/jx)
    Checking jx-cli v0.1.0 (/Users/josh/Documents/Workspace/jo-cube/jx/crates/jx-cli)
    Finished `dev` profile [unoptimized + debuginfo] target(s) in 1.61s
just test
cargo test --workspace --locked
   Compiling jx-cli v0.1.0 (/Users/josh/Documents/Workspace/jo-cube/jx/crates/jx-cli)
   Compiling jx v0.1.0 (/Users/josh/Documents/Workspace/jo-cube/jx/crates/jx)
    Finished `test` profile [unoptimized + debuginfo] target(s) in 2.20s
     Running unittests src/lib.rs (target/debug/deps/jx-283396e92257456e)

running 5 tests
test plan::tests::whole_regions_lower ... ok
test plan::tests::nested_demands_preserve_replacement_and_array_fallback ... ok
test plan::tests::plan_and_tree_agree_on_values_and_exact_errors ... ok
test plan::tests::fixed_objects_lookup_and_capture_match_the_tree ... ok
test plan::tests::branches_and_folds_match_the_tree ... ok

test result: ok. 5 passed; 0 failed; 0 ignored; 0 measured; 0 filtered out; finished in 2.06s

     Running tests/aggregates.rs (target/debug/deps/aggregates-36467e8652de35ea)

running 5 tests
test validation_cancellation_and_mapped_aggregate_errors ... ok
test aggregate_arguments_finish_before_type_or_arity_checks ... ok
test aggregates_preserve_ieee_values_and_signed_zero ... ok
test aggregate_calls_keep_syntax_and_depth_limits_explicit ... ok
test aggregate_semantics ... ok

test result: ok. 5 passed; 0 failed; 0 ignored; 0 measured; 0 filtered out; finished in 0.00s

     Running tests/builtins.rs (target/debug/deps/builtins-77c5fe2d4121da71)

running 5 tests
test builtin_retention_keeps_input_borrowing_and_evaluates_arguments_once ... ok
test computed_strings_preserve_json_encoding_and_surrogate_units ... ok
test deferred_matchers_and_host_exceptions_are_explicit ... ok
test validation_and_argument_errors_precede_callback_execution ... ok
test builtin_semantics ... ok

test result: ok. 5 passed; 0 failed; 0 ignored; 0 measured; 0 filtered out; finished in 0.01s

     Running tests/compiler.rs (target/debug/deps/compiler-c073a9a4f22a2a86)

running 4 tests
test constant_errors_remain_runtime_errors_after_validation ... ok
test static_lookup_still_validates_and_normalizes_its_key ... ok
test constant_construction_keeps_identity_and_shape ... ok
test lookup_shapes_keys_and_calls ... ok

test result: ok. 4 passed; 0 failed; 0 ignored; 0 measured; 0 filtered out; finished in 0.00s

     Running tests/composition.rs (target/debug/deps/composition-ef2211f2f7546115)

running 7 tests
test concatenation_preserves_escape_and_surrogate_boundaries ... ok
test jsonata_stringification_is_distinct_from_output_serialization ... ok
test string_identity_and_partial_arguments_keep_borrowing ... ok
test validation_and_error_order_are_preserved ... ok
test composed_calls_keep_resource_limits_and_record_isolation ... ok
test direct_path_conversion_matches_dynamic_calls ... ok
test conversion_and_composition_semantics ... ok

test result: ok. 7 passed; 0 failed; 0 ignored; 0 measured; 0 filtered out; finished in 0.01s

     Running tests/conformance.rs (target/debug/deps/conformance-dbf31341087731ca)

running 1 test
test pinned_upstream_groups_have_explicit_expected_outcomes ... ok

test result: ok. 1 passed; 0 failed; 0 ignored; 0 measured; 0 filtered out; finished in 0.91s

     Running tests/constructors.rs (target/debug/deps/constructors-5ec04b236509315e)

running 9 tests
test implicit_string_iteration_after_constructor_collapse_is_explicitly_deferred ... ok
test serialization_keeps_unicode_units_and_arbitrary_json_keys ... ok
test containers_own_structure_and_retain_borrowed_members ... ok
test construction_preserves_internal_numbers_and_undefined ... ok
test null_collapse_reports_a_type_error_instead_of_a_host_exception ... ok
test object_construction_does_not_mutate_empty_input_arrays ... ok
test construction_validates_before_output_and_cancels_between_containers ... ok
test constructor_syntax_and_depth_are_bounded ... ok
test constructor_semantics ... ok

test result: ok. 9 passed; 0 failed; 0 ignored; 0 measured; 0 filtered out; finished in 0.01s

     Running tests/execution.rs (target/debug/deps/execution-8fd1947384dc3bba)

running 7 tests
test planned_regions_do_not_round_borrowed_output ... ok
test numeric_regions_keep_validation_and_error_precedence ... ok
test numeric_regions_accept_constructed_and_retained_contexts ... ok
test numeric_regions_compose_with_contexts_and_retention ... ok
test numeric_regions_preserve_missing_shape_and_record_isolation ... ok
test branches_fixed_objects_and_streamed_folds_compose ... ok
test numeric_regions_preserve_ordering_and_stream_cancellation ... ok

test result: ok. 7 passed; 0 failed; 0 ignored; 0 measured; 0 filtered out; finished in 0.00s

     Running tests/filters.rs (target/debug/deps/filters-a665417a9bce572a)

running 5 tests
test undefined_sequence_items_remain_distinct_from_null ... ok
test filtered_values_borrow_input_and_cancellation_stops_predicates ... ok
test upstream_stage_errors_take_precedence_over_later_stage_errors ... ok
test filter_semantics ... ok
test filters_have_bounded_depth_and_keep_deferred_syntax_explicit ... ok

test result: ok. 5 passed; 0 failed; 0 ignored; 0 measured; 0 filtered out; finished in 0.01s

     Running tests/json_validation.rs (target/debug/deps/json_validation-845dc26b3e6dc2f3)

running 6 tests
test invalid_json_syntax ... ok
test valid_json_syntax_and_utf8 ... ok
test rejects_invalid_utf8_anywhere_even_in_unselected_fields ... ok
test deterministic_mutations_agree_with_serde_on_common_json_domain ... ok
test depth_limit_and_large_shallow_records ... ok
test planned_capture_preserves_complete_validation_and_exact_diagnostics ... ok

test result: ok. 6 passed; 0 failed; 0 ignored; 0 measured; 0 filtered out; finished in 0.05s

     Running tests/lexical.rs (target/debug/deps/lexical-e855bedb234e048e)

running 8 tests
test retained_output_obeys_consumer_cancellation ... ok
test retained_bindings_preserve_input_borrowing ... ok
test deferred_features_and_constructor_binding_races_are_explicit ... ok
test function_results_are_opaque_and_not_json ... ok
test recursion_accounts_for_large_function_bodies ... ok
test evaluations_isolate_scope_and_validate_before_execution ... ok
test recursion_is_bounded_and_an_error_does_not_poison_reuse ... ok
test lexical_semantics ... ok

test result: ok. 8 passed; 0 failed; 0 ignored; 0 measured; 0 filtered out; finished in 0.01s

     Running tests/navigation.rs (target/debug/deps/navigation-def3c34345a3428c)

running 4 tests
test range_limits_and_deferred_tuple_navigation_are_explicit ... ok
test nested_fallbacks_compile_without_expanding_the_left_tree ... ok
test validation_borrowing_and_cancellation ... ok
test navigation_semantics ... ok

test result: ok. 4 passed; 0 failed; 0 ignored; 0 measured; 0 filtered out; finished in 0.01s

     Running tests/scalars.rs (target/debug/deps/scalars-7428e776dc97652d)

running 7 tests
test expression_whitespace_matches_the_language_tokenizer ... ok
test computed_scalars_and_literal_strings_need_no_owned_output ... ok
test operator_errors_have_expression_offsets_after_complete_validation ... ok
test duplicate_keys_unicode_and_binary64_boundaries ... ok
test compile_errors_and_expression_depth_are_bounded ... ok
test scalar_operators_and_sequence_operands ... ok
test structural_equality_and_boolean_casting_respect_input_depth_limits ... ok

test result: ok. 7 passed; 0 failed; 0 ignored; 0 measured; 0 filtered out; finished in 0.01s

     Running tests/semantics.rs (target/debug/deps/semantics-17591f0749f1de6f)

running 8 tests
test serialization_propagates_consumer_failure ... ok
test compact_serialization_preserves_string_and_number_bytes ... ok
test results_borrow_input_not_the_expression ... ok
test unsupported_semantics_fail_explicitly ... ok
test validate_before_returning_a_selected_value_or_semantic_error ... ok
test field_names_compare_decoded_escapes ... ok
test object_paths_missing_and_raw_values ... ok
test compile_once_reuse_across_records_and_threads ... ok

test result: ok. 8 passed; 0 failed; 0 ignored; 0 measured; 0 filtered out; finished in 0.00s

     Running tests/sequences.rs (target/debug/deps/sequences-da7baca561a51a9e)

running 6 tests
test fully_validate_before_emitting_any_sequence_item ... ok
test streamed_values_borrow_their_original_ranges ... ok
test cancellation_preserves_the_consumer_error_and_stops_emission ... ok
test duplicate_keys_and_escaped_names_inside_arrays ... ok
test array_navigation_and_sequence_boundaries ... ok
test traversal_is_bounded_by_validated_input_depth_not_array_width ... ok

test result: ok. 6 passed; 0 failed; 0 ignored; 0 measured; 0 filtered out; finished in 0.03s

     Running tests/tuples.rs (target/debug/deps/tuples-6b3ff73d32f3f64f)

running 5 tests
test an_empty_scoped_group_constructs_an_empty_object ... ok
test cancellation_stops_scoped_stages_before_later_errors ... ok
test invalid_bindings_and_parent_navigation_remain_explicit ... ok
test scoped_paths_validate_before_output_and_borrow_selected_values ... ok
test scoped_path_semantics ... ok

test result: ok. 5 passed; 0 failed; 0 ignored; 0 measured; 0 filtered out; finished in 0.00s

     Running unittests src/main.rs (target/debug/deps/jx-b3e3a82f1487a97c)

running 3 tests
test stream::tests::oversized_unterminated_record_stays_bounded ... ok
test stream::tests::output_failure_stops_before_consuming_the_next_record ... ok
test stream::tests::framing_is_independent_of_buffer_boundaries ... ok

test result: ok. 3 passed; 0 failed; 0 ignored; 0 measured; 0 filtered out; finished in 0.00s

     Running tests/cli.rs (target/debug/deps/cli-d5919d0f805a472e)

running 16 tests
test invalid_record_never_emits_a_partial_sequence ... ok
test errors_have_distinct_exit_codes_and_record_context ... ok
test kept_sequences_and_reductions_preserve_record_framing ... ok
test aggregates_distinguish_missing_empty_and_failed_records ... ok
test builtins_frame_sequences_and_escape_computed_strings ... ok
test ndjson_missing_null_arrays_and_final_unterminated_record ... ok
test filters_frame_values_and_report_streamed_errors ... ok
test lexical_runtime_is_fresh_for_each_record ... ok
test conversion_and_chaining_preserve_ndjson_boundaries ... ok
test streams_multiple_files_and_stdin_in_order ... ok
test constructors_frame_complete_outputs_and_mapped_failures ... ok
test help_empty_input_options_and_invalid_utf8 ... ok
test scoped_paths_reset_bindings_and_preserve_sequence_framing ... ok
test sequences_are_separate_lines_and_raw_arrays_stay_values ... ok
test scalar_results_and_runtime_errors_are_framed_per_record ... ok
test exact_record_limit_including_cr_but_excluding_lf ... ok

test result: ok. 16 passed; 0 failed; 0 ignored; 0 measured; 0 filtered out; finished in 0.51s

   Doc-tests jx

running 1 test
test crates/jx/src/lib.rs - (line 4) ... ok

test result: ok. 1 passed; 0 failed; 0 ignored; 0 measured; 0 filtered out; finished in 0.01s

all doctests ran in 1.27s; merged doctests compilation took 0.78s
cargo bench -p jx --bench throughput --locked -- --smoke
    Finished `bench` profile [optimized] target(s) in 0.01s
     Running benches/throughput.rs (target/release/deps/throughput-ad1fdffe799128d8)
workload,input_bytes,sample,records,seconds,records_per_second,input_bytes_per_second,allocations_per_record,allocated_bytes_per_record
compile,0,0,32,0.000010375,3084337,0,8.000000,618.000000
ascii/validate,100,0,32,0.000003291,9723488,972348830,0.000000,0.000000
ascii/identity,100,0,32,0.000003666,8728860,872885979,0.000000,0.000000
ascii/shallow,100,0,32,0.000004208,7604563,760456274,0.000000,0.000000
ascii/nested,100,0,32,0.000004208,7604563,760456274,0.000000,0.000000
ascii/missing,100,0,32,0.000003917,8169517,816951749,0.000000,0.000000
ascii/array_value,100,0,32,0.000004000,8000000,800000000,0.000000,0.000000
ascii/identity_write,100,0,32,0.000006292,5085823,508582327,0.000000,0.000000
ascii/validate,500,0,32,0.000011292,2833865,1416932341,0.000000,0.000000
ascii/identity,500,0,32,0.000011417,2802838,1401418937,0.000000,0.000000
ascii/shallow,500,0,32,0.000012000,2666667,1333333333,0.000000,0.000000
ascii/nested,500,0,32,0.000012125,2639175,1319587629,0.000000,0.000000
ascii/missing,500,0,32,0.000011792,2713704,1356852103,0.000000,0.000000
ascii/array_value,500,0,32,0.000011875,2694737,1347368421,0.000000,0.000000
ascii/identity_write,500,0,32,0.000025042,1277853,638926603,0.000000,0.000000
ascii/validate,1024,0,32,0.000021166,1511859,1548143249,0.000000,0.000000
ascii/identity,1024,0,32,0.000021250,1505882,1542023529,0.000000,0.000000
ascii/shallow,1024,0,32,0.000021792,1468429,1503671072,0.000000,0.000000
ascii/nested,1024,0,32,0.000022000,1454545,1489454545,0.000000,0.000000
ascii/missing,1024,0,32,0.000021542,1485470,1521121530,0.000000,0.000000
ascii/array_value,1024,0,32,0.000021709,1474043,1509420056,0.000000,0.000000
ascii/identity_write,1024,0,32,0.000048291,662649,678552939,0.000000,0.000000
ascii/validate,10240,0,32,0.000188834,169461,1735280723,0.000000,0.000000
ascii/identity,10240,0,32,0.000188917,169387,1734518333,0.000000,0.000000
ascii/shallow,10240,0,32,0.000189500,168865,1729182058,0.000000,0.000000
ascii/nested,10240,0,32,0.000189833,168569,1726148773,0.000000,0.000000
ascii/missing,10240,0,32,0.000189292,169051,1731082138,0.000000,0.000000
ascii/array_value,10240,0,32,0.000189500,168865,1729182058,0.000000,0.000000
ascii/identity_write,10240,0,32,0.000442042,72391,741287027,0.000000,0.000000
ascii/validate,65536,0,32,0.001158959,27611,1809513538,0.000000,0.000000
ascii/identity,65536,0,32,0.001120791,28551,1871135653,0.000000,0.000000
ascii/shallow,65536,0,32,0.001108708,28862,1891527796,0.000000,0.000000
ascii/nested,65536,0,32,0.001106583,28918,1895160146,0.000000,0.000000
ascii/missing,65536,0,32,0.001086916,29441,1929451770,0.000000,0.000000
ascii/array_value,65536,0,32,0.001063791,30081,1971394757,0.000000,0.000000
ascii/identity_write,65536,0,32,0.002515333,12722,833747261,0.000000,0.000000
ascii/validate,1048576,0,32,0.016787166,1906,1998814571,0.000000,0.000000
ascii/identity,1048576,0,32,0.016935833,1889,1981268474,0.000000,0.000000
ascii/shallow,1048576,0,32,0.017008709,1881,1972779474,0.000000,0.000000
ascii/nested,1048576,0,32,0.017006917,1882,1972987344,0.000000,0.000000
ascii/missing,1048576,0,32,0.016448458,1945,2039974325,0.000000,0.000000
ascii/array_value,1048576,0,32,0.017012666,1881,1972320623,0.000000,0.000000
ascii/identity_write,1048576,0,32,0.040476416,791,828987230,0.000000,0.000000
structured/validate,485,0,32,0.000015583,2053520,995957133,0.000000,0.000000
structured/identity,485,0,32,0.000015708,2037179,988031576,0.000000,0.000000
structured/shallow,485,0,32,0.000016542,1934470,938217870,0.000000,0.000000
structured/nested,485,0,32,0.000017500,1828571,886857143,0.000000,0.000000
structured/missing,485,0,32,0.000017583,1819940,882670762,0.000000,0.000000
structured/array_value,485,0,32,0.000017375,1841727,893237410,0.000000,0.000000
structured/identity_write,485,0,32,0.000025208,1269438,615677563,0.000000,0.000000
unicode_escaped_keys/validate,960,0,32,0.000027583,1160135,1113729471,0.000000,0.000000
unicode_escaped_keys/identity,960,0,32,0.000027916,1146296,1100444190,0.000000,0.000000
unicode_escaped_keys/shallow,960,0,32,0.000034666,923095,886170888,0.000000,0.000000
unicode_escaped_keys/nested,960,0,32,0.000028416,1126126,1081081081,0.000000,0.000000
unicode_escaped_keys/missing,960,0,32,0.000028250,1132743,1087433628,0.000000,0.000000
unicode_escaped_keys/array_value,960,0,32,0.000028250,1132743,1087433628,0.000000,0.000000
unicode_escaped_keys/identity_write,960,0,32,0.000057458,556929,534651398,0.000000,0.000000
array/shallow,78,0,32,0.000007583,4219966,329157326,0.000000,0.000000
array/nested,78,0,32,0.000008208,3898635,304093567,0.000000,0.000000
array/flatten,78,0,32,0.000007416,4314995,336569579,0.000000,0.000000
array/missing,78,0,32,0.000007500,4266667,332800000,0.000000,0.000000
array/root,67,0,32,0.000007125,4491228,300912281,0.000000,0.000000
array/cancel_first,78,0,32,0.000007625,4196721,327344262,0.000000,0.000000
array/shallow,540,0,32,0.000054375,588506,317793103,0.000000,0.000000
array/nested,540,0,32,0.000067875,471455,254585635,0.000000,0.000000
array/flatten,540,0,32,0.000058000,551724,297931034,0.000000,0.000000
array/missing,540,0,32,0.000045709,700081,378043711,0.000000,0.000000
array/root,529,0,32,0.000051875,616867,326322892,0.000000,0.000000
array/cancel_first,540,0,32,0.000025833,1238726,668911857,0.000000,0.000000
array/shallow,1074,0,32,0.000107375,298021,320074505,0.000000,0.000000
array/nested,1074,0,32,0.000123291,259549,278755140,0.000000,0.000000
array/flatten,1074,0,32,0.000118083,270996,291049516,0.000000,0.000000
array/missing,1074,0,32,0.000104125,307323,330064826,0.000000,0.000000
array/root,1063,0,32,0.000106333,300941,319900689,0.000000,0.000000
array/cancel_first,1074,0,32,0.000042666,750012,805512586,0.000000,0.000000
array/shallow,8606,0,32,0.000812625,39379,338891863,0.000000,0.000000
array/nested,8606,0,32,0.000937708,34126,293686307,0.000000,0.000000
array/flatten,8606,0,32,0.000895541,35733,307514675,0.000000,0.000000
array/missing,8606,0,32,0.000788750,40571,349149921,0.000000,0.000000
array/root,8595,0,32,0.000815375,39246,337317185,0.000000,0.000000
array/cancel_first,8606,0,32,0.000253250,126357,1087431392,0.000000,0.000000
array/shallow,69558,0,32,0.006524041,4905,341177500,0.000000,0.000000
array/nested,69558,0,32,0.007373750,4340,301862146,0.000000,0.000000
array/flatten,69558,0,32,0.006912209,4629,322018041,0.000000,0.000000
array/missing,69558,0,32,0.006214125,5150,358192988,0.000000,0.000000
array/root,69547,0,32,0.006418625,4985,346725973,0.000000,0.000000
array/cancel_first,69558,0,32,0.002000375,15997,1112719365,0.000000,0.000000
array/shallow,1135782,0,32,0.102862792,311,353334994,0.000000,0.000000
array/nested,1135782,0,32,0.118503625,270,306699681,0.000000,0.000000
array/flatten,1135782,0,32,0.113389917,282,320531357,0.000000,0.000000
array/missing,1135782,0,32,0.099288333,322,366055335,0.000000,0.000000
array/root,1135771,0,32,0.101555958,315,357878284,0.000000,0.000000
array/cancel_first,1135782,0,32,0.031173916,1026,1165879320,0.000000,0.000000
array/nested_contexts,972,0,32,0.000202542,157992,153568149,0.000000,0.000000
array/sparse,785,0,32,0.000143000,223776,175664336,0.000000,0.000000
array/deep,136,0,32,0.000427291,74890,10185096,0.000000,0.000000
array/empty,2,0,32,0.000000583,54888508,109777015,0.000000,0.000000
array/singleton,12,0,32,0.000002583,12388695,148664344,0.000000,0.000000
array/nested_values,31,0,32,0.000006750,4740741,146962963,0.000000,0.000000
compile/scalar,0,0,32,0.000062292,513710,0,72.000000,4134.000000
scalar/literal,100,0,32,0.000002917,10970175,1097017484,0.000000,0.000000
scalar/arithmetic,100,0,32,0.000010541,3035765,303576511,0.000000,0.000000
scalar/nested,100,0,32,0.000011041,2898288,289828820,0.000000,0.000000
scalar/comparison,100,0,32,0.000010042,3186616,318661621,0.000000,0.000000
scalar/strings,100,0,32,0.000007208,4439512,443951165,0.000000,0.000000
scalar/boolean,100,0,32,0.000010666,3000188,300018751,0.000000,0.000000
scalar/missing,100,0,32,0.000010084,3173344,317334391,0.000000,0.000000
scalar/short_circuit,100,0,32,0.000003166,10107391,1010739103,0.000000,0.000000
scalar/mixed,100,0,32,0.000007541,4243469,424346904,0.000000,0.000000
scalar/write,100,0,32,0.000011375,2813187,281318681,0.000000,0.000000
scalar/literal,500,0,32,0.000009792,3267974,1633986928,0.000000,0.000000
scalar/arithmetic,500,0,32,0.000030583,1046333,523166465,0.000000,0.000000
scalar/nested,500,0,32,0.000030916,1035063,517531375,0.000000,0.000000
scalar/comparison,500,0,32,0.000030125,1062241,531120332,0.000000,0.000000
scalar/strings,500,0,32,0.000020542,1557784,778892026,0.000000,0.000000
scalar/boolean,500,0,32,0.000030708,1042074,521036863,0.000000,0.000000
scalar/missing,500,0,32,0.000030166,1060797,530398462,0.000000,0.000000
scalar/short_circuit,500,0,32,0.000009958,3213497,1606748343,0.000000,0.000000
scalar/mixed,500,0,32,0.000014084,2272082,1136040897,0.000000,0.000000
scalar/write,500,0,32,0.000031375,1019920,509960159,0.000000,0.000000
scalar/literal,1024,0,32,0.000018250,1753425,1795506849,0.000000,0.000000
scalar/arithmetic,1024,0,32,0.000055916,572287,586021890,0.000000,0.000000
scalar/nested,1024,0,32,0.000056459,566783,580385767,0.000000,0.000000
scalar/comparison,1024,0,32,0.000055541,576151,589978574,0.000000,0.000000
scalar/strings,1024,0,32,0.000037750,847682,868026490,0.000000,0.000000
scalar/boolean,1024,0,32,0.000058625,545842,558942431,0.000000,0.000000
scalar/missing,1024,0,32,0.000055459,577003,590850899,0.000000,0.000000
scalar/short_circuit,1024,0,32,0.000018500,1729730,1771243243,0.000000,0.000000
scalar/mixed,1024,0,32,0.000022792,1404001,1437697438,0.000000,0.000000
scalar/write,1024,0,32,0.000056709,564284,577827153,0.000000,0.000000
scalar/literal,10240,0,32,0.000169250,189069,1936070901,0.000000,0.000000
scalar/arithmetic,10240,0,32,0.000520875,61435,629095272,0.000000,0.000000
scalar/nested,10240,0,32,0.000499458,64069,656071181,0.000000,0.000000
scalar/comparison,10240,0,32,0.000498916,64139,656783908,0.000000,0.000000
scalar/strings,10240,0,32,0.000334791,95582,978759883,0.000000,0.000000
scalar/boolean,10240,0,32,0.000505459,63309,648282057,0.000000,0.000000
scalar/missing,10240,0,32,0.000508667,62910,644193549,0.000000,0.000000
scalar/short_circuit,10240,0,32,0.000170166,188052,1925649072,0.000000,0.000000
scalar/mixed,10240,0,32,0.000174209,183687,1880959078,0.000000,0.000000
scalar/write,10240,0,32,0.000519667,61578,630557646,0.000000,0.000000
scalar/literal,65536,0,32,0.001076959,29713,1947290473,0.000000,0.000000
scalar/arithmetic,65536,0,32,0.003160875,10124,663471982,0.000000,0.000000
scalar/nested,65536,0,32,0.003168667,10099,661840452,0.000000,0.000000
scalar/comparison,65536,0,32,0.003184042,10050,658644578,0.000000,0.000000
scalar/strings,65536,0,32,0.002122166,15079,988212986,0.000000,0.000000
scalar/boolean,65536,0,32,0.003167000,10104,662188822,0.000000,0.000000
scalar/missing,65536,0,32,0.003174500,10080,660624350,0.000000,0.000000
scalar/short_circuit,65536,0,32,0.001077041,29711,1947142216,0.000000,0.000000
scalar/mixed,65536,0,32,0.001104250,28979,1899164139,0.000000,0.000000
scalar/write,65536,0,32,0.003166750,10105,662241099,0.000000,0.000000
scalar/literal,1048576,0,32,0.016655292,1921,2014640872,0.000000,0.000000
scalar/arithmetic,1048576,0,32,0.050304125,636,667031421,0.000000,0.000000
scalar/nested,1048576,0,32,0.049444000,647,678635062,0.000000,0.000000
scalar/comparison,1048576,0,32,0.050427250,635,665402773,0.000000,0.000000
scalar/strings,1048576,0,32,0.032935834,972,1018781914,0.000000,0.000000
scalar/boolean,1048576,0,32,0.050510958,634,664300051,0.000000,0.000000
scalar/missing,1048576,0,32,0.049300084,649,680616122,0.000000,0.000000
scalar/short_circuit,1048576,0,32,0.017189084,1862,1952077958,0.000000,0.000000
scalar/mixed,1048576,0,32,0.017185708,1862,1952461429,0.000000,0.000000
scalar/write,1048576,0,32,0.049370000,648,679652258,0.000000,0.000000
scalar/sequence_boolean,330,0,32,0.000055750,573991,189417040,0.000000,0.000000
scalar/sequence_array_equality,330,0,32,0.000080375,398134,131384137,0.000000,0.000000
scalar/sequence_equality,330,0,32,0.000102208,313087,103318723,3.000000,672.000000
scalar/array_equality,330,0,32,0.000117000,273504,90256410,16.000000,3264.000000
scalar/singleton,15,0,32,0.000004375,7314286,109714286,0.000000,0.000000
scalar/sequence_type_error,330,0,32,0.000034750,920863,303884892,0.000000,0.000000
scalar/object_equality,125,0,32,0.000046833,683279,85409861,3.000000,1396.000000
scalar/object_equality,2389,0,32,0.000762375,41974,100276111,7.000000,24948.000000
scalar/escaped_strings,26,0,32,0.000003042,10519395,273504274,0.000000,0.000000
compile/filter,0,0,32,0.000034542,926408,0,34.000000,2149.000000
filter/predicate,100,0,32,0.000015625,2048000,204800000,0.000000,0.000000
filter/none,100,0,32,0.000013750,2327273,232727273,0.000000,0.000000
filter/first,100,0,32,0.000010625,3011765,301176471,0.000000,0.000000
filter/last,100,0,32,0.000012291,2603531,260353104,0.000000,0.000000
filter/computed_last,100,0,32,0.000013834,2313142,231314154,0.000000,0.000000
filter/chained,100,0,32,0.000020333,1573796,157379629,0.000000,0.000000
filter/predicate,500,0,32,0.000028792,1111420,555709919,0.000000,0.000000
filter/none,500,0,32,0.000026833,1192561,596280699,0.000000,0.000000
filter/first,500,0,32,0.000024000,1333333,666666667,0.000000,0.000000
filter/last,500,0,32,0.000025667,1246737,623368528,0.000000,0.000000
filter/computed_last,500,0,32,0.000024625,1299492,649746193,0.000000,0.000000
filter/chained,500,0,32,0.000033625,951673,475836431,0.000000,0.000000
filter/predicate,1024,0,32,0.000045750,699454,716240437,0.000000,0.000000
filter/none,1024,0,32,0.000044042,726579,744017075,0.000000,0.000000
filter/first,1024,0,32,0.000041666,768012,786444583,0.000000,0.000000
filter/last,1024,0,32,0.000040500,790123,809086420,0.000000,0.000000
filter/computed_last,1024,0,32,0.000044541,718439,735681731,0.000000,0.000000
filter/chained,1024,0,32,0.000050750,630542,645674877,0.000000,0.000000
filter/predicate,10240,0,32,0.000334042,95796,980954491,0.000000,0.000000
filter/none,10240,0,32,0.000332458,96253,985628260,0.000000,0.000000
filter/first,10240,0,32,0.000348292,91877,940819772,0.000000,0.000000
filter/last,10240,0,32,0.000352125,90877,930578630,0.000000,0.000000
filter/computed_last,10240,0,32,0.000337416,94838,971145411,0.000000,0.000000
filter/chained,10240,0,32,0.000351667,90995,931790586,0.000000,0.000000
filter/predicate,65536,0,32,0.002057041,15556,1019499368,0.000000,0.000000
filter/none,65536,0,32,0.002065333,15494,1015406232,0.000000,0.000000
filter/first,65536,0,32,0.002049542,15613,1023229580,0.000000,0.000000
filter/last,65536,0,32,0.002073666,15432,1011325836,0.000000,0.000000
filter/computed_last,65536,0,32,0.002130459,15020,984366280,0.000000,0.000000
filter/chained,65536,0,32,0.002099000,15245,999119581,0.000000,0.000000
filter/predicate,1048576,0,32,0.033790333,947,993018684,0.000000,0.000000
filter/none,1048576,0,32,0.032918750,972,1019310636,0.000000,0.000000
filter/first,1048576,0,32,0.033522542,955,1000951300,0.000000,0.000000
filter/last,1048576,0,32,0.033341125,960,1006397715,0.000000,0.000000
filter/computed_last,1048576,0,32,0.033910625,944,989496124,0.000000,0.000000
filter/chained,1048576,0,32,0.033922000,943,989164318,0.000000,0.000000
filter/wide_predicate,164,0,32,0.000051333,623381,102234430,0.000000,0.000000
filter/wide_last,164,0,32,0.000028000,1142857,187428571,0.000000,0.000000
filter/sequence_last,164,0,32,0.000060583,528201,86624961,0.000000,0.000000
filter/wide_predicate,2736,0,32,0.000797250,40138,109817498,0.000000,0.000000
filter/wide_last,2736,0,32,0.000391834,81667,223441559,0.000000,0.000000
filter/sequence_last,2736,0,32,0.000726375,44054,120532783,0.000000,0.000000
filter/wide_predicate,23392,0,32,0.006615541,4837,113149325,0.000000,0.000000
filter/wide_last,23392,0,32,0.003235208,9891,231374304,0.000000,0.000000
filter/sequence_last,23392,0,32,0.005828334,5490,128431898,0.000000,0.000000
filter/nested,892,0,32,0.000431458,74167,66157077,0.000000,0.000000
filter/per_group,892,0,32,0.000306083,104547,93255751,0.000000,0.000000
filter/global,892,0,32,0.000208375,153569,136983803,0.000000,0.000000
filter/deep,136,0,32,0.000431500,74160,10085747,0.000000,0.000000
filter/negative_chain,20,0,32,0.000261375,122429,2448589,0.000000,0.000000
compile/aggregate,0,0,32,0.000043000,744186,0,48.000000,3425.000000
aggregate/count,100,0,32,0.000007709,4150992,415099235,0.000000,0.000000
aggregate/sum,100,0,32,0.000008250,3878788,387878788,0.000000,0.000000
aggregate/min,100,0,32,0.000008208,3898635,389863548,0.000000,0.000000
aggregate/max,100,0,32,0.000008125,3938462,393846154,0.000000,0.000000
aggregate/filtered_count,100,0,32,0.000007584,4219409,421940928,0.000000,0.000000
aggregate/filtered_sum,100,0,32,0.000007583,4219966,421996571,0.000000,0.000000
aggregate/empty_sum,100,0,32,0.000005250,6095238,609523810,0.000000,0.000000
aggregate/count,500,0,32,0.000019875,1610063,805031447,0.000000,0.000000
aggregate/sum,500,0,32,0.000022667,1411744,705871972,0.000000,0.000000
aggregate/min,500,0,32,0.000020292,1576976,788488074,0.000000,0.000000
aggregate/max,500,0,32,0.000020333,1573796,786898146,0.000000,0.000000
aggregate/filtered_count,500,0,32,0.000011541,2772723,1386361667,0.000000,0.000000
aggregate/filtered_sum,500,0,32,0.000011583,2762669,1381334715,0.000000,0.000000
aggregate/empty_sum,500,0,32,0.000011459,2792565,1396282398,0.000000,0.000000
aggregate/count,1024,0,32,0.000035416,903546,925231534,0.000000,0.000000
aggregate/sum,1024,0,32,0.000035834,893007,914438801,0.000000,0.000000
aggregate/min,1024,0,32,0.000035792,894055,915511846,0.000000,0.000000
aggregate/max,1024,0,32,0.000035750,895105,916587413,0.000000,0.000000
aggregate/filtered_count,1024,0,32,0.000019167,1669536,1709605050,0.000000,0.000000
aggregate/filtered_sum,1024,0,32,0.000019292,1658719,1698527887,0.000000,0.000000
aggregate/empty_sum,1024,0,32,0.000019084,1676797,1717040453,0.000000,0.000000
aggregate/count,10240,0,32,0.000304042,105249,1077745838,0.000000,0.000000
aggregate/sum,10240,0,32,0.000304542,105076,1075976384,0.000000,0.000000
aggregate/min,10240,0,32,0.000304708,105019,1075390210,0.000000,0.000000
aggregate/max,10240,0,32,0.000304625,105047,1075683217,0.000000,0.000000
aggregate/filtered_count,10240,0,32,0.000156083,205019,2099395834,0.000000,0.000000
aggregate/filtered_sum,10240,0,32,0.000156208,204855,2097715866,0.000000,0.000000
aggregate/empty_sum,10240,0,32,0.000156000,205128,2100512821,0.000000,0.000000
aggregate/count,65536,0,32,0.001982291,16143,1057943561,0.000000,0.000000
aggregate/sum,65536,0,32,0.002047708,15627,1024146021,0.000000,0.000000
aggregate/min,65536,0,32,0.002053209,15585,1021402108,0.000000,0.000000
aggregate/max,65536,0,32,0.002062500,15515,1016800970,0.000000,0.000000
aggregate/filtered_count,65536,0,32,0.001064917,30049,1969310284,0.000000,0.000000
aggregate/filtered_sum,65536,0,32,0.001049667,30486,1997921245,0.000000,0.000000
aggregate/empty_sum,65536,0,32,0.001046666,30573,2003649684,0.000000,0.000000
aggregate/count,1048576,0,32,0.033751292,948,994167334,0.000000,0.000000
aggregate/sum,1048576,0,32,0.032915291,972,1019417753,0.000000,0.000000
aggregate/min,1048576,0,32,0.033914708,944,989376998,0.000000,0.000000
aggregate/max,1048576,0,32,0.034024333,941,986189266,0.000000,0.000000
aggregate/filtered_count,1048576,0,32,0.017318417,1848,1937499946,0.000000,0.000000
aggregate/filtered_sum,1048576,0,32,0.016894667,1894,1986096086,0.000000,0.000000
aggregate/empty_sum,1048576,0,32,0.017239208,1856,1946402178,0.000000,0.000000
aggregate/array_count,23,0,32,0.000005958,5370930,123531386,0.000000,0.000000
aggregate/array_sum,23,0,32,0.000007334,4363240,100354513,0.000000,0.000000
aggregate/array_min,23,0,32,0.000007291,4388973,100946372,0.000000,0.000000
aggregate/array_max,23,0,32,0.000007291,4388973,100946372,0.000000,0.000000
aggregate/sequence_sum,23,0,32,0.000013708,2334403,53691275,0.000000,0.000000
aggregate/computed_sum,23,0,32,0.000009541,3353946,77140761,0.000000,0.000000
aggregate/wide_filtered_sum,23,0,32,0.000025166,1271557,29245808,0.000000,0.000000
aggregate/array_count,409,0,32,0.000070667,452828,185206674,0.000000,0.000000
aggregate/array_sum,409,0,32,0.000095875,333768,136511082,0.000000,0.000000
aggregate/array_min,409,0,32,0.000092708,345170,141174440,0.000000,0.000000
aggregate/array_max,409,0,32,0.000092625,345479,141300945,0.000000,0.000000
aggregate/sequence_sum,409,0,32,0.000171750,186317,76203785,0.000000,0.000000
aggregate/computed_sum,409,0,32,0.000133125,240376,98313615,0.000000,0.000000
aggregate/wide_filtered_sum,409,0,32,0.000349250,91625,37474588,0.000000,0.000000
aggregate/array_count,4017,0,32,0.000547583,58439,234747974,0.000000,0.000000
aggregate/array_sum,4017,0,32,0.000754833,42393,170294621,0.000000,0.000000
aggregate/array_min,4017,0,32,0.000762167,41986,168655951,0.000000,0.000000
aggregate/array_max,4017,0,32,0.000772583,41419,166382123,0.000000,0.000000
aggregate/sequence_sum,4017,0,32,0.001359542,23537,94549488,0.000000,0.000000
aggregate/computed_sum,4017,0,32,0.001074750,29774,119603629,0.000000,0.000000
aggregate/wide_filtered_sum,4017,0,32,0.002947958,10855,43604420,0.000000,0.000000
aggregate/array_count,87201,0,32,0.009367958,3416,297869824,0.000000,0.000000
aggregate/array_sum,87201,0,32,0.013055625,2451,213734080,0.000000,0.000000
aggregate/array_min,87201,0,32,0.012687375,2522,219937694,0.000000,0.000000
aggregate/array_max,87201,0,32,0.012640084,2532,220760558,0.000000,0.000000
aggregate/sequence_sum,87201,0,32,0.021834500,1466,127799217,0.000000,0.000000
aggregate/computed_sum,87201,0,32,0.017846334,1793,156358835,0.000000,0.000000
aggregate/wide_filtered_sum,87201,0,32,0.050604083,632,55142428,0.000000,0.000000
aggregate/nested_sum,1036,0,32,0.000250208,127894,132497762,0.000000,0.000000
aggregate/nested_filtered_sum,1036,0,32,0.000447083,71575,74151779,0.000000,0.000000
aggregate/nested_filtered_count,1036,0,32,0.000448166,71402,73972591,0.000000,0.000000
aggregate/nested_sum,16396,0,32,0.003874500,8259,135416699,0.000000,0.000000
aggregate/nested_filtered_sum,16396,0,32,0.006965459,4594,75324828,0.000000,0.000000
aggregate/nested_filtered_count,16396,0,32,0.006922000,4623,75797746,0.000000,0.000000
aggregate/nested_sum,1048588,0,32,0.245176334,131,136859930,0.000000,0.000000
aggregate/nested_filtered_sum,1048588,0,32,0.441072625,73,76075490,0.000000,0.000000
aggregate/nested_filtered_count,1048588,0,32,0.436835709,73,76813354,0.000000,0.000000
aggregate/deep_sum,136,0,32,0.000427167,74912,10188053,0.000000,0.000000
aggregate/deep_filtered_sum,136,0,32,0.000432750,73946,10056615,0.000000,0.000000
compile/constructor,0,0,32,0.000092875,344549,0,84.000000,6697.000000
construct/raw_member,100,0,32,0.000006083,5260562,526056222,3.000000,168.000000
construct/raw_member_write,100,0,32,0.000008292,3859141,385914134,3.000000,168.000000
construct/scalars,100,0,32,0.000017083,1873207,187320728,3.000000,552.000000
construct/filtered_summary,100,0,32,0.000030209,1059287,105928697,5.000000,368.000000
construct/nested,100,0,32,0.000049875,641604,64160401,15.000000,1352.000000
construct/navigate,100,0,32,0.000017250,1855072,185507246,3.000000,168.000000
construct/raw_member,500,0,32,0.000012792,2501563,1250781739,3.000000,168.000000
construct/raw_member_write,500,0,32,0.000024708,1295127,647563542,3.000000,168.000000
construct/scalars,500,0,32,0.000037167,860979,430489413,3.000000,552.000000
construct/filtered_summary,500,0,32,0.000050000,640000,320000000,5.000000,368.000000
construct/nested,500,0,32,0.000077292,414014,207007193,15.000000,1352.000000
construct/navigate,500,0,32,0.000030750,1040650,520325203,3.000000,168.000000
construct/raw_member,1024,0,32,0.000021500,1488372,1524093023,3.000000,168.000000
construct/raw_member_write,1024,0,32,0.000044834,713744,730873890,3.000000,168.000000
construct/scalars,1024,0,32,0.000062375,513026,525338677,3.000000,552.000000
construct/filtered_summary,1024,0,32,0.000075583,423376,433536642,5.000000,368.000000
construct/nested,1024,0,32,0.000111000,288288,295207207,15.000000,1352.000000
construct/navigate,1024,0,32,0.000047792,669568,685637764,3.000000,168.000000
construct/raw_member,10240,0,32,0.000172834,185149,1895923256,3.000000,168.000000
construct/raw_member_write,10240,0,32,0.000400708,79859,817752578,3.000000,168.000000
construct/scalars,10240,0,32,0.000506125,63225,647428995,3.000000,552.000000
construct/filtered_summary,10240,0,32,0.000518750,61687,631672289,5.000000,368.000000
construct/nested,10240,0,32,0.000701125,45641,467363166,15.000000,1352.000000
construct/navigate,10240,0,32,0.000340292,94037,962937712,3.000000,168.000000
construct/raw_member,65536,0,32,0.001077667,29694,1946011152,3.000000,168.000000
construct/raw_member_write,65536,0,32,0.002529792,12649,828981987,3.000000,168.000000
construct/scalars,65536,0,32,0.003150375,10158,665683292,3.000000,552.000000
construct/filtered_summary,65536,0,32,0.003195708,10013,656240182,5.000000,368.000000
construct/nested,65536,0,32,0.004261833,7509,492077470,15.000000,1352.000000
construct/navigate,65536,0,32,0.002152583,14866,974249077,3.000000,168.000000
construct/raw_member,1048576,0,32,0.016691333,1917,2010290730,3.000000,168.000000
construct/raw_member_write,1048576,0,32,0.040741125,785,823601017,3.000000,168.000000
construct/scalars,1048576,0,32,0.050744667,631,661240560,3.000000,552.000000
construct/filtered_summary,1048576,0,32,0.049408042,648,679128956,5.000000,368.000000
construct/nested,1048576,0,32,0.067439666,474,497547423,15.000000,1352.000000
construct/navigate,1048576,0,32,0.034016500,941,986416357,3.000000,168.000000
construct/mapped_objects,262,0,32,0.000078000,410256,107487179,12.000000,1184.000000
construct/collected_objects,262,0,32,0.000080292,398545,104418871,15.000000,1352.000000
construct/collected_write,262,0,32,0.000086667,369229,96738089,15.000000,1352.000000
construct/filtered_aggregate,262,0,32,0.000089667,356876,93501511,3.000000,296.000000
construct/mapped_objects,4334,0,32,0.001179833,27122,117548840,192.000000,18944.000000
construct/collected_objects,4334,0,32,0.001186375,26973,116900643,199.000000,21992.000000
construct/collected_write,4334,0,32,0.001285417,24895,107893392,199.000000,21992.000000
construct/filtered_aggregate,4334,0,32,0.001256125,25475,110409394,3.000000,296.000000
construct/mapped_objects,36190,0,32,0.008978625,3564,128981888,1536.000000,151552.000000
construct/collected_objects,36190,0,32,0.009013208,3550,128486994,1546.000000,176104.000000
construct/collected_write,36190,0,32,0.009916958,3227,116777746,1546.000000,176104.000000
construct/filtered_aggregate,36190,0,32,0.009755417,3280,118711481,3.000000,296.000000
construct/mapped_objects,624958,0,32,0.146214875,219,136775797,24576.000000,2424832.000000
construct/collected_objects,624958,0,32,0.146791334,218,136238669,24590.000000,2818024.000000
construct/collected_write,624958,0,32,0.161915250,198,123513109,24590.000000,2818024.000000
construct/filtered_aggregate,624958,0,32,0.160086333,200,124924193,3.000000,296.000000
construct/nested_summary,1036,0,32,0.000851542,37579,38931726,3.000000,296.000000
construct/nested_summary,16396,0,32,0.013221625,2420,39682868,3.000000,296.000000
construct/nested_summary,1048588,0,32,0.842106208,38,39846299,3.000000,296.000000
compile/lexical,0,0,32,0.000049417,647550,0,40.000000,3016.000000
lexical/lookup,100,0,32,0.000012375,2585859,258585859,5.000000,504.000000
lexical/repeated_binding,100,0,32,0.000014875,2151261,215126050,5.000000,504.000000
lexical/retained_sequence,100,0,32,0.000019500,1641026,164102564,7.000000,648.000000
lexical/closure_call,100,0,32,0.000023209,1378775,137877548,8.000000,768.000000
lexical/escaped_closure,100,0,32,0.000026208,1221001,122100122,11.000000,1032.000000
lexical/mixed,100,0,32,0.000043791,730744,73074376,14.000000,1480.000000
lexical/lookup,500,0,32,0.000025375,1261084,630541872,5.000000,504.000000
lexical/repeated_binding,500,0,32,0.000028333,1129425,564712526,5.000000,504.000000
lexical/retained_sequence,500,0,32,0.000032708,978354,489176960,7.000000,648.000000
lexical/closure_call,500,0,32,0.000042792,747803,373901664,8.000000,768.000000
lexical/escaped_closure,500,0,32,0.000046750,684492,342245989,11.000000,1032.000000
lexical/mixed,500,0,32,0.000064041,499680,249839946,14.000000,1480.000000
lexical/lookup,1024,0,32,0.000042791,747821,765768503,5.000000,504.000000
lexical/repeated_binding,1024,0,32,0.000044917,712425,729523343,5.000000,504.000000
lexical/retained_sequence,1024,0,32,0.000049625,644836,660312343,7.000000,648.000000
lexical/closure_call,1024,0,32,0.000067750,472325,483660517,8.000000,768.000000
lexical/escaped_closure,1024,0,32,0.000071083,450178,460982232,11.000000,1032.000000
lexical/mixed,1024,0,32,0.000088125,363121,371835461,14.000000,1480.000000
lexical/lookup,10240,0,32,0.000339333,94303,965659102,5.000000,504.000000
lexical/repeated_binding,10240,0,32,0.000342708,93374,956149258,5.000000,504.000000
lexical/retained_sequence,10240,0,32,0.000346584,92330,945456224,7.000000,648.000000
lexical/closure_call,10240,0,32,0.000511333,62582,640834838,8.000000,768.000000
lexical/escaped_closure,10240,0,32,0.000514667,62176,636683525,11.000000,1032.000000
lexical/mixed,10240,0,32,0.000543292,58900,603137907,14.000000,1480.000000
lexical/lookup,65536,0,32,0.002141042,14946,979500636,5.000000,504.000000
lexical/repeated_binding,65536,0,32,0.002136167,14980,981735979,5.000000,504.000000
lexical/retained_sequence,65536,0,32,0.002132250,15008,983539454,7.000000,648.000000
lexical/closure_call,65536,0,32,0.003173667,10083,660797746,8.000000,768.000000
lexical/escaped_closure,65536,0,32,0.003176834,10073,660138994,11.000000,1032.000000
lexical/mixed,65536,0,32,0.003196042,10012,656171602,14.000000,1480.000000
lexical/lookup,1048576,0,32,0.033870125,945,990679308,5.000000,504.000000
lexical/repeated_binding,1048576,0,32,0.033938500,943,988683413,5.000000,504.000000
lexical/retained_sequence,1048576,0,32,0.034074833,939,984727702,7.000000,648.000000
lexical/closure_call,1048576,0,32,0.050645042,632,662541301,8.000000,768.000000
lexical/escaped_closure,1048576,0,32,0.050182542,638,668647515,11.000000,1032.000000
lexical/mixed,1048576,0,32,0.050318125,636,666845833,14.000000,1480.000000
lexical/mapped_calls,106,0,32,0.000067542,473779,50220603,25.000000,2392.000000
lexical/repeated_projection,106,0,32,0.000042125,759644,80522255,8.000000,840.000000
lexical/mapped_calls,1692,0,32,0.000876583,36505,61767112,269.000000,30232.000000
lexical/repeated_projection,1692,0,32,0.000357542,89500,151433957,12.000000,6600.000000
lexical/mapped_calls,14260,0,32,0.006177208,5180,73871561,2064.000000,238104.000000
lexical/repeated_projection,14260,0,32,0.002740417,11677,166514804,15.000000,49608.000000
lexical/mapped_calls,251044,0,32,0.096715166,331,83062547,32788.000000,3801624.000000
lexical/repeated_projection,251044,0,32,0.044786250,715,179372196,19.000000,786888.000000
lexical/nested_retention,1036,0,32,0.000482375,66338,68726613,10.000000,1992.000000
lexical/nested_retention,16396,0,32,0.007300584,4383,71867127,14.000000,25032.000000
lexical/nested_retention,1048588,0,32,0.453918708,70,73922523,20.000000,1573320.000000
compile/nested_fallback,0,0,32,0.000122792,260603,0,113.000000,8089.000000
compile/navigation,0,0,32,0.000066167,483625,0,55.000000,4655.000000
navigation/keep,100,0,32,0.000019000,1684211,168421053,2.000000,144.000000
navigation/wildcard,100,0,32,0.000031208,1025378,102537811,8.000000,1072.000000
navigation/descendants,100,0,32,0.000041708,767239,76723890,8.000000,1072.000000
navigation/ordering,100,0,32,0.000020916,1529929,152992924,6.000000,320.000000
navigation/grouping,100,0,32,0.000028667,1116266,111626609,11.000000,824.000000
navigation/membership,100,0,32,0.000020042,1596647,159664704,2.000000,32.000000
navigation/fallback,100,0,32,0.000010625,3011765,301176471,0.000000,0.000000
navigation/mixed,100,0,32,0.000033209,963594,96359421,11.000000,968.000000
navigation/keep,500,0,32,0.000030875,1036437,518218623,2.000000,144.000000
navigation/wildcard,500,0,32,0.000052167,613415,306707305,8.000000,1072.000000
navigation/descendants,500,0,32,0.000072458,441635,220817577,8.000000,1072.000000
navigation/ordering,500,0,32,0.000034375,930909,465454545,6.000000,320.000000
navigation/grouping,500,0,32,0.000042333,755911,377955732,11.000000,824.000000
navigation/membership,500,0,32,0.000032833,974629,487314592,2.000000,32.000000
navigation/fallback,500,0,32,0.000030625,1044898,522448980,0.000000,0.000000
navigation/mixed,500,0,32,0.000040958,781288,390644074,11.000000,968.000000
navigation/keep,1024,0,32,0.000047500,673684,689852632,2.000000,144.000000
navigation/wildcard,1024,0,32,0.000055959,571847,585571579,8.000000,1072.000000
navigation/descendants,1024,0,32,0.000092250,346883,355208672,8.000000,1072.000000
navigation/ordering,1024,0,32,0.000046500,688172,704688172,6.000000,320.000000
navigation/grouping,1024,0,32,0.000058959,542750,555776048,11.000000,824.000000
navigation/membership,1024,0,32,0.000049792,642674,658097686,2.000000,32.000000
navigation/fallback,1024,0,32,0.000055791,573569,587334875,0.000000,0.000000
navigation/mixed,1024,0,32,0.000055375,577878,591747178,11.000000,968.000000
navigation/keep,10240,0,32,0.000337959,94686,969585068,2.000000,144.000000
navigation/wildcard,10240,0,32,0.000349875,91461,936563058,8.000000,1072.000000
navigation/descendants,10240,0,32,0.000676750,47285,484196528,8.000000,1072.000000
navigation/ordering,10240,0,32,0.000354042,90385,925539908,6.000000,320.000000
navigation/grouping,10240,0,32,0.000356042,89877,920340859,11.000000,824.000000
navigation/membership,10240,0,32,0.000364208,87862,899705663,2.000000,32.000000
navigation/fallback,10240,0,32,0.000452167,70770,724688002,0.000000,0.000000
navigation/mixed,10240,0,32,0.000324958,98474,1008376467,11.000000,968.000000
navigation/keep,65536,0,32,0.002098500,15249,999357636,2.000000,144.000000
navigation/wildcard,65536,0,32,0.002151709,14872,974644806,8.000000,1072.000000
navigation/descendants,65536,0,32,0.004234958,7556,495200189,8.000000,1072.000000
navigation/ordering,65536,0,32,0.002163292,14792,969426226,6.000000,320.000000
navigation/grouping,65536,0,32,0.002149750,14885,975532969,11.000000,824.000000
navigation/membership,65536,0,32,0.002136875,14975,981410705,2.000000,32.000000
navigation/fallback,65536,0,32,0.003158709,10131,663926940,0.000000,0.000000
navigation/mixed,65536,0,32,0.002158334,14826,971653136,11.000000,968.000000
navigation/keep,1048576,0,32,0.034001291,941,986857587,2.000000,144.000000
navigation/wildcard,1048576,0,32,0.033805958,947,992559714,8.000000,1072.000000
navigation/descendants,1048576,0,32,0.067441542,474,497533582,8.000000,1072.000000
navigation/ordering,1048576,0,32,0.034026750,940,986119215,6.000000,320.000000
navigation/grouping,1048576,0,32,0.034016208,941,986424824,11.000000,824.000000
navigation/membership,1048576,0,32,0.033921000,943,989193479,2.000000,32.000000
navigation/fallback,1048576,0,32,0.050746458,631,661217222,0.000000,0.000000
navigation/mixed,1048576,0,32,0.034058709,940,985193890,11.000000,968.000000
navigation/wide_sort,250,0,32,0.000089458,357710,89427441,7.000000,752.000000
navigation/wide_group,250,0,32,0.000073625,434635,108658744,10.000000,1016.000000
navigation/wide_descendants,250,0,32,0.000123791,258500,64625054,20.000000,2680.000000
navigation/range,250,0,32,0.000032292,990958,247739378,4.000000,360.000000
navigation/wide_sort,4144,0,32,0.002288917,13980,57934822,11.000000,11312.000000
navigation/wide_group,4144,0,32,0.000948333,33743,139832738,18.000000,9656.000000
navigation/wide_descendants,4144,0,32,0.001796625,17811,73809504,260.000000,34840.000000
navigation/range,4144,0,32,0.000412708,77537,321311920,8.000000,6120.000000
navigation/wide_sort,34657,0,32,0.023996083,1334,46216876,14.000000,90160.000000
navigation/wide_group,34657,0,32,0.007292500,4388,152077340,24.000000,74168.000000
navigation/wide_descendants,34657,0,32,0.013980792,2289,79324834,2052.000000,274968.000000
navigation/range,34657,0,32,0.003603625,8880,307752333,11.000000,49128.000000
navigation/wide_sort,600386,0,32,0.521153334,61,36865066,18.000000,1441840.000000
navigation/wide_group,600386,0,32,0.118620375,270,161965025,32.000000,1180088.000000
navigation/wide_descendants,600386,0,32,0.228941084,140,83918324,32772.000000,4391448.000000
navigation/range,600386,0,32,0.054244417,590,354181187,15.000000,786408.000000
navigation/distinct_groups,194,0,32,0.000065333,489798,95020893,5.000000,1464.000000
navigation/distinct_groups,3246,0,32,0.003076792,10400,33759838,10.000000,36664.000000
navigation/distinct_groups,27486,0,32,0.144664084,221,6079961,13.000000,294712.000000
navigation/deep_descendants,24,0,32,0.000025542,1252838,30068123,4.000000,536.000000
navigation/deep_descendants,72,0,32,0.000174125,183776,13231874,4.000000,536.000000
navigation/deep_descendants,136,0,32,0.000851459,37583,5111227,4.000000,536.000000
compiler/lookup_8_hit,501,0,32,0.000012583,2543114,1274099976,0.000000,0.000000
rust/lookup_8_hit,501,0,32,0.000009750,3282051,1644307692,0.000000,0.000000
compiler/lookup_8_miss,501,0,32,0.000009917,3226782,1616617929,0.000000,0.000000
rust/lookup_8_miss,501,0,32,0.000009625,3324675,1665662338,0.000000,0.000000
compiler/varying_lookup_8,501,0,32,0.000013042,2453611,1229259316,0.000000,0.000000
rust/varying_lookup_8,501,0,32,0.000009750,3282051,1644307692,0.000000,0.000000
compiler/bound_lookup_8,16,0,32,0.000011209,2854849,45677581,6.000000,520.000000
compile/lookup_8,0,0,32,0.000114750,278867,0,60.000000,5921.000000
compiler/lookup_128_hit,501,0,32,0.000014583,2194336,1099362271,0.000000,0.000000
rust/lookup_128_hit,501,0,32,0.000009708,3296251,1651421508,0.000000,0.000000
compiler/lookup_128_miss,501,0,32,0.000010500,3047619,1526857143,0.000000,0.000000
rust/lookup_128_miss,501,0,32,0.000009458,3383379,1695072954,0.000000,0.000000
compiler/varying_lookup_128,501,0,32,0.000016000,2000000,1002000000,0.000000,0.000000
rust/varying_lookup_128,501,0,32,0.000009875,3240506,1623493671,0.000000,0.000000
compiler/bound_lookup_128,16,0,32,0.000013708,2334403,37350452,6.000000,520.000000
compile/lookup_128,0,0,32,0.005681917,5632,0,669.000000,101721.000000
compiler/lookup_1024_hit,501,0,32,0.000015833,2021095,1012568686,0.000000,0.000000
rust/lookup_1024_hit,501,0,32,0.000009750,3282051,1644307692,0.000000,0.000000
compiler/lookup_1024_miss,501,0,32,0.000011167,2865586,1435658637,0.000000,0.000000
rust/lookup_1024_miss,501,0,32,0.000009625,3324675,1665662338,0.000000,0.000000
compiler/varying_lookup_1024,501,0,32,0.000017792,1798561,901079137,0.000000,0.000000
rust/varying_lookup_1024,501,0,32,0.000010500,3047619,1526857143,0.000000,0.000000
compiler/bound_lookup_1024,16,0,32,0.000015542,2058937,32942993,6.000000,520.000000
compile/lookup_1024,0,0,32,0.262340250,122,0,5156.000000,820441.000000
compiler/lookup_4096_hit,501,0,32,0.000018042,1773639,888593282,0.000000,0.000000
rust/lookup_4096_hit,501,0,32,0.000009584,3338898,1672787980,0.000000,0.000000
compiler/lookup_4096_miss,501,0,32,0.000011459,2792565,1399074963,0.000000,0.000000
rust/lookup_4096_miss,501,0,32,0.000009666,3310573,1658597145,0.000000,0.000000
compiler/varying_lookup_4096,501,0,32,0.000019375,1651613,827458065,0.000000,0.000000
rust/varying_lookup_4096,501,0,32,0.000013917,2299346,1151972408,0.000000,0.000000
compiler/bound_lookup_4096,16,0,32,0.000016917,1891588,30265413,6.000000,520.000000
compile/lookup_4096,0,0,32,3.390842709,9,0,20520.000000,3281113.000000
compiler/constant_scalar,100,0,32,0.000003042,10519395,1051939513,0.000000,0.000000
compiler/repeated_fields,100,0,32,0.000006416,4987531,498753117,0.000000,0.000000
compiler/dynamic_leaves,100,0,32,0.000005709,5605185,560518480,3.000000,152.000000
compiler/filtered_sum,100,0,32,0.000006417,4986754,498675393,0.000000,0.000000
compiler/invariant_aggregate,100,0,32,0.000007042,4544164,454416359,0.000000,0.000000
compiler/builtin_reference,100,0,32,0.000003084,10376135,1037613489,0.000000,0.000000
compiler/static_array,100,0,32,0.000003458,9253904,925390399,1.000000,16.000000
compiler/constant_membership,100,0,32,0.000010625,3011765,301176471,1.000000,16.000000
compiler/lookup_record,100,0,32,0.000007708,4151531,415153088,0.000000,0.000000
rust/repeated_fields,100,0,32,0.000003958,8084891,808489136,0.000000,0.000000
compiler/constant_scalar,500,0,32,0.000009917,3226782,1613391147,0.000000,0.000000
compiler/repeated_fields,500,0,32,0.000012583,2543114,1271556862,0.000000,0.000000
compiler/dynamic_leaves,500,0,32,0.000012584,2542912,1271455817,3.000000,152.000000
compiler/filtered_sum,500,0,32,0.000013250,2415094,1207547170,0.000000,0.000000
compiler/invariant_aggregate,500,0,32,0.000020667,1548362,774181062,0.000000,0.000000
compiler/builtin_reference,500,0,32,0.000009917,3226782,1613391147,0.000000,0.000000
compiler/static_array,500,0,32,0.000010250,3121951,1560975610,1.000000,16.000000
compiler/constant_membership,500,0,32,0.000024125,1326425,663212435,1.000000,16.000000
compiler/lookup_record,500,0,32,0.000014541,2200674,1100336978,0.000000,0.000000
rust/repeated_fields,500,0,32,0.000010708,2988420,1494209936,0.000000,0.000000
compiler/constant_scalar,1024,0,32,0.000018500,1729730,1771243243,0.000000,0.000000
compiler/repeated_fields,1024,0,32,0.000021416,1494210,1530070975,0.000000,0.000000
compiler/dynamic_leaves,1024,0,32,0.000021209,1508793,1545004479,3.000000,152.000000
compiler/filtered_sum,1024,0,32,0.000021625,1479769,1515283237,0.000000,0.000000
compiler/invariant_aggregate,1024,0,32,0.000037583,851449,871883564,0.000000,0.000000
compiler/builtin_reference,1024,0,32,0.000018542,1725812,1767231151,0.000000,0.000000
compiler/static_array,1024,0,32,0.000018917,1691600,1732198552,1.000000,16.000000
compiler/constant_membership,1024,0,32,0.000041292,774969,793567761,1.000000,16.000000
compiler/lookup_record,1024,0,32,0.000023125,1383784,1416994595,0.000000,0.000000
rust/repeated_fields,1024,0,32,0.000019167,1669536,1709605050,0.000000,0.000000
compiler/constant_scalar,10240,0,32,0.000173125,184838,1892736462,0.000000,0.000000
compiler/repeated_fields,10240,0,32,0.000172500,185507,1899594203,0.000000,0.000000
compiler/dynamic_leaves,10240,0,32,0.000172417,185597,1900508651,3.000000,152.000000
compiler/filtered_sum,10240,0,32,0.000173083,184882,1893195750,0.000000,0.000000
compiler/invariant_aggregate,10240,0,32,0.000339167,94349,966131729,0.000000,0.000000
compiler/builtin_reference,10240,0,32,0.000169583,188698,1932269154,0.000000,0.000000
compiler/static_array,10240,0,32,0.000169958,188282,1928005743,1.000000,16.000000
compiler/constant_membership,10240,0,32,0.000341042,93830,960820075,1.000000,16.000000
compiler/lookup_record,10240,0,32,0.000174084,183819,1882309690,0.000000,0.000000
rust/repeated_fields,10240,0,32,0.000170209,188004,1925162594,0.000000,0.000000
compiler/constant_scalar,1048576,0,32,0.017268958,1853,1943049025,0.000000,0.000000
compiler/repeated_fields,1048576,0,32,0.016713917,1915,2007574406,0.000000,0.000000
compiler/dynamic_leaves,1048576,0,32,0.017247625,1855,1945452316,3.000000,152.000000
compiler/filtered_sum,1048576,0,32,0.017263625,1854,1943649263,0.000000,0.000000
compiler/invariant_aggregate,1048576,0,32,0.033873791,945,990572092,0.000000,0.000000
compiler/builtin_reference,1048576,0,32,0.017264042,1854,1943602315,0.000000,0.000000
compiler/static_array,1048576,0,32,0.017258792,1854,1944193545,1.000000,16.000000
compiler/constant_membership,1048576,0,32,0.033981625,942,987428706,1.000000,16.000000
compiler/lookup_record,1048576,0,32,0.017280708,1852,1941727851,0.000000,0.000000
rust/repeated_fields,1048576,0,32,0.016795625,1905,1997807882,0.000000,0.000000
compile/execution,0,0,32,0.000114583,279274,0,132.000000,8000.000000
execution/arithmetic,100,0,32,0.000005083,6295495,629549479,0.000000,0.000000
execution/comparison,100,0,32,0.000005208,6144393,614439324,0.000000,0.000000
execution/conditional,100,0,32,0.000004834,6619777,661977658,0.000000,0.000000
execution/constructor,100,0,32,0.000006041,5297136,529713624,3.000000,152.000000
rust/execution_arithmetic,100,0,32,0.000003042,10519395,1051939513,0.000000,0.000000
rust/execution_constructor,100,0,32,0.000003000,10666667,1066666667,0.000000,0.000000
execution/arithmetic,500,0,32,0.000010667,2999906,1499953126,0.000000,0.000000
execution/comparison,500,0,32,0.000010875,2942529,1471264368,0.000000,0.000000
execution/conditional,500,0,32,0.000011750,2723404,1361702128,0.000000,0.000000
execution/constructor,500,0,32,0.000013458,2377768,1188883935,3.000000,152.000000
rust/execution_arithmetic,500,0,32,0.000010083,3173659,1586829317,0.000000,0.000000
rust/execution_constructor,500,0,32,0.000010083,3173659,1586829317,0.000000,0.000000
execution/arithmetic,1024,0,32,0.000020542,1557784,1595170869,0.000000,0.000000
execution/comparison,1024,0,32,0.000020500,1560976,1598439024,0.000000,0.000000
execution/conditional,1024,0,32,0.000018792,1702852,1743720732,0.000000,0.000000
execution/constructor,1024,0,32,0.000020084,1593308,1631547500,3.000000,152.000000
rust/execution_arithmetic,1024,0,32,0.000018625,1718121,1759355705,0.000000,0.000000
rust/execution_constructor,1024,0,32,0.000018583,1722004,1763332078,0.000000,0.000000
execution/arithmetic,10240,0,32,0.000155584,205677,2106129165,0.000000,0.000000
execution/comparison,10240,0,32,0.000156875,203984,2088796813,0.000000,0.000000
execution/conditional,10240,0,32,0.000168334,190098,1946606152,0.000000,0.000000
execution/constructor,10240,0,32,0.000165375,193500,1981436130,3.000000,152.000000
rust/execution_arithmetic,10240,0,32,0.000164375,194677,1993490494,0.000000,0.000000
rust/execution_constructor,10240,0,32,0.000169750,188513,1930368189,0.000000,0.000000
execution/arithmetic,1048576,0,32,0.017218500,1858,1948743038,0.000000,0.000000
execution/comparison,1048576,0,32,0.017276792,1852,1942167967,0.000000,0.000000
execution/conditional,1048576,0,32,0.017226458,1858,1947842789,0.000000,0.000000
execution/constructor,1048576,0,32,0.017324834,1847,1936782309,3.000000,152.000000
rust/execution_arithmetic,1048576,0,32,0.017195375,1861,1951363782,0.000000,0.000000
rust/execution_constructor,1048576,0,32,0.017223708,1858,1948153789,0.000000,0.000000
execution/filtered_sum,74,0,32,0.000018417,1737525,128576858,0.000000,0.000000
execution/mapped_sum,74,0,32,0.000018458,1733666,128291256,0.000000,0.000000
rust/execution_filtered_sum,74,0,32,0.000007583,4219966,312277463,0.000000,0.000000
execution/filtered_sum,1082,0,32,0.000275875,115995,125506117,0.000000,0.000000
execution/mapped_sum,1082,0,32,0.000295583,108261,117137995,0.000000,0.000000
rust/execution_filtered_sum,1082,0,32,0.000104583,305977,331067191,0.000000,0.000000
execution/filtered_sum,8586,0,32,0.002143917,14926,128154215,0.000000,0.000000
execution/mapped_sum,8586,0,32,0.002259875,14160,121578406,0.000000,0.000000
rust/execution_filtered_sum,8586,0,32,0.000801125,39944,342957716,0.000000,0.000000
execution/filtered_sum,137226,0,32,0.033982083,942,129221979,0.000000,0.000000
execution/mapped_sum,137226,0,32,0.036091583,887,121669144,0.000000,0.000000
rust/execution_filtered_sum,137226,0,32,0.013706875,2335,320367115,0.000000,0.000000
execution/lookup_8192,501,0,32,0.000017875,1790210,896895105,0.000000,0.000000
rust/execution_lookup_8192,501,0,32,0.000009916,3227108,1616780960,0.000000,0.000000
execution/type_fallback,16,0,32,0.000004917,6508033,104128534,0.000000,0.000000
plan/branch,100,0,32,0.000004792,6677796,667779633,0.000000,0.000000
plan/boolean,100,0,32,0.000006083,5260562,526056222,0.000000,0.000000
plan/object,100,0,32,0.000006250,5120000,512000000,3.000000,248.000000
plan/branch,500,0,32,0.000011625,2752688,1376344086,0.000000,0.000000
plan/boolean,500,0,32,0.000012875,2485437,1242718447,0.000000,0.000000
plan/object,500,0,32,0.000013084,2445735,1222867625,3.000000,248.000000
plan/branch,1024,0,32,0.000020166,1586829,1624913220,0.000000,0.000000
plan/boolean,1024,0,32,0.000021333,1500023,1536024000,0.000000,0.000000
plan/object,1024,0,32,0.000020209,1583453,1621455787,3.000000,248.000000
plan/branch,10240,0,32,0.000168667,189723,1942762959,0.000000,0.000000
plan/boolean,10240,0,32,0.000168667,189723,1942762959,0.000000,0.000000
plan/object,10240,0,32,0.000167250,191330,1959222720,3.000000,248.000000
plan/branch,1048576,0,32,0.017253916,1855,1944742979,0.000000,0.000000
plan/boolean,1048576,0,32,0.017286750,1851,1941049185,0.000000,0.000000
plan/object,1048576,0,32,0.017257167,1854,1944376618,3.000000,248.000000
plan/lookup_branch,490,0,32,0.000018916,1691690,828927892,0.000000,0.000000
plan/lookup_quote,490,0,32,0.000019333,1655201,811048466,0.000000,0.000000
plan/invoice_sum,58,0,32,0.000005667,5646727,327510146,0.000000,0.000000
rust/plan_invoice,58,0,32,0.000005334,5999250,347956505,0.000000,0.000000
plan/invoice_object,58,0,32,0.000011500,2782609,161391304,3.000000,296.000000
plan/mapped_objects,58,0,32,0.000014125,2265487,131398230,2.000000,136.000000
plan/invoice_sum,300,0,32,0.000034750,920863,276258993,0.000000,0.000000
rust/plan_invoice,300,0,32,0.000031875,1003922,301176471,0.000000,0.000000
plan/invoice_object,300,0,32,0.000047416,674878,202463304,3.000000,296.000000
plan/mapped_objects,300,0,32,0.000075791,422214,126664116,16.000000,1088.000000
plan/invoice_sum,4488,0,32,0.000543167,58914,264404870,0.000000,0.000000
rust/plan_invoice,4488,0,32,0.000492167,65019,291803392,0.000000,0.000000
plan/invoice_object,4488,0,32,0.000663250,48247,216533735,3.000000,296.000000
plan/mapped_objects,4488,0,32,0.001130250,28312,127065693,256.000000,17408.000000
plan/invoice_sum,35736,0,32,0.004351167,7354,262815010,0.000000,0.000000
rust/plan_invoice,35736,0,32,0.003863166,8283,296014202,0.000000,0.000000
plan/invoice_object,35736,0,32,0.005247875,6098,217907629,3.000000,296.000000
plan/mapped_objects,35736,0,32,0.008614334,3715,132749903,2048.000000,139264.000000
plan/invoice_sum,571416,0,32,0.067783459,472,269760680,0.000000,0.000000
rust/plan_invoice,571416,0,32,0.061926041,517,295276619,0.000000,0.000000
plan/invoice_object,571416,0,32,0.084354833,379,216766620,3.000000,296.000000
plan/mapped_objects,571416,0,32,0.139161417,230,131396420,32768.000000,2228224.000000
plan/wide_fields,7583,0,32,0.000279709,114405,867530183,0.000000,0.000000
plan/untaken_branch,496,0,32,0.000010958,2920241,1448439496,0.000000,0.000000
compile/plan_branch,0,0,32,0.000057375,557734,0,84.000000,3940.000000
demand/nested,100,0,32,0.000004667,6856653,685665310,0.000000,0.000000
demand/branch,100,0,32,0.000005084,6294256,629425649,0.000000,0.000000
demand/repeated,100,0,32,0.000004250,7529412,752941176,0.000000,0.000000
demand/untaken_nested,101,0,32,0.000004292,7455732,753028891,0.000000,0.000000
demand/nested,500,0,32,0.000011417,2802838,1401418937,0.000000,0.000000
demand/branch,500,0,32,0.000011750,2723404,1361702128,0.000000,0.000000
demand/repeated,500,0,32,0.000010916,2931477,1465738366,0.000000,0.000000
demand/untaken_nested,501,0,32,0.000011083,2887305,1446539746,0.000000,0.000000
demand/nested,1024,0,32,0.000020042,1596647,1634966570,0.000000,0.000000
demand/branch,1024,0,32,0.000020334,1573719,1611488148,0.000000,0.000000
demand/repeated,1024,0,32,0.000019583,1634070,1673288056,0.000000,0.000000
demand/untaken_nested,1025,0,32,0.000019584,1633987,1674836601,0.000000,0.000000
demand/nested,10240,0,32,0.000179833,177943,1822134981,0.000000,0.000000
demand/branch,10240,0,32,0.000187333,170819,1749184607,0.000000,0.000000
demand/repeated,10240,0,32,0.000170708,187455,1919535113,0.000000,0.000000
demand/untaken_nested,10241,0,32,0.000171000,187135,1916444444,0.000000,0.000000
demand/nested,1048576,0,32,0.017146208,1866,1956959346,0.000000,0.000000
demand/branch,1048576,0,32,0.017207541,1860,1949984138,0.000000,0.000000
demand/repeated,1048576,0,32,0.017189917,1862,1951983363,0.000000,0.000000
demand/untaken_nested,1048577,0,32,0.017202708,1860,1950533835,0.000000,0.000000
demand/nested_fold,546,0,32,0.000126458,253048,138164450,0.000000,0.000000
demand/nested_fold_plan,546,0,32,0.000053417,599060,327086882,0.000000,0.000000
demand/nested_fold,8454,0,32,0.001928334,16595,140291049,0.000000,0.000000
demand/nested_fold_plan,8454,0,32,0.000834292,38356,324260571,0.000000,0.000000
demand/nested_fold,67478,0,32,0.015300834,2091,141122765,0.000000,0.000000
demand/nested_fold_plan,67478,0,32,0.006632875,4824,325544504,0.000000,0.000000
demand/wide_nested,1137,0,32,0.000038208,837521,952261307,0.000000,0.000000
demand/wide_nested,38497,0,32,0.001146458,27912,1074530423,0.000000,0.000000
demand/wide_nested,323265,0,32,0.009133375,3504,1132602132,0.000000,0.000000
demand/repeated_lookup,100,0,32,0.000015334,2086866,208686579,0.000000,0.000000
demand/repeated_lookup,500,0,32,0.000022750,1406593,703296703,0.000000,0.000000
demand/repeated_lookup,10240,0,32,0.000182875,174983,1791825017,0.000000,0.000000
demand/repeated_lookup,1048576,0,32,0.017307375,1849,1938736059,0.000000,0.000000
compile/scoped_path,0,0,32,0.000048375,661499,0,41.000000,4133.000000
tuple/index,100,0,32,0.000019041,1680584,168058400,11.000000,1104.000000
tuple/filter_sum,100,0,32,0.000029083,1100299,110029914,13.000000,1648.000000
tuple/plan_leaves,100,0,32,0.000036250,882759,88275862,17.000000,1696.000000
tuple/kept,100,0,32,0.000025958,1232761,123276061,14.000000,1408.000000
tuple/ordered,100,0,32,0.000039500,810127,81012658,23.000000,2216.000000
tuple/index,500,0,32,0.000032583,982107,491053617,11.000000,1104.000000
tuple/filter_sum,500,0,32,0.000042917,745625,372812638,13.000000,1648.000000
tuple/plan_leaves,500,0,32,0.000049625,644836,322418136,17.000000,1696.000000
tuple/kept,500,0,32,0.000039375,812698,406349206,14.000000,1408.000000
tuple/ordered,500,0,32,0.000052459,610000,305000095,23.000000,2216.000000
tuple/index,1024,0,32,0.000049583,645382,660871670,11.000000,1104.000000
tuple/filter_sum,1024,0,32,0.000059209,540458,553429377,13.000000,1648.000000
tuple/plan_leaves,1024,0,32,0.000070375,454707,465619893,17.000000,1696.000000
tuple/kept,1024,0,32,0.000056625,565121,578684327,14.000000,1408.000000
tuple/ordered,1024,0,32,0.000068875,464610,475760436,23.000000,2216.000000
tuple/index,10240,0,32,0.000346875,92252,944663063,11.000000,1104.000000
tuple/filter_sum,10240,0,32,0.000356583,89741,918944537,13.000000,1648.000000
tuple/plan_leaves,10240,0,32,0.000364042,87902,900115921,17.000000,1696.000000
tuple/kept,10240,0,32,0.000353625,90491,926631318,14.000000,1408.000000
tuple/ordered,10240,0,32,0.000367000,87193,892861035,23.000000,2216.000000
tuple/index,1048576,0,32,0.033899792,944,989812327,11.000000,1104.000000
tuple/filter_sum,1048576,0,32,0.037949625,843,884183493,13.000000,1648.000000
tuple/plan_leaves,1048576,0,32,0.033912125,944,989452357,17.000000,1696.000000
tuple/kept,1048576,0,32,0.033875417,945,990524545,14.000000,1408.000000
tuple/ordered,1048576,0,32,0.033974458,942,987637007,23.000000,2216.000000
tuple/wide_sum,440,0,32,0.000108750,294253,129471264,34.000000,4288.000000
tuple/nested_sum,440,0,32,0.000193750,165161,72670968,94.000000,10048.000000
tuple/join_sum,440,0,32,0.000440417,72658,31969701,78.000000,9792.000000
tuple/join_bound,440,0,32,0.000323000,99071,43591331,71.000000,8160.000000
tuple/group,440,0,32,0.000161791,197786,87025854,67.000000,6944.000000
tuple/negative_index,440,0,32,0.000076583,417847,183852813,32.000000,3808.000000
tuple/wide_sum,6666,0,32,0.001578625,20271,135125188,454.000000,57088.000000
tuple/nested_sum,6666,0,32,0.002826416,11322,75470844,1414.000000,149248.000000
tuple/join_sum,6666,0,32,0.030523167,1048,6988528,1158.000000,145152.000000
tuple/join_bound,6666,0,32,0.004995791,6405,42698343,1031.000000,116640.000000
tuple/group,6666,0,32,0.002103958,15209,101386054,467.000000,86624.000000
tuple/negative_index,6666,0,32,0.000969625,33002,219994328,396.000000,54688.000000
tuple/wide_sum,56043,0,32,0.012745625,2511,140705222,3590.000000,451328.000000
tuple/nested_sum,56043,0,32,0.022888708,1398,78351998,11270.000000,1188608.000000
tuple/join_sum,56043,0,32,1.674893917,19,1070740,9222.000000,1155840.000000
tuple/join_bound,56043,0,32,0.038636500,828,46416627,8199.000000,926624.000000
tuple/group,56043,0,32,0.015714875,2036,114119648,3185.000000,681568.000000
tuple/negative_index,56043,0,32,0.007417542,4314,241774971,3087.000000,434592.000000
compile/builtins,0,0,32,0.000058708,545071,0,53.000000,4192.000000
builtin/length,100,0,32,0.000008875,3605634,360563380,0.000000,0.000000
builtin/normalize,100,0,32,0.000024875,1286432,128643216,23.000000,387.000000
builtin/split_join,100,0,32,0.000037041,863908,86390756,37.000000,792.000000
builtin/numeric,100,0,32,0.000009083,3523065,352306507,0.000000,0.000000
builtin/average,100,0,32,0.000008875,3605634,360563380,0.000000,0.000000
builtin/type,100,0,32,0.000007833,4085280,408528022,0.000000,0.000000
builtin/keys,100,0,32,0.000016292,1964154,196415419,8.000000,468.000000
builtin/map_builtin,100,0,32,0.000015250,2098361,209836066,3.000000,224.000000
builtin/map_closure,100,0,32,0.000029209,1095553,109555274,11.000000,1208.000000
builtin/reduce,100,0,32,0.000022417,1427488,142748807,8.000000,904.000000
builtin/sift,100,0,32,0.000026834,1192517,119251696,15.000000,1300.000000
builtin/length,500,0,32,0.000022000,1454545,727272727,0.000000,0.000000
builtin/normalize,500,0,32,0.000038500,831169,415584416,23.000000,387.000000
builtin/split_join,500,0,32,0.000050375,635236,317617866,37.000000,792.000000
builtin/numeric,500,0,32,0.000022417,1427488,713744034,0.000000,0.000000
builtin/average,500,0,32,0.000022083,1449078,724539238,0.000000,0.000000
builtin/type,500,0,32,0.000021208,1508865,754432290,0.000000,0.000000
builtin/keys,500,0,32,0.000029750,1075630,537815126,8.000000,468.000000
builtin/map_builtin,500,0,32,0.000028500,1122807,561403509,3.000000,224.000000
builtin/map_closure,500,0,32,0.000049292,649193,324596283,11.000000,1208.000000
builtin/reduce,500,0,32,0.000036208,883783,441891295,8.000000,904.000000
builtin/sift,500,0,32,0.000040958,781288,390644074,15.000000,1300.000000
builtin/length,1024,0,32,0.000039167,817014,836622667,0.000000,0.000000
builtin/normalize,1024,0,32,0.000055250,579186,593085973,23.000000,387.000000
builtin/split_join,1024,0,32,0.000067792,472032,483360869,37.000000,792.000000
builtin/numeric,1024,0,32,0.000039667,806716,826077092,0.000000,0.000000
builtin/average,1024,0,32,0.000039292,814415,833961112,0.000000,0.000000
builtin/type,1024,0,32,0.000038250,836601,856679739,0.000000,0.000000
builtin/keys,1024,0,32,0.000046459,688779,705310058,8.000000,468.000000
builtin/map_builtin,1024,0,32,0.000045333,705888,722828844,3.000000,224.000000
builtin/map_closure,1024,0,32,0.000074708,428334,438614338,11.000000,1208.000000
builtin/reduce,1024,0,32,0.000052959,604241,618742801,8.000000,904.000000
builtin/sift,1024,0,32,0.000057000,561404,574877193,15.000000,1300.000000
builtin/length,10240,0,32,0.000336125,95203,974875418,0.000000,0.000000
builtin/normalize,10240,0,32,0.000352000,90909,930909091,23.000000,387.000000
builtin/split_join,10240,0,32,0.000363833,87952,900632983,37.000000,792.000000
builtin/numeric,10240,0,32,0.000336541,95085,973670370,0.000000,0.000000
builtin/average,10240,0,32,0.000336334,95144,974269625,0.000000,0.000000
builtin/type,10240,0,32,0.000335292,95439,977297400,0.000000,0.000000
builtin/keys,10240,0,32,0.000366958,87203,892963227,8.000000,468.000000
builtin/map_builtin,10240,0,32,0.000311625,102688,1051520257,3.000000,224.000000
builtin/map_closure,10240,0,32,0.000518167,61756,632382996,11.000000,1208.000000
builtin/reduce,10240,0,32,0.000350125,91396,935894323,8.000000,904.000000
builtin/sift,10240,0,32,0.000354416,90289,924563225,15.000000,1300.000000
builtin/length,1048576,0,32,0.033801958,947,992677170,0.000000,0.000000
builtin/normalize,1048576,0,32,0.033828584,946,991895848,23.000000,387.000000
builtin/split_join,1048576,0,32,0.033883333,944,990293133,37.000000,792.000000
builtin/numeric,1048576,0,32,0.033895167,944,989947387,0.000000,0.000000
builtin/average,1048576,0,32,0.033804583,947,992600086,0.000000,0.000000
builtin/type,1048576,0,32,0.033798500,947,992778733,0.000000,0.000000
builtin/keys,1048576,0,32,0.033887958,944,990157979,8.000000,468.000000
builtin/map_builtin,1048576,0,32,0.033264334,962,1008720992,3.000000,224.000000
builtin/map_closure,1048576,0,32,0.051934500,616,646091365,11.000000,1208.000000
builtin/reduce,1048576,0,32,0.033885500,944,990229803,8.000000,904.000000
builtin/sift,1048576,0,32,0.033880834,944,990366176,15.000000,1300.000000
builtin/filter_reduce,285,0,32,0.000125167,255658,72862655,32.000000,3720.000000
builtin/planned_average,285,0,32,0.000027709,1154859,329134938,0.000000,0.000000
builtin/grouped_average,285,0,32,0.000070416,454442,129516019,10.000000,1016.000000
builtin/ordered_labels,285,0,32,0.000212792,150382,42858754,137.000000,4657.000000
builtin/merged_objects,285,0,32,0.000208708,153324,43697415,131.000000,8296.000000
builtin/each_group,285,0,32,0.000096500,331606,94507772,31.000000,2820.000000
builtin/distinct,285,0,32,0.000049709,643747,183467782,5.000000,480.000000
builtin/filter_reduce,4537,0,32,0.001817334,17608,79888452,396.000000,52680.000000
builtin/planned_average,4537,0,32,0.000428625,74657,338720327,0.000000,0.000000
builtin/grouped_average,4537,0,32,0.000916500,34915,158411348,18.000000,9656.000000
builtin/ordered_labels,4537,0,32,0.004119042,7769,35247031,1953.000000,73147.000000
builtin/merged_objects,4537,0,32,0.004897292,6534,29645772,2176.000000,138352.000000
builtin/each_group,4537,0,32,0.000944208,33891,153762730,39.000000,11460.000000
builtin/distinct,4537,0,32,0.000690041,46374,210399092,9.000000,6240.000000
builtin/filter_reduce,37737,0,32,0.014720542,2174,82033936,3087.000000,418248.000000
builtin/planned_average,37737,0,32,0.003459125,9251,349101001,0.000000,0.000000
builtin/grouped_average,37737,0,32,0.007399792,4324,163191614,24.000000,74168.000000
builtin/ordered_labels,37737,0,32,0.039996042,800,30192588,15477.000000,585963.000000
builtin/merged_objects,37737,0,32,0.205796208,155,5867863,17438.000000,1107312.000000
builtin/each_group,37737,0,32,0.007559625,4233,159741257,45.000000,75972.000000
builtin/distinct,37737,0,32,0.005526417,5790,218511198,12.000000,49248.000000
compile/conversion,0,0,32,0.000123000,260163,0,105.000000,7334.000000
compile/composition,0,0,32,0.000042791,747821,0,36.000000,2825.000000
conversion/string_identity,100,0,32,0.000004417,7244736,724473625,0.000000,0.000000
conversion/number_text,100,0,32,0.000005167,6193149,619314883,0.000000,0.000000
conversion/number_value,100,0,32,0.000005000,6400000,640000000,0.000000,0.000000
conversion/string_number,100,0,32,0.000013958,2292592,229259206,8.000000,105.000000
conversion/string_object,100,0,32,0.000016584,1929571,192957067,12.000000,413.000000
conversion/string_pretty,100,0,32,0.000023458,1364140,136414017,13.000000,461.000000
conversion/concat,100,0,32,0.000027459,1165374,116537383,14.000000,251.000000
conversion/folded,100,0,32,0.000003458,9253904,925390399,0.000000,0.000000
conversion/constructor,100,0,32,0.000033875,944649,94464945,13.000000,561.000000
conversion/chain_direct,100,0,32,0.000021541,1485539,148553920,16.000000,242.000000
conversion/chain_values,100,0,32,0.000037917,843949,84394862,34.000000,1254.000000
conversion/partial,100,0,32,0.000035500,901408,90140845,29.000000,1266.000000
conversion/partial_reused,100,0,32,0.000048625,658098,65809769,35.000000,2218.000000
conversion/sum_direct,100,0,32,0.000009042,3539040,353904004,0.000000,0.000000
conversion/sum_chain,100,0,32,0.000009083,3523065,352306507,0.000000,0.000000
conversion/sum_function,100,0,32,0.000011875,2694737,269473684,4.000000,232.000000
conversion/sum_partial,100,0,32,0.000014041,2279040,227903995,6.000000,336.000000
rust/number_text,100,0,32,0.000004333,7385183,738518348,0.000000,0.000000
conversion/string_identity,500,0,32,0.000011416,2803083,1401541696,0.000000,0.000000
conversion/number_text,500,0,32,0.000012334,2594454,1297227177,0.000000,0.000000
conversion/number_value,500,0,32,0.000012125,2639175,1319587629,0.000000,0.000000
conversion/string_number,500,0,32,0.000021000,1523810,761904762,8.000000,105.000000
conversion/string_object,500,0,32,0.000023625,1354497,677248677,12.000000,413.000000
conversion/string_pretty,500,0,32,0.000037417,855226,427613117,13.000000,461.000000
conversion/concat,500,0,32,0.000048167,664355,332177632,14.000000,251.000000
conversion/folded,500,0,32,0.000010500,3047619,1523809524,0.000000,0.000000
conversion/constructor,500,0,32,0.000061459,520672,260336159,13.000000,561.000000
conversion/chain_direct,500,0,32,0.000035375,904594,452296820,16.000000,242.000000
conversion/chain_values,500,0,32,0.000051625,619855,309927361,34.000000,1254.000000
conversion/partial,500,0,32,0.000049834,642132,321065939,29.000000,1266.000000
conversion/partial_reused,500,0,32,0.000068792,465170,232585184,35.000000,2218.000000
conversion/sum_direct,500,0,32,0.000023084,1386242,693120776,0.000000,0.000000
conversion/sum_chain,500,0,32,0.000023125,1383784,691891892,0.000000,0.000000
conversion/sum_function,500,0,32,0.000025791,1240743,620371447,4.000000,232.000000
conversion/sum_partial,500,0,32,0.000028041,1141186,570593060,6.000000,336.000000
rust/number_text,500,0,32,0.000011291,2834116,1417057834,0.000000,0.000000
conversion/string_identity,1024,0,32,0.000020416,1567398,1605015674,0.000000,0.000000
conversion/number_text,1024,0,32,0.000021167,1511787,1548070109,0.000000,0.000000
conversion/number_value,1024,0,32,0.000021084,1517739,1554164295,0.000000,0.000000
conversion/string_number,1024,0,32,0.000030250,1057851,1083239669,8.000000,105.000000
conversion/string_object,1024,0,32,0.000032542,983345,1006944871,12.000000,413.000000
conversion/string_pretty,1024,0,32,0.000054792,584027,598043510,13.000000,461.000000
conversion/concat,1024,0,32,0.000077292,414014,423950732,14.000000,251.000000
conversion/folded,1024,0,32,0.000019375,1651613,1691251613,0.000000,0.000000
conversion/constructor,1024,0,32,0.000096917,330179,338103738,13.000000,561.000000
conversion/chain_direct,1024,0,32,0.000053208,601413,615847241,16.000000,242.000000
conversion/chain_values,1024,0,32,0.000068458,467440,478658448,34.000000,1254.000000
conversion/partial,1024,0,32,0.000066708,479703,491215446,29.000000,1266.000000
conversion/partial_reused,1024,0,32,0.000094458,338775,346905503,35.000000,2218.000000
conversion/sum_direct,1024,0,32,0.000040791,784487,803314457,0.000000,0.000000
conversion/sum_chain,1024,0,32,0.000040666,786898,805783701,0.000000,0.000000
conversion/sum_function,1024,0,32,0.000043708,732131,749702572,4.000000,232.000000
conversion/sum_partial,1024,0,32,0.000046167,693136,709771049,6.000000,336.000000
rust/number_text,1024,0,32,0.000020167,1586751,1624832647,0.000000,0.000000
conversion/string_identity,10240,0,32,0.000175791,182034,1864031719,0.000000,0.000000
conversion/number_text,10240,0,32,0.000176542,181260,1856102231,0.000000,0.000000
conversion/number_value,10240,0,32,0.000176375,181432,1857859674,0.000000,0.000000
conversion/string_number,10240,0,32,0.000185458,172546,1766869049,8.000000,105.000000
conversion/string_object,10240,0,32,0.000188417,169836,1739121205,12.000000,413.000000
conversion/string_pretty,10240,0,32,0.000360208,88838,909696620,13.000000,461.000000
conversion/concat,10240,0,32,0.000529000,60491,619432892,14.000000,251.000000
conversion/folded,10240,0,32,0.000174750,183119,1875135908,0.000000,0.000000
conversion/constructor,10240,0,32,0.000701417,45622,467168603,13.000000,561.000000
conversion/chain_direct,10240,0,32,0.000379709,84275,862976648,16.000000,242.000000
conversion/chain_values,10240,0,32,0.000374250,85504,875564462,34.000000,1254.000000
conversion/partial,10240,0,32,0.000371917,86041,881056795,29.000000,1266.000000
conversion/partial_reused,10240,0,32,0.000551542,58019,594116133,35.000000,2218.000000
conversion/sum_direct,10240,0,32,0.000345916,92508,947281999,0.000000,0.000000
conversion/sum_chain,10240,0,32,0.000345583,92597,948194790,0.000000,0.000000
conversion/sum_function,10240,0,32,0.000349250,91625,938239084,4.000000,232.000000
conversion/sum_partial,10240,0,32,0.000351666,90995,931793236,6.000000,336.000000
rust/number_text,10240,0,32,0.000175417,182422,1868005952,0.000000,0.000000
conversion/string_identity,1048576,0,32,0.017657708,1812,1900271088,0.000000,0.000000
conversion/number_text,1048576,0,32,0.017671958,1811,1898738782,0.000000,0.000000
conversion/number_value,1048576,0,32,0.017794458,1798,1885667549,0.000000,0.000000
conversion/string_number,1048576,0,32,0.017687792,1809,1897039043,8.000000,105.000000
conversion/string_object,1048576,0,32,0.017742792,1804,1891158505,12.000000,413.000000
conversion/string_pretty,1048576,0,32,0.034863500,918,962451618,13.000000,461.000000
conversion/concat,1048576,0,32,0.052131667,614,643647785,14.000000,251.000000
conversion/folded,1048576,0,32,0.017751417,1803,1890239636,0.000000,0.000000
conversion/constructor,1048576,0,32,0.069068750,463,485812064,13.000000,561.000000
conversion/chain_direct,1048576,0,32,0.035007125,914,958502933,16.000000,242.000000
conversion/chain_values,1048576,0,32,0.034855250,918,962679424,34.000000,1254.000000
conversion/partial,1048576,0,32,0.034561334,926,970866229,29.000000,1266.000000
conversion/partial_reused,1048576,0,32,0.051322250,624,653798927,35.000000,2218.000000
conversion/sum_direct,1048576,0,32,0.034360667,931,976536107,0.000000,0.000000
conversion/sum_chain,1048576,0,32,0.034326333,932,977512862,0.000000,0.000000
conversion/sum_function,1048576,0,32,0.034364125,931,976437840,4.000000,232.000000
conversion/sum_partial,1048576,0,32,0.034372250,931,976207027,6.000000,336.000000
rust/number_text,1048576,0,32,0.017472375,1831,1920427646,0.000000,0.000000
composition/numeric_pipeline,234,0,32,0.000105958,302006,70669511,17.000000,1736.000000
composition/labels,234,0,32,0.000180417,177367,41503849,50.000000,2741.000000
composition/grouping,234,0,32,0.000120958,264555,61905785,46.000000,1376.000000
composition/static_lookup,234,0,32,0.000126917,252133,58999188,60.000000,3168.000000
composition/direct_fold,74,0,32,0.000017000,1882353,139294118,0.000000,0.000000
composition/chained_fold,74,0,32,0.000017250,1855072,137275362,0.000000,0.000000
composition/numeric_pipeline,3886,0,32,0.001460500,21910,85143444,145.000000,22856.000000
composition/labels,3886,0,32,0.003284125,9744,37864576,486.000000,39429.000000
composition/grouping,3886,0,32,0.001679875,19049,74024555,594.000000,15416.000000
composition/static_lookup,3886,0,32,0.001843833,17355,67442117,844.000000,45048.000000
composition/direct_fold,1180,0,32,0.000252584,126691,149494822,0.000000,0.000000
composition/chained_fold,1180,0,32,0.000253125,126420,149175309,0.000000,0.000000
composition/numeric_pipeline,32606,0,32,0.011315084,2828,92212484,1047.000000,180552.000000
composition/labels,32606,0,32,0.030875750,1036,33793252,3636.000000,341457.000000
composition/grouping,32606,0,32,0.013250084,2415,78746067,4632.000000,120248.000000
composition/static_lookup,32606,0,32,0.015045583,2127,69348725,6671.000000,357752.000000
composition/direct_fold,10164,0,32,0.001991292,16070,163335161,0.000000,0.000000
composition/chained_fold,10164,0,32,0.001993209,16055,163178071,0.000000,0.000000
    Finished `release` profile [optimized] target(s) in 3.00s
