native_metadata,arithmetic,37875,588750,1,716,0
native_region,jit/arithmetic,100,488459,1,716
native_region,jit/arithmetic,500,441917,1,716
native_region,jit/arithmetic,1024,441917,1,716
native_region,jit/arithmetic,10240,441875,1,716
native_region,jit/arithmetic,1048576,434667,1,716
native_metadata,dense,22750,652208,1,1144,0
native_region,jit/dense,100,594375,1,1144
native_region,jit/dense,500,602250,1,1144
native_region,jit/dense,1024,612833,1,1144
native_region,jit/dense,10240,592584,1,1144
native_region,jit/dense,1048576,575833,1,1144
native_metadata,branch,18417,558750,1,1056,0
native_region,jit/branch,100,580833,1,1056
native_region,jit/branch,500,563208,1,1056
native_region,jit/branch,1024,565667,1,1056
native_region,jit/branch,10240,571208,1,1056
native_region,jit/branch,1048576,588250,1,1056
native_region,jit/tiny,13,449834,1,716
native_region,jit/fold,122,610542,1,1144
native_region,jit/filter_map_fold,122,707083,1,1368
native_region,jit/numeric_fold,26,435958,1,504
native_region,jit/fold,472,589667,1,1144
native_region,jit/filter_map_fold,472,697541,1,1368
native_region,jit/numeric_fold,88,381166,1,504
native_region,jit/fold,1858,657875,1,1144
native_region,jit/filter_map_fold,1858,690042,1,1368
native_region,jit/numeric_fold,322,387209,1,504
native_region,jit/fold,14794,598458,1,1144
native_region,jit/filter_map_fold,14794,694000,1,1368
native_region,jit/numeric_fold,2506,359083,1,504
native_region,jit/fold,236554,618334,1,1144
native_region,jit/filter_map_fold,236554,674083,1,1368
native_region,jit/numeric_fold,39946,356708,1,504
