native_metadata,arithmetic,37958,574667,1,716,0
native_region,jit/arithmetic,100,247875,1,716
native_region,jit/arithmetic,500,295459,1,716
native_region,jit/arithmetic,1024,297708,1,716
native_region,jit/arithmetic,10240,311666,1,716
native_region,jit/arithmetic,1048576,299167,1,716
native_metadata,dense,23084,652875,1,1144,0
native_region,jit/dense,100,384375,1,1144
native_region,jit/dense,500,447417,1,1144
native_region,jit/dense,1024,444125,1,1144
native_region,jit/dense,10240,465417,1,1144
native_region,jit/dense,1048576,466000,1,1144
native_metadata,branch,18375,576166,1,1056,0
native_region,jit/branch,100,348125,1,1056
native_region,jit/branch,500,402292,1,1056
native_region,jit/branch,1024,406791,1,1056
native_region,jit/branch,10240,410042,1,1056
native_region,jit/branch,1048576,431959,1,1056
native_region,jit/tiny,13,314625,1,716
native_region,jit/fold,122,479500,1,1144
native_region,jit/filter_map_fold,122,555959,1,1368
native_region,jit/numeric_fold,26,268083,1,504
native_region,jit/fold,472,467791,1,1144
native_region,jit/filter_map_fold,472,556291,1,1368
native_region,jit/numeric_fold,88,266917,1,504
native_region,jit/fold,1858,468416,1,1144
native_region,jit/filter_map_fold,1858,561333,1,1368
native_region,jit/numeric_fold,322,257625,1,504
native_region,jit/fold,14794,466083,1,1144
native_region,jit/filter_map_fold,14794,550834,1,1368
native_region,jit/numeric_fold,2506,249334,1,504
native_region,jit/fold,236554,469333,1,1144
native_region,jit/filter_map_fold,236554,541833,1,1368
native_region,jit/numeric_fold,39946,247083,1,504
