native_metadata,arithmetic,38458,578084,1,716,0
native_region,jit/arithmetic,100,467666,1,716
native_region,jit/arithmetic,500,437416,1,716
native_region,jit/arithmetic,1024,444000,1,716
native_region,jit/arithmetic,10240,479458,1,716
native_region,jit/arithmetic,1048576,423667,1,716
native_metadata,dense,20000,637125,1,1144,0
native_region,jit/dense,100,610042,1,1144
native_region,jit/dense,500,595542,1,1144
native_region,jit/dense,1024,655709,1,1144
native_region,jit/dense,10240,601000,1,1144
native_region,jit/dense,1048576,600042,1,1144
native_metadata,branch,20042,603916,1,1056,0
native_region,jit/branch,100,565791,1,1056
native_region,jit/branch,500,621167,1,1056
native_region,jit/branch,1024,558166,1,1056
native_region,jit/branch,10240,564834,1,1056
native_region,jit/branch,1048576,606750,1,1056
native_region,jit/tiny,13,448208,1,716
native_region,jit/fold,122,596333,1,1144
native_region,jit/filter_map_fold,122,689166,1,1368
native_region,jit/numeric_fold,26,413959,1,504
native_region,jit/fold,472,587583,1,1144
native_region,jit/filter_map_fold,472,687209,1,1368
native_region,jit/numeric_fold,88,374250,1,504
native_region,jit/fold,1858,628208,1,1144
native_region,jit/filter_map_fold,1858,694375,1,1368
native_region,jit/numeric_fold,322,362167,1,504
native_region,jit/fold,14794,582000,1,1144
native_region,jit/filter_map_fold,14794,707625,1,1368
native_region,jit/numeric_fold,2506,372875,1,504
native_region,jit/fold,236554,574292,1,1144
native_region,jit/filter_map_fold,236554,688084,1,1368
native_region,jit/numeric_fold,39946,402625,1,504
