native_metadata,arithmetic,528708,3158875,1,716,0
native_region,jit/arithmetic,100,443292,1,716
native_region,jit/arithmetic,500,462083,1,716
native_region,jit/arithmetic,1024,444791,1,716
native_region,jit/arithmetic,10240,421625,1,716
native_region,jit/arithmetic,1048576,463666,1,716
native_metadata,dense,22750,695625,1,1144,0
native_region,jit/dense,100,621000,1,1144
native_region,jit/dense,500,594709,1,1144
native_region,jit/dense,1024,629333,1,1144
native_region,jit/dense,10240,650500,1,1144
native_region,jit/dense,1048576,601583,1,1144
native_metadata,branch,18333,633125,1,1056,0
native_region,jit/branch,100,547625,1,1056
native_region,jit/branch,500,549334,1,1056
native_region,jit/branch,1024,620416,1,1056
native_region,jit/branch,10240,565834,1,1056
native_region,jit/branch,1048576,603417,1,1056
native_region,jit/tiny,13,441666,1,716
native_region,jit/fold,122,597208,1,1144
native_region,jit/filter_map_fold,122,729000,1,1368
native_region,jit/numeric_fold,26,387125,1,504
native_region,jit/fold,1858,647917,1,1144
native_region,jit/filter_map_fold,1858,704542,1,1368
native_region,jit/numeric_fold,322,393625,1,504
native_region,jit/fold,14794,591584,1,1144
native_region,jit/filter_map_fold,14794,743958,1,1368
native_region,jit/numeric_fold,2506,363292,1,504
native_region,jit/fold,236554,593458,1,1144
native_region,jit/filter_map_fold,236554,675167,1,1368
native_region,jit/numeric_fold,39946,375834,1,504
