native_metadata,arithmetic,38792,603916,1,716,0
native_region,jit/arithmetic,100,247750,1,716
native_region,jit/arithmetic,500,298958,1,716
native_region,jit/arithmetic,1024,293709,1,716
native_region,jit/arithmetic,10240,297042,1,716
native_region,jit/arithmetic,1048576,300125,1,716
native_metadata,dense,21250,611125,1,1144,0
native_region,jit/dense,100,380417,1,1144
native_region,jit/dense,500,446042,1,1144
native_region,jit/dense,1024,479584,1,1144
native_region,jit/dense,10240,463500,1,1144
native_region,jit/dense,1048576,471041,1,1144
native_metadata,branch,20334,596084,1,1056,0
native_region,jit/branch,100,342500,1,1056
native_region,jit/branch,500,404791,1,1056
native_region,jit/branch,1024,414458,1,1056
native_region,jit/branch,10240,421792,1,1056
native_region,jit/branch,1048576,440416,1,1056
native_region,jit/tiny,13,313917,1,716
native_region,jit/fold,122,464083,1,1144
native_region,jit/filter_map_fold,122,551125,1,1368
native_region,jit/numeric_fold,26,264209,1,504
native_region,jit/fold,1858,462917,1,1144
native_region,jit/filter_map_fold,1858,581417,1,1368
native_region,jit/numeric_fold,322,256166,1,504
native_region,jit/fold,14794,448958,1,1144
native_region,jit/filter_map_fold,14794,564458,1,1368
native_region,jit/numeric_fold,2506,270458,1,504
native_region,jit/fold,236554,446292,1,1144
native_region,jit/filter_map_fold,236554,560459,1,1368
native_region,jit/numeric_fold,39946,258209,1,504
