native_metadata,arithmetic,40500,621000,1,716,0
native_region,jit/arithmetic,100,384500,1,716
native_region,jit/arithmetic,500,334417,1,716
native_region,jit/arithmetic,1024,445000,1,716
native_region,jit/arithmetic,10240,321500,1,716
native_region,jit/arithmetic,1048576,285916,1,716
native_metadata,dense,9334,492250,1,1144,0
native_region,jit/dense,100,431833,1,1144
native_region,jit/dense,500,404500,1,1144
native_region,jit/dense,1024,394958,1,1144
native_region,jit/dense,10240,395542,1,1144
native_region,jit/dense,1048576,394417,1,1144
native_metadata,branch,9125,437542,1,1056,0
native_region,jit/branch,100,390708,1,1056
native_region,jit/branch,500,366000,1,1056
native_region,jit/branch,1024,357166,1,1056
native_region,jit/branch,10240,358042,1,1056
native_region,jit/branch,1048576,353709,1,1056
native_region,jit/tiny,13,288584,1,716
native_region,jit/fold,122,420708,1,1144
native_region,jit/filter_map_fold,122,545792,1,1368
native_region,jit/numeric_fold,26,239584,1,504
native_region,jit/fold,472,406250,1,1144
native_region,jit/filter_map_fold,472,526167,1,1368
native_region,jit/numeric_fold,88,230083,1,504
native_region,jit/fold,1858,400583,1,1144
native_region,jit/filter_map_fold,1858,487250,1,1368
native_region,jit/numeric_fold,322,219750,1,504
native_region,jit/fold,14794,397125,1,1144
native_region,jit/filter_map_fold,14794,478708,1,1368
native_region,jit/numeric_fold,2506,218167,1,504
native_region,jit/fold,236554,399083,1,1144
native_region,jit/filter_map_fold,236554,484084,1,1368
native_region,jit/numeric_fold,39946,222833,1,504
