native_metadata,arithmetic,38208,577500,1,716,0
native_region,jit/arithmetic,100,287917,1,716
native_region,jit/arithmetic,500,270334,1,716
native_region,jit/arithmetic,1024,248375,1,716
native_region,jit/arithmetic,10240,257917,1,716
native_region,jit/arithmetic,1048576,258708,1,716
native_metadata,dense,9500,476208,1,1144,0
native_region,jit/dense,100,407292,1,1144
native_region,jit/dense,500,393292,1,1144
native_region,jit/dense,1024,405334,1,1144
native_region,jit/dense,10240,396083,1,1144
native_region,jit/dense,1048576,388875,1,1144
native_metadata,branch,23334,580792,1,1056,0
native_region,jit/branch,100,391833,1,1056
native_region,jit/branch,500,359458,1,1056
native_region,jit/branch,1024,352417,1,1056
native_region,jit/branch,10240,347000,1,1056
native_region,jit/branch,1048576,352041,1,1056
native_region,jit/tiny,13,271000,1,716
native_region,jit/fold,122,414625,1,1144
native_region,jit/filter_map_fold,122,494208,1,1368
native_region,jit/numeric_fold,26,220417,1,504
native_region,jit/fold,472,412292,1,1144
native_region,jit/filter_map_fold,472,494208,1,1368
native_region,jit/numeric_fold,88,210000,1,504
native_region,jit/fold,1858,394000,1,1144
native_region,jit/filter_map_fold,1858,468833,1,1368
native_region,jit/numeric_fold,322,217791,1,504
native_region,jit/fold,14794,390541,1,1144
native_region,jit/filter_map_fold,14794,461250,1,1368
native_region,jit/numeric_fold,2506,206667,1,504
native_region,jit/fold,236554,393542,1,1144
native_region,jit/filter_map_fold,236554,468416,1,1368
native_region,jit/numeric_fold,39946,210417,1,504
