native_metadata,arithmetic,32667,543667,1,716,0
native_region,jit/arithmetic,100,295500,1,716
native_region,jit/arithmetic,500,270541,1,716
native_region,jit/arithmetic,1024,262750,1,716
native_region,jit/arithmetic,10240,259583,1,716
native_region,jit/arithmetic,1048576,265542,1,716
native_metadata,dense,9459,472167,1,1144,0
native_region,jit/dense,100,407250,1,1144
native_region,jit/dense,500,401708,1,1144
native_region,jit/dense,1024,398667,1,1144
native_region,jit/dense,10240,396708,1,1144
native_region,jit/dense,1048576,390209,1,1144
native_metadata,branch,9041,435875,1,1056,0
native_region,jit/branch,100,375083,1,1056
native_region,jit/branch,500,358709,1,1056
native_region,jit/branch,1024,352417,1,1056
native_region,jit/branch,10240,372167,1,1056
native_region,jit/branch,1048576,353084,1,1056
native_region,jit/tiny,13,265209,1,716
native_region,jit/fold,122,398125,1,1144
native_region,jit/filter_map_fold,122,500125,1,1368
native_region,jit/numeric_fold,26,219875,1,504
native_region,jit/fold,472,395209,1,1144
native_region,jit/filter_map_fold,472,474500,1,1368
native_region,jit/numeric_fold,88,221333,1,504
native_region,jit/fold,1858,399125,1,1144
native_region,jit/filter_map_fold,1858,467084,1,1368
native_region,jit/numeric_fold,322,208625,1,504
native_region,jit/fold,14794,392125,1,1144
native_region,jit/filter_map_fold,14794,461375,1,1368
native_region,jit/numeric_fold,2506,258416,1,504
native_region,jit/fold,236554,427250,1,1144
native_region,jit/filter_map_fold,236554,500625,1,1368
native_region,jit/numeric_fold,39946,217167,1,504
