native_metadata,arithmetic,31375,526708,1,716,0
native_region,jit/arithmetic,100,291333,1,716
native_region,jit/arithmetic,500,267208,1,716
native_region,jit/arithmetic,1024,320500,1,716
native_region,jit/arithmetic,10240,274250,1,716
native_region,jit/arithmetic,1048576,260417,1,716
native_metadata,dense,9500,468208,1,1144,0
native_region,jit/dense,100,407125,1,1144
native_region,jit/dense,500,397875,1,1144
native_region,jit/dense,1024,390166,1,1144
native_region,jit/dense,10240,387458,1,1144
native_region,jit/dense,1048576,387292,1,1144
native_metadata,branch,10125,430542,1,1056,0
native_region,jit/branch,100,367791,1,1056
native_region,jit/branch,500,356000,1,1056
native_region,jit/branch,1024,358125,1,1056
native_region,jit/branch,10240,355417,1,1056
native_region,jit/branch,1048576,344708,1,1056
native_region,jit/tiny,13,261000,1,716
native_region,jit/fold,122,400125,1,1144
native_region,jit/filter_map_fold,122,499792,1,1368
native_region,jit/numeric_fold,26,219916,1,504
native_region,jit/fold,472,394208,1,1144
native_region,jit/filter_map_fold,472,477750,1,1368
native_region,jit/numeric_fold,88,211625,1,504
native_region,jit/fold,1858,397125,1,1144
native_region,jit/filter_map_fold,1858,477375,1,1368
native_region,jit/numeric_fold,322,208000,1,504
native_region,jit/fold,14794,390750,1,1144
native_region,jit/filter_map_fold,14794,467958,1,1368
native_region,jit/numeric_fold,2506,206250,1,504
native_region,jit/fold,236554,389084,1,1144
native_region,jit/filter_map_fold,236554,466333,1,1368
native_region,jit/numeric_fold,39946,210500,1,504
