native_metadata,arithmetic,31334,538875,1,716,0
native_region,jit/arithmetic,100,342125,1,716
native_region,jit/arithmetic,500,308000,1,716
native_region,jit/arithmetic,1024,282209,1,716
native_region,jit/arithmetic,10240,274709,1,716
native_region,jit/arithmetic,1048576,273083,1,716
native_metadata,dense,9000,475916,1,1144,0
native_region,jit/dense,100,439500,1,1144
native_region,jit/dense,500,416500,1,1144
native_region,jit/dense,1024,411291,1,1144
native_region,jit/dense,10240,416958,1,1144
native_region,jit/dense,1048576,403542,1,1144
native_metadata,branch,9167,438833,1,1056,0
native_region,jit/branch,100,392833,1,1056
native_region,jit/branch,500,375708,1,1056
native_region,jit/branch,1024,361541,1,1056
native_region,jit/branch,10240,360917,1,1056
native_region,jit/branch,1048576,358750,1,1056
native_region,jit/tiny,13,288000,1,716
native_region,jit/fold,122,413167,1,1144
native_region,jit/filter_map_fold,122,552791,1,1368
native_region,jit/numeric_fold,26,247041,1,504
native_region,jit/fold,472,436584,1,1144
native_region,jit/filter_map_fold,472,518500,1,1368
native_region,jit/numeric_fold,88,235500,1,504
native_region,jit/fold,1858,411958,1,1144
native_region,jit/filter_map_fold,1858,502584,1,1368
native_region,jit/numeric_fold,322,229416,1,504
native_region,jit/fold,14794,406375,1,1144
native_region,jit/filter_map_fold,14794,776666,1,1368
native_region,jit/numeric_fold,2506,279708,1,504
native_region,jit/fold,236554,471833,1,1144
native_region,jit/filter_map_fold,236554,560500,1,1368
native_region,jit/numeric_fold,39946,246625,1,504
