native_metadata,arithmetic,34292,550666,1,716,0
native_region,jit/arithmetic,100,348625,1,716
native_region,jit/arithmetic,500,301250,1,716
native_region,jit/arithmetic,1024,280459,1,716
native_region,jit/arithmetic,10240,273459,1,716
native_region,jit/arithmetic,1048576,285250,1,716
native_metadata,dense,9917,479583,1,1144,0
native_region,jit/dense,100,436500,1,1144
native_region,jit/dense,500,412792,1,1144
native_region,jit/dense,1024,401834,1,1144
native_region,jit/dense,10240,397916,1,1144
native_region,jit/dense,1048576,400250,1,1144
native_metadata,branch,26833,673166,1,1056,0
native_region,jit/branch,100,454833,1,1056
native_region,jit/branch,500,395125,1,1056
native_region,jit/branch,1024,369833,1,1056
native_region,jit/branch,10240,364375,1,1056
native_region,jit/branch,1048576,363125,1,1056
native_region,jit/tiny,13,308459,1,716
native_region,jit/fold,122,451834,1,1144
native_region,jit/filter_map_fold,122,555750,1,1368
native_region,jit/numeric_fold,26,255125,1,504
native_region,jit/fold,472,450583,1,1144
native_region,jit/filter_map_fold,472,530791,1,1368
native_region,jit/numeric_fold,88,232459,1,504
native_region,jit/fold,1858,423084,1,1144
native_region,jit/filter_map_fold,1858,497833,1,1368
native_region,jit/numeric_fold,322,224709,1,504
native_region,jit/fold,14794,412834,1,1144
native_region,jit/filter_map_fold,14794,483458,1,1368
native_region,jit/numeric_fold,2506,224542,1,504
native_region,jit/fold,236554,417583,1,1144
native_region,jit/filter_map_fold,236554,497375,1,1368
native_region,jit/numeric_fold,39946,228375,1,504
