native_metadata,arithmetic,32417,510166,1,716,0
native_region,jit/arithmetic,100,333292,1,716
native_region,jit/arithmetic,500,301000,1,716
native_region,jit/arithmetic,1024,280584,1,716
native_region,jit/arithmetic,10240,271167,1,716
native_region,jit/arithmetic,1048576,269917,1,716
native_metadata,dense,8500,474417,1,1144,0
native_region,jit/dense,100,433291,1,1144
native_region,jit/dense,500,408958,1,1144
native_region,jit/dense,1024,400833,1,1144
native_region,jit/dense,10240,404625,1,1144
native_region,jit/dense,1048576,413250,1,1144
native_metadata,branch,9666,455667,1,1056,0
native_region,jit/branch,100,395792,1,1056
native_region,jit/branch,500,498542,1,1056
native_region,jit/branch,1024,431083,1,1056
native_region,jit/branch,10240,399958,1,1056
native_region,jit/branch,1048576,379292,1,1056
native_region,jit/tiny,13,309583,1,716
native_region,jit/fold,122,452958,1,1144
native_region,jit/filter_map_fold,122,552583,1,1368
native_region,jit/numeric_fold,26,245375,1,504
native_region,jit/fold,472,433958,1,1144
native_region,jit/filter_map_fold,472,509167,1,1368
native_region,jit/numeric_fold,88,232958,1,504
native_region,jit/fold,1858,420791,1,1144
native_region,jit/filter_map_fold,1858,488750,1,1368
native_region,jit/numeric_fold,322,222833,1,504
native_region,jit/fold,14794,423583,1,1144
native_region,jit/filter_map_fold,14794,497042,1,1368
native_region,jit/numeric_fold,2506,401625,1,504
native_region,jit/fold,236554,503542,1,1144
native_region,jit/filter_map_fold,236554,570667,1,1368
native_region,jit/numeric_fold,39946,310458,1,504
