native_metadata,arithmetic,34875,561166,1,716,0
native_region,jit/arithmetic,100,300500,1,716
native_region,jit/arithmetic,500,280667,1,716
native_region,jit/arithmetic,1024,264042,1,716
native_region,jit/arithmetic,10240,268750,1,716
native_region,jit/arithmetic,1048576,272917,1,716
native_metadata,dense,10000,473834,1,1144,0
native_region,jit/dense,100,403916,1,1144
native_region,jit/dense,500,391792,1,1144
native_region,jit/dense,1024,405333,1,1144
native_region,jit/dense,10240,394459,1,1144
native_region,jit/dense,1048576,394125,1,1144
native_metadata,branch,9292,434625,1,1056,0
native_region,jit/branch,100,369417,1,1056
native_region,jit/branch,500,358500,1,1056
native_region,jit/branch,1024,353583,1,1056
native_region,jit/branch,10240,351375,1,1056
native_region,jit/branch,1048576,351959,1,1056
native_region,jit/tiny,13,264791,1,716
native_region,jit/fold,122,406875,1,1144
native_region,jit/filter_map_fold,122,505750,1,1368
native_region,jit/numeric_fold,26,222458,1,504
native_region,jit/fold,472,402667,1,1144
native_region,jit/filter_map_fold,472,479167,1,1368
native_region,jit/numeric_fold,88,212667,1,504
native_region,jit/fold,1858,403167,1,1144
native_region,jit/filter_map_fold,1858,475959,1,1368
native_region,jit/numeric_fold,322,208792,1,504
native_region,jit/fold,14794,398209,1,1144
native_region,jit/filter_map_fold,14794,561000,1,1368
native_region,jit/numeric_fold,2506,220458,1,504
native_region,jit/fold,236554,418083,1,1144
native_region,jit/filter_map_fold,236554,486083,1,1368
native_region,jit/numeric_fold,39946,215333,1,504
